###############################################################################
#
# IAR ELF Linker V9.40.1.364/W64 for ARM                  07/Feb/2026  21:49:53
# Copyright 2007-2023 IAR Systems AB.
#
#    Output file  =
#        D:\Dsektop\luntui\luntui\iar\project_config\Debug_m7_0\Exe\cyt4bb7_cm_7_0.out
#    Map file     =
#        D:\Dsektop\luntui\luntui\iar\Debug_m7_0\List\cyt4bb7_cm_7_0.map
#    Command line =
#        -f
#        D:\Dsektop\luntui\luntui\iar\project_config\Debug_m7_0\Exe\cyt4bb7_cm_7_0.out.rsp
#        (D:\Dsektop\luntui\luntui\iar\Debug_m7_0\Obj\code_17896468042025673432.dir\auto_menu.o
#        D:\Dsektop\luntui\luntui\iar\Debug_m7_0\Obj\code_17896468042025673432.dir\beep.o
#        D:\Dsektop\luntui\luntui\iar\Debug_m7_0\Obj\user_8514941877209965082.dir\cm7_0_isr.o
#        D:\Dsektop\luntui\luntui\iar\Debug_m7_0\Obj\code_17896468042025673432.dir\control.o
#        D:\Dsektop\luntui\luntui\iar\Debug_m7_0\Obj\adc_11722776235721520015.dir\cy_adc.o
#        D:\Dsektop\luntui\luntui\iar\Debug_m7_0\Obj\button_4990804375159372270.dir\cy_button.o
#        D:\Dsektop\luntui\luntui\iar\Debug_m7_0\Obj\canfd_1800690984773873875.dir\cy_canfd.o
#        D:\Dsektop\luntui\luntui\iar\Debug_m7_0\Obj\cpu_15938736945165268644.dir\cy_cpu.o
#        D:\Dsektop\luntui\luntui\iar\Debug_m7_0\Obj\crypto_1190170608956581615.dir\cy_crypto_config.o
#        D:\Dsektop\luntui\luntui\iar\Debug_m7_0\Obj\eth_phy_18133017486186456677.dir\cy_dp83867.o
#        D:\Dsektop\luntui\luntui\iar\Debug_m7_0\Obj\ethernet_6029839089178797009.dir\cy_ethif.o
#        D:\Dsektop\luntui\luntui\iar\Debug_m7_0\Obj\evtgen_3404189088603873129.dir\cy_evtgen.o
#        D:\Dsektop\luntui\luntui\iar\Debug_m7_0\Obj\flash_8529866181315662935.dir\cy_flash.o
#        D:\Dsektop\luntui\luntui\iar\Debug_m7_0\Obj\gpio_3999404635324069351.dir\cy_gpio.o
#        D:\Dsektop\luntui\luntui\iar\Debug_m7_0\Obj\audioss_1346650047966882938.dir\cy_i2s.o
#        D:\Dsektop\luntui\luntui\iar\Debug_m7_0\Obj\rev_b_6162237342861132223.dir\cy_interrupt_map.o
#        D:\Dsektop\luntui\luntui\iar\Debug_m7_0\Obj\ipc_10145506163450686023.dir\cy_ipc_drv.o
#        D:\Dsektop\luntui\luntui\iar\Debug_m7_0\Obj\ipc_10145506163450686023.dir\cy_ipc_pipe.o
#        D:\Dsektop\luntui\luntui\iar\Debug_m7_0\Obj\ipc_10145506163450686023.dir\cy_ipc_sema.o
#        D:\Dsektop\luntui\luntui\iar\Debug_m7_0\Obj\lin_18429031207028094880.dir\cy_lin.o
#        D:\Dsektop\luntui\luntui\iar\Debug_m7_0\Obj\lvd_6353935867039560245.dir\cy_lvd.o
#        D:\Dsektop\luntui\luntui\iar\Debug_m7_0\Obj\mcwdt_4052485907822033969.dir\cy_mcwdt.o
#        D:\Dsektop\luntui\luntui\iar\Debug_m7_0\Obj\dma_12106025507578611576.dir\cy_mdma.o
#        D:\Dsektop\luntui\luntui\iar\Debug_m7_0\Obj\mpu_5663187252346826382.dir\cy_mpu.o
#        D:\Dsektop\luntui\luntui\iar\Debug_m7_0\Obj\flash_864493325053435817.dir\cy_mw_flash.o
#        D:\Dsektop\luntui\luntui\iar\Debug_m7_0\Obj\dma_12106025507578611576.dir\cy_pdma.o
#        D:\Dsektop\luntui\luntui\iar\Debug_m7_0\Obj\power_14453085144426420577.dir\cy_power.o
#        D:\Dsektop\luntui\luntui\iar\Debug_m7_0\Obj\prot_10722960861768657883.dir\cy_prot.o
#        D:\Dsektop\luntui\luntui\iar\Debug_m7_0\Obj\scb_15490842639181808494.dir\cy_scb_common.o
#        D:\Dsektop\luntui\luntui\iar\Debug_m7_0\Obj\scb_15490842639181808494.dir\cy_scb_ezi2c.o
#        D:\Dsektop\luntui\luntui\iar\Debug_m7_0\Obj\scb_15490842639181808494.dir\cy_scb_i2c.o
#        D:\Dsektop\luntui\luntui\iar\Debug_m7_0\Obj\scb_15490842639181808494.dir\cy_scb_spi.o
#        D:\Dsektop\luntui\luntui\iar\Debug_m7_0\Obj\scb_15490842639181808494.dir\cy_scb_uart.o
#        D:\Dsektop\luntui\luntui\iar\Debug_m7_0\Obj\sd_host_2982766354293506895.dir\cy_sd_host.o
#        D:\Dsektop\luntui\luntui\iar\Debug_m7_0\Obj\semihosting_143864889731838620.dir\cy_semihosting.o
#        D:\Dsektop\luntui\luntui\iar\Debug_m7_0\Obj\smartio_5451710003740070188.dir\cy_smartio.o
#        D:\Dsektop\luntui\luntui\iar\Debug_m7_0\Obj\smif_427648126384146252.dir\cy_smif.o
#        D:\Dsektop\luntui\luntui\iar\Debug_m7_0\Obj\smif_mem_6470536964353725183.dir\cy_smif_device_common.o
#        D:\Dsektop\luntui\luntui\iar\Debug_m7_0\Obj\smif_mem_6470536964353725183.dir\cy_smif_hb_flash.o
#        D:\Dsektop\luntui\luntui\iar\Debug_m7_0\Obj\smif_427648126384146252.dir\cy_smif_memslot.o
#        D:\Dsektop\luntui\luntui\iar\Debug_m7_0\Obj\smif_mem_6470536964353725183.dir\cy_smif_s25fl.o
#        D:\Dsektop\luntui\luntui\iar\Debug_m7_0\Obj\smif_mem_6470536964353725183.dir\cy_smif_s25fs.o
#        D:\Dsektop\luntui\luntui\iar\Debug_m7_0\Obj\smif_mem_6470536964353725183.dir\cy_smif_semp.o
#        D:\Dsektop\luntui\luntui\iar\Debug_m7_0\Obj\smif_427648126384146252.dir\cy_smif_ver_specific.o
#        D:\Dsektop\luntui\luntui\iar\Debug_m7_0\Obj\srom_13018798572330080582.dir\cy_srom.o
#        D:\Dsektop\luntui\luntui\iar\Debug_m7_0\Obj\sw_timer_4215635015939382130.dir\cy_sw_tmr.o
#        D:\Dsektop\luntui\luntui\iar\Debug_m7_0\Obj\sysclk_16149231235676103872.dir\cy_sysclk.o
#        D:\Dsektop\luntui\luntui\iar\Debug_m7_0\Obj\sysflt_12293435975120599261.dir\cy_sysflt.o
#        D:\Dsektop\luntui\luntui\iar\Debug_m7_0\Obj\sysint_7435970359207984181.dir\cy_sysint.o
#        D:\Dsektop\luntui\luntui\iar\Debug_m7_0\Obj\syslib_16330585751512546975.dir\cy_syslib.o
#        D:\Dsektop\luntui\luntui\iar\Debug_m7_0\Obj\syslib_16330585751512546975.dir\cy_syslib_iar.o
#        D:\Dsektop\luntui\luntui\iar\Debug_m7_0\Obj\syspm_10887939769544754770.dir\cy_syspm.o
#        D:\Dsektop\luntui\luntui\iar\Debug_m7_0\Obj\sysreghc_17676636058511625587.dir\cy_sysreghc.o
#        D:\Dsektop\luntui\luntui\iar\Debug_m7_0\Obj\sysreset_14586141425677365288.dir\cy_sysreset.o
#        D:\Dsektop\luntui\luntui\iar\Debug_m7_0\Obj\sysrtc_10747768817563771611.dir\cy_sysrtc.o
#        D:\Dsektop\luntui\luntui\iar\Debug_m7_0\Obj\systick_16016591671695740695.dir\cy_systick.o
#        D:\Dsektop\luntui\luntui\iar\Debug_m7_0\Obj\syswdt_9118657615806274156.dir\cy_syswdt.o
#        D:\Dsektop\luntui\luntui\iar\Debug_m7_0\Obj\tcpwm_422923530147891246.dir\cy_tcpwm.o
#        D:\Dsektop\luntui\luntui\iar\Debug_m7_0\Obj\tcpwm_422923530147891246.dir\cy_tcpwm_counter.o
#        D:\Dsektop\luntui\luntui\iar\Debug_m7_0\Obj\tcpwm_422923530147891246.dir\cy_tcpwm_pwm.o
#        D:\Dsektop\luntui\luntui\iar\Debug_m7_0\Obj\tcpwm_422923530147891246.dir\cy_tcpwm_quaddec.o
#        D:\Dsektop\luntui\luntui\iar\Debug_m7_0\Obj\tcpwm_422923530147891246.dir\cy_tcpwm_sr.o
#        D:\Dsektop\luntui\luntui\iar\Debug_m7_0\Obj\trigmux_9729677290734583340.dir\cy_trigmux.o
#        D:\Dsektop\luntui\luntui\iar\Debug_m7_0\Obj\ethernet_6029839089178797009.dir\edd.o
#        D:\Dsektop\luntui\luntui\iar\Debug_m7_0\Obj\ethernet_6029839089178797009.dir\edd_rx.o
#        D:\Dsektop\luntui\luntui\iar\Debug_m7_0\Obj\ethernet_6029839089178797009.dir\edd_tx.o
#        D:\Dsektop\luntui\luntui\iar\Debug_m7_0\Obj\code_17896468042025673432.dir\filt.o
#        D:\Dsektop\luntui\luntui\iar\Debug_m7_0\Obj\code_17896468042025673432.dir\function.o
#        D:\Dsektop\luntui\luntui\iar\Debug_m7_0\Obj\code_17896468042025673432.dir\key_app.o
#        D:\Dsektop\luntui\luntui\iar\Debug_m7_0\Obj\user_8514941877209965082.dir\main_cm7_0.o
#        D:\Dsektop\luntui\luntui\iar\Debug_m7_0\Obj\code_17896468042025673432.dir\moter.o
#        D:\Dsektop\luntui\luntui\iar\Debug_m7_0\Obj\code_17896468042025673432.dir\pid.o
#        D:\Dsektop\luntui\luntui\iar\Debug_m7_0\Obj\code_17896468042025673432.dir\scheduler.o
#        D:\Dsektop\luntui\luntui\iar\Debug_m7_0\Obj\zf_components_14936052685886095442.dir\seekfree_assistant.o
#        D:\Dsektop\luntui\luntui\iar\Debug_m7_0\Obj\zf_components_14936052685886095442.dir\seekfree_assistant_interface.o
#        D:\Dsektop\luntui\luntui\iar\Debug_m7_0\Obj\code_17896468042025673432.dir\Servo.o
#        D:\Dsektop\luntui\luntui\iar\Debug_m7_0\Obj\code_17896468042025673432.dir\small_driver_uart_control.o
#        D:\Dsektop\luntui\luntui\iar\Debug_m7_0\Obj\startup_479057977785470282.dir\startup.o
#        D:\Dsektop\luntui\luntui\iar\Debug_m7_0\Obj\startup_479057977785470282.dir\startup_cm7.o
#        D:\Dsektop\luntui\luntui\iar\Debug_m7_0\Obj\rev_b_4986922561640112550.dir\system_tviibh4m_cm7.o
#        D:\Dsektop\luntui\luntui\iar\Debug_m7_0\Obj\code_17896468042025673432.dir\uart.o
#        D:\Dsektop\luntui\luntui\iar\Debug_m7_0\Obj\code_17896468042025673432.dir\vmc.o
#        D:\Dsektop\luntui\luntui\iar\Debug_m7_0\Obj\zf_common_1201165462030747823.dir\zf_common_clock.o
#        D:\Dsektop\luntui\luntui\iar\Debug_m7_0\Obj\zf_common_1201165462030747823.dir\zf_common_debug.o
#        D:\Dsektop\luntui\luntui\iar\Debug_m7_0\Obj\zf_common_1201165462030747823.dir\zf_common_fifo.o
#        D:\Dsektop\luntui\luntui\iar\Debug_m7_0\Obj\zf_common_1201165462030747823.dir\zf_common_font.o
#        D:\Dsektop\luntui\luntui\iar\Debug_m7_0\Obj\zf_common_1201165462030747823.dir\zf_common_function.o
#        D:\Dsektop\luntui\luntui\iar\Debug_m7_0\Obj\zf_common_1201165462030747823.dir\zf_common_interrupt.o
#        D:\Dsektop\luntui\luntui\iar\Debug_m7_0\Obj\zf_device_6570275422786408770.dir\zf_device_ble6a20.o
#        D:\Dsektop\luntui\luntui\iar\Debug_m7_0\Obj\zf_device_6570275422786408770.dir\zf_device_dl1a.o
#        D:\Dsektop\luntui\luntui\iar\Debug_m7_0\Obj\zf_device_6570275422786408770.dir\zf_device_dl1b.o
#        D:\Dsektop\luntui\luntui\iar\Debug_m7_0\Obj\zf_device_6570275422786408770.dir\zf_device_gnss.o
#        D:\Dsektop\luntui\luntui\iar\Debug_m7_0\Obj\zf_device_6570275422786408770.dir\zf_device_icm20602.o
#        D:\Dsektop\luntui\luntui\iar\Debug_m7_0\Obj\zf_device_6570275422786408770.dir\zf_device_imu660ra.o
#        D:\Dsektop\luntui\luntui\iar\Debug_m7_0\Obj\zf_device_6570275422786408770.dir\zf_device_imu660rb.o
#        D:\Dsektop\luntui\luntui\iar\Debug_m7_0\Obj\zf_device_6570275422786408770.dir\zf_device_imu963ra.o
#        D:\Dsektop\luntui\luntui\iar\Debug_m7_0\Obj\zf_device_6570275422786408770.dir\zf_device_ips114.o
#        D:\Dsektop\luntui\luntui\iar\Debug_m7_0\Obj\zf_device_6570275422786408770.dir\zf_device_ips200.o
#        D:\Dsektop\luntui\luntui\iar\Debug_m7_0\Obj\zf_device_6570275422786408770.dir\zf_device_ips200pro.o
#        D:\Dsektop\luntui\luntui\iar\Debug_m7_0\Obj\zf_device_6570275422786408770.dir\zf_device_key.o
#        D:\Dsektop\luntui\luntui\iar\Debug_m7_0\Obj\zf_device_6570275422786408770.dir\zf_device_menc15a.o
#        D:\Dsektop\luntui\luntui\iar\Debug_m7_0\Obj\zf_device_6570275422786408770.dir\zf_device_mt9v03x.o
#        D:\Dsektop\luntui\luntui\iar\Debug_m7_0\Obj\zf_device_6570275422786408770.dir\zf_device_oled.o
#        D:\Dsektop\luntui\luntui\iar\Debug_m7_0\Obj\zf_device_6570275422786408770.dir\zf_device_tft180.o
#        D:\Dsektop\luntui\luntui\iar\Debug_m7_0\Obj\zf_device_6570275422786408770.dir\zf_device_tsl1401.o
#        D:\Dsektop\luntui\luntui\iar\Debug_m7_0\Obj\zf_device_6570275422786408770.dir\zf_device_type.o
#        D:\Dsektop\luntui\luntui\iar\Debug_m7_0\Obj\zf_device_6570275422786408770.dir\zf_device_uart_receiver.o
#        D:\Dsektop\luntui\luntui\iar\Debug_m7_0\Obj\zf_device_6570275422786408770.dir\zf_device_wifi_spi.o
#        D:\Dsektop\luntui\luntui\iar\Debug_m7_0\Obj\zf_device_6570275422786408770.dir\zf_device_wifi_uart.o
#        D:\Dsektop\luntui\luntui\iar\Debug_m7_0\Obj\zf_device_6570275422786408770.dir\zf_device_wireless_uart.o
#        D:\Dsektop\luntui\luntui\iar\Debug_m7_0\Obj\zf_driver_11922370083829174090.dir\zf_driver_adc.o
#        D:\Dsektop\luntui\luntui\iar\Debug_m7_0\Obj\zf_driver_11922370083829174090.dir\zf_driver_delay.o
#        D:\Dsektop\luntui\luntui\iar\Debug_m7_0\Obj\zf_driver_11922370083829174090.dir\zf_driver_dma.o
#        D:\Dsektop\luntui\luntui\iar\Debug_m7_0\Obj\zf_driver_11922370083829174090.dir\zf_driver_encoder.o
#        D:\Dsektop\luntui\luntui\iar\Debug_m7_0\Obj\zf_driver_11922370083829174090.dir\zf_driver_exti.o
#        D:\Dsektop\luntui\luntui\iar\Debug_m7_0\Obj\zf_driver_11922370083829174090.dir\zf_driver_flash.o
#        D:\Dsektop\luntui\luntui\iar\Debug_m7_0\Obj\zf_driver_11922370083829174090.dir\zf_driver_gpio.o
#        D:\Dsektop\luntui\luntui\iar\Debug_m7_0\Obj\zf_driver_11922370083829174090.dir\zf_driver_ipc.o
#        D:\Dsektop\luntui\luntui\iar\Debug_m7_0\Obj\zf_driver_11922370083829174090.dir\zf_driver_pit.o
#        D:\Dsektop\luntui\luntui\iar\Debug_m7_0\Obj\zf_driver_11922370083829174090.dir\zf_driver_pwm.o
#        D:\Dsektop\luntui\luntui\iar\Debug_m7_0\Obj\zf_driver_11922370083829174090.dir\zf_driver_soft_iic.o
#        D:\Dsektop\luntui\luntui\iar\Debug_m7_0\Obj\zf_driver_11922370083829174090.dir\zf_driver_soft_spi.o
#        D:\Dsektop\luntui\luntui\iar\Debug_m7_0\Obj\zf_driver_11922370083829174090.dir\zf_driver_spi.o
#        D:\Dsektop\luntui\luntui\iar\Debug_m7_0\Obj\zf_driver_11922370083829174090.dir\zf_driver_timer.o
#        D:\Dsektop\luntui\luntui\iar\Debug_m7_0\Obj\zf_driver_11922370083829174090.dir\zf_driver_uart.o
#        --no_out_extension -o
#        D:\Dsektop\luntui\luntui\iar\project_config\Debug_m7_0\Exe\cyt4bb7_cm_7_0.out
#        --config_def _CORE_cm7_0_=0 --config_def _LINK_flash_=0 --map
#        D:\Dsektop\luntui\luntui\iar\Debug_m7_0\List\cyt4bb7_cm_7_0.map
#        --config
#        D:\Dsektop\luntui\luntui\iar\project_config\..\icf\linker_directives_tviibh.icf
#        --semihosting
#        D:\Dsektop\luntui\luntui\iar\project_config\..\..\..\libraries\sdk\tviibh4m\src\drivers\crypto\libs\libcrypto_server_cm0plus_iar.a
#        D:\Dsektop\luntui\luntui\iar\project_config\..\..\..\libraries\zf_device\zf_device_config.a
#        D:\Dsektop\luntui\luntui\iar\project_config\..\..\..\libraries\sdk\common\hdr\cmsis\dsp\iar_cortexM7lf_math.a
#        --entry __iar_program_start --vfe --text_out locale --cpu=Cortex-M7
#        --fpu=VFPv5_d16) --dependencies=n
#        D:\Dsektop\luntui\luntui\iar\project_config\Debug_m7_0\Exe\cyt4bb7_cm_7_0.out.iar_deps
#
###############################################################################

*******************************************************************************
*** RUNTIME MODEL ATTRIBUTES
***

CppFlavor       = *
__CPP_Runtime   = 1
__Heap_Handler  = Basic
__SystemLibrary = DLib
__dlib_version  = 6


*******************************************************************************
*** HEAP SELECTION
***

The basic heap was selected because --advanced_heap
was not specified and the application did not appear to
be primarily optimized for speed.


*******************************************************************************
*** PLACEMENT SUMMARY
***

"A0":  place at start of [from 0x1008'0000 to 0x1027'ffff] { section .intvec };
"P1":  place in [from 0x1008'0000 to 0x1027'ffff] { ro };
"P2":  place in [from 0x2802'0000 to 0x2807'ffff] { rw };
define block HEAP with size = 1K, alignment = 8 { };
define block CSTACK with size = 8K, alignment = 8 { };
define block HEAP_STACK { block HEAP, last block CSTACK };
"A1":  place at end of [from 0x2802'0000 to 0x2807'ffff] { block HEAP_STACK };
do not initialize { section .intvec_ram };
initialize by copy { rw };

No sections matched the following patterns:

  ro section .sflash_app_prot  in "P6"
  ro section .sflash_nar       in "P4"
  ro section .sflash_pkey      in "P5"
  ro section .sflash_toc2      in "P7"
  ro section .sflash_uf_rows   in "P3"
  ro section .work_flash       in "P8"
  section .global_ram_data     in "P9"


  Section            Kind         Address      Size  Object
  -------            ----         -------      ----  ------
"A0":                                          0x80
  .intvec            ro code  0x1008'0000      0x80  startup_cm7.o [31]
                            - 0x1008'0080      0x80

"P1":                                      0xf'31a7
  .rodata            const    0x1008'0080  0x7'39f4  vmc.o [5]
  .rodata            const    0x100f'3a74  0x7'39f4  vmc.o [5]
  .text              ro code  0x1016'7468     0xeae  xprintffull_nomb.o [50]
  .text              ro code  0x1016'8316      0x7e  lz77_init_single.o [52]
  .text              ro code  0x1016'8394      0x16  strchr.o [52]
  .text              ro code  0x1016'83aa      0x1a  xsnprout.o [50]
  .text              ro code  0x1016'83c4      0x40  xfail_s.o [50]
  .text              ro code  0x1016'8404      0x36  strlen.o [52]
  .text              ro code  0x1016'843a       0xa  xsprout.o [50]
  .text              ro code  0x1016'8444      0x58  memchr.o [52]
  .text              ro code  0x1016'849c      0xa6  ABImemcpy.o [52]
  .text              ro code  0x1016'8544      0x70  frexp.o [51]
  .text              ro code  0x1016'85b4      0x34  DblCmpLe.o [51]
  .text              ro code  0x1016'85e8      0x34  DblCmpGe.o [51]
  .text              ro code  0x1016'861c     0x104  ldexp.o [51]
  .text              ro code  0x1016'8720       0xe  DblToS32.o [51]
  .text              ro code  0x1016'872e       0xe  S32ToDbl.o [51]
  .text              ro code  0x1016'873c      0x12  DblSub.o [51]
  .text              ro code  0x1016'874e      0x12  DblDiv.o [51]
  .text              ro code  0x1016'8760       0xe  DblToU32.o [51]
  .text              ro code  0x1016'876e       0xe  U32ToDbl.o [51]
  .text              ro code  0x1016'877c      0x12  DblMul.o [51]
  .text              ro code  0x1016'8790     0x230  I64DivMod.o [52]
  .text              ro code  0x1016'89c0       0x6  abort.o [50]
  .text              ro code  0x1016'89c8       0x2  I64DivZer.o [52]
  .text              ro code  0x1016'89cc      0x14  exit.o [53]
  .text              ro code  0x1016'89e0     0xe1c  zf_driver_spi.o [49]
  .text              ro code  0x1016'97fc      0x66  ABImemset.o [52]
  .text              ro code  0x1016'9864     0x478  zf_common_debug.o [46]
  .text              ro code  0x1016'9cdc     0x194  cy_gpio.o [14]
  .text              ro code  0x1016'9e70     0x1f0  cy_scb_spi.o [24]
  .text              ro code  0x1016'a060     0x828  zf_driver_uart.o [49]
  .text              ro code  0x1016'a888      0x40  sprintf.o [50]
  .text              ro code  0x1016'a8c8     0x610  zf_common_fifo.o [46]
  .text              ro code  0x1016'aed8      0xe2  zf_common_interrupt.o [46]
  .text              ro code  0x1016'afbc       0x6  ABImemclr4.o [52]
  .text              ro code  0x1016'afc4     0x314  cy_scb_uart.o [24]
  .text              ro code  0x1016'b2d8     0xe18  zf_driver_pwm.o [49]
  .text              ro code  0x1016'c0f0      0xac  cy_sysint.o [35]
  .text              ro code  0x1016'c19c      0x32  ABImemset48.o [52]
  .text              ro code  0x1016'c1d0     0x20a  cy_tcpwm_pwm.o [43]
  .text              ro code  0x1016'c3da       0xc  cy_tcpwm.o [43]
  .text              ro code  0x1016'c3e8     0xcf8  zf_device_tft180.o [48]
  .text              ro code  0x1016'd0e0      0x16  vla_alloc.o [50]
  .text              ro code  0x1016'd0f8     0x290  zf_common_function.o [46]
  .text              ro code  0x1016'd388     0x110  zf_driver_gpio.o [49]
  .text              ro code  0x1016'd498     0x2d8  zf_driver_delay.o [49]
  .text              ro code  0x1016'd770     0x13c  heap0.o [50]
  .text              ro code  0x1016'd8ac       0x4  heaptramp0.o [50]
  .text              ro code  0x1016'd8b0     0x1b8  cy_tcpwm_counter.o [43]
  .text              ro code  0x1016'da68      0x2c  xgetmemchunk.o [50]
  .text              ro code  0x1016'da94     0x904  auto_menu.o [5]
  .text              ro code  0x1016'e398     0x8e8  cy_sysclk.o [33]
  .text              ro code  0x1016'ec80      0x70  strncpy.o [52]
  .text              ro code  0x1016'ecf0      0xa8  cy_syslib.o [36]
  .text              ro code  0x1016'ed98       0x2  cy_syslib.o [36]
  .text              ro code  0x1016'ed9c     0x698  filt.o [5]
  .text              ro code  0x1016'f434     0x1d4  zf_device_imu660rb.o [48]
  .text              ro code  0x1016'f608      0x88  asin.o [51]
  .text              ro code  0x1016'f690      0x7e  atan2.o [51]
  .text              ro code  0x1016'f710     0x118  xatan.o [51]
  .rodata            const    0x1016'f828     0x5f0  zf_common_font.o [46]
  .text              ro code  0x1016'fe18     0x424  Servo.o [5]
  .text              ro code  0x1017'023c     0x194  vmc.o [5]
  .text              ro code  0x1017'03d0      0x62  round.o [51]
  .text              ro code  0x1017'0434     0x398  zf_driver_pit.o [49]
  .text              ro code  0x1017'07cc     0x334  control.o [5]
  .text              ro code  0x1017'0b00     0x184  pid.o [5]
  .text              ro code  0x1017'0c84     0x17a  small_driver_uart_control.o [5]
  .text              ro code  0x1017'0e00     0x294  zf_driver_timer.o [49]
  .text              ro code  0x1017'1094     0x240  zf_device_wifi_spi.o [48]
  .rodata            const    0x1017'12d4     0x228  zf_common_font.o [46]
  .text              ro code  0x1017'14fc     0x228  cm7_0_isr.o [45]
  .text              ro code  0x1017'1724      0x7c  zf_device_tsl1401.o [48]
  .text              ro code  0x1017'17a0      0x92  main_cm7_0.o [45]
  .text              ro code  0x1017'1834     0x114  zf_device_gnss.o [48]
  .text              ro code  0x1017'1948      0x74  zf_driver_adc.o [49]
  .text              ro code  0x1017'19bc      0x1c  zf_common_clock.o [46]
  .text              ro code  0x1017'19d8      0x40  beep.o [5]
  .text              ro code  0x1017'1a18      0xc8  key_app.o [5]
  .text              ro code  0x1017'1ae0      0x94  seekfree_assistant_interface.o [47]
  .text              ro code  0x1017'1b74      0xe4  scheduler.o [5]
  .text              ro code  0x1017'1c58      0x2a  strncmp.o [50]
  .text              ro code  0x1017'1c84     0x150  system_tviibh4m_cm7.o [22]
  .text              ro code  0x1017'1dd4      0x28  printf.o [50]
  .text              ro code  0x1017'1dfc       0x8  startup_cm7.o [31]
  .text              ro code  0x1017'1e04       0x6  startup_cm7.o [31]
  .text              ro code  0x1017'1e0c     0x204  startup.o [31]
  .text              ro code  0x1017'2010     0x1cc  zf_device_wifi_uart.o [48]
  .text              ro code  0x1017'21dc      0x2c  strstr.o [50]
  .text              ro code  0x1017'2208     0x198  cy_interrupt_map.o [23]
  .text              ro code  0x1017'23a0     0x11c  uart.o [5]
  .text              ro code  0x1017'24bc      0x3c  vsnprint.o [50]
  .text              ro code  0x1017'24f8      0xbc  seekfree_assistant.o [47]
  .text              ro code  0x1017'25b4      0xb0  startup_cm7.o [31]
  .text              ro code  0x1017'2664      0x98  zf_device_ble6a20.o [48]
  .text              ro code  0x1017'26fc      0x98  zf_device_wireless_uart.o [48]
  .rodata            const    0x1017'2794      0x4c  system_tviibh4m_cm7.o [22]
  .rodata            const    0x1017'27e0      0x48  cy_sysclk.o [33]
  .rodata            const    0x1017'2828      0x48  cy_sysclk.o [33]
  .rodata            const    0x1017'2870      0x40  zf_device_wireless_uart.o [48]
  .rodata            const    0x1017'28b0      0x3c  zf_common_function.o [46]
  .rodata            const    0x1017'28ec      0x3c  zf_device_ble6a20.o [48]
  .rodata            const    0x1017'2928      0x3c  zf_device_imu660rb.o [48]
  .rodata            const    0x1017'2964      0x3c  zf_device_tft180.o [48]
  .rodata            const    0x1017'29a0      0x3c  zf_device_wifi_spi.o [48]
  .rodata            const    0x1017'29dc      0x3c  zf_device_wifi_uart.o [48]
  .rodata            const    0x1017'2a18      0x38  zf_common_fifo.o [46]
  .rodata            const    0x1017'2a50      0x38  zf_driver_pwm.o [49]
  .rodata            const    0x1017'2a88      0x38  zf_driver_spi.o [49]
  .rodata            const    0x1017'2ac0      0x38  zf_driver_uart.o [49]
  .text              ro code  0x1017'2af8      0x38  zero_init3.o [52]
  .text              ro code  0x1017'2b30      0x28  data_init.o [52]
  .text              ro code  0x1017'2b58      0x22  fpinit_M.o [51]
  .iar.init_table    const    0x1017'2b7c      0x20  - Linker created -
  .rodata            const    0x1017'2b9c      0x20  scheduler.o [5]
  .text              ro code  0x1017'2bbc      0x20  startup_cm7.o [31]
  .text              ro code  0x1017'2bdc      0x20  putchar.o [50]
  .text              ro code  0x1017'2c00      0x1e  cy_syslib_iar.o [36]
  .text              ro code  0x1017'2c20      0x1e  cmain.o [52]
  .text              ro code  0x1017'2c40       0x4  startup_cm7.o [31]
  .text              ro code  0x1017'2c44       0x4  exit.o [50]
  .text              ro code  0x1017'2c48       0xa  cexit.o [52]
  .rodata            const    0x1017'2c54      0x1c  uart.o [5]
  .rodata            const    0x1017'2c70      0x1c  zf_common_debug.o [46]
  .rodata            const    0x1017'2c8c      0x1c  zf_device_imu660rb.o [48]
  .text              ro code  0x1017'2ca8      0x1c  startup_cm7.o [31]
  .text              ro code  0x1017'2cc4      0x1c  cstartup_M.o [52]
  .rodata            const    0x1017'2ce0      0x18  startup.o [31]
  .rodata            const    0x1017'2cf8      0x18  system_tviibh4m_cm7.o [22]
  .rodata            const    0x1017'2d10      0x18  zf_common_debug.o [46]
  .text              ro code  0x1017'2d28      0x16  xprout.o [50]
  .rodata            const    0x1017'2d40      0x14  uart.o [5]
  .rodata            const    0x1017'2d54      0x10  zf_common_debug.o [46]
  .rodata            const    0x1017'2d64      0x10  zf_common_debug.o [46]
  .rodata            const    0x1017'2d74      0x10  zf_device_wifi_uart.o [48]
  .rodata            const    0x1017'2d84       0xc  auto_menu.o [5]
  .rodata            const    0x1017'2d90       0xc  auto_menu.o [5]
  .rodata            const    0x1017'2d9c       0xc  uart.o [5]
  .rodata            const    0x1017'2da8       0xc  zf_common_debug.o [46]
  .rodata            const    0x1017'2db4       0xc  zf_common_debug.o [46]
  .rodata            const    0x1017'2dc0       0xc  zf_common_debug.o [46]
  .rodata            const    0x1017'2dcc       0xc  zf_device_wifi_uart.o [48]
  .text              ro code  0x1017'2dd8       0xc  cy_syslib.o [36]
  .rodata            const    0x1017'2de4       0x8  auto_menu.o [5]
  .rodata            const    0x1017'2dec       0x8  auto_menu.o [5]
  .rodata            const    0x1017'2df4       0x8  auto_menu.o [5]
  .rodata            const    0x1017'2dfc       0x8  auto_menu.o [5]
  .rodata            const    0x1017'2e04       0x8  auto_menu.o [5]
  .rodata            const    0x1017'2e0c       0x8  auto_menu.o [5]
  .rodata            const    0x1017'2e14       0x8  auto_menu.o [5]
  .rodata            const    0x1017'2e1c       0x8  auto_menu.o [5]
  .rodata            const    0x1017'2e24       0x8  auto_menu.o [5]
  .rodata            const    0x1017'2e2c       0x8  auto_menu.o [5]
  .rodata            const    0x1017'2e34       0x8  auto_menu.o [5]
  .rodata            const    0x1017'2e3c       0x8  auto_menu.o [5]
  .rodata            const    0x1017'2e44       0x8  auto_menu.o [5]
  .rodata            const    0x1017'2e4c       0x8  auto_menu.o [5]
  .rodata            const    0x1017'2e54       0x8  auto_menu.o [5]
  .rodata            const    0x1017'2e5c       0x8  cy_sysclk.o [33]
  .rodata            const    0x1017'2e64       0x8  scheduler.o [5]
  .rodata            const    0x1017'2e6c       0x8  zf_device_wifi_uart.o [48]
  .rodata            const    0x1017'2e74       0x8  zf_device_wifi_uart.o [48]
  .rodata            const    0x1017'2e7c       0x4  auto_menu.o [5]
  .rodata            const    0x1017'2e80       0x4  auto_menu.o [5]
  .rodata            const    0x1017'2e84       0x4  auto_menu.o [5]
  .rodata            const    0x1017'2e88       0x4  auto_menu.o [5]
  .rodata            const    0x1017'2e8c       0x4  auto_menu.o [5]
  .rodata            const    0x1017'2e90       0x4  cy_interrupt_map.o [23]
  .rodata            const    0x1017'2e94       0x4  cy_interrupt_map.o [23]
  .rodata            const    0x1017'2e98       0x4  cy_interrupt_map.o [23]
  .rodata            const    0x1017'2e9c       0x4  cy_interrupt_map.o [23]
  .rodata            const    0x1017'2ea0       0x4  cy_interrupt_map.o [23]
  .rodata            const    0x1017'2ea4       0x4  cy_interrupt_map.o [23]
  .rodata            const    0x1017'2ea8       0x4  cy_interrupt_map.o [23]
  .rodata            const    0x1017'2eac       0x4  cy_interrupt_map.o [23]
  .rodata            const    0x1017'2eb0       0x4  cy_scb_spi.o [24]
  .rodata            const    0x1017'2eb4       0x4  cy_scb_spi.o [24]
  .rodata            const    0x1017'2eb8       0x4  cy_scb_spi.o [24]
  .rodata            const    0x1017'2ebc       0x4  cy_scb_spi.o [24]
  .rodata            const    0x1017'2ec0       0x4  cy_scb_uart.o [24]
  .rodata            const    0x1017'2ec4       0x4  cy_scb_uart.o [24]
  .rodata            const    0x1017'2ec8       0x4  cy_scb_uart.o [24]
  .rodata            const    0x1017'2ecc       0x4  cy_scb_uart.o [24]
  .rodata            const    0x1017'2ed0       0x4  cy_scb_uart.o [24]
  .rodata            const    0x1017'2ed4       0x4  cy_scb_uart.o [24]
  .rodata            const    0x1017'2ed8       0x4  cy_scb_uart.o [24]
  .rodata            const    0x1017'2edc       0x4  cy_scb_uart.o [24]
  .rodata            const    0x1017'2ee0       0x4  cy_scb_uart.o [24]
  .rodata            const    0x1017'2ee4       0x4  cy_scb_uart.o [24]
  .rodata            const    0x1017'2ee8       0x4  cy_sysint.o [35]
  .rodata            const    0x1017'2eec       0x4  cy_sysint.o [35]
  .rodata            const    0x1017'2ef0       0x4  cy_tcpwm_counter.o [43]
  .rodata            const    0x1017'2ef4       0x4  cy_tcpwm_counter.o [43]
  .rodata            const    0x1017'2ef8       0x4  cy_tcpwm_counter.o [43]
  .rodata            const    0x1017'2efc       0x4  cy_tcpwm_counter.o [43]
  .rodata            const    0x1017'2f00       0x4  cy_tcpwm_counter.o [43]
  .rodata            const    0x1017'2f04       0x4  cy_tcpwm_pwm.o [43]
  .rodata            const    0x1017'2f08       0x4  cy_tcpwm_pwm.o [43]
  .rodata            const    0x1017'2f0c       0x4  cy_tcpwm_pwm.o [43]
  .rodata            const    0x1017'2f10       0x4  cy_tcpwm_pwm.o [43]
  .rodata            const    0x1017'2f14       0x4  cy_tcpwm_pwm.o [43]
  .rodata            const    0x1017'2f18       0x4  cy_tcpwm_pwm.o [43]
  .rodata            const    0x1017'2f1c       0x4  cy_tcpwm_pwm.o [43]
  .rodata            const    0x1017'2f20       0x4  vmc.o [5]
  .rodata            const    0x1017'2f24       0x4  vmc.o [5]
  .rodata            const    0x1017'2f28       0x4  vmc.o [5]
  .rodata            const    0x1017'2f2c       0x4  vmc.o [5]
  .rodata            const    0x1017'2f30       0x4  vmc.o [5]
  .rodata            const    0x1017'2f34       0x4  vmc.o [5]
  .text              ro code  0x1017'2f38       0x4  seekfree_assistant_interface.o [47]
  .text              ro code  0x1017'2f3c       0x4  seekfree_assistant_interface.o [47]
  .text              ro code  0x1017'2f40       0x4  startup_cm7.o [31]
  .text              ro code  0x1017'2f44       0x4  startup_cm7.o [31]
  .text              ro code  0x1017'2f48       0x4  startup_cm7.o [31]
  .text              ro code  0x1017'2f4c       0x4  startup_cm7.o [31]
  .text              ro code  0x1017'2f50       0x4  startup_cm7.o [31]
  .text              ro code  0x1017'2f54       0x4  startup_cm7.o [31]
  .text              ro code  0x1017'2f58       0x4  startup_cm7.o [31]
  .text              ro code  0x1017'2f5c       0x4  startup_cm7.o [31]
  .text              ro code  0x1017'2f60       0x4  startup_cm7.o [31]
  .text              ro code  0x1017'2f64       0x4  startup_cm7.o [31]
  .text              ro code  0x1017'2f68       0x4  startup_cm7.o [31]
  .text              ro code  0x1017'2f6c       0x4  startup_cm7.o [31]
  .text              ro code  0x1017'2f70       0x4  startup_cm7.o [31]
  .text              ro code  0x1017'2f74       0x4  startup_cm7.o [31]
  .text              ro code  0x1017'2f78       0x4  startup_cm7.o [31]
  .text              ro code  0x1017'2f7c       0x2  zf_device_type.o [48]
  .rodata            const    0x1017'2f7e       0x0  zero_init3.o [52]
  .rodata            const    0x1017'2f7e       0x0  lz77_init_single.o [52]
  Initializer bytes  const    0x1017'2f7e     0x243  <for P2-1>
                            - 0x1017'31c1  0xf'3141

"P2", part 1 of 3:                            0xba8
  P2-1                        0x2802'0000     0xba8  <Init block>
    .data            inited   0x2802'0000      0xe0  auto_menu.o [5]
    .data            inited   0x2802'00e0     0x100  auto_menu.o [5]
    .data            inited   0x2802'01e0      0xe0  auto_menu.o [5]
    .data            inited   0x2802'02c0      0xa0  auto_menu.o [5]
    .data            inited   0x2802'0360      0x30  auto_menu.o [5]
    .data            inited   0x2802'0390       0x4  control.o [5]
    .data            inited   0x2802'0394     0x6ec  cy_interrupt_map.o [23]
    .data            inited   0x2802'0a80       0x4  cy_interrupt_map.o [23]
    .data            inited   0x2802'0a84      0x10  filt.o [5]
    .data            inited   0x2802'0a94       0x4  filt.o [5]
    .data            inited   0x2802'0a98       0x4  filt.o [5]
    .data            inited   0x2802'0a9c      0x54  scheduler.o [5]
    .data            inited   0x2802'0af0      0x18  seekfree_assistant.o [47]
    .data            inited   0x2802'0b08       0x4  seekfree_assistant.o [47]
    .data            inited   0x2802'0b0c       0x4  seekfree_assistant.o [47]
    .data            inited   0x2802'0b10       0x4  Servo.o [5]
    .data            inited   0x2802'0b14       0x4  zf_device_type.o [48]
    .data            inited   0x2802'0b18       0xc  zf_driver_adc.o [49]
    .data            inited   0x2802'0b24      0x3c  zf_driver_pit.o [49]
    .data            inited   0x2802'0b60      0x10  zf_driver_spi.o [49]
    .data            inited   0x2802'0b70      0x14  zf_driver_uart.o [49]
    .data            inited   0x2802'0b84      0x14  zf_driver_uart.o [49]
    .data            inited   0x2802'0b98       0x2  zf_device_tft180.o [48]
    .data            inited   0x2802'0b9a       0x2  zf_device_tft180.o [48]
    .data            inited   0x2802'0b9c       0x2  zf_device_tft180.o [48]
    .data            inited   0x2802'0b9e       0x2  zf_device_tft180.o [48]
    .data            inited   0x2802'0ba0       0x2  zf_driver_delay.o [49]
    .data            inited   0x2802'0ba2       0x1  control.o [5]
    .data            inited   0x2802'0ba3       0x1  key_app.o [5]
    .data            inited   0x2802'0ba4       0x1  Servo.o [5]
    .data            inited   0x2802'0ba5       0x1  zf_common_debug.o [46]
    .data            inited   0x2802'0ba6       0x1  zf_device_tft180.o [48]
    .data            inited   0x2802'0ba7       0x1  zf_driver_delay.o [49]
                            - 0x2802'0ba8     0xba8

"P2", part 2 of 3:                            0xa4c
  .bss               zero     0x2802'0ba8     0x200  zf_device_tsl1401.o [48]
  .bss               zero     0x2802'0da8     0x118  zf_driver_uart.o [49]
  .bss               zero     0x2802'0ec0      0x94  zf_device_wifi_uart.o [48]
  .bss               zero     0x2802'0f54      0x80  seekfree_assistant.o [47]
  .bss               zero     0x2802'0fd4      0x80  zf_device_gnss.o [48]
  .bss               zero     0x2802'1054      0x80  zf_device_gnss.o [48]
  .bss               zero     0x2802'10d4      0x80  zf_device_gnss.o [48]
  .bss               zero     0x2802'1154      0x70  cy_syslib.o [36]
  .bss               zero     0x2802'11c4      0x48  zf_driver_adc.o [49]
  .bss               zero     0x2802'120c      0x40  uart.o [5]
  .bss               zero     0x2802'124c      0x40  uart.o [5]
  .bss               zero     0x2802'128c      0x40  zf_common_debug.o [46]
  .bss               zero     0x2802'12cc      0x38  control.o [5]
  .bss               zero     0x2802'1304      0x38  control.o [5]
  .bss               zero     0x2802'133c      0x38  control.o [5]
  .bss               zero     0x2802'1374      0x24  filt.o [5]
  .bss               zero     0x2802'1398      0x24  filt.o [5]
  .bss               zero     0x2802'13bc      0x20  seekfree_assistant.o [47]
  .bss               zero     0x2802'13dc      0x18  cy_sysclk.o [33]
  .bss               zero     0x2802'13f4      0x18  cy_syslib.o [36]
  .bss               zero     0x2802'140c      0x18  filt.o [5]
  .bss               zero     0x2802'1424      0x18  uart.o [5]
  .bss               zero     0x2802'143c      0x18  zf_common_debug.o [46]
  .bss               zero     0x2802'1454      0x18  zf_device_ble6a20.o [48]
  .bss               zero     0x2802'146c      0x18  zf_device_gnss.o [48]
  .bss               zero     0x2802'1484      0x18  zf_device_wifi_spi.o [48]
  .bss               zero     0x2802'149c      0x18  zf_device_wifi_uart.o [48]
  .bss               zero     0x2802'14b4      0x18  zf_device_wireless_uart.o [48]
  .bss               zero     0x2802'14cc      0x14  auto_menu.o [5]
  .bss               zero     0x2802'14e0      0x14  small_driver_uart_control.o [5]
  .bss               zero     0x2802'14f4      0x14  zf_common_debug.o [46]
  .bss               zero     0x2802'1508       0xc  beep.o [5]
  .bss               zero     0x2802'1514       0xc  Servo.o [5]
  .bss               zero     0x2802'1520       0xc  Servo.o [5]
  .bss               zero     0x2802'152c       0xc  Servo.o [5]
  .bss               zero     0x2802'1538       0xc  Servo.o [5]
  .bss               zero     0x2802'1544       0x8  seekfree_assistant.o [47]
  .bss               zero     0x2802'154c       0x8  heap0.o [50]
  .bss               zero     0x2802'1554       0x4  cm7_0_isr.o [45]
  .bss               zero     0x2802'1558       0x4  control.o [5]
  .bss               zero     0x2802'155c       0x4  control.o [5]
  .bss               zero     0x2802'1560       0x4  control.o [5]
  .bss               zero     0x2802'1564       0x4  control.o [5]
  .bss               zero     0x2802'1568       0x4  control.o [5]
  .bss               zero     0x2802'156c       0x4  control.o [5]
  .bss               zero     0x2802'1570       0x4  control.o [5]
  .bss               zero     0x2802'1574       0x4  control.o [5]
  .bss               zero     0x2802'1578       0x4  cy_syslib.o [36]
  .bss               zero     0x2802'157c       0x4  filt.o [5]
  .bss               zero     0x2802'1580       0x4  filt.o [5]
  .bss               zero     0x2802'1584       0x4  filt.o [5]
  .bss               zero     0x2802'1588       0x4  Servo.o [5]
  .bss               zero     0x2802'158c       0x4  Servo.o [5]
  .bss               zero     0x2802'1590       0x4  Servo.o [5]
  .bss               zero     0x2802'1594       0x4  Servo.o [5]
  .bss               zero     0x2802'1598       0x4  Servo.o [5]
  .bss               zero     0x2802'159c       0x4  system_tviibh4m_cm7.o [22]
  .bss               zero     0x2802'15a0       0x4  system_tviibh4m_cm7.o [22]
  .bss               zero     0x2802'15a4       0x4  system_tviibh4m_cm7.o [22]
  .bss               zero     0x2802'15a8       0x4  system_tviibh4m_cm7.o [22]
  .bss               zero     0x2802'15ac       0x4  system_tviibh4m_cm7.o [22]
  .bss               zero     0x2802'15b0       0x4  uart.o [5]
  .bss               zero     0x2802'15b4       0x4  zf_common_clock.o [46]
  .bss               zero     0x2802'15b8       0x4  zf_common_interrupt.o [46]
  .bss               zero     0x2802'15bc       0x4  zf_driver_spi.o [49]
  .bss               zero     0x2802'15c0       0x4  zf_driver_timer.o [49]
  .bss               zero     0x2802'15c4       0x4  xgetmemchunk.o [50]
  .bss               zero     0x2802'15c8       0x4  xfail_s.o [50]
  .bss               zero     0x2802'15cc       0x2  control.o [5]
  .bss               zero     0x2802'15ce       0x2  control.o [5]
  .bss               zero     0x2802'15d0       0x2  Servo.o [5]
  .bss               zero     0x2802'15d2       0x2  zf_device_imu660rb.o [48]
  .bss               zero     0x2802'15d4       0x2  zf_device_imu660rb.o [48]
  .bss               zero     0x2802'15d6       0x2  zf_device_imu660rb.o [48]
  .bss               zero     0x2802'15d8       0x2  zf_device_imu660rb.o [48]
  .bss               zero     0x2802'15da       0x2  zf_device_imu660rb.o [48]
  .bss               zero     0x2802'15dc       0x2  zf_device_imu660rb.o [48]
  .bss               zero     0x2802'15de       0x1  auto_menu.o [5]
  .bss               zero     0x2802'15df       0x1  control.o [5]
  .bss               zero     0x2802'15e0       0x1  control.o [5]
  .bss               zero     0x2802'15e1       0x1  cy_sysclk.o [33]
  .bss               zero     0x2802'15e2       0x1  filt.o [5]
  .bss               zero     0x2802'15e3       0x1  key_app.o [5]
  .bss               zero     0x2802'15e4       0x1  key_app.o [5]
  .bss               zero     0x2802'15e5       0x1  key_app.o [5]
  .bss               zero     0x2802'15e6       0x1  key_app.o [5]
  .bss               zero     0x2802'15e7       0x1  scheduler.o [5]
  .bss               zero     0x2802'15e8       0x1  zf_common_debug.o [46]
  .bss               zero     0x2802'15e9       0x1  zf_common_debug.o [46]
  .bss               zero     0x2802'15ea       0x1  zf_common_debug.o [46]
  .bss               zero     0x2802'15eb       0x1  zf_device_gnss.o [48]
  .bss               zero     0x2802'15ec       0x1  zf_device_gnss.o [48]
  .bss               zero     0x2802'15ed       0x1  zf_device_gnss.o [48]
  .bss               zero     0x2802'15ee       0x1  zf_device_gnss.o [48]
  .bss               zero     0x2802'15ef       0x1  zf_device_gnss.o [48]
  .bss               zero     0x2802'15f0       0x1  zf_device_tft180.o [48]
  .bss               zero     0x2802'15f1       0x1  zf_device_tsl1401.o [48]
  .bss               zero     0x2802'15f2       0x1  zf_device_tsl1401.o [48]
  .bss               zero     0x2802'15f3       0x1  zf_device_wifi_spi.o [48]
                            - 0x2802'15f4     0xa4c

"P2", part 3 of 3:                             0x80
  .intvec_ram        uninit   0x2802'1600      0x80  startup_cm7.o [31]
                            - 0x2802'1680      0x80

"A1":                                        0x2400
  HEAP_STACK                  0x2807'dc00    0x2400  <Block>
    HEAP                      0x2807'dc00     0x400  <Block>
      HEAP           uninit   0x2807'dc00     0x400  <Block tail>
    CSTACK                    0x2807'e000    0x2000  <Block>
      CSTACK         uninit   0x2807'e000    0x2000  <Block tail>
                            - 0x2808'0000    0x2400

Unused ranges:

         From           To       Size
         ----           --       ----
  0x1017'3227  0x1027'ffff  0x10'cdd9
  0x2802'15f4  0x2802'15ff        0xc
  0x2802'1680  0x2807'dbff   0x5'c580


*******************************************************************************
*** INIT TABLE
***

          Address      Size
          -------      ----
Zero (__iar_zero_init3)
    1 destination range, total size 0xa4c:
          0x2802'0ba8  0xa4c

Copy/lz77 (__iar_lz77_init_single3)
    1 source range, total size 0x243 (19% of destination):
          0x1017'2f7e  0x243
    1 destination range, total size 0xba8:
          0x2802'0000  0xba8



*******************************************************************************
*** MODULE SUMMARY
***

    Module                          ro code  ro data  rw data
    ------                          -------  -------  -------
command line/config:
    ---------------------------------------------------------
    Total:

D:\Dsektop\luntui\luntui\iar\Debug_m7_0\Obj\adc_11722776235721520015.dir: [1]
    ---------------------------------------------------------
    Total:

D:\Dsektop\luntui\luntui\iar\Debug_m7_0\Obj\audioss_1346650047966882938.dir: [2]
    ---------------------------------------------------------
    Total:

D:\Dsektop\luntui\luntui\iar\Debug_m7_0\Obj\button_4990804375159372270.dir: [3]
    ---------------------------------------------------------
    Total:

D:\Dsektop\luntui\luntui\iar\Debug_m7_0\Obj\canfd_1800690984773873875.dir: [4]
    ---------------------------------------------------------
    Total:

D:\Dsektop\luntui\luntui\iar\Debug_m7_0\Obj\code_17896468042025673432.dir: [5]
    Servo.o                           1'060        1       75
    auto_menu.o                       2'308      340      933
    beep.o                               64                12
    control.o                           820        2      211
    filt.o                            1'688        4      133
    key_app.o                           200                 5
    pid.o                               388
    scheduler.o                         228       57       85
    small_driver_uart_control.o         378                20
    uart.o                              284       60      156
    vmc.o                               404  947'200
    ---------------------------------------------------------
    Total:                            7'822  947'664    1'630

D:\Dsektop\luntui\luntui\iar\Debug_m7_0\Obj\cpu_15938736945165268644.dir: [6]
    ---------------------------------------------------------
    Total:

D:\Dsektop\luntui\luntui\iar\Debug_m7_0\Obj\crypto_1190170608956581615.dir: [7]
    ---------------------------------------------------------
    Total:

D:\Dsektop\luntui\luntui\iar\Debug_m7_0\Obj\dma_12106025507578611576.dir: [8]
    ---------------------------------------------------------
    Total:

D:\Dsektop\luntui\luntui\iar\Debug_m7_0\Obj\eth_phy_18133017486186456677.dir: [9]
    ---------------------------------------------------------
    Total:

D:\Dsektop\luntui\luntui\iar\Debug_m7_0\Obj\ethernet_6029839089178797009.dir: [10]
    ---------------------------------------------------------
    Total:

D:\Dsektop\luntui\luntui\iar\Debug_m7_0\Obj\evtgen_3404189088603873129.dir: [11]
    ---------------------------------------------------------
    Total:

D:\Dsektop\luntui\luntui\iar\Debug_m7_0\Obj\flash_8529866181315662935.dir: [12]
    ---------------------------------------------------------
    Total:

D:\Dsektop\luntui\luntui\iar\Debug_m7_0\Obj\flash_864493325053435817.dir: [13]
    ---------------------------------------------------------
    Total:

D:\Dsektop\luntui\luntui\iar\Debug_m7_0\Obj\gpio_3999404635324069351.dir: [14]
    cy_gpio.o                           404
    ---------------------------------------------------------
    Total:                              404

D:\Dsektop\luntui\luntui\iar\Debug_m7_0\Obj\ipc_10145506163450686023.dir: [15]
    ---------------------------------------------------------
    Total:

D:\Dsektop\luntui\luntui\iar\Debug_m7_0\Obj\lin_18429031207028094880.dir: [16]
    ---------------------------------------------------------
    Total:

D:\Dsektop\luntui\luntui\iar\Debug_m7_0\Obj\lvd_6353935867039560245.dir: [17]
    ---------------------------------------------------------
    Total:

D:\Dsektop\luntui\luntui\iar\Debug_m7_0\Obj\mcwdt_4052485907822033969.dir: [18]
    ---------------------------------------------------------
    Total:

D:\Dsektop\luntui\luntui\iar\Debug_m7_0\Obj\mpu_5663187252346826382.dir: [19]
    ---------------------------------------------------------
    Total:

D:\Dsektop\luntui\luntui\iar\Debug_m7_0\Obj\power_14453085144426420577.dir: [20]
    ---------------------------------------------------------
    Total:

D:\Dsektop\luntui\luntui\iar\Debug_m7_0\Obj\prot_10722960861768657883.dir: [21]
    ---------------------------------------------------------
    Total:

D:\Dsektop\luntui\luntui\iar\Debug_m7_0\Obj\rev_b_4986922561640112550.dir: [22]
    system_tviibh4m_cm7.o               336      100       20
    ---------------------------------------------------------
    Total:                              336      100       20

D:\Dsektop\luntui\luntui\iar\Debug_m7_0\Obj\rev_b_6162237342861132223.dir: [23]
    cy_interrupt_map.o                  408      377    1'776
    ---------------------------------------------------------
    Total:                              408      377    1'776

D:\Dsektop\luntui\luntui\iar\Debug_m7_0\Obj\scb_15490842639181808494.dir: [24]
    cy_scb_spi.o                        496       16
    cy_scb_uart.o                       788       40
    ---------------------------------------------------------
    Total:                            1'284       56

D:\Dsektop\luntui\luntui\iar\Debug_m7_0\Obj\sd_host_2982766354293506895.dir: [25]
    ---------------------------------------------------------
    Total:

D:\Dsektop\luntui\luntui\iar\Debug_m7_0\Obj\semihosting_143864889731838620.dir: [26]
    ---------------------------------------------------------
    Total:

D:\Dsektop\luntui\luntui\iar\Debug_m7_0\Obj\smartio_5451710003740070188.dir: [27]
    ---------------------------------------------------------
    Total:

D:\Dsektop\luntui\luntui\iar\Debug_m7_0\Obj\smif_427648126384146252.dir: [28]
    ---------------------------------------------------------
    Total:

D:\Dsektop\luntui\luntui\iar\Debug_m7_0\Obj\smif_mem_6470536964353725183.dir: [29]
    ---------------------------------------------------------
    Total:

D:\Dsektop\luntui\luntui\iar\Debug_m7_0\Obj\srom_13018798572330080582.dir: [30]
    ---------------------------------------------------------
    Total:

D:\Dsektop\luntui\luntui\iar\Debug_m7_0\Obj\startup_479057977785470282.dir: [31]
    startup.o                           516       24
    startup_cm7.o                       442               128
    ---------------------------------------------------------
    Total:                              958       24      128

D:\Dsektop\luntui\luntui\iar\Debug_m7_0\Obj\sw_timer_4215635015939382130.dir: [32]
    ---------------------------------------------------------
    Total:

D:\Dsektop\luntui\luntui\iar\Debug_m7_0\Obj\sysclk_16149231235676103872.dir: [33]
    cy_sysclk.o                       2'280      152       25
    ---------------------------------------------------------
    Total:                            2'280      152       25

D:\Dsektop\luntui\luntui\iar\Debug_m7_0\Obj\sysflt_12293435975120599261.dir: [34]
    ---------------------------------------------------------
    Total:

D:\Dsektop\luntui\luntui\iar\Debug_m7_0\Obj\sysint_7435970359207984181.dir: [35]
    cy_sysint.o                         172        8
    ---------------------------------------------------------
    Total:                              172        8

D:\Dsektop\luntui\luntui\iar\Debug_m7_0\Obj\syslib_16330585751512546975.dir: [36]
    cy_syslib.o                         182               140
    cy_syslib_iar.o                      30
    ---------------------------------------------------------
    Total:                              212               140

D:\Dsektop\luntui\luntui\iar\Debug_m7_0\Obj\syspm_10887939769544754770.dir: [37]
    ---------------------------------------------------------
    Total:

D:\Dsektop\luntui\luntui\iar\Debug_m7_0\Obj\sysreghc_17676636058511625587.dir: [38]
    ---------------------------------------------------------
    Total:

D:\Dsektop\luntui\luntui\iar\Debug_m7_0\Obj\sysreset_14586141425677365288.dir: [39]
    ---------------------------------------------------------
    Total:

D:\Dsektop\luntui\luntui\iar\Debug_m7_0\Obj\sysrtc_10747768817563771611.dir: [40]
    ---------------------------------------------------------
    Total:

D:\Dsektop\luntui\luntui\iar\Debug_m7_0\Obj\systick_16016591671695740695.dir: [41]
    ---------------------------------------------------------
    Total:

D:\Dsektop\luntui\luntui\iar\Debug_m7_0\Obj\syswdt_9118657615806274156.dir: [42]
    ---------------------------------------------------------
    Total:

D:\Dsektop\luntui\luntui\iar\Debug_m7_0\Obj\tcpwm_422923530147891246.dir: [43]
    cy_tcpwm.o                           12
    cy_tcpwm_counter.o                  440       20
    cy_tcpwm_pwm.o                      522       28
    ---------------------------------------------------------
    Total:                              974       48

D:\Dsektop\luntui\luntui\iar\Debug_m7_0\Obj\trigmux_9729677290734583340.dir: [44]
    ---------------------------------------------------------
    Total:

D:\Dsektop\luntui\luntui\iar\Debug_m7_0\Obj\user_8514941877209965082.dir: [45]
    cm7_0_isr.o                         552                 4
    main_cm7_0.o                        146
    ---------------------------------------------------------
    Total:                              698                 4

D:\Dsektop\luntui\luntui\iar\Debug_m7_0\Obj\zf_common_1201165462030747823.dir: [46]
    zf_common_clock.o                    28                 4
    zf_common_debug.o                 1'144      120      112
    zf_common_fifo.o                  1'552       56
    zf_common_font.o                           2'072
    zf_common_function.o                656       60
    zf_common_interrupt.o               226                 4
    ---------------------------------------------------------
    Total:                            3'606    2'308      120

D:\Dsektop\luntui\luntui\iar\Debug_m7_0\Obj\zf_components_14936052685886095442.dir: [47]
    seekfree_assistant.o                188        6      200
    seekfree_assistant_interface.o      156
    ---------------------------------------------------------
    Total:                              344        6      200

D:\Dsektop\luntui\luntui\iar\Debug_m7_0\Obj\zf_device_6570275422786408770.dir: [48]
    zf_device_ble6a20.o                 152       60       24
    zf_device_gnss.o                    276               413
    zf_device_imu660rb.o                468       88       12
    zf_device_tft180.o                3'320       62       10
    zf_device_tsl1401.o                 124               514
    zf_device_type.o                      2        1        4
    zf_device_wifi_spi.o                576       60       25
    zf_device_wifi_uart.o               460      104      172
    zf_device_wireless_uart.o           152       64       24
    ---------------------------------------------------------
    Total:                            5'530      439    1'198

D:\Dsektop\luntui\luntui\iar\Debug_m7_0\Obj\zf_driver_11922370083829174090.dir: [49]
    zf_driver_adc.o                     116        2       84
    zf_driver_delay.o                   728        1        3
    zf_driver_gpio.o                    272
    zf_driver_pit.o                     920       12       60
    zf_driver_pwm.o                   3'608       56
    zf_driver_spi.o                   3'612       59       20
    zf_driver_timer.o                   660                 4
    zf_driver_uart.o                  2'088       63      320
    ---------------------------------------------------------
    Total:                           12'004      193      491

dl7M_tln.a: [50]
    abort.o                               6
    exit.o                                4
    heap0.o                             316                 8
    heaptramp0.o                          4
    printf.o                             40
    putchar.o                            32
    sprintf.o                            64
    strncmp.o                            42
    strstr.o                             44
    vla_alloc.o                          22
    vsnprint.o                           60
    xfail_s.o                            64                 4
    xgetmemchunk.o                       44                 4
    xprintffull_nomb.o                3'758
    xprout.o                             22
    xsnprout.o                           26
    xsprout.o                            10
    ---------------------------------------------------------
    Total:                            4'558                16

m7M_tlv.a: [51]
    DblCmpGe.o                           52
    DblCmpLe.o                           52
    DblDiv.o                             18
    DblMul.o                             18
    DblSub.o                             18
    DblToS32.o                           14
    DblToU32.o                           14
    S32ToDbl.o                           14
    U32ToDbl.o                           14
    asin.o                              136
    atan2.o                             126
    fpinit_M.o                           34
    frexp.o                             112
    ldexp.o                             260
    round.o                              98
    xatan.o                             280
    ---------------------------------------------------------
    Total:                            1'260

rt7M_tl.a: [52]
    ABImemclr4.o                          6
    ABImemcpy.o                         166
    ABImemset.o                         102
    ABImemset48.o                        50
    I64DivMod.o                         560
    I64DivZer.o                           2
    cexit.o                              10
    cmain.o                              30
    cstartup_M.o                         28
    data_init.o                          40
    lz77_init_single.o                  126
    memchr.o                             88
    strchr.o                             22
    strlen.o                             54
    strncpy.o                           112
    zero_init3.o                         56
    ---------------------------------------------------------
    Total:                            1'452

shb_l.a: [53]
    exit.o                               20
    ---------------------------------------------------------
    Total:                               20

    Gaps                                 42        6
    Linker created                                32    9'216
-------------------------------------------------------------
    Grand Total:                     44'364  951'413   14'964


*******************************************************************************
*** ENTRY LIST
***

Entry                       Address      Size  Type      Object
-----                       -------      ----  ----      ------
.iar.init_table$$Base   0x1017'2b7c             --   Gb  - Linker created -
.iar.init_table$$Limit  0x1017'2b9c             --   Gb  - Linker created -
?main                   0x1017'2c21            Code  Gb  cmain.o [52]
A_max                   0x1017'2f28       0x4  Data  Gb  vmc.o [5]
A_min                   0x1017'2f2c       0x4  Data  Gb  vmc.o [5]
A_step                  0x1017'2f34       0x4  Data  Gb  vmc.o [5]
Aldata                  0x2802'154c       0x8  Data  Lc  heap0.o [50]
BusFault_Handler        0x1017'2f49            Code  Wk  startup_cm7.o [31]
CSTACK$$Base            0x2807'e000             --   Gb  - Linker created -
CSTACK$$Limit           0x2808'0000             --   Gb  - Linker created -
CopyVectorTable         0x1017'1fad      0x34  Code  Lc  startup.o [31]
CpuUserInt0_Handler     0x1017'2227      0x26  Code  Gb  cy_interrupt_map.o [23]
CpuUserInt10_Handler    0x1017'2f65            Code  Wk  startup_cm7.o [31]
CpuUserInt11_Handler    0x1017'2f69            Code  Wk  startup_cm7.o [31]
CpuUserInt12_Handler    0x1017'2f6d            Code  Wk  startup_cm7.o [31]
CpuUserInt13_Handler    0x1017'2f71            Code  Wk  startup_cm7.o [31]
CpuUserInt14_Handler    0x1017'2f75            Code  Wk  startup_cm7.o [31]
CpuUserInt15_Handler    0x1017'2f79            Code  Wk  startup_cm7.o [31]
CpuUserInt1_Handler     0x1017'224d      0x26  Code  Gb  cy_interrupt_map.o [23]
CpuUserInt2_Handler     0x1017'2273      0x26  Code  Gb  cy_interrupt_map.o [23]
CpuUserInt3_Handler     0x1017'2299      0x26  Code  Gb  cy_interrupt_map.o [23]
CpuUserInt4_Handler     0x1017'22bf      0x26  Code  Gb  cy_interrupt_map.o [23]
CpuUserInt5_Handler     0x1017'22e5      0x26  Code  Gb  cy_interrupt_map.o [23]
CpuUserInt6_Handler     0x1017'230b      0x26  Code  Gb  cy_interrupt_map.o [23]
CpuUserInt7_Handler     0x1017'2331      0x26  Code  Gb  cy_interrupt_map.o [23]
CpuUserInt8_Handler     0x1017'2f5d            Code  Wk  startup_cm7.o [31]
CpuUserInt9_Handler     0x1017'2f61            Code  Wk  startup_cm7.o [31]
Cy_DefaultUserHandler   0x1017'2225       0x2  Code  Gb  cy_interrupt_map.o [23]
Cy_GPIO_ClearInterrupt  0x1016'9daf       0xe  Code  Lc  cy_gpio.o [14]
Cy_GPIO_Clr             0x1016'd39d       0xa  Code  Lc  zf_driver_gpio.o [49]
Cy_GPIO_Pin_Init        0x1016'9df3      0x72  Code  Gb  cy_gpio.o [14]
Cy_GPIO_Read            0x1016'd389       0xa  Code  Lc  zf_driver_gpio.o [49]
Cy_GPIO_Set             0x1016'd393       0xa  Code  Lc  zf_driver_gpio.o [49]
Cy_GPIO_SetDriveSel     0x1016'9d91      0x1e  Code  Lc  cy_gpio.o [14]
Cy_GPIO_SetDrivemode    0x1016'9d41      0x1c  Code  Lc  cy_gpio.o [14]
Cy_GPIO_SetHSIOM        0x1016'9cdd      0x4c  Code  Lc  cy_gpio.o [14]
Cy_GPIO_SetInterruptEdge
                        0x1016'9dd7      0x1c  Code  Lc  cy_gpio.o [14]
Cy_GPIO_SetInterruptMask
                        0x1016'9dbd      0x1a  Code  Lc  cy_gpio.o [14]
Cy_GPIO_SetSlewRate     0x1016'9d77      0x1a  Code  Lc  cy_gpio.o [14]
Cy_GPIO_SetVtrip        0x1016'9d5d      0x1a  Code  Lc  cy_gpio.o [14]
Cy_GPIO_Write           0x1016'9d29      0x18  Code  Lc  cy_gpio.o [14]
Cy_RestoreIRQ           0x1017'1e05            Code  Gb  startup_cm7.o [31]
Cy_SCB_ClearRxFifo      0x1016'89eb      0x1e  Code  Lc  zf_driver_spi.o [49]
Cy_SCB_ClearRxInterrupt
                        0x1017'1503       0xa  Code  Lc  cm7_0_isr.o [45]
Cy_SCB_ClearTxInterrupt
                        0x1017'1513       0xa  Code  Lc  cm7_0_isr.o [45]
Cy_SCB_GetFifoSize      0x1016'8a45      0x12  Code  Lc  zf_driver_spi.o [49]
Cy_SCB_GetNumInRxFifo   0x1016'89e1       0xa  Code  Lc  zf_driver_spi.o [49]
Cy_SCB_GetNumInRxFifo   0x1016'a20b       0xa  Code  Lc  zf_driver_uart.o [49]
Cy_SCB_GetNumInTxFifo   0x1016'8a0f       0xa  Code  Lc  zf_driver_spi.o [49]
Cy_SCB_GetNumInTxFifo   0x1016'a21b       0xa  Code  Lc  zf_driver_uart.o [49]
Cy_SCB_GetRxInterruptMask
                        0x1017'14fd       0x6  Code  Lc  cm7_0_isr.o [45]
Cy_SCB_GetRxInterruptMask
                        0x1016'a257       0x6  Code  Lc  zf_driver_uart.o [49]
Cy_SCB_GetTxInterruptMask
                        0x1017'150d       0x6  Code  Lc  cm7_0_isr.o [45]
Cy_SCB_GetTxInterruptMask
                        0x1016'a263       0x6  Code  Lc  zf_driver_uart.o [49]
Cy_SCB_GetTxSrValid     0x1016'8a19       0xa  Code  Lc  zf_driver_spi.o [49]
Cy_SCB_GetTxSrValid     0x1016'a225       0xa  Code  Lc  zf_driver_uart.o [49]
Cy_SCB_IsTxComplete     0x1016'8a23      0x22  Code  Lc  zf_driver_spi.o [49]
Cy_SCB_IsTxComplete     0x1016'a22f      0x22  Code  Lc  zf_driver_uart.o [49]
Cy_SCB_ReadRxFifo       0x1016'a205       0x6  Code  Lc  zf_driver_uart.o [49]
Cy_SCB_SPI_ClearRxFifo  0x1016'8a75       0x8  Code  Lc  zf_driver_spi.o [49]
Cy_SCB_SPI_Enable       0x1016'8a57       0xa  Code  Lc  zf_driver_spi.o [49]
Cy_SCB_SPI_GetNumInRxFifo
                        0x1016'8a6d       0x8  Code  Lc  zf_driver_spi.o [49]
Cy_SCB_SPI_Init         0x1016'9e71     0x1d8  Code  Gb  cy_scb_spi.o [24]
Cy_SCB_SPI_SetActiveSlaveSelect
                        0x1016'8a61       0xc  Code  Lc  zf_driver_spi.o [49]
Cy_SCB_SetRxInterruptMask
                        0x1016'a251       0x6  Code  Lc  zf_driver_uart.o [49]
Cy_SCB_SetTxInterruptMask
                        0x1016'a25d       0x6  Code  Lc  zf_driver_uart.o [49]
Cy_SCB_UART_DeInit      0x1016'b249      0x5c  Code  Gb  cy_scb_uart.o [24]
Cy_SCB_UART_Enable      0x1016'a269       0xa  Code  Lc  zf_driver_uart.o [49]
Cy_SCB_UART_Init        0x1016'afc5     0x284  Code  Gb  cy_scb_uart.o [24]
Cy_SCB_WriteTxFifo      0x1016'8a09       0x6  Code  Lc  zf_driver_spi.o [49]
Cy_SCB_WriteTxFifo      0x1016'a215       0x6  Code  Lc  zf_driver_uart.o [49]
Cy_SaveIRQ              0x1017'1dfd            Code  Gb  startup_cm7.o [31]
Cy_SysClk_CheckDividerExisting
                        0x1016'd499      0x2a  Code  Lc  zf_driver_delay.o [49]
Cy_SysClk_CheckDividerExisting
                        0x1017'0435      0x2c  Code  Lc  zf_driver_pit.o [49]
Cy_SysClk_CheckDividerExisting
                        0x1016'b2d9      0x2c  Code  Lc  zf_driver_pwm.o [49]
Cy_SysClk_CheckDividerExisting
                        0x1016'8a7d      0x2c  Code  Lc  zf_driver_spi.o [49]
Cy_SysClk_CheckDividerExisting
                        0x1017'0e01      0x2a  Code  Lc  zf_driver_timer.o [49]
Cy_SysClk_CheckDividerExisting
                        0x1016'a061      0x2c  Code  Lc  zf_driver_uart.o [49]
Cy_SysClk_ClkPathGetSource
                        0x1016'e50d      0x54  Code  Gb  cy_sysclk.o [33]
Cy_SysClk_EcoGetStatus  0x1016'e399      0x1a  Code  Lc  cy_sysclk.o [33]
Cy_SysClk_Fast0ClkGetDivider
                        0x1016'e4e1      0x16  Code  Lc  cy_sysclk.o [33]
Cy_SysClk_Fast1ClkGetDivider
                        0x1016'e4f7      0x16  Code  Lc  cy_sysclk.o [33]
Cy_SysClk_FllGetConfiguration
                        0x1016'e569      0x7e  Code  Gb  cy_sysclk.o [33]
Cy_SysClk_FllGetLockStatus
                        0x1016'e3b3       0xc  Code  Lc  cy_sysclk.o [33]
Cy_SysClk_GetClockGroup
                        0x1016'd541       0x8  Code  Lc  zf_driver_delay.o [49]
Cy_SysClk_GetClockGroup
                        0x1017'04e3       0x8  Code  Lc  zf_driver_pit.o [49]
Cy_SysClk_GetClockGroup
                        0x1016'b387       0x8  Code  Lc  zf_driver_pwm.o [49]
Cy_SysClk_GetClockGroup
                        0x1016'8b61       0x8  Code  Lc  zf_driver_spi.o [49]
Cy_SysClk_GetClockGroup
                        0x1017'0ea9       0x8  Code  Lc  zf_driver_timer.o [49]
Cy_SysClk_GetClockGroup
                        0x1016'a145       0x8  Code  Lc  zf_driver_uart.o [49]
Cy_SysClk_GetCoreFrequency
                        0x1016'ec2d      0x2a  Code  Gb  cy_sysclk.o [33]
Cy_SysClk_GetEcoFrequency
                        0x1016'e735      0x32  Code  Gb  cy_sysclk.o [33]
Cy_SysClk_GetExtFrequency
                        0x1016'e769      0x1e  Code  Gb  cy_sysclk.o [33]
Cy_SysClk_GetFast0Frequency
                        0x1016'eb81      0x56  Code  Gb  cy_sysclk.o [33]
Cy_SysClk_GetFast1Frequency
                        0x1016'ebd7      0x56  Code  Gb  cy_sysclk.o [33]
Cy_SysClk_GetFllInputFrequency
                        0x1016'e889       0xc  Code  Gb  cy_sysclk.o [33]
Cy_SysClk_GetFllOutputFrequency
                        0x1016'e8b1      0x78  Code  Gb  cy_sysclk.o [33]
Cy_SysClk_GetHfClkFrequency
                        0x1016'eb03      0x7a  Code  Gb  cy_sysclk.o [33]
Cy_SysClk_GetIlo0Frequency
                        0x1016'e787      0x32  Code  Gb  cy_sysclk.o [33]
Cy_SysClk_GetIlo1Frequency
                        0x1016'e7b9      0x32  Code  Gb  cy_sysclk.o [33]
Cy_SysClk_GetImoFrequency
                        0x1016'e703      0x32  Code  Gb  cy_sysclk.o [33]
Cy_SysClk_GetPathFrequency
                        0x1016'ead1      0x32  Code  Gb  cy_sysclk.o [33]
Cy_SysClk_GetPathSourceFrequency
                        0x1016'e825      0x64  Code  Gb  cy_sysclk.o [33]
Cy_SysClk_GetPll400MNo  0x1016'e3fd      0x14  Code  Lc  cy_sysclk.o [33]
Cy_SysClk_GetPllInputFrequency
                        0x1016'e895      0x1c  Code  Gb  cy_sysclk.o [33]
Cy_SysClk_GetPllNo      0x1016'e3c1      0x12  Code  Lc  cy_sysclk.o [33]
Cy_SysClk_GetPllOutputFrequency
                        0x1016'e92d     0x1a0  Code  Gb  cy_sysclk.o [33]
Cy_SysClk_GetWcoFrequency
                        0x1016'e7eb      0x32  Code  Gb  cy_sysclk.o [33]
Cy_SysClk_HfClockGetDivider
                        0x1016'e49f      0x42  Code  Lc  cy_sysclk.o [33]
Cy_SysClk_HfClockGetSource
                        0x1016'e44b      0x54  Code  Lc  cy_sysclk.o [33]
Cy_SysClk_InitGetFreqParams
                        0x1016'e6e9      0x1a  Code  Gb  cy_sysclk.o [33]
Cy_SysClk_PeriphAssignDivider
                        0x1016'd549      0x68  Code  Lc  zf_driver_delay.o [49]
Cy_SysClk_PeriphAssignDivider
                        0x1017'04eb      0x68  Code  Lc  zf_driver_pit.o [49]
Cy_SysClk_PeriphAssignDivider
                        0x1016'b38f      0x6a  Code  Lc  zf_driver_pwm.o [49]
Cy_SysClk_PeriphAssignDivider
                        0x1016'8b69      0x6a  Code  Lc  zf_driver_spi.o [49]
Cy_SysClk_PeriphAssignDivider
                        0x1017'0eb1      0x68  Code  Lc  zf_driver_timer.o [49]
Cy_SysClk_PeriphAssignDivider
                        0x1016'a14d      0x6a  Code  Lc  zf_driver_uart.o [49]
Cy_SysClk_PeriphEnableDivider
                        0x1016'd5b1      0x4c  Code  Lc  zf_driver_delay.o [49]
Cy_SysClk_PeriphEnableDivider
                        0x1017'0553      0x4c  Code  Lc  zf_driver_pit.o [49]
Cy_SysClk_PeriphEnableDivider
                        0x1016'b3f9      0x4e  Code  Lc  zf_driver_pwm.o [49]
Cy_SysClk_PeriphEnableDivider
                        0x1016'8bd3      0x4e  Code  Lc  zf_driver_spi.o [49]
Cy_SysClk_PeriphEnableDivider
                        0x1017'0f19      0x4c  Code  Lc  zf_driver_timer.o [49]
Cy_SysClk_PeriphEnableDivider
                        0x1016'a1b7      0x4e  Code  Lc  zf_driver_uart.o [49]
Cy_SysClk_PeriphSetDivider
                        0x1016'd4c3      0x7e  Code  Lc  zf_driver_delay.o [49]
Cy_SysClk_PeriphSetDivider
                        0x1017'0461      0x82  Code  Lc  zf_driver_pit.o [49]
Cy_SysClk_PeriphSetDivider
                        0x1016'b305      0x82  Code  Lc  zf_driver_pwm.o [49]
Cy_SysClk_PeriphSetDivider
                        0x1017'0e2b      0x7e  Code  Lc  zf_driver_timer.o [49]
Cy_SysClk_PeriphSetFracDivider
                        0x1016'8aa9      0xb8  Code  Lc  zf_driver_spi.o [49]
Cy_SysClk_PeriphSetFracDivider
                        0x1016'a08d      0xb8  Code  Lc  zf_driver_uart.o [49]
Cy_SysClk_Pll400MGetConfiguration
                        0x1016'e655      0x84  Code  Gb  cy_sysclk.o [33]
Cy_SysClk_Pll400MGetLockStatus
                        0x1016'e411      0x2a  Code  Lc  cy_sysclk.o [33]
Cy_SysClk_PllGetConfiguration
                        0x1016'e601      0x48  Code  Gb  cy_sysclk.o [33]
Cy_SysClk_PllGetLockStatus
                        0x1016'e3d3      0x28  Code  Lc  cy_sysclk.o [33]
Cy_SysClk_WcoOkay       0x1016'e43d       0xe  Code  Lc  cy_sysclk.o [33]
Cy_SysInt_InitIRQ       0x1016'c0f1      0x7e  Code  Gb  cy_sysint.o [35]
Cy_SysInt_SetSystemIrqVector
                        0x1016'c16f      0x12  Code  Gb  cy_sysint.o [35]
Cy_SysInt_SystemIrqUserTableRamPointer
                        0x2802'0a80       0x4  Data  Gb  cy_interrupt_map.o [23]
Cy_SysLib_DelayCycles   0x1017'2c01            Code  Gb  cy_syslib_iar.o [36]
Cy_SysLib_EnterCriticalSection
                        0x1017'2c11            Code  Gb  cy_syslib_iar.o [36]
Cy_SysLib_ExitCriticalSection
                        0x1017'2c19            Code  Gb  cy_syslib_iar.o [36]
Cy_SysLib_FaultHandler  0x1016'ecf5      0x90  Code  Gb  cy_syslib.o [36]
Cy_SysLib_Halt          0x1016'ecf1       0x4  Code  Gb  cy_syslib.o [36]
Cy_SysLib_ProcessingFault
                        0x1016'ed99       0x2  Code  Wk  cy_syslib.o [36]
Cy_SysLib_SvcHandler    0x1017'2dd9       0xc  Code  Wk  cy_syslib.o [36]
Cy_SystemInitFpuEnable  0x1017'1d75      0x1e  Code  Gb  system_tviibh4m_cm7.o [22]
Cy_SystemIrqUserTable   0x2802'0394     0x6ec  Data  Gb  cy_interrupt_map.o [23]
Cy_Tcpwm_Counter_ClearTC_Intr
                        0x1016'da59      0x10  Code  Gb  cy_tcpwm_counter.o [43]
Cy_Tcpwm_Counter_Disable
                        0x1016'da3b       0xa  Code  Gb  cy_tcpwm_counter.o [43]
Cy_Tcpwm_Counter_Enable
                        0x1016'da31       0xa  Code  Gb  cy_tcpwm_counter.o [43]
Cy_Tcpwm_Counter_GetCounter
                        0x1016'da49       0x4  Code  Gb  cy_tcpwm_counter.o [43]
Cy_Tcpwm_Counter_Init   0x1016'd8b1     0x16c  Code  Gb  cy_tcpwm_counter.o [43]
Cy_Tcpwm_Counter_SetCounter
                        0x1016'da45       0x4  Code  Gb  cy_tcpwm_counter.o [43]
Cy_Tcpwm_Counter_SetTC_IntrMask
                        0x1016'da4d       0xc  Code  Gb  cy_tcpwm_counter.o [43]
Cy_Tcpwm_Pwm_Enable     0x1016'c3d1       0xa  Code  Gb  cy_tcpwm_pwm.o [43]
Cy_Tcpwm_Pwm_Init       0x1016'c1d1     0x1e4  Code  Gb  cy_tcpwm_pwm.o [43]
Cy_Tcpwm_TriggerStart   0x1016'c3db       0xc  Code  Gb  cy_tcpwm.o [43]
Cy_u32StartupStackEndAddress
                        0x1017'2660            Data  Gb  startup_cm7.o [31]
Cy_u32StartupStackStartAddress
                        0x1017'265c            Data  Gb  startup_cm7.o [31]
DEAD_ZONE               0x2802'0ba2       0x1  Data  Gb  control.o [5]
DebugMon_Handler        0x1017'2f51            Code  Wk  startup_cm7.o [31]
GyroOffset              0x2802'140c      0x18  Data  Gb  filt.o [5]
GyroOffset_init         0x2802'15e2       0x1  Data  Gb  filt.o [5]
HEAP$$Base              0x2807'dc00             --   Gb  - Linker created -
HEAP$$Limit             0x2807'e000             --   Gb  - Linker created -
HEAP_STACK$$Base        0x2807'dc00             --   Gb  - Linker created -
HEAP_STACK$$Limit       0x2808'0000             --   Gb  - Linker created -
HardFault_Handler       0x1017'2bbd            Code  Wk  startup_cm7.o [31]
ICM_AHRSupdate          0x1016'f089     0x1a0  Code  Gb  filt.o [5]
ICM_getEulerianAngles   0x1016'f25d     0x17e  Code  Gb  filt.o [5]
ICM_getValues           0x1016'eec1     0x1b8  Code  Gb  filt.o [5]
I_ex                    0x2802'157c       0x4  Data  Gb  filt.o [5]
I_ey                    0x2802'1580       0x4  Data  Gb  filt.o [5]
I_ez                    0x2802'1584       0x4  Data  Gb  filt.o [5]
InitRamEcc              0x1017'1e9b     0x100  Code  Lc  startup.o [31]
InitRamEccClearArea     0x1017'1f9b      0x12  Code  Lc  startup.o [31]
MAX_PWM_STEP            0x2802'0ba4       0x1  Data  Gb  Servo.o [5]
MemManage_Handler       0x1017'2f45            Code  Wk  startup_cm7.o [31]
Menu_Key_Handler        0x1016'daf3     0x164  Code  Gb  auto_menu.o [5]
Menu_Refresh_Task       0x1016'dc57      0xc0  Code  Gb  auto_menu.o [5]
Menu_Refresh_Task{1}{6}{7}{9}{10}{11}::refresh_skip_counter
                        0x2802'15de       0x1  Data  Lc  auto_menu.o [5]
NMI_Handler             0x1017'2f41            Code  Wk  startup_cm7.o [31]
P_max                   0x1017'2f20       0x4  Data  Gb  vmc.o [5]
P_min                   0x1017'2f24       0x4  Data  Gb  vmc.o [5]
P_step                  0x1017'2f30       0x4  Data  Gb  vmc.o [5]
PendSV_Handler          0x1017'2f55            Code  Wk  startup_cm7.o [31]
Q_info                  0x2802'0a84      0x10  Data  Gb  filt.o [5]
Region$$Table$$Base     0x1017'2b7c             --   Gb  - Linker created -
Region$$Table$$Limit    0x1017'2b9c             --   Gb  - Linker created -
Reset_Handler           0x1017'25b5            Code  Wk  startup_cm7.o [31]
SVC_Handler             0x1017'2ca9            Code  Wk  startup_cm7.o [31]
Servo_Init              0x1016'fe19      0xf4  Code  Gb  Servo.o [5]
Startup_Init            0x1017'1e0d      0x8e  Code  Gb  startup.o [31]
SysTick_Handler         0x1017'2f59            Code  Wk  startup_cm7.o [31]
SystemCoreClock         0x2802'159c       0x4  Data  Gb  system_tviibh4m_cm7.o [22]
SystemCoreClockUpdate   0x1017'1ce1      0x94  Code  Gb  system_tviibh4m_cm7.o [22]
SystemInit              0x1017'1c85      0x5c  Code  Gb  system_tviibh4m_cm7.o [22]
UsageFault_Handler      0x1017'2f4d            Code  Wk  startup_cm7.o [31]
VMC_Update_All_Servos   0x1016'ff59     0x2b4  Code  Gb  Servo.o [5]
VMC_Update_All_Servos::last_pwm1
                        0x2802'158c       0x4  Data  Lc  Servo.o [5]
VMC_Update_All_Servos::last_pwm2
                        0x2802'1590       0x4  Data  Lc  Servo.o [5]
VMC_Update_All_Servos::last_pwm3
                        0x2802'1594       0x4  Data  Lc  Servo.o [5]
VMC_Update_All_Servos::last_pwm4
                        0x2802'1598       0x4  Data  Lc  Servo.o [5]
_LC                     0x1016'7469       0x6  Code  Lc  xprintffull_nomb.o [50]
_LitobFullNoMb          0x1016'8135     0x114  Code  Lc  xprintffull_nomb.o [50]
_PrintfFullNoMb         0x1016'746f     0xc98  Code  Gb  xprintffull_nomb.o [50]
_Prout                  0x1017'2d29      0x16  Code  Gb  xprout.o [50]
_PutcharsFullNoMb       0x1016'82a1      0x2e  Code  Lc  xprintffull_nomb.o [50]
_SNProut                0x1016'83ab      0x1a  Code  Gb  xsnprout.o [50]
_SProut                 0x1016'843b       0xa  Code  Gb  xsprout.o [50]
__NVIC_ClearPendingIRQ  0x1017'2209      0x1c  Code  Lc  cy_interrupt_map.o [23]
__NVIC_ClearPendingIRQ  0x1016'aef5      0x1c  Code  Lc  zf_common_interrupt.o [46]
__NVIC_EnableIRQ        0x1016'aed9      0x1c  Code  Lc  zf_common_interrupt.o [46]
__NVIC_SetPriority      0x1016'af11      0x24  Code  Lc  zf_common_interrupt.o [46]
__Vectors               0x1008'0000             --   Gb  startup_cm7.o [31]
__Vectors_End           0x1008'0080            Data  Gb  startup_cm7.o [31]
__Vectors_Size {Abs}           0x80             --   Gb  startup_cm7.o [31]
__aeabi_cdcmple         0x1016'85b5            Code  Gb  DblCmpLe.o [51]
__aeabi_cdrcmple        0x1016'85e9            Code  Gb  DblCmpGe.o [51]
__aeabi_d2iz            0x1016'8721       0xe  Code  Gb  DblToS32.o [51]
__aeabi_d2uiz           0x1016'8761       0xe  Code  Gb  DblToU32.o [51]
__aeabi_ddiv            0x1016'874f      0x12  Code  Gb  DblDiv.o [51]
__aeabi_dmul            0x1016'877d      0x12  Code  Gb  DblMul.o [51]
__aeabi_dsub            0x1016'873d      0x12  Code  Gb  DblSub.o [51]
__aeabi_i2d             0x1016'872f       0xe  Code  Gb  S32ToDbl.o [51]
__aeabi_ldiv0           0x1016'89c9            Code  Gb  I64DivZer.o [52]
__aeabi_memclr4         0x1016'afbd            Code  Gb  ABImemclr4.o [52]
__aeabi_memcpy          0x1016'849d            Code  Gb  ABImemcpy.o [52]
__aeabi_memcpy4         0x1016'84bd            Code  Gb  ABImemcpy.o [52]
__aeabi_memcpy8         0x1016'84bd            Code  Gb  ABImemcpy.o [52]
__aeabi_memset          0x1016'97fd            Code  Gb  ABImemset.o [52]
__aeabi_ui2d            0x1016'876f       0xe  Code  Gb  U32ToDbl.o [51]
__aeabi_uldivmod        0x1016'8791            Code  Gb  I64DivMod.o [52]
__basic_free            0x1016'd81d      0x16  Code  Gb  heap0.o [50]
__basic_free_intern     0x1016'd833      0x74  Code  Lc  heap0.o [50]
__basic_malloc          0x1016'd771      0x18  Code  Gb  heap0.o [50]
__basic_malloc_intern   0x1016'd789      0x94  Code  Lc  heap0.o [50]
__cmain                 0x1017'2c21            Code  Gb  cmain.o [52]
__data_GetMemChunk      0x1016'da69      0x2c  Code  Gb  xgetmemchunk.o [50]
__data_GetMemChunk::start
                        0x2802'15c4       0x4  Data  Lc  xgetmemchunk.o [50]
__ecc_init_dtcm_end_address {Abs}
                        0x2000'3fff            Data  Gb  <internal module>
__ecc_init_dtcm_start_address {Abs}
                        0x2000'0000            Data  Gb  <internal module>
__ecc_init_itcm_end_address {Abs}
                             0x3fff            Data  Gb  <internal module>
__ecc_init_itcm_start_address {Abs}
                                0x0            Data  Gb  <internal module>
__ecc_init_sram_end_address {Abs}
                        0x2807'ffff            Data  Gb  <internal module>
__ecc_init_sram_start_address {Abs}
                        0x2802'0000            Data  Gb  <internal module>
__exit                  0x1016'89cd      0x14  Code  Gb  exit.o [53]
__iar_Fail_s            0x1016'83c5      0x1c  Code  Gb  xfail_s.o [50]
__iar_Memchr            0x1016'8445            Code  Gb  memchr.o [52]
__iar_Memset            0x1016'97fd            Code  Gb  ABImemset.o [52]
[...]
key_read                0x1017'1a4d      0x3a  Code  Gb  key_app.o [5]
key_task                0x1017'1a87      0x44  Code  Gb  key_app.o [5]
key_task::key_down      0x2802'15e6       0x1  Data  Lc  key_app.o [5]
key_task::key_old       0x2802'15e4       0x1  Data  Lc  key_app.o [5]
key_task::key_up        0x2802'15e5       0x1  Data  Lc  key_app.o [5]
key_task::key_val       0x2802'15e3       0x1  Data  Lc  key_app.o [5]
ldexp                   0x1016'8631            Code  Gb  ldexp.o [51]
ldexpl                  0x1016'8631            Code  Gb  ldexp.o [51]
mECHANICAL_ZERO         0x2802'0390       0x4  Data  Gb  control.o [5]
main                    0x1017'17a1      0x82  Code  Gb  main_cm7_0.o [45]
memchr                  0x1016'8445            Code  Gb  memchr.o [52]
menu_adjust_value       0x1016'de2d     0x1d4  Code  Lc  auto_menu.o [5]
menu_backup_value       0x1016'dd17      0xa0  Code  Lc  auto_menu.o [5]
menu_draw_item          0x1016'e001     0x318  Code  Lc  auto_menu.o [5]
menu_draw_page_header   0x1016'e319      0x72  Code  Lc  auto_menu.o [5]
menu_init               0x1016'dac1      0x32  Code  Gb  auto_menu.o [5]
menu_pages              0x2802'0360      0x30  Data  Lc  auto_menu.o [5]
menu_restore_value      0x1016'ddb7      0x76  Code  Lc  auto_menu.o [5]
motor_value             0x2802'14e0      0x14  Data  Gb  small_driver_uart_control.o [5]
my_key_init             0x1017'1a19      0x34  Code  Gb  key_app.o [5]
my_menu_init            0x1016'da97      0x2a  Code  Gb  auto_menu.o [5]
param_Ki                0x2802'0a98       0x4  Data  Gb  filt.o [5]
param_Kp                0x2802'0a94       0x4  Data  Gb  filt.o [5]
pid_compute             0x1017'0b55     0x10e  Code  Gb  pid.o [5]
pid_init                0x1017'0b01      0x54  Code  Gb  pid.o [5]
pid_reset               0x1017'0c69      0x1c  Code  Gb  pid.o [5]
pit0_ch0_isr            0x1017'151d      0x28  Code  Gb  cm7_0_isr.o [45]
pit0_ch10_isr           0x1017'1559       0xa  Code  Gb  cm7_0_isr.o [45]
pit0_ch11_isr           0x1017'1563       0xa  Code  Gb  cm7_0_isr.o [45]
pit0_ch12_isr           0x1017'156d       0xa  Code  Gb  cm7_0_isr.o [45]
pit0_ch13_isr           0x1017'1577       0xa  Code  Gb  cm7_0_isr.o [45]
pit0_ch14_isr           0x1017'1581       0xa  Code  Gb  cm7_0_isr.o [45]
pit0_ch15_isr           0x1017'158b       0xa  Code  Gb  cm7_0_isr.o [45]
pit0_ch16_isr           0x1017'1595       0xa  Code  Gb  cm7_0_isr.o [45]
pit0_ch17_isr           0x1017'159f       0xa  Code  Gb  cm7_0_isr.o [45]
pit0_ch18_isr           0x1017'15a9       0xa  Code  Gb  cm7_0_isr.o [45]
pit0_ch19_isr           0x1017'15b3       0xa  Code  Gb  cm7_0_isr.o [45]
pit0_ch1_isr            0x1017'1545       0xa  Code  Gb  cm7_0_isr.o [45]
pit0_ch20_isr           0x1017'15bd       0xa  Code  Gb  cm7_0_isr.o [45]
pit0_ch21_isr           0x1017'15c7       0xe  Code  Gb  cm7_0_isr.o [45]
pit0_ch2_isr            0x1017'154f       0xa  Code  Gb  cm7_0_isr.o [45]
pit_init                0x1017'05c9     0x1ee  Code  Gb  zf_driver_pit.o [49]
pit_isr_flag_clear      0x1017'059f      0x2a  Code  Gb  zf_driver_pit.o [49]
pit_isr_func            0x2802'0b24      0x3c  Data  Gb  zf_driver_pit.o [49]
printf                  0x1017'1dd5      0x28  Code  Gb  printf.o [50]
putchar                 0x1017'2bdd      0x20  Code  Gb  putchar.o [50]
pwm_all_channel_close   0x1016'be89      0x1a  Code  Gb  zf_driver_pwm.o [49]
pwm_init                0x1016'befd     0x1e4  Code  Gb  zf_driver_pwm.o [49]
pwm_set_duty            0x1016'bea3      0x5a  Code  Gb  zf_driver_pwm.o [49]
pwm_table_1             0x1008'0080  0x7'39f4  Data  Gb  vmc.o [5]
pwm_table_2             0x100f'3a74  0x7'39f4  Data  Gb  vmc.o [5]
recovery_counter        0x2802'1570       0x4  Data  Lc  control.o [5]
round                   0x1017'03e1            Code  Gb  round.o [51]
roundl                  0x1017'03e1            Code  Gb  round.o [51]
sar_adc                 0x2802'0b18       0xc  Data  Lc  zf_driver_adc.o [49]
save_pid_params         0x1016'da95       0x2  Code  Gb  auto_menu.o [5]
scalbln                 0x1016'8631            Code  Gb  ldexp.o [51]
scalblnl                0x1016'8631            Code  Gb  ldexp.o [51]
scalbn                  0x1016'8631            Code  Gb  ldexp.o [51]
scalbnl                 0x1016'8631            Code  Gb  ldexp.o [51]
scale                   0x1016'8249      0x46  Code  Lc  xprintffull_nomb.o [50]
scb_module              0x2802'0b84      0x14  Data  Gb  zf_driver_uart.o [49]
scheduler_init          0x1017'1be1       0x8  Code  Gb  scheduler.o [5]
scheduler_run           0x1017'1be9      0x52  Code  Gb  scheduler.o [5]
scheduler_task          0x2802'0a9c      0x54  Data  Gb  scheduler.o [5]
scheduler_task_num      0x2802'15e7       0x1  Data  Gb  scheduler.o [5]
sec_hand                0x2802'15c8       0x4  Data  Lc  xfail_s.o [50]
seekfree_assistant_buffer
                        0x2802'0f54      0x80  Data  Lc  seekfree_assistant.o [47]
seekfree_assistant_data_analysis
                        0x1017'2511      0x92  Code  Gb  seekfree_assistant.o [47]
seekfree_assistant_fifo
                        0x2802'0af0      0x18  Data  Lc  seekfree_assistant.o [47]
seekfree_assistant_interface_init
                        0x1017'1ae1      0x94  Code  Wk  seekfree_assistant_interface.o [47]
seekfree_assistant_parameter
                        0x2802'13bc      0x20  Data  Gb  seekfree_assistant.o [47]
seekfree_assistant_parameter_update_flag
                        0x2802'1544       0x8  Data  Gb  seekfree_assistant.o [47]
seekfree_assistant_receive
                        0x1017'2f3d       0x4  Code  Wk  seekfree_assistant_interface.o [47]
seekfree_assistant_receive_callback
                        0x2802'0b0c       0x4  Data  Gb  seekfree_assistant.o [47]
seekfree_assistant_sum  0x1017'24f9      0x18  Code  Lc  seekfree_assistant.o [47]
seekfree_assistant_transfer
                        0x1017'2f39       0x4  Code  Wk  seekfree_assistant_interface.o [47]
seekfree_assistant_transfer_callback
                        0x2802'0b08       0x4  Data  Gb  seekfree_assistant.o [47]
sensor_items            0x2802'0000      0xe0  Data  Lc  auto_menu.o [5]
servo_1                 0x2802'1514       0xc  Data  Gb  Servo.o [5]
servo_2                 0x2802'1520       0xc  Data  Gb  Servo.o [5]
servo_3                 0x2802'152c       0xc  Data  Gb  Servo.o [5]
servo_4                 0x2802'1538       0xc  Data  Gb  Servo.o [5]
servo_control_table     0x1017'023d     0x194  Code  Gb  vmc.o [5]
set_servo_duty          0x1016'ff35      0x24  Code  Gb  Servo.o [5]
small_driver_get_speed  0x1017'0d79      0x2a  Code  Gb  small_driver_uart_control.o [5]
small_driver_init       0x1017'0da3      0x2e  Code  Gb  small_driver_uart_control.o [5]
small_driver_set_duty   0x1017'0d37      0x42  Code  Gb  small_driver_uart_control.o [5]
small_driver_uart_init  0x1017'0dd5      0x2a  Code  Gb  small_driver_uart_control.o [5]
speed_control_run       0x1017'09c1      0xc6  Code  Gb  control.o [5]
speed_filtered          0x2802'1574       0x4  Data  Lc  control.o [5]
speed_flag              0x2802'15e0       0x1  Data  Gb  control.o [5]
speed_pid               0x2802'133c      0x38  Data  Gb  control.o [5]
speed_pid_items         0x2802'02c0      0xa0  Data  Lc  auto_menu.o [5]
spi_get_clk_hsiom       0x1016'8cdd      0x28  Code  Lc  zf_driver_spi.o [49]
spi_get_clk_pin         0x1016'8c21      0x28  Code  Lc  zf_driver_spi.o [49]
spi_get_cs_hsiom        0x1016'8d55      0x44  Code  Lc  zf_driver_spi.o [49]
spi_get_cs_pin          0x1016'8c99      0x44  Code  Lc  zf_driver_spi.o [49]
spi_get_miso_hsiom      0x1016'8d2d      0x28  Code  Lc  zf_driver_spi.o [49]
spi_get_miso_pin        0x1016'8c71      0x28  Code  Lc  zf_driver_spi.o [49]
spi_get_mosi_hsiom      0x1016'8d05      0x28  Code  Lc  zf_driver_spi.o [49]
spi_get_mosi_pin        0x1016'8c49      0x28  Code  Lc  zf_driver_spi.o [49]
spi_init                0x1016'9553     0x28e  Code  Gb  zf_driver_spi.o [49]
spi_module              0x2802'0b60      0x10  Data  Gb  zf_driver_spi.o [49]
spi_read_8bit_register  0x1016'927d      0xea  Code  Gb  zf_driver_spi.o [49]
spi_read_8bit_registers
                        0x1016'9367      0xfe  Code  Gb  zf_driver_spi.o [49]
spi_transfer_8bit       0x1016'9479      0xda  Code  Gb  zf_driver_spi.o [49]
spi_write_16bit         0x1016'9035      0xaa  Code  Gb  zf_driver_spi.o [49]
spi_write_16bit_array   0x1016'90df      0xb6  Code  Gb  zf_driver_spi.o [49]
spi_write_8bit          0x1016'8ed5      0xaa  Code  Gb  zf_driver_spi.o [49]
spi_write_8bit_array    0x1016'8f7f      0xb6  Code  Gb  zf_driver_spi.o [49]
spi_write_8bit_register
                        0x1016'9195      0xde  Code  Gb  zf_driver_spi.o [49]
sprintf                 0x1016'a889      0x40  Code  Gb  sprintf.o [50]
strchr                  0x1016'8395            Code  Gb  strchr.o [52]
strlen                  0x1016'8405            Code  Gb  strlen.o [52]
strncmp                 0x1017'1c59      0x2a  Code  Gb  strncmp.o [50]
strncpy                 0x1016'ec81            Code  Gb  strncpy.o [52]
strstr                  0x1017'21dd      0x2c  Code  Gb  strstr.o [50]
switch_transition_length
                        0x1016'8d99     0x13c  Code  Lc  zf_driver_spi.o [49]
system_clock            0x2802'15b4       0x4  Data  Gb  zf_common_clock.o [46]
system_delay_init       0x1016'd6b1      0xa6  Code  Gb  zf_driver_delay.o [49]
system_delay_ms         0x1016'd653      0x5e  Code  Gb  zf_driver_delay.o [49]
system_delay_us         0x1016'd5fd      0x56  Code  Gb  zf_driver_delay.o [49]
tft180_bgcolor          0x2802'0b9e       0x2  Data  Lc  zf_device_tft180.o [48]
tft180_clear            0x1016'c5d1      0x7c  Code  Gb  zf_device_tft180.o [48]
tft180_debug_init       0x1016'c567      0x68  Code  Lc  zf_device_tft180.o [48]
tft180_display_dir      0x2802'15f0       0x1  Data  Lc  zf_device_tft180.o [48]
tft180_display_font     0x2802'0ba6       0x1  Data  Lc  zf_device_tft180.o [48]
tft180_draw_point       0x1016'c715      0x7c  Code  Gb  zf_device_tft180.o [48]
tft180_full             0x1016'c64d      0x78  Code  Gb  zf_device_tft180.o [48]
tft180_height_max       0x2802'0b9a       0x2  Data  Gb  zf_device_tft180.o [48]
tft180_init             0x1016'cd61     0x35a  Code  Gb  zf_device_tft180.o [48]
tft180_pencolor         0x2802'0b9c       0x2  Data  Lc  zf_device_tft180.o [48]
tft180_set_color        0x1016'c707       0xe  Code  Gb  zf_device_tft180.o [48]
tft180_set_dir          0x1016'c6c5      0x3a  Code  Gb  zf_device_tft180.o [48]
tft180_set_font         0x1016'c6ff       0x8  Code  Gb  zf_device_tft180.o [48]
tft180_set_region       0x1016'c407     0x160  Code  Lc  zf_device_tft180.o [48]
tft180_show_char        0x1016'c791     0x1f4  Code  Gb  zf_device_tft180.o [48]
tft180_show_float       0x1016'cbe9     0x13e  Code  Gb  zf_device_tft180.o [48]
tft180_show_int         0x1016'ca2f      0xde  Code  Gb  zf_device_tft180.o [48]
tft180_show_string      0x1016'c985      0xaa  Code  Gb  zf_device_tft180.o [48]
tft180_show_uint        0x1016'cb0d      0xdc  Code  Gb  zf_device_tft180.o [48]
tft180_width_max        0x2802'0b98       0x2  Data  Gb  zf_device_tft180.o [48]
tft180_write_index      0x1016'c3e9      0x1e  Code  Lc  zf_device_tft180.o [48]
timer_ch                0x2802'0ba7       0x1  Data  Lc  zf_driver_delay.o [49]
timer_get               0x1017'0f8d      0x2e  Code  Gb  zf_driver_timer.o [49]
timer_init              0x1017'0fbb      0xc8  Code  Gb  zf_driver_timer.o [49]
timer_start             0x1017'0f65      0x28  Code  Gb  zf_driver_timer.o [49]
tsl1401_collect_pit_handler
                        0x1017'1725      0x68  Code  Gb  zf_device_tsl1401.o [48]
tsl1401_data            0x2802'0ba8     0x200  Data  Gb  zf_device_tsl1401.o [48]
tsl1401_finish_flag     0x2802'15f2       0x1  Data  Gb  zf_device_tsl1401.o [48]
tsl1401_init_state      0x2802'15f1       0x1  Data  Lc  zf_device_tsl1401.o [48]
tuoluoyi_printf         0x1017'1b75      0x6a  Code  Gb  scheduler.o [5]
type_default_callback   0x1017'2f7d       0x2  Code  Lc  zf_device_type.o [48]
uart0_isr               0x1017'15d5      0x44  Code  Gb  cm7_0_isr.o [45]
uart1_isr               0x1017'1619      0x42  Code  Gb  cm7_0_isr.o [45]
uart2_isr               0x1017'1669      0x40  Code  Gb  cm7_0_isr.o [45]
uart3_isr               0x1017'16a9      0x3c  Code  Gb  cm7_0_isr.o [45]
uart4_isr               0x1017'16e5      0x40  Code  Gb  cm7_0_isr.o [45]
uart_context            0x2802'0da8     0x118  Data  Gb  zf_driver_uart.o [49]
uart_control_callback   0x1017'0c85      0xb2  Code  Gb  small_driver_uart_control.o [5]
uart_data_fifo          0x2802'1424      0x18  Data  Gb  uart.o [5]
uart_get_data           0x2802'120c      0x40  Data  Gb  uart.o [5]
uart_init               0x1016'a6b1     0x190  Code  Gb  zf_driver_uart.o [49]
uart_isr_func           0x2802'0b70      0x14  Data  Gb  zf_driver_uart.o [49]
uart_printf             0x1017'23a1      0x28  Code  Gb  uart.o [5]
uart_query_byte         0x1016'a465      0x32  Code  Gb  zf_driver_uart.o [49]
uart_rx_interrupt       0x1016'a5b3      0xfe  Code  Gb  zf_driver_uart.o [49]
uart_rx_interrupt_handler
                        0x1017'1831       0x2  Code  Gb  main_cm7_0.o [45]
uart_task               0x1017'23c9      0x36  Code  Gb  uart.o [5]
uart_tx_interrupt       0x1016'a497     0x11c  Code  Gb  zf_driver_uart.o [49]
uart_write_buffer       0x1016'a42b      0x1e  Code  Gb  zf_driver_uart.o [49]
uart_write_byte         0x1016'a403      0x28  Code  Gb  zf_driver_uart.o [49]
uart_write_string       0x1016'a449      0x1c  Code  Gb  zf_driver_uart.o [49]
uwtick                  0x2802'1554       0x4  Data  Gb  cm7_0_isr.o [45]
vsnprintf               0x1017'24bd      0x3c  Code  Gb  vsnprint.o [50]
wifi_spi_fifo           0x2802'1484      0x18  Data  Lc  zf_device_wifi_spi.o [48]
wifi_spi_mutex          0x2802'15f3       0x1  Data  Lc  zf_device_wifi_spi.o [48]
wifi_spi_read_buffer    0x1017'1231      0x90  Code  Gb  zf_device_wifi_spi.o [48]
wifi_spi_send_buffer    0x1017'1169      0xc8  Code  Gb  zf_device_wifi_spi.o [48]
wifi_spi_transfer_command
                        0x1017'10c3      0x3a  Code  Lc  zf_device_wifi_spi.o [48]
wifi_spi_transfer_data  0x1017'10fd      0x6c  Code  Lc  zf_device_wifi_spi.o [48]
wifi_spi_wait_idle      0x1017'1095      0x2e  Code  Lc  zf_device_wifi_spi.o [48]
wifi_uart_clear_receive_buffer
                        0x1017'207f       0xc  Code  Lc  zf_device_wifi_uart.o [48]
wifi_uart_fifo          0x2802'149c      0x18  Data  Lc  zf_device_wifi_uart.o [48]
wifi_uart_information   0x2802'0ec0      0x94  Data  Gb  zf_device_wifi_uart.o [48]
wifi_uart_read_buffer   0x1017'218d      0x2e  Code  Gb  zf_device_wifi_uart.o [48]
wifi_uart_send_buffer   0x1017'2095      0xf2  Code  Gb  zf_device_wifi_uart.o [48]
wifi_uart_wait_ack      0x1017'2011      0x6e  Code  Lc  zf_device_wifi_uart.o [48]
wireless_module_uart_handler
                        0x2802'0b14       0x4  Data  Gb  zf_device_type.o [48]
wireless_uart_fifo      0x2802'14b4      0x18  Data  Lc  zf_device_wireless_uart.o [48]
wireless_uart_read_buffer
                        0x1017'2761      0x2c  Code  Gb  zf_device_wireless_uart.o [48]
wireless_uart_send_buffer
                        0x1017'26fd      0x64  Code  Gb  zf_device_wireless_uart.o [48]
xianfu                  0x1016'ff0d      0x28  Code  Gb  Servo.o [5]
zf_debug_assert_enable  0x2802'0ba5       0x1  Data  Lc  zf_common_debug.o [46]
zf_debug_init_flag      0x2802'15e8       0x1  Data  Lc  zf_common_debug.o [46]


[1] = D:\Dsektop\luntui\luntui\iar\Debug_m7_0\Obj\adc_11722776235721520015.dir
[2] = D:\Dsektop\luntui\luntui\iar\Debug_m7_0\Obj\audioss_1346650047966882938.dir
[3] = D:\Dsektop\luntui\luntui\iar\Debug_m7_0\Obj\button_4990804375159372270.dir
[4] = D:\Dsektop\luntui\luntui\iar\Debug_m7_0\Obj\canfd_1800690984773873875.dir
[5] = D:\Dsektop\luntui\luntui\iar\Debug_m7_0\Obj\code_17896468042025673432.dir
[6] = D:\Dsektop\luntui\luntui\iar\Debug_m7_0\Obj\cpu_15938736945165268644.dir
[7] = D:\Dsektop\luntui\luntui\iar\Debug_m7_0\Obj\crypto_1190170608956581615.dir
[8] = D:\Dsektop\luntui\luntui\iar\Debug_m7_0\Obj\dma_12106025507578611576.dir
[9] = D:\Dsektop\luntui\luntui\iar\Debug_m7_0\Obj\eth_phy_18133017486186456677.dir
[10] = D:\Dsektop\luntui\luntui\iar\Debug_m7_0\Obj\ethernet_6029839089178797009.dir
[11] = D:\Dsektop\luntui\luntui\iar\Debug_m7_0\Obj\evtgen_3404189088603873129.dir
[12] = D:\Dsektop\luntui\luntui\iar\Debug_m7_0\Obj\flash_8529866181315662935.dir
[13] = D:\Dsektop\luntui\luntui\iar\Debug_m7_0\Obj\flash_864493325053435817.dir
[14] = D:\Dsektop\luntui\luntui\iar\Debug_m7_0\Obj\gpio_3999404635324069351.dir
[15] = D:\Dsektop\luntui\luntui\iar\Debug_m7_0\Obj\ipc_10145506163450686023.dir
[16] = D:\Dsektop\luntui\luntui\iar\Debug_m7_0\Obj\lin_18429031207028094880.dir
[17] = D:\Dsektop\luntui\luntui\iar\Debug_m7_0\Obj\lvd_6353935867039560245.dir
[18] = D:\Dsektop\luntui\luntui\iar\Debug_m7_0\Obj\mcwdt_4052485907822033969.dir
[19] = D:\Dsektop\luntui\luntui\iar\Debug_m7_0\Obj\mpu_5663187252346826382.dir
[20] = D:\Dsektop\luntui\luntui\iar\Debug_m7_0\Obj\power_14453085144426420577.dir
[21] = D:\Dsektop\luntui\luntui\iar\Debug_m7_0\Obj\prot_10722960861768657883.dir
[22] = D:\Dsektop\luntui\luntui\iar\Debug_m7_0\Obj\rev_b_4986922561640112550.dir
[23] = D:\Dsektop\luntui\luntui\iar\Debug_m7_0\Obj\rev_b_6162237342861132223.dir
[24] = D:\Dsektop\luntui\luntui\iar\Debug_m7_0\Obj\scb_15490842639181808494.dir
[25] = D:\Dsektop\luntui\luntui\iar\Debug_m7_0\Obj\sd_host_2982766354293506895.dir
[26] = D:\Dsektop\luntui\luntui\iar\Debug_m7_0\Obj\semihosting_143864889731838620.dir
[27] = D:\Dsektop\luntui\luntui\iar\Debug_m7_0\Obj\smartio_5451710003740070188.dir
[28] = D:\Dsektop\luntui\luntui\iar\Debug_m7_0\Obj\smif_427648126384146252.dir
[29] = D:\Dsektop\luntui\luntui\iar\Debug_m7_0\Obj\smif_mem_6470536964353725183.dir
[30] = D:\Dsektop\luntui\luntui\iar\Debug_m7_0\Obj\srom_13018798572330080582.dir
[31] = D:\Dsektop\luntui\luntui\iar\Debug_m7_0\Obj\startup_479057977785470282.dir
[32] = D:\Dsektop\luntui\luntui\iar\Debug_m7_0\Obj\sw_timer_4215635015939382130.dir
[33] = D:\Dsektop\luntui\luntui\iar\Debug_m7_0\Obj\sysclk_16149231235676103872.dir
[34] = D:\Dsektop\luntui\luntui\iar\Debug_m7_0\Obj\sysflt_12293435975120599261.dir
[35] = D:\Dsektop\luntui\luntui\iar\Debug_m7_0\Obj\sysint_7435970359207984181.dir
[36] = D:\Dsektop\luntui\luntui\iar\Debug_m7_0\Obj\syslib_16330585751512546975.dir
[37] = D:\Dsektop\luntui\luntui\iar\Debug_m7_0\Obj\syspm_10887939769544754770.dir
[38] = D:\Dsektop\luntui\luntui\iar\Debug_m7_0\Obj\sysreghc_17676636058511625587.dir
[39] = D:\Dsektop\luntui\luntui\iar\Debug_m7_0\Obj\sysreset_14586141425677365288.dir
[40] = D:\Dsektop\luntui\luntui\iar\Debug_m7_0\Obj\sysrtc_10747768817563771611.dir
[41] = D:\Dsektop\luntui\luntui\iar\Debug_m7_0\Obj\systick_16016591671695740695.dir
[42] = D:\Dsektop\luntui\luntui\iar\Debug_m7_0\Obj\syswdt_9118657615806274156.dir
[43] = D:\Dsektop\luntui\luntui\iar\Debug_m7_0\Obj\tcpwm_422923530147891246.dir
[44] = D:\Dsektop\luntui\luntui\iar\Debug_m7_0\Obj\trigmux_9729677290734583340.dir
[45] = D:\Dsektop\luntui\luntui\iar\Debug_m7_0\Obj\user_8514941877209965082.dir
[46] = D:\Dsektop\luntui\luntui\iar\Debug_m7_0\Obj\zf_common_1201165462030747823.dir
[47] = D:\Dsektop\luntui\luntui\iar\Debug_m7_0\Obj\zf_components_14936052685886095442.dir
[48] = D:\Dsektop\luntui\luntui\iar\Debug_m7_0\Obj\zf_device_6570275422786408770.dir
[49] = D:\Dsektop\luntui\luntui\iar\Debug_m7_0\Obj\zf_driver_11922370083829174090.dir
[50] = dl7M_tln.a
[51] = m7M_tlv.a
[52] = rt7M_tl.a
[53] = shb_l.a
[54] = zf_device_config.a

   44'364 bytes of readonly  code memory
  951'413 bytes of readonly  data memory
   14'964 bytes of readwrite data memory

Errors: none
Warnings: none
