###############################################################################
#
# IAR ELF Linker V9.40.1.364/W64 for ARM                  01/Feb/2026  18:14:51
# Copyright 2007-2023 IAR Systems AB.
#
#    Output file  =
#        D:\Dsektop\luntui\luntui\iar\project_config\Debug_m7_0\Exe\cyt4bb7_cm_7_0.out
#    Map file     =
#        D:\Dsektop\luntui\luntui\iar\Debug_m7_0\List\cyt4bb7_cm_7_0.map
#    Command line =
#        -f
#        D:\Dsektop\luntui\luntui\iar\project_config\Debug_m7_0\Exe\cyt4bb7_cm_7_0.out.rsp
#        (D:\Dsektop\luntui\luntui\iar\Debug_m7_0\Obj\code_17896468042025673432.dir\beep.o
#        D:\Dsektop\luntui\luntui\iar\Debug_m7_0\Obj\user_8514941877209965082.dir\cm7_0_isr.o
#        D:\Dsektop\luntui\luntui\iar\Debug_m7_0\Obj\code_17896468042025673432.dir\control.o
#        D:\Dsektop\luntui\luntui\iar\Debug_m7_0\Obj\adc_11722776235721520015.dir\cy_adc.o
#        D:\Dsektop\luntui\luntui\iar\Debug_m7_0\Obj\button_4990804375159372270.dir\cy_button.o
#        D:\Dsektop\luntui\luntui\iar\Debug_m7_0\Obj\canfd_1800690984773873875.dir\cy_canfd.o
#        D:\Dsektop\luntui\luntui\iar\Debug_m7_0\Obj\cpu_15938736945165268644.dir\cy_cpu.o
#        D:\Dsektop\luntui\luntui\iar\Debug_m7_0\Obj\crypto_1190170608956581615.dir\cy_crypto_config.o
#        D:\Dsektop\luntui\luntui\iar\Debug_m7_0\Obj\eth_phy_18133017486186456677.dir\cy_dp83867.o
#        D:\Dsektop\luntui\luntui\iar\Debug_m7_0\Obj\ethernet_6029839089178797009.dir\cy_ethif.o
#        D:\Dsektop\luntui\luntui\iar\Debug_m7_0\Obj\evtgen_3404189088603873129.dir\cy_evtgen.o
#        D:\Dsektop\luntui\luntui\iar\Debug_m7_0\Obj\flash_8529866181315662935.dir\cy_flash.o
#        D:\Dsektop\luntui\luntui\iar\Debug_m7_0\Obj\gpio_3999404635324069351.dir\cy_gpio.o
#        D:\Dsektop\luntui\luntui\iar\Debug_m7_0\Obj\audioss_1346650047966882938.dir\cy_i2s.o
#        D:\Dsektop\luntui\luntui\iar\Debug_m7_0\Obj\rev_b_6162237342861132223.dir\cy_interrupt_map.o
#        D:\Dsektop\luntui\luntui\iar\Debug_m7_0\Obj\ipc_10145506163450686023.dir\cy_ipc_drv.o
#        D:\Dsektop\luntui\luntui\iar\Debug_m7_0\Obj\ipc_10145506163450686023.dir\cy_ipc_pipe.o
#        D:\Dsektop\luntui\luntui\iar\Debug_m7_0\Obj\ipc_10145506163450686023.dir\cy_ipc_sema.o
#        D:\Dsektop\luntui\luntui\iar\Debug_m7_0\Obj\lin_18429031207028094880.dir\cy_lin.o
#        D:\Dsektop\luntui\luntui\iar\Debug_m7_0\Obj\lvd_6353935867039560245.dir\cy_lvd.o
#        D:\Dsektop\luntui\luntui\iar\Debug_m7_0\Obj\mcwdt_4052485907822033969.dir\cy_mcwdt.o
#        D:\Dsektop\luntui\luntui\iar\Debug_m7_0\Obj\dma_12106025507578611576.dir\cy_mdma.o
#        D:\Dsektop\luntui\luntui\iar\Debug_m7_0\Obj\mpu_5663187252346826382.dir\cy_mpu.o
#        D:\Dsektop\luntui\luntui\iar\Debug_m7_0\Obj\flash_864493325053435817.dir\cy_mw_flash.o
#        D:\Dsektop\luntui\luntui\iar\Debug_m7_0\Obj\dma_12106025507578611576.dir\cy_pdma.o
#        D:\Dsektop\luntui\luntui\iar\Debug_m7_0\Obj\power_14453085144426420577.dir\cy_power.o
#        D:\Dsektop\luntui\luntui\iar\Debug_m7_0\Obj\prot_10722960861768657883.dir\cy_prot.o
#        D:\Dsektop\luntui\luntui\iar\Debug_m7_0\Obj\scb_15490842639181808494.dir\cy_scb_common.o
#        D:\Dsektop\luntui\luntui\iar\Debug_m7_0\Obj\scb_15490842639181808494.dir\cy_scb_ezi2c.o
#        D:\Dsektop\luntui\luntui\iar\Debug_m7_0\Obj\scb_15490842639181808494.dir\cy_scb_i2c.o
#        D:\Dsektop\luntui\luntui\iar\Debug_m7_0\Obj\scb_15490842639181808494.dir\cy_scb_spi.o
#        D:\Dsektop\luntui\luntui\iar\Debug_m7_0\Obj\scb_15490842639181808494.dir\cy_scb_uart.o
#        D:\Dsektop\luntui\luntui\iar\Debug_m7_0\Obj\sd_host_2982766354293506895.dir\cy_sd_host.o
#        D:\Dsektop\luntui\luntui\iar\Debug_m7_0\Obj\semihosting_143864889731838620.dir\cy_semihosting.o
#        D:\Dsektop\luntui\luntui\iar\Debug_m7_0\Obj\smartio_5451710003740070188.dir\cy_smartio.o
#        D:\Dsektop\luntui\luntui\iar\Debug_m7_0\Obj\smif_427648126384146252.dir\cy_smif.o
#        D:\Dsektop\luntui\luntui\iar\Debug_m7_0\Obj\smif_mem_6470536964353725183.dir\cy_smif_device_common.o
#        D:\Dsektop\luntui\luntui\iar\Debug_m7_0\Obj\smif_mem_6470536964353725183.dir\cy_smif_hb_flash.o
#        D:\Dsektop\luntui\luntui\iar\Debug_m7_0\Obj\smif_427648126384146252.dir\cy_smif_memslot.o
#        D:\Dsektop\luntui\luntui\iar\Debug_m7_0\Obj\smif_mem_6470536964353725183.dir\cy_smif_s25fl.o
#        D:\Dsektop\luntui\luntui\iar\Debug_m7_0\Obj\smif_mem_6470536964353725183.dir\cy_smif_s25fs.o
#        D:\Dsektop\luntui\luntui\iar\Debug_m7_0\Obj\smif_mem_6470536964353725183.dir\cy_smif_semp.o
#        D:\Dsektop\luntui\luntui\iar\Debug_m7_0\Obj\smif_427648126384146252.dir\cy_smif_ver_specific.o
#        D:\Dsektop\luntui\luntui\iar\Debug_m7_0\Obj\srom_13018798572330080582.dir\cy_srom.o
#        D:\Dsektop\luntui\luntui\iar\Debug_m7_0\Obj\sw_timer_4215635015939382130.dir\cy_sw_tmr.o
#        D:\Dsektop\luntui\luntui\iar\Debug_m7_0\Obj\sysclk_16149231235676103872.dir\cy_sysclk.o
#        D:\Dsektop\luntui\luntui\iar\Debug_m7_0\Obj\sysflt_12293435975120599261.dir\cy_sysflt.o
#        D:\Dsektop\luntui\luntui\iar\Debug_m7_0\Obj\sysint_7435970359207984181.dir\cy_sysint.o
#        D:\Dsektop\luntui\luntui\iar\Debug_m7_0\Obj\syslib_16330585751512546975.dir\cy_syslib.o
#        D:\Dsektop\luntui\luntui\iar\Debug_m7_0\Obj\syslib_16330585751512546975.dir\cy_syslib_iar.o
#        D:\Dsektop\luntui\luntui\iar\Debug_m7_0\Obj\syspm_10887939769544754770.dir\cy_syspm.o
#        D:\Dsektop\luntui\luntui\iar\Debug_m7_0\Obj\sysreghc_17676636058511625587.dir\cy_sysreghc.o
#        D:\Dsektop\luntui\luntui\iar\Debug_m7_0\Obj\sysreset_14586141425677365288.dir\cy_sysreset.o
#        D:\Dsektop\luntui\luntui\iar\Debug_m7_0\Obj\sysrtc_10747768817563771611.dir\cy_sysrtc.o
#        D:\Dsektop\luntui\luntui\iar\Debug_m7_0\Obj\systick_16016591671695740695.dir\cy_systick.o
#        D:\Dsektop\luntui\luntui\iar\Debug_m7_0\Obj\syswdt_9118657615806274156.dir\cy_syswdt.o
#        D:\Dsektop\luntui\luntui\iar\Debug_m7_0\Obj\tcpwm_422923530147891246.dir\cy_tcpwm.o
#        D:\Dsektop\luntui\luntui\iar\Debug_m7_0\Obj\tcpwm_422923530147891246.dir\cy_tcpwm_counter.o
#        D:\Dsektop\luntui\luntui\iar\Debug_m7_0\Obj\tcpwm_422923530147891246.dir\cy_tcpwm_pwm.o
#        D:\Dsektop\luntui\luntui\iar\Debug_m7_0\Obj\tcpwm_422923530147891246.dir\cy_tcpwm_quaddec.o
#        D:\Dsektop\luntui\luntui\iar\Debug_m7_0\Obj\tcpwm_422923530147891246.dir\cy_tcpwm_sr.o
#        D:\Dsektop\luntui\luntui\iar\Debug_m7_0\Obj\trigmux_9729677290734583340.dir\cy_trigmux.o
#        D:\Dsektop\luntui\luntui\iar\Debug_m7_0\Obj\ethernet_6029839089178797009.dir\edd.o
#        D:\Dsektop\luntui\luntui\iar\Debug_m7_0\Obj\ethernet_6029839089178797009.dir\edd_rx.o
#        D:\Dsektop\luntui\luntui\iar\Debug_m7_0\Obj\ethernet_6029839089178797009.dir\edd_tx.o
#        D:\Dsektop\luntui\luntui\iar\Debug_m7_0\Obj\code_17896468042025673432.dir\filt.o
#        D:\Dsektop\luntui\luntui\iar\Debug_m7_0\Obj\code_17896468042025673432.dir\function.o
#        D:\Dsektop\luntui\luntui\iar\Debug_m7_0\Obj\user_8514941877209965082.dir\main_cm7_0.o
#        D:\Dsektop\luntui\luntui\iar\Debug_m7_0\Obj\code_17896468042025673432.dir\moter.o
#        D:\Dsektop\luntui\luntui\iar\Debug_m7_0\Obj\code_17896468042025673432.dir\pid.o
#        D:\Dsektop\luntui\luntui\iar\Debug_m7_0\Obj\code_17896468042025673432.dir\scheduler.o
#        D:\Dsektop\luntui\luntui\iar\Debug_m7_0\Obj\zf_components_14936052685886095442.dir\seekfree_assistant.o
#        D:\Dsektop\luntui\luntui\iar\Debug_m7_0\Obj\zf_components_14936052685886095442.dir\seekfree_assistant_interface.o
#        D:\Dsektop\luntui\luntui\iar\Debug_m7_0\Obj\code_17896468042025673432.dir\Servo.o
#        D:\Dsektop\luntui\luntui\iar\Debug_m7_0\Obj\code_17896468042025673432.dir\small_driver_uart_control.o
#        D:\Dsektop\luntui\luntui\iar\Debug_m7_0\Obj\startup_479057977785470282.dir\startup.o
#        D:\Dsektop\luntui\luntui\iar\Debug_m7_0\Obj\startup_479057977785470282.dir\startup_cm7.o
#        D:\Dsektop\luntui\luntui\iar\Debug_m7_0\Obj\rev_b_4986922561640112550.dir\system_tviibh4m_cm7.o
#        D:\Dsektop\luntui\luntui\iar\Debug_m7_0\Obj\code_17896468042025673432.dir\uart.o
#        D:\Dsektop\luntui\luntui\iar\Debug_m7_0\Obj\zf_common_1201165462030747823.dir\zf_common_clock.o
#        D:\Dsektop\luntui\luntui\iar\Debug_m7_0\Obj\zf_common_1201165462030747823.dir\zf_common_debug.o
#        D:\Dsektop\luntui\luntui\iar\Debug_m7_0\Obj\zf_common_1201165462030747823.dir\zf_common_fifo.o
#        D:\Dsektop\luntui\luntui\iar\Debug_m7_0\Obj\zf_common_1201165462030747823.dir\zf_common_font.o
#        D:\Dsektop\luntui\luntui\iar\Debug_m7_0\Obj\zf_common_1201165462030747823.dir\zf_common_function.o
#        D:\Dsektop\luntui\luntui\iar\Debug_m7_0\Obj\zf_common_1201165462030747823.dir\zf_common_interrupt.o
#        D:\Dsektop\luntui\luntui\iar\Debug_m7_0\Obj\zf_device_6570275422786408770.dir\zf_device_ble6a20.o
#        D:\Dsektop\luntui\luntui\iar\Debug_m7_0\Obj\zf_device_6570275422786408770.dir\zf_device_dl1a.o
#        D:\Dsektop\luntui\luntui\iar\Debug_m7_0\Obj\zf_device_6570275422786408770.dir\zf_device_dl1b.o
#        D:\Dsektop\luntui\luntui\iar\Debug_m7_0\Obj\zf_device_6570275422786408770.dir\zf_device_gnss.o
#        D:\Dsektop\luntui\luntui\iar\Debug_m7_0\Obj\zf_device_6570275422786408770.dir\zf_device_icm20602.o
#        D:\Dsektop\luntui\luntui\iar\Debug_m7_0\Obj\zf_device_6570275422786408770.dir\zf_device_imu660ra.o
#        D:\Dsektop\luntui\luntui\iar\Debug_m7_0\Obj\zf_device_6570275422786408770.dir\zf_device_imu660rb.o
#        D:\Dsektop\luntui\luntui\iar\Debug_m7_0\Obj\zf_device_6570275422786408770.dir\zf_device_imu963ra.o
#        D:\Dsektop\luntui\luntui\iar\Debug_m7_0\Obj\zf_device_6570275422786408770.dir\zf_device_ips114.o
#        D:\Dsektop\luntui\luntui\iar\Debug_m7_0\Obj\zf_device_6570275422786408770.dir\zf_device_ips200.o
#        D:\Dsektop\luntui\luntui\iar\Debug_m7_0\Obj\zf_device_6570275422786408770.dir\zf_device_ips200pro.o
#        D:\Dsektop\luntui\luntui\iar\Debug_m7_0\Obj\zf_device_6570275422786408770.dir\zf_device_key.o
#        D:\Dsektop\luntui\luntui\iar\Debug_m7_0\Obj\zf_device_6570275422786408770.dir\zf_device_menc15a.o
#        D:\Dsektop\luntui\luntui\iar\Debug_m7_0\Obj\zf_device_6570275422786408770.dir\zf_device_mt9v03x.o
#        D:\Dsektop\luntui\luntui\iar\Debug_m7_0\Obj\zf_device_6570275422786408770.dir\zf_device_oled.o
#        D:\Dsektop\luntui\luntui\iar\Debug_m7_0\Obj\zf_device_6570275422786408770.dir\zf_device_tft180.o
#        D:\Dsektop\luntui\luntui\iar\Debug_m7_0\Obj\zf_device_6570275422786408770.dir\zf_device_tsl1401.o
#        D:\Dsektop\luntui\luntui\iar\Debug_m7_0\Obj\zf_device_6570275422786408770.dir\zf_device_type.o
#        D:\Dsektop\luntui\luntui\iar\Debug_m7_0\Obj\zf_device_6570275422786408770.dir\zf_device_uart_receiver.o
#        D:\Dsektop\luntui\luntui\iar\Debug_m7_0\Obj\zf_device_6570275422786408770.dir\zf_device_wifi_spi.o
#        D:\Dsektop\luntui\luntui\iar\Debug_m7_0\Obj\zf_device_6570275422786408770.dir\zf_device_wifi_uart.o
#        D:\Dsektop\luntui\luntui\iar\Debug_m7_0\Obj\zf_device_6570275422786408770.dir\zf_device_wireless_uart.o
#        D:\Dsektop\luntui\luntui\iar\Debug_m7_0\Obj\zf_driver_11922370083829174090.dir\zf_driver_adc.o
#        D:\Dsektop\luntui\luntui\iar\Debug_m7_0\Obj\zf_driver_11922370083829174090.dir\zf_driver_delay.o
#        D:\Dsektop\luntui\luntui\iar\Debug_m7_0\Obj\zf_driver_11922370083829174090.dir\zf_driver_dma.o
#        D:\Dsektop\luntui\luntui\iar\Debug_m7_0\Obj\zf_driver_11922370083829174090.dir\zf_driver_encoder.o
#        D:\Dsektop\luntui\luntui\iar\Debug_m7_0\Obj\zf_driver_11922370083829174090.dir\zf_driver_exti.o
#        D:\Dsektop\luntui\luntui\iar\Debug_m7_0\Obj\zf_driver_11922370083829174090.dir\zf_driver_flash.o
#        D:\Dsektop\luntui\luntui\iar\Debug_m7_0\Obj\zf_driver_11922370083829174090.dir\zf_driver_gpio.o
#        D:\Dsektop\luntui\luntui\iar\Debug_m7_0\Obj\zf_driver_11922370083829174090.dir\zf_driver_ipc.o
#        D:\Dsektop\luntui\luntui\iar\Debug_m7_0\Obj\zf_driver_11922370083829174090.dir\zf_driver_pit.o
#        D:\Dsektop\luntui\luntui\iar\Debug_m7_0\Obj\zf_driver_11922370083829174090.dir\zf_driver_pwm.o
#        D:\Dsektop\luntui\luntui\iar\Debug_m7_0\Obj\zf_driver_11922370083829174090.dir\zf_driver_soft_iic.o
#        D:\Dsektop\luntui\luntui\iar\Debug_m7_0\Obj\zf_driver_11922370083829174090.dir\zf_driver_soft_spi.o
#        D:\Dsektop\luntui\luntui\iar\Debug_m7_0\Obj\zf_driver_11922370083829174090.dir\zf_driver_spi.o
#        D:\Dsektop\luntui\luntui\iar\Debug_m7_0\Obj\zf_driver_11922370083829174090.dir\zf_driver_timer.o
#        D:\Dsektop\luntui\luntui\iar\Debug_m7_0\Obj\zf_driver_11922370083829174090.dir\zf_driver_uart.o
#        --no_out_extension -o
#        D:\Dsektop\luntui\luntui\iar\project_config\Debug_m7_0\Exe\cyt4bb7_cm_7_0.out
#        --config_def _CORE_cm7_0_=0 --config_def _LINK_flash_=0 --map
#        D:\Dsektop\luntui\luntui\iar\Debug_m7_0\List\cyt4bb7_cm_7_0.map
#        --config
#        D:\Dsektop\luntui\luntui\iar\project_config\..\icf\linker_directives_tviibh.icf
#        --semihosting
#        D:\Dsektop\luntui\luntui\iar\project_config\..\..\..\libraries\sdk\tviibh4m\src\drivers\crypto\libs\libcrypto_server_cm0plus_iar.a
#        D:\Dsektop\luntui\luntui\iar\project_config\..\..\..\libraries\zf_device\zf_device_config.a
#        D:\Dsektop\luntui\luntui\iar\project_config\..\..\..\libraries\sdk\common\hdr\cmsis\dsp\iar_cortexM7lf_math.a
#        --entry __iar_program_start --vfe --text_out locale --cpu=Cortex-M7
#        --fpu=VFPv5_d16) --dependencies=n
#        D:\Dsektop\luntui\luntui\iar\project_config\Debug_m7_0\Exe\cyt4bb7_cm_7_0.out.iar_deps
#
###############################################################################

*******************************************************************************
*** RUNTIME MODEL ATTRIBUTES
***

CppFlavor       = *
__CPP_Runtime   = 1
__Heap_Handler  = Basic
__SystemLibrary = DLib
__dlib_version  = 6


*******************************************************************************
*** HEAP SELECTION
***

The basic heap was selected because --advanced_heap
was not specified and the application did not appear to
be primarily optimized for speed.


*******************************************************************************
*** PLACEMENT SUMMARY
***

"A0":  place at start of [from 0x1008'0000 to 0x1027'ffff] { section .intvec };
"P1":  place in [from 0x1008'0000 to 0x1027'ffff] { ro };
"P2":  place in [from 0x2802'0000 to 0x2807'ffff] { rw };
define block HEAP with size = 1K, alignment = 8 { };
define block CSTACK with size = 8K, alignment = 8 { };
define block HEAP_STACK { block HEAP, last block CSTACK };
"A1":  place at end of [from 0x2802'0000 to 0x2807'ffff] { block HEAP_STACK };
do not initialize { section .intvec_ram };
initialize by copy { rw };

No sections matched the following patterns:

  ro section .sflash_app_prot  in "P6"
  ro section .sflash_nar       in "P4"
  ro section .sflash_pkey      in "P5"
  ro section .sflash_toc2      in "P7"
  ro section .sflash_uf_rows   in "P3"
  ro section .work_flash       in "P8"
  section .global_ram_data     in "P9"


  Section            Kind         Address    Size  Object
  -------            ----         -------    ----  ------
"A0":                                        0x80
  .intvec            ro code  0x1008'0000    0x80  startup_cm7.o [31]
                            - 0x1008'0080    0x80

"P1":                                      0x9d90
  .text              ro code  0x1008'0080   0xeae  xprintffull_nomb.o [50]
  .text              ro code  0x1008'0f2e    0x7e  lz77_init_single.o [52]
  .text              ro code  0x1008'0fac    0x16  strchr.o [52]
  .text              ro code  0x1008'0fc2    0x1a  xsnprout.o [50]
  .text              ro code  0x1008'0fdc    0x40  xfail_s.o [50]
  .text              ro code  0x1008'101c    0x36  strlen.o [52]
  .text              ro code  0x1008'1052     0xa  xsprout.o [50]
  .text              ro code  0x1008'105c    0x58  memchr.o [52]
  .text              ro code  0x1008'10b4    0xa6  ABImemcpy.o [52]
  .text              ro code  0x1008'115c    0x70  frexp.o [51]
  .text              ro code  0x1008'11cc    0x34  DblCmpLe.o [51]
  .text              ro code  0x1008'1200    0x34  DblCmpGe.o [51]
  .text              ro code  0x1008'1234   0x104  ldexp.o [51]
  .text              ro code  0x1008'1338     0xe  DblToS32.o [51]
  .text              ro code  0x1008'1346     0xe  S32ToDbl.o [51]
  .text              ro code  0x1008'1354    0x12  DblSub.o [51]
  .text              ro code  0x1008'1366    0x12  DblDiv.o [51]
  .text              ro code  0x1008'1378     0xe  DblToU32.o [51]
  .text              ro code  0x1008'1386     0xe  U32ToDbl.o [51]
  .text              ro code  0x1008'1394    0x12  DblMul.o [51]
  .text              ro code  0x1008'13a8   0x230  I64DivMod.o [52]
  .text              ro code  0x1008'15d8     0x6  abort.o [50]
  .text              ro code  0x1008'15e0     0x2  I64DivZer.o [52]
  .text              ro code  0x1008'15e4    0x14  exit.o [53]
  .text              ro code  0x1008'15f8   0xe18  zf_driver_pwm.o [49]
  .text              ro code  0x1008'2410   0x430  zf_common_debug.o [46]
  .text              ro code  0x1008'2840    0x66  ABImemset.o [52]
  .text              ro code  0x1008'28a8   0x194  cy_gpio.o [14]
  .text              ro code  0x1008'2a3c   0x20a  cy_tcpwm_pwm.o [43]
  .text              ro code  0x1008'2c46     0xc  cy_tcpwm.o [43]
  .text              ro code  0x1008'2c54   0x828  zf_driver_uart.o [49]
  .text              ro code  0x1008'347c    0x40  sprintf.o [50]
  .text              ro code  0x1008'34bc    0xe2  zf_common_interrupt.o [46]
  .text              ro code  0x1008'35a0   0x448  zf_common_fifo.o [46]
  .text              ro code  0x1008'39e8     0x6  ABImemclr4.o [52]
  .text              ro code  0x1008'39f0   0x314  cy_scb_uart.o [24]
  .text              ro code  0x1008'3d04    0xac  cy_sysint.o [35]
  .text              ro code  0x1008'3db0    0x32  ABImemset48.o [52]
  .text              ro code  0x1008'3de4   0xbdc  zf_driver_spi.o [49]
  .text              ro code  0x1008'49c0   0x1f0  cy_scb_spi.o [24]
  .text              ro code  0x1008'4bb0   0xb28  zf_device_tft180.o [48]
  .text              ro code  0x1008'56d8    0x16  vla_alloc.o [50]
  .text              ro code  0x1008'56f0   0x220  zf_common_function.o [46]
  .text              ro code  0x1008'5910    0xe4  zf_driver_gpio.o [49]
  .text              ro code  0x1008'59f4   0x284  zf_driver_delay.o [49]
  .text              ro code  0x1008'5c78   0x13c  heap0.o [50]
  .text              ro code  0x1008'5db4     0x4  heaptramp0.o [50]
  .text              ro code  0x1008'5db8   0x1b8  cy_tcpwm_counter.o [43]
  .text              ro code  0x1008'5f70    0x2c  xgetmemchunk.o [50]
  .text              ro code  0x1008'5f9c   0x8e8  cy_sysclk.o [33]
  .text              ro code  0x1008'6884    0x70  strncpy.o [52]
  .text              ro code  0x1008'68f4    0xa8  cy_syslib.o [36]
  .text              ro code  0x1008'699c     0x2  cy_syslib.o [36]
  .text              ro code  0x1008'69a0   0x698  filt.o [5]
  .text              ro code  0x1008'7038   0x1d4  zf_device_imu660rb.o [48]
  .rodata            const    0x1008'720c    0x4c  system_tviibh4m_cm7.o [22]
  .text              ro code  0x1008'7258    0x88  asin.o [51]
  .text              ro code  0x1008'72e0    0x7e  atan2.o [51]
  .text              ro code  0x1008'7360   0x118  xatan.o [51]
  .rodata            const    0x1008'7478   0x5f0  zf_common_font.o [46]
  .text              ro code  0x1008'7a68   0x398  zf_driver_pit.o [49]
  .text              ro code  0x1008'7e00   0x294  zf_driver_timer.o [49]
  .text              ro code  0x1008'8094   0x268  control.o [5]
  .text              ro code  0x1008'82fc   0x168  pid.o [5]
  .text              ro code  0x1008'8464   0x17a  small_driver_uart_control.o [5]
  .text              ro code  0x1008'85e0   0x14c  Servo.o [5]
  .rodata            const    0x1008'872c   0x228  zf_common_font.o [46]
  .text              ro code  0x1008'8954   0x224  cm7_0_isr.o [45]
  .text              ro code  0x1008'8b78    0x7c  zf_device_tsl1401.o [48]
  .text              ro code  0x1008'8bf4    0xb4  main_cm7_0.o [45]
  .text              ro code  0x1008'8ca8   0x114  zf_device_gnss.o [48]
  .text              ro code  0x1008'8dbc    0x74  zf_driver_adc.o [49]
  .text              ro code  0x1008'8e30    0x1c  zf_common_clock.o [46]
  .text              ro code  0x1008'8e4c    0x40  beep.o [5]
  .text              ro code  0x1008'8e8c   0x1ac  scheduler.o [5]
  .text              ro code  0x1008'9038    0x2a  strncmp.o [50]
  .text              ro code  0x1008'9064   0x150  system_tviibh4m_cm7.o [22]
  .text              ro code  0x1008'91b4    0x28  printf.o [50]
  .text              ro code  0x1008'91dc     0x8  startup_cm7.o [31]
  .text              ro code  0x1008'91e4     0x6  startup_cm7.o [31]
  .text              ro code  0x1008'91ec   0x204  startup.o [31]
  .text              ro code  0x1008'93f0   0x198  cy_interrupt_map.o [23]
  .text              ro code  0x1008'9588    0xb0  startup_cm7.o [31]
  .text              ro code  0x1008'9638    0x70  uart.o [5]
  .text              ro code  0x1008'96a8    0x3c  vsnprint.o [50]
  .rodata            const    0x1008'96e4    0x48  cy_sysclk.o [33]
  .rodata            const    0x1008'972c    0x48  cy_sysclk.o [33]
  .rodata            const    0x1008'9774    0x3c  zf_common_function.o [46]
  .rodata            const    0x1008'97b0    0x3c  zf_device_imu660rb.o [48]
  .rodata            const    0x1008'97ec    0x3c  zf_device_tft180.o [48]
  .rodata            const    0x1008'9828    0x38  zf_common_fifo.o [46]
  .rodata            const    0x1008'9860    0x38  zf_driver_pwm.o [49]
  .rodata            const    0x1008'9898    0x38  zf_driver_spi.o [49]
  .rodata            const    0x1008'98d0    0x38  zf_driver_uart.o [49]
  .text              ro code  0x1008'9908    0x38  zero_init3.o [52]
  .text              ro code  0x1008'9940    0x28  data_init.o [52]
  .text              ro code  0x1008'9968    0x22  fpinit_M.o [51]
  .iar.init_table    const    0x1008'998c    0x20  - Linker created -
  .text              ro code  0x1008'99ac    0x20  startup_cm7.o [31]
  .text              ro code  0x1008'99cc    0x20  putchar.o [50]
  .text              ro code  0x1008'99f0    0x1e  cy_syslib_iar.o [36]
  .text              ro code  0x1008'9a10    0x1e  cmain.o [52]
  .text              ro code  0x1008'9a30     0x4  startup_cm7.o [31]
  .text              ro code  0x1008'9a34     0x4  exit.o [50]
  .text              ro code  0x1008'9a38     0xa  cexit.o [52]
  .rodata            const    0x1008'9a44    0x1c  zf_common_debug.o [46]
  .rodata            const    0x1008'9a60    0x1c  zf_device_imu660rb.o [48]
  .text              ro code  0x1008'9a7c    0x1c  startup_cm7.o [31]
  .text              ro code  0x1008'9a98    0x1c  cstartup_M.o [52]
  .rodata            const    0x1008'9ab4    0x18  startup.o [31]
  .rodata            const    0x1008'9acc    0x18  system_tviibh4m_cm7.o [22]
  .rodata            const    0x1008'9ae4    0x18  zf_common_debug.o [46]
  .text              ro code  0x1008'9afc    0x16  xprout.o [50]
  .rodata            const    0x1008'9b14    0x14  scheduler.o [5]
  .rodata            const    0x1008'9b28    0x14  uart.o [5]
  .rodata            const    0x1008'9b3c    0x10  zf_common_debug.o [46]
  .rodata            const    0x1008'9b4c    0x10  zf_common_debug.o [46]
  .rodata            const    0x1008'9b5c     0xc  scheduler.o [5]
  .rodata            const    0x1008'9b68     0xc  zf_common_debug.o [46]
  .rodata            const    0x1008'9b74     0xc  zf_common_debug.o [46]
  .rodata            const    0x1008'9b80     0xc  zf_common_debug.o [46]
  .text              ro code  0x1008'9b8c     0xc  cy_syslib.o [36]
  .rodata            const    0x1008'9b98     0x8  cy_sysclk.o [33]
  .rodata            const    0x1008'9ba0     0x8  scheduler.o [5]
  .rodata            const    0x1008'9ba8     0x8  scheduler.o [5]
  .rodata            const    0x1008'9bb0     0x8  scheduler.o [5]
  .rodata            const    0x1008'9bb8     0x8  scheduler.o [5]
  .rodata            const    0x1008'9bc0     0x8  scheduler.o [5]
  .rodata            const    0x1008'9bc8     0x4  cy_interrupt_map.o [23]
  .rodata            const    0x1008'9bcc     0x4  cy_interrupt_map.o [23]
  .rodata            const    0x1008'9bd0     0x4  cy_interrupt_map.o [23]
  .rodata            const    0x1008'9bd4     0x4  cy_interrupt_map.o [23]
  .rodata            const    0x1008'9bd8     0x4  cy_interrupt_map.o [23]
  .rodata            const    0x1008'9bdc     0x4  cy_interrupt_map.o [23]
  .rodata            const    0x1008'9be0     0x4  cy_interrupt_map.o [23]
  .rodata            const    0x1008'9be4     0x4  cy_interrupt_map.o [23]
  .rodata            const    0x1008'9be8     0x4  cy_scb_spi.o [24]
  .rodata            const    0x1008'9bec     0x4  cy_scb_spi.o [24]
  .rodata            const    0x1008'9bf0     0x4  cy_scb_spi.o [24]
  .rodata            const    0x1008'9bf4     0x4  cy_scb_spi.o [24]
  .rodata            const    0x1008'9bf8     0x4  cy_scb_uart.o [24]
  .rodata            const    0x1008'9bfc     0x4  cy_scb_uart.o [24]
  .rodata            const    0x1008'9c00     0x4  cy_scb_uart.o [24]
  .rodata            const    0x1008'9c04     0x4  cy_scb_uart.o [24]
  .rodata            const    0x1008'9c08     0x4  cy_scb_uart.o [24]
  .rodata            const    0x1008'9c0c     0x4  cy_scb_uart.o [24]
  .rodata            const    0x1008'9c10     0x4  cy_scb_uart.o [24]
  .rodata            const    0x1008'9c14     0x4  cy_scb_uart.o [24]
  .rodata            const    0x1008'9c18     0x4  cy_scb_uart.o [24]
  .rodata            const    0x1008'9c1c     0x4  cy_scb_uart.o [24]
  .rodata            const    0x1008'9c20     0x4  cy_sysint.o [35]
  .rodata            const    0x1008'9c24     0x4  cy_sysint.o [35]
  .rodata            const    0x1008'9c28     0x4  cy_tcpwm_counter.o [43]
  .rodata            const    0x1008'9c2c     0x4  cy_tcpwm_counter.o [43]
  .rodata            const    0x1008'9c30     0x4  cy_tcpwm_counter.o [43]
  .rodata            const    0x1008'9c34     0x4  cy_tcpwm_counter.o [43]
  .rodata            const    0x1008'9c38     0x4  cy_tcpwm_counter.o [43]
  .rodata            const    0x1008'9c3c     0x4  cy_tcpwm_pwm.o [43]
  .rodata            const    0x1008'9c40     0x4  cy_tcpwm_pwm.o [43]
  .rodata            const    0x1008'9c44     0x4  cy_tcpwm_pwm.o [43]
  .rodata            const    0x1008'9c48     0x4  cy_tcpwm_pwm.o [43]
  .rodata            const    0x1008'9c4c     0x4  cy_tcpwm_pwm.o [43]
  .rodata            const    0x1008'9c50     0x4  cy_tcpwm_pwm.o [43]
  .rodata            const    0x1008'9c54     0x4  cy_tcpwm_pwm.o [43]
  .text              ro code  0x1008'9c58     0x4  startup_cm7.o [31]
  .text              ro code  0x1008'9c5c     0x4  startup_cm7.o [31]
  .text              ro code  0x1008'9c60     0x4  startup_cm7.o [31]
  .text              ro code  0x1008'9c64     0x4  startup_cm7.o [31]
  .text              ro code  0x1008'9c68     0x4  startup_cm7.o [31]
  .text              ro code  0x1008'9c6c     0x4  startup_cm7.o [31]
  .text              ro code  0x1008'9c70     0x4  startup_cm7.o [31]
  .text              ro code  0x1008'9c74     0x4  startup_cm7.o [31]
  .text              ro code  0x1008'9c78     0x4  startup_cm7.o [31]
  .text              ro code  0x1008'9c7c     0x4  startup_cm7.o [31]
  .text              ro code  0x1008'9c80     0x4  startup_cm7.o [31]
  .text              ro code  0x1008'9c84     0x4  startup_cm7.o [31]
  .text              ro code  0x1008'9c88     0x4  startup_cm7.o [31]
  .text              ro code  0x1008'9c8c     0x4  startup_cm7.o [31]
  .text              ro code  0x1008'9c90     0x4  startup_cm7.o [31]
  .text              ro code  0x1008'9c94     0x2  zf_device_type.o [48]
  .rodata            const    0x1008'9c96     0x0  zero_init3.o [52]
  .rodata            const    0x1008'9c96     0x0  lz77_init_single.o [52]
  Initializer bytes  const    0x1008'9c96    0xc3  <for P2-1>
                            - 0x1008'9d59  0x9cd9

"P2", part 1 of 3:                          0x7c9
  P2-1                        0x2802'0000   0x7c9  <Init block>
    .data            inited   0x2802'0000   0x6ec  cy_interrupt_map.o [23]
    .data            inited   0x2802'06ec     0x4  cy_interrupt_map.o [23]
    .data            inited   0x2802'06f0    0x10  filt.o [5]
    .data            inited   0x2802'0700     0x4  filt.o [5]
    .data            inited   0x2802'0704     0x4  filt.o [5]
    .data            inited   0x2802'0708    0x30  scheduler.o [5]
    .data            inited   0x2802'0738     0x4  zf_device_type.o [48]
    .data            inited   0x2802'073c     0xc  zf_driver_adc.o [49]
    .data            inited   0x2802'0748    0x3c  zf_driver_pit.o [49]
    .data            inited   0x2802'0784    0x10  zf_driver_spi.o [49]
    .data            inited   0x2802'0794    0x14  zf_driver_uart.o [49]
    .data            inited   0x2802'07a8    0x14  zf_driver_uart.o [49]
    .data            inited   0x2802'07bc     0x2  zf_device_tft180.o [48]
    .data            inited   0x2802'07be     0x2  zf_device_tft180.o [48]
    .data            inited   0x2802'07c0     0x2  zf_device_tft180.o [48]
    .data            inited   0x2802'07c2     0x2  zf_device_tft180.o [48]
    .data            inited   0x2802'07c4     0x2  zf_driver_delay.o [49]
    .data            inited   0x2802'07c6     0x1  zf_common_debug.o [46]
    .data            inited   0x2802'07c7     0x1  zf_device_tft180.o [48]
    .data            inited   0x2802'07c8     0x1  zf_driver_delay.o [49]
                            - 0x2802'07c9   0x7c9

"P2", part 2 of 3:                          0x83c
  .bss               zero     0x2802'07cc   0x200  zf_device_tsl1401.o [48]
  .bss               zero     0x2802'09cc   0x118  zf_driver_uart.o [49]
  .bss               zero     0x2802'0ae4    0x80  zf_device_gnss.o [48]
  .bss               zero     0x2802'0b64    0x80  zf_device_gnss.o [48]
  .bss               zero     0x2802'0be4    0x80  zf_device_gnss.o [48]
  .bss               zero     0x2802'0c64    0x70  cy_syslib.o [36]
  .bss               zero     0x2802'0cd4    0x48  zf_driver_adc.o [49]
  .bss               zero     0x2802'0d1c    0x40  uart.o [5]
  .bss               zero     0x2802'0d5c    0x40  uart.o [5]
  .bss               zero     0x2802'0d9c    0x40  zf_common_debug.o [46]
  .bss               zero     0x2802'0ddc    0x38  control.o [5]
  .bss               zero     0x2802'0e14    0x38  control.o [5]
  .bss               zero     0x2802'0e4c    0x24  filt.o [5]
  .bss               zero     0x2802'0e70    0x24  filt.o [5]
  .bss               zero     0x2802'0e94    0x18  cy_sysclk.o [33]
  .bss               zero     0x2802'0eac    0x18  cy_syslib.o [36]
  .bss               zero     0x2802'0ec4    0x18  filt.o [5]
  .bss               zero     0x2802'0edc    0x18  uart.o [5]
  .bss               zero     0x2802'0ef4    0x18  zf_common_debug.o [46]
  .bss               zero     0x2802'0f0c    0x18  zf_device_gnss.o [48]
  .bss               zero     0x2802'0f24    0x14  small_driver_uart_control.o [5]
  .bss               zero     0x2802'0f38    0x14  zf_common_debug.o [46]
  .bss               zero     0x2802'0f4c     0xc  beep.o [5]
  .bss               zero     0x2802'0f58     0xc  Servo.o [5]
  .bss               zero     0x2802'0f64     0xc  Servo.o [5]
  .bss               zero     0x2802'0f70     0xc  Servo.o [5]
  .bss               zero     0x2802'0f7c     0xc  Servo.o [5]
  .bss               zero     0x2802'0f88     0x8  heap0.o [50]
  .bss               zero     0x2802'0f90     0x4  cm7_0_isr.o [45]
  .bss               zero     0x2802'0f94     0x4  control.o [5]
  .bss               zero     0x2802'0f98     0x4  control.o [5]
  .bss               zero     0x2802'0f9c     0x4  control.o [5]
  .bss               zero     0x2802'0fa0     0x4  control.o [5]
  .bss               zero     0x2802'0fa4     0x4  cy_syslib.o [36]
  .bss               zero     0x2802'0fa8     0x4  filt.o [5]
  .bss               zero     0x2802'0fac     0x4  filt.o [5]
  .bss               zero     0x2802'0fb0     0x4  filt.o [5]
  .bss               zero     0x2802'0fb4     0x4  system_tviibh4m_cm7.o [22]
  .bss               zero     0x2802'0fb8     0x4  system_tviibh4m_cm7.o [22]
  .bss               zero     0x2802'0fbc     0x4  system_tviibh4m_cm7.o [22]
  .bss               zero     0x2802'0fc0     0x4  system_tviibh4m_cm7.o [22]
  .bss               zero     0x2802'0fc4     0x4  system_tviibh4m_cm7.o [22]
  .bss               zero     0x2802'0fc8     0x4  uart.o [5]
  .bss               zero     0x2802'0fcc     0x4  zf_common_clock.o [46]
  .bss               zero     0x2802'0fd0     0x4  zf_common_interrupt.o [46]
  .bss               zero     0x2802'0fd4     0x4  zf_driver_spi.o [49]
  .bss               zero     0x2802'0fd8     0x4  zf_driver_timer.o [49]
  .bss               zero     0x2802'0fdc     0x4  xgetmemchunk.o [50]
  .bss               zero     0x2802'0fe0     0x4  xfail_s.o [50]
  .bss               zero     0x2802'0fe4     0x2  control.o [5]
  .bss               zero     0x2802'0fe6     0x2  control.o [5]
  .bss               zero     0x2802'0fe8     0x2  Servo.o [5]
  .bss               zero     0x2802'0fea     0x2  zf_device_imu660rb.o [48]
  .bss               zero     0x2802'0fec     0x2  zf_device_imu660rb.o [48]
  .bss               zero     0x2802'0fee     0x2  zf_device_imu660rb.o [48]
  .bss               zero     0x2802'0ff0     0x2  zf_device_imu660rb.o [48]
  .bss               zero     0x2802'0ff2     0x2  zf_device_imu660rb.o [48]
  .bss               zero     0x2802'0ff4     0x2  zf_device_imu660rb.o [48]
  .bss               zero     0x2802'0ff6     0x1  control.o [5]
  .bss               zero     0x2802'0ff7     0x1  cy_sysclk.o [33]
  .bss               zero     0x2802'0ff8     0x1  filt.o [5]
  .bss               zero     0x2802'0ff9     0x1  scheduler.o [5]
  .bss               zero     0x2802'0ffa     0x1  uart.o [5]
  .bss               zero     0x2802'0ffb     0x1  zf_common_debug.o [46]
  .bss               zero     0x2802'0ffc     0x1  zf_common_debug.o [46]
  .bss               zero     0x2802'0ffd     0x1  zf_device_gnss.o [48]
  .bss               zero     0x2802'0ffe     0x1  zf_device_gnss.o [48]
  .bss               zero     0x2802'0fff     0x1  zf_device_gnss.o [48]
  .bss               zero     0x2802'1000     0x1  zf_device_gnss.o [48]
  .bss               zero     0x2802'1001     0x1  zf_device_gnss.o [48]
  .bss               zero     0x2802'1002     0x1  zf_device_tft180.o [48]
  .bss               zero     0x2802'1003     0x1  zf_device_tsl1401.o [48]
  .bss               zero     0x2802'1004     0x1  zf_device_tsl1401.o [48]
                            - 0x2802'1005   0x839

"P2", part 3 of 3:                           0x80
  .intvec_ram        uninit   0x2802'1080    0x80  startup_cm7.o [31]
                            - 0x2802'1100    0x80

"A1":                                      0x2400
  HEAP_STACK                  0x2807'dc00  0x2400  <Block>
    HEAP                      0x2807'dc00   0x400  <Block>
      HEAP           uninit   0x2807'dc00   0x400  <Block tail>
    CSTACK                    0x2807'e000  0x2000  <Block>
      CSTACK         uninit   0x2807'e000  0x2000  <Block tail>
                            - 0x2808'0000  0x2400

Unused ranges:

         From           To       Size
         ----           --       ----
  0x1008'9e10  0x1027'ffff  0x1f'61f0
  0x2802'07c9  0x2802'07cb        0x3
  0x2802'1008  0x2802'107f       0x78
  0x2802'1100  0x2807'dbff   0x5'cb00


*******************************************************************************
*** INIT TABLE
***

          Address      Size
          -------      ----
Zero (__iar_zero_init3)
    1 destination range, total size 0x839:
          0x2802'07cc  0x839

Copy/lz77 (__iar_lz77_init_single3)
    1 source range, total size 0xc3 (9% of destination):
          0x1008'9c96   0xc3
    1 destination range, total size 0x7c9:
          0x2802'0000  0x7c9



*******************************************************************************
*** MODULE SUMMARY
***

    Module                       ro code  ro data  rw data
    ------                       -------  -------  -------
command line/config:
    ------------------------------------------------------
    Total:

D:\Dsektop\luntui\luntui\iar\Debug_m7_0\Obj\adc_11722776235721520015.dir: [1]
    ------------------------------------------------------
    Total:

D:\Dsektop\luntui\luntui\iar\Debug_m7_0\Obj\audioss_1346650047966882938.dir: [2]
    ------------------------------------------------------
    Total:

D:\Dsektop\luntui\luntui\iar\Debug_m7_0\Obj\button_4990804375159372270.dir: [3]
    ------------------------------------------------------
    Total:

D:\Dsektop\luntui\luntui\iar\Debug_m7_0\Obj\canfd_1800690984773873875.dir: [4]
    ------------------------------------------------------
    Total:

D:\Dsektop\luntui\luntui\iar\Debug_m7_0\Obj\code_17896468042025673432.dir: [5]
    Servo.o                          332                50
    beep.o                            64                12
    control.o                        616               133
    filt.o                         1'688        3      133
    pid.o                            360
    scheduler.o                      428       76       49
    small_driver_uart_control.o      378                20
    uart.o                           112       20      157
    ------------------------------------------------------
    Total:                         3'978       99      554

D:\Dsektop\luntui\luntui\iar\Debug_m7_0\Obj\cpu_15938736945165268644.dir: [6]
    ------------------------------------------------------
    Total:

D:\Dsektop\luntui\luntui\iar\Debug_m7_0\Obj\crypto_1190170608956581615.dir: [7]
    ------------------------------------------------------
    Total:

D:\Dsektop\luntui\luntui\iar\Debug_m7_0\Obj\dma_12106025507578611576.dir: [8]
    ------------------------------------------------------
    Total:

D:\Dsektop\luntui\luntui\iar\Debug_m7_0\Obj\eth_phy_18133017486186456677.dir: [9]
    ------------------------------------------------------
    Total:

D:\Dsektop\luntui\luntui\iar\Debug_m7_0\Obj\ethernet_6029839089178797009.dir: [10]
    ------------------------------------------------------
    Total:

D:\Dsektop\luntui\luntui\iar\Debug_m7_0\Obj\evtgen_3404189088603873129.dir: [11]
    ------------------------------------------------------
    Total:

D:\Dsektop\luntui\luntui\iar\Debug_m7_0\Obj\flash_8529866181315662935.dir: [12]
    ------------------------------------------------------
    Total:

D:\Dsektop\luntui\luntui\iar\Debug_m7_0\Obj\flash_864493325053435817.dir: [13]
    ------------------------------------------------------
    Total:

D:\Dsektop\luntui\luntui\iar\Debug_m7_0\Obj\gpio_3999404635324069351.dir: [14]
    cy_gpio.o                        404
    ------------------------------------------------------
    Total:                           404

D:\Dsektop\luntui\luntui\iar\Debug_m7_0\Obj\ipc_10145506163450686023.dir: [15]
    ------------------------------------------------------
    Total:

D:\Dsektop\luntui\luntui\iar\Debug_m7_0\Obj\lin_18429031207028094880.dir: [16]
    ------------------------------------------------------
    Total:

D:\Dsektop\luntui\luntui\iar\Debug_m7_0\Obj\lvd_6353935867039560245.dir: [17]
    ------------------------------------------------------
    Total:

D:\Dsektop\luntui\luntui\iar\Debug_m7_0\Obj\mcwdt_4052485907822033969.dir: [18]
    ------------------------------------------------------
    Total:

D:\Dsektop\luntui\luntui\iar\Debug_m7_0\Obj\mpu_5663187252346826382.dir: [19]
    ------------------------------------------------------
    Total:

D:\Dsektop\luntui\luntui\iar\Debug_m7_0\Obj\power_14453085144426420577.dir: [20]
    ------------------------------------------------------
    Total:

D:\Dsektop\luntui\luntui\iar\Debug_m7_0\Obj\prot_10722960861768657883.dir: [21]
    ------------------------------------------------------
    Total:

D:\Dsektop\luntui\luntui\iar\Debug_m7_0\Obj\rev_b_4986922561640112550.dir: [22]
    system_tviibh4m_cm7.o            336      100       20
    ------------------------------------------------------
    Total:                           336      100       20

D:\Dsektop\luntui\luntui\iar\Debug_m7_0\Obj\rev_b_6162237342861132223.dir: [23]
    cy_interrupt_map.o               408      205    1'776
    ------------------------------------------------------
    Total:                           408      205    1'776

D:\Dsektop\luntui\luntui\iar\Debug_m7_0\Obj\scb_15490842639181808494.dir: [24]
    cy_scb_spi.o                     496       16
    cy_scb_uart.o                    788       40
    ------------------------------------------------------
    Total:                         1'284       56

D:\Dsektop\luntui\luntui\iar\Debug_m7_0\Obj\sd_host_2982766354293506895.dir: [25]
    ------------------------------------------------------
    Total:

D:\Dsektop\luntui\luntui\iar\Debug_m7_0\Obj\semihosting_143864889731838620.dir: [26]
    ------------------------------------------------------
    Total:

D:\Dsektop\luntui\luntui\iar\Debug_m7_0\Obj\smartio_5451710003740070188.dir: [27]
    ------------------------------------------------------
    Total:

D:\Dsektop\luntui\luntui\iar\Debug_m7_0\Obj\smif_427648126384146252.dir: [28]
    ------------------------------------------------------
    Total:

D:\Dsektop\luntui\luntui\iar\Debug_m7_0\Obj\smif_mem_6470536964353725183.dir: [29]
    ------------------------------------------------------
    Total:

D:\Dsektop\luntui\luntui\iar\Debug_m7_0\Obj\srom_13018798572330080582.dir: [30]
    ------------------------------------------------------
    Total:

D:\Dsektop\luntui\luntui\iar\Debug_m7_0\Obj\startup_479057977785470282.dir: [31]
    startup.o                        516       24
    startup_cm7.o                    442               128
    ------------------------------------------------------
    Total:                           958       24      128

D:\Dsektop\luntui\luntui\iar\Debug_m7_0\Obj\sw_timer_4215635015939382130.dir: [32]
    ------------------------------------------------------
    Total:

D:\Dsektop\luntui\luntui\iar\Debug_m7_0\Obj\sysclk_16149231235676103872.dir: [33]
    cy_sysclk.o                    2'280      152       25
    ------------------------------------------------------
    Total:                         2'280      152       25

D:\Dsektop\luntui\luntui\iar\Debug_m7_0\Obj\sysflt_12293435975120599261.dir: [34]
    ------------------------------------------------------
    Total:

D:\Dsektop\luntui\luntui\iar\Debug_m7_0\Obj\sysint_7435970359207984181.dir: [35]
    cy_sysint.o                      172        8
    ------------------------------------------------------
    Total:                           172        8

D:\Dsektop\luntui\luntui\iar\Debug_m7_0\Obj\syslib_16330585751512546975.dir: [36]
    cy_syslib.o                      182               140
    cy_syslib_iar.o                   30
    ------------------------------------------------------
    Total:                           212               140

D:\Dsektop\luntui\luntui\iar\Debug_m7_0\Obj\syspm_10887939769544754770.dir: [37]
    ------------------------------------------------------
    Total:

D:\Dsektop\luntui\luntui\iar\Debug_m7_0\Obj\sysreghc_17676636058511625587.dir: [38]
    ------------------------------------------------------
    Total:

D:\Dsektop\luntui\luntui\iar\Debug_m7_0\Obj\sysreset_14586141425677365288.dir: [39]
    ------------------------------------------------------
    Total:

D:\Dsektop\luntui\luntui\iar\Debug_m7_0\Obj\sysrtc_10747768817563771611.dir: [40]
    ------------------------------------------------------
    Total:

D:\Dsektop\luntui\luntui\iar\Debug_m7_0\Obj\systick_16016591671695740695.dir: [41]
    ------------------------------------------------------
    Total:

D:\Dsektop\luntui\luntui\iar\Debug_m7_0\Obj\syswdt_9118657615806274156.dir: [42]
    ------------------------------------------------------
    Total:

D:\Dsektop\luntui\luntui\iar\Debug_m7_0\Obj\tcpwm_422923530147891246.dir: [43]
    cy_tcpwm.o                        12
    cy_tcpwm_counter.o               440       20
    cy_tcpwm_pwm.o                   522       28
    ------------------------------------------------------
    Total:                           974       48

D:\Dsektop\luntui\luntui\iar\Debug_m7_0\Obj\trigmux_9729677290734583340.dir: [44]
    ------------------------------------------------------
    Total:

D:\Dsektop\luntui\luntui\iar\Debug_m7_0\Obj\user_8514941877209965082.dir: [45]
    cm7_0_isr.o                      548                 4
    main_cm7_0.o                     180
    ------------------------------------------------------
    Total:                           728                 4

D:\Dsektop\luntui\luntui\iar\Debug_m7_0\Obj\zf_common_1201165462030747823.dir: [46]
    zf_common_clock.o                 28                 4
    zf_common_debug.o              1'072      120      111
    zf_common_fifo.o               1'096       56
    zf_common_font.o                        2'072
    zf_common_function.o             544       60
    zf_common_interrupt.o            226                 4
    ------------------------------------------------------
    Total:                         2'966    2'308      119

D:\Dsektop\luntui\luntui\iar\Debug_m7_0\Obj\zf_components_14936052685886095442.dir: [47]
    ------------------------------------------------------
    Total:

D:\Dsektop\luntui\luntui\iar\Debug_m7_0\Obj\zf_device_6570275422786408770.dir: [48]
    zf_device_gnss.o                 276               413
    zf_device_imu660rb.o             468       88       12
    zf_device_tft180.o             2'856       61       10
    zf_device_tsl1401.o              124               514
    zf_device_type.o                   2        1        4
    ------------------------------------------------------
    Total:                         3'726      150      953

D:\Dsektop\luntui\luntui\iar\Debug_m7_0\Obj\zf_driver_11922370083829174090.dir: [49]
    zf_driver_adc.o                  116        1       84
    zf_driver_delay.o                644        1        3
    zf_driver_gpio.o                 228
    zf_driver_pit.o                  920        6       60
    zf_driver_pwm.o                3'608       56
    zf_driver_spi.o                3'036       57       20
    zf_driver_timer.o                660                 4
    zf_driver_uart.o               2'088       60      320
    ------------------------------------------------------
    Total:                        11'300      181      491

dl7M_tln.a: [50]
    abort.o                            6
    exit.o                             4
    heap0.o                          316                 8
    heaptramp0.o                       4
    printf.o                          40
    putchar.o                         32
    sprintf.o                         64
    strncmp.o                         42
    vla_alloc.o                       22
    vsnprint.o                        60
    xfail_s.o                         64                 4
    xgetmemchunk.o                    44                 4
    xprintffull_nomb.o             3'758
    xprout.o                          22
    xsnprout.o                        26
    xsprout.o                         10
    ------------------------------------------------------
    Total:                         4'514                16

m7M_tlv.a: [51]
    DblCmpGe.o                        52
    DblCmpLe.o                        52
    DblDiv.o                          18
    DblMul.o                          18
    DblSub.o                          18
    DblToS32.o                        14
    DblToU32.o                        14
    S32ToDbl.o                        14
    U32ToDbl.o                        14
    asin.o                           136
    atan2.o                          126
    fpinit_M.o                        34
    frexp.o                          112
    ldexp.o                          260
    xatan.o                          280
    ------------------------------------------------------
    Total:                         1'162

rt7M_tl.a: [52]
    ABImemclr4.o                       6
    ABImemcpy.o                      166
    ABImemset.o                      102
    ABImemset48.o                     50
    I64DivMod.o                      560
    I64DivZer.o                        2
    cexit.o                           10
    cmain.o                           30
    cstartup_M.o                      28
    data_init.o                       40
    lz77_init_single.o               126
    memchr.o                          88
    strchr.o                          22
    strlen.o                          54
    strncpy.o                        112
    zero_init3.o                      56
    ------------------------------------------------------
    Total:                         1'452

shb_l.a: [53]
    exit.o                            20
    ------------------------------------------------------
    Total:                            20

    Gaps                              38        6
    Linker created                             32    9'216
----------------------------------------------------------
    Grand Total:                  36'912    3'369   13'442


*******************************************************************************
*** ENTRY LIST
***

Entry                       Address   Size  Type      Object
-----                       -------   ----  ----      ------
.iar.init_table$$Base   0x1008'998c          --   Gb  - Linker created -
.iar.init_table$$Limit  0x1008'99ac          --   Gb  - Linker created -
?main                   0x1008'9a11         Code  Gb  cmain.o [52]
Aldata                  0x2802'0f88    0x8  Data  Lc  heap0.o [50]
BusFault_Handler        0x1008'9c61         Code  Wk  startup_cm7.o [31]
CSTACK$$Base            0x2807'e000          --   Gb  - Linker created -
CSTACK$$Limit           0x2808'0000          --   Gb  - Linker created -
CopyVectorTable         0x1008'938d   0x34  Code  Lc  startup.o [31]
CpuUserInt0_Handler     0x1008'940f   0x26  Code  Gb  cy_interrupt_map.o [23]
CpuUserInt10_Handler    0x1008'9c7d         Code  Wk  startup_cm7.o [31]
CpuUserInt11_Handler    0x1008'9c81         Code  Wk  startup_cm7.o [31]
CpuUserInt12_Handler    0x1008'9c85         Code  Wk  startup_cm7.o [31]
CpuUserInt13_Handler    0x1008'9c89         Code  Wk  startup_cm7.o [31]
CpuUserInt14_Handler    0x1008'9c8d         Code  Wk  startup_cm7.o [31]
CpuUserInt15_Handler    0x1008'9c91         Code  Wk  startup_cm7.o [31]
CpuUserInt1_Handler     0x1008'9435   0x26  Code  Gb  cy_interrupt_map.o [23]
CpuUserInt2_Handler     0x1008'945b   0x26  Code  Gb  cy_interrupt_map.o [23]
CpuUserInt3_Handler     0x1008'9481   0x26  Code  Gb  cy_interrupt_map.o [23]
CpuUserInt4_Handler     0x1008'94a7   0x26  Code  Gb  cy_interrupt_map.o [23]
CpuUserInt5_Handler     0x1008'94cd   0x26  Code  Gb  cy_interrupt_map.o [23]
CpuUserInt6_Handler     0x1008'94f3   0x26  Code  Gb  cy_interrupt_map.o [23]
CpuUserInt7_Handler     0x1008'9519   0x26  Code  Gb  cy_interrupt_map.o [23]
CpuUserInt8_Handler     0x1008'9c75         Code  Wk  startup_cm7.o [31]
CpuUserInt9_Handler     0x1008'9c79         Code  Wk  startup_cm7.o [31]
Cy_DefaultUserHandler   0x1008'940d    0x2  Code  Gb  cy_interrupt_map.o [23]
Cy_GPIO_ClearInterrupt  0x1008'297b    0xe  Code  Lc  cy_gpio.o [14]
Cy_GPIO_Clr             0x1008'591b    0xa  Code  Lc  zf_driver_gpio.o [49]
Cy_GPIO_Pin_Init        0x1008'29bf   0x72  Code  Gb  cy_gpio.o [14]
Cy_GPIO_Set             0x1008'5911    0xa  Code  Lc  zf_driver_gpio.o [49]
Cy_GPIO_SetDriveSel     0x1008'295d   0x1e  Code  Lc  cy_gpio.o [14]
Cy_GPIO_SetDrivemode    0x1008'290d   0x1c  Code  Lc  cy_gpio.o [14]
Cy_GPIO_SetHSIOM        0x1008'28a9   0x4c  Code  Lc  cy_gpio.o [14]
Cy_GPIO_SetInterruptEdge
                        0x1008'29a3   0x1c  Code  Lc  cy_gpio.o [14]
Cy_GPIO_SetInterruptMask
                        0x1008'2989   0x1a  Code  Lc  cy_gpio.o [14]
Cy_GPIO_SetSlewRate     0x1008'2943   0x1a  Code  Lc  cy_gpio.o [14]
Cy_GPIO_SetVtrip        0x1008'2929   0x1a  Code  Lc  cy_gpio.o [14]
Cy_GPIO_Write           0x1008'28f5   0x18  Code  Lc  cy_gpio.o [14]
Cy_RestoreIRQ           0x1008'91e5         Code  Gb  startup_cm7.o [31]
Cy_SCB_ClearRxFifo      0x1008'3def   0x1e  Code  Lc  zf_driver_spi.o [49]
Cy_SCB_ClearRxInterrupt
                        0x1008'895b    0xa  Code  Lc  cm7_0_isr.o [45]
Cy_SCB_ClearTxInterrupt
                        0x1008'896b    0xa  Code  Lc  cm7_0_isr.o [45]
Cy_SCB_GetFifoSize      0x1008'3e49   0x12  Code  Lc  zf_driver_spi.o [49]
Cy_SCB_GetNumInRxFifo   0x1008'3de5    0xa  Code  Lc  zf_driver_spi.o [49]
Cy_SCB_GetNumInRxFifo   0x1008'2dff    0xa  Code  Lc  zf_driver_uart.o [49]
Cy_SCB_GetNumInTxFifo   0x1008'3e13    0xa  Code  Lc  zf_driver_spi.o [49]
Cy_SCB_GetNumInTxFifo   0x1008'2e0f    0xa  Code  Lc  zf_driver_uart.o [49]
Cy_SCB_GetRxInterruptMask
                        0x1008'8955    0x6  Code  Lc  cm7_0_isr.o [45]
Cy_SCB_GetRxInterruptMask
                        0x1008'2e4b    0x6  Code  Lc  zf_driver_uart.o [49]
Cy_SCB_GetTxInterruptMask
                        0x1008'8965    0x6  Code  Lc  cm7_0_isr.o [45]
Cy_SCB_GetTxInterruptMask
                        0x1008'2e57    0x6  Code  Lc  zf_driver_uart.o [49]
Cy_SCB_GetTxSrValid     0x1008'3e1d    0xa  Code  Lc  zf_driver_spi.o [49]
Cy_SCB_GetTxSrValid     0x1008'2e19    0xa  Code  Lc  zf_driver_uart.o [49]
Cy_SCB_IsTxComplete     0x1008'3e27   0x22  Code  Lc  zf_driver_spi.o [49]
Cy_SCB_IsTxComplete     0x1008'2e23   0x22  Code  Lc  zf_driver_uart.o [49]
Cy_SCB_ReadRxFifo       0x1008'2df9    0x6  Code  Lc  zf_driver_uart.o [49]
Cy_SCB_SPI_ClearRxFifo  0x1008'3e79    0x8  Code  Lc  zf_driver_spi.o [49]
Cy_SCB_SPI_Enable       0x1008'3e5b    0xa  Code  Lc  zf_driver_spi.o [49]
Cy_SCB_SPI_GetNumInRxFifo
                        0x1008'3e71    0x8  Code  Lc  zf_driver_spi.o [49]
Cy_SCB_SPI_Init         0x1008'49c1  0x1d8  Code  Gb  cy_scb_spi.o [24]
Cy_SCB_SPI_SetActiveSlaveSelect
                        0x1008'3e65    0xc  Code  Lc  zf_driver_spi.o [49]
Cy_SCB_SetRxInterruptMask
                        0x1008'2e45    0x6  Code  Lc  zf_driver_uart.o [49]
Cy_SCB_SetTxInterruptMask
                        0x1008'2e51    0x6  Code  Lc  zf_driver_uart.o [49]
Cy_SCB_UART_DeInit      0x1008'3c75   0x5c  Code  Gb  cy_scb_uart.o [24]
Cy_SCB_UART_Enable      0x1008'2e5d    0xa  Code  Lc  zf_driver_uart.o [49]
Cy_SCB_UART_Init        0x1008'39f1  0x284  Code  Gb  cy_scb_uart.o [24]
Cy_SCB_WriteTxFifo      0x1008'3e0d    0x6  Code  Lc  zf_driver_spi.o [49]
Cy_SCB_WriteTxFifo      0x1008'2e09    0x6  Code  Lc  zf_driver_uart.o [49]
Cy_SaveIRQ              0x1008'91dd         Code  Gb  startup_cm7.o [31]
Cy_SysClk_CheckDividerExisting
                        0x1008'59f5   0x2a  Code  Lc  zf_driver_delay.o [49]
Cy_SysClk_CheckDividerExisting
                        0x1008'7a69   0x2c  Code  Lc  zf_driver_pit.o [49]
Cy_SysClk_CheckDividerExisting
                        0x1008'15f9   0x2c  Code  Lc  zf_driver_pwm.o [49]
Cy_SysClk_CheckDividerExisting
                        0x1008'3e81   0x2c  Code  Lc  zf_driver_spi.o [49]
Cy_SysClk_CheckDividerExisting
                        0x1008'7e01   0x2a  Code  Lc  zf_driver_timer.o [49]
Cy_SysClk_CheckDividerExisting
                        0x1008'2c55   0x2c  Code  Lc  zf_driver_uart.o [49]
Cy_SysClk_ClkPathGetSource
                        0x1008'6111   0x54  Code  Gb  cy_sysclk.o [33]
Cy_SysClk_EcoGetStatus  0x1008'5f9d   0x1a  Code  Lc  cy_sysclk.o [33]
Cy_SysClk_Fast0ClkGetDivider
                        0x1008'60e5   0x16  Code  Lc  cy_sysclk.o [33]
Cy_SysClk_Fast1ClkGetDivider
                        0x1008'60fb   0x16  Code  Lc  cy_sysclk.o [33]
Cy_SysClk_FllGetConfiguration
                        0x1008'616d   0x7e  Code  Gb  cy_sysclk.o [33]
Cy_SysClk_FllGetLockStatus
                        0x1008'5fb7    0xc  Code  Lc  cy_sysclk.o [33]
Cy_SysClk_GetClockGroup
                        0x1008'5a9d    0x8  Code  Lc  zf_driver_delay.o [49]
Cy_SysClk_GetClockGroup
                        0x1008'7b17    0x8  Code  Lc  zf_driver_pit.o [49]
Cy_SysClk_GetClockGroup
                        0x1008'16a7    0x8  Code  Lc  zf_driver_pwm.o [49]
Cy_SysClk_GetClockGroup
                        0x1008'3f65    0x8  Code  Lc  zf_driver_spi.o [49]
Cy_SysClk_GetClockGroup
                        0x1008'7ea9    0x8  Code  Lc  zf_driver_timer.o [49]
Cy_SysClk_GetClockGroup
                        0x1008'2d39    0x8  Code  Lc  zf_driver_uart.o [49]
Cy_SysClk_GetCoreFrequency
                        0x1008'6831   0x2a  Code  Gb  cy_sysclk.o [33]
Cy_SysClk_GetEcoFrequency
                        0x1008'6339   0x32  Code  Gb  cy_sysclk.o [33]
Cy_SysClk_GetExtFrequency
                        0x1008'636d   0x1e  Code  Gb  cy_sysclk.o [33]
Cy_SysClk_GetFast0Frequency
                        0x1008'6785   0x56  Code  Gb  cy_sysclk.o [33]
Cy_SysClk_GetFast1Frequency
                        0x1008'67db   0x56  Code  Gb  cy_sysclk.o [33]
Cy_SysClk_GetFllInputFrequency
                        0x1008'648d    0xc  Code  Gb  cy_sysclk.o [33]
Cy_SysClk_GetFllOutputFrequency
                        0x1008'64b5   0x78  Code  Gb  cy_sysclk.o [33]
Cy_SysClk_GetHfClkFrequency
                        0x1008'6707   0x7a  Code  Gb  cy_sysclk.o [33]
Cy_SysClk_GetIlo0Frequency
                        0x1008'638b   0x32  Code  Gb  cy_sysclk.o [33]
Cy_SysClk_GetIlo1Frequency
                        0x1008'63bd   0x32  Code  Gb  cy_sysclk.o [33]
Cy_SysClk_GetImoFrequency
                        0x1008'6307   0x32  Code  Gb  cy_sysclk.o [33]
Cy_SysClk_GetPathFrequency
                        0x1008'66d5   0x32  Code  Gb  cy_sysclk.o [33]
Cy_SysClk_GetPathSourceFrequency
                        0x1008'6429   0x64  Code  Gb  cy_sysclk.o [33]
Cy_SysClk_GetPll400MNo  0x1008'6001   0x14  Code  Lc  cy_sysclk.o [33]
Cy_SysClk_GetPllInputFrequency
                        0x1008'6499   0x1c  Code  Gb  cy_sysclk.o [33]
Cy_SysClk_GetPllNo      0x1008'5fc5   0x12  Code  Lc  cy_sysclk.o [33]
Cy_SysClk_GetPllOutputFrequency
                        0x1008'6531  0x1a0  Code  Gb  cy_sysclk.o [33]
Cy_SysClk_GetWcoFrequency
                        0x1008'63ef   0x32  Code  Gb  cy_sysclk.o [33]
Cy_SysClk_HfClockGetDivider
                        0x1008'60a3   0x42  Code  Lc  cy_sysclk.o [33]
Cy_SysClk_HfClockGetSource
                        0x1008'604f   0x54  Code  Lc  cy_sysclk.o [33]
Cy_SysClk_InitGetFreqParams
                        0x1008'62ed   0x1a  Code  Gb  cy_sysclk.o [33]
Cy_SysClk_PeriphAssignDivider
                        0x1008'5aa5   0x68  Code  Lc  zf_driver_delay.o [49]
Cy_SysClk_PeriphAssignDivider
                        0x1008'7b1f   0x68  Code  Lc  zf_driver_pit.o [49]
Cy_SysClk_PeriphAssignDivider
                        0x1008'16af   0x6a  Code  Lc  zf_driver_pwm.o [49]
Cy_SysClk_PeriphAssignDivider
                        0x1008'3f6d   0x6a  Code  Lc  zf_driver_spi.o [49]
Cy_SysClk_PeriphAssignDivider
                        0x1008'7eb1   0x68  Code  Lc  zf_driver_timer.o [49]
Cy_SysClk_PeriphAssignDivider
                        0x1008'2d41   0x6a  Code  Lc  zf_driver_uart.o [49]
Cy_SysClk_PeriphEnableDivider
                        0x1008'5b0d   0x4c  Code  Lc  zf_driver_delay.o [49]
Cy_SysClk_PeriphEnableDivider
                        0x1008'7b87   0x4c  Code  Lc  zf_driver_pit.o [49]
Cy_SysClk_PeriphEnableDivider
                        0x1008'1719   0x4e  Code  Lc  zf_driver_pwm.o [49]
Cy_SysClk_PeriphEnableDivider
                        0x1008'3fd7   0x4e  Code  Lc  zf_driver_spi.o [49]
Cy_SysClk_PeriphEnableDivider
                        0x1008'7f19   0x4c  Code  Lc  zf_driver_timer.o [49]
Cy_SysClk_PeriphEnableDivider
                        0x1008'2dab   0x4e  Code  Lc  zf_driver_uart.o [49]
Cy_SysClk_PeriphSetDivider
                        0x1008'5a1f   0x7e  Code  Lc  zf_driver_delay.o [49]
Cy_SysClk_PeriphSetDivider
                        0x1008'7a95   0x82  Code  Lc  zf_driver_pit.o [49]
Cy_SysClk_PeriphSetDivider
                        0x1008'1625   0x82  Code  Lc  zf_driver_pwm.o [49]
Cy_SysClk_PeriphSetDivider
                        0x1008'7e2b   0x7e  Code  Lc  zf_driver_timer.o [49]
Cy_SysClk_PeriphSetFracDivider
                        0x1008'3ead   0xb8  Code  Lc  zf_driver_spi.o [49]
Cy_SysClk_PeriphSetFracDivider
                        0x1008'2c81   0xb8  Code  Lc  zf_driver_uart.o [49]
Cy_SysClk_Pll400MGetConfiguration
                        0x1008'6259   0x84  Code  Gb  cy_sysclk.o [33]
Cy_SysClk_Pll400MGetLockStatus
                        0x1008'6015   0x2a  Code  Lc  cy_sysclk.o [33]
Cy_SysClk_PllGetConfiguration
                        0x1008'6205   0x48  Code  Gb  cy_sysclk.o [33]
Cy_SysClk_PllGetLockStatus
                        0x1008'5fd7   0x28  Code  Lc  cy_sysclk.o [33]
Cy_SysClk_WcoOkay       0x1008'6041    0xe  Code  Lc  cy_sysclk.o [33]
Cy_SysInt_InitIRQ       0x1008'3d05   0x7e  Code  Gb  cy_sysint.o [35]
Cy_SysInt_SetSystemIrqVector
                        0x1008'3d83   0x12  Code  Gb  cy_sysint.o [35]
Cy_SysInt_SystemIrqUserTableRamPointer
                        0x2802'06ec    0x4  Data  Gb  cy_interrupt_map.o [23]
Cy_SysLib_DelayCycles   0x1008'99f1         Code  Gb  cy_syslib_iar.o [36]
Cy_SysLib_EnterCriticalSection
                        0x1008'9a01         Code  Gb  cy_syslib_iar.o [36]
Cy_SysLib_ExitCriticalSection
                        0x1008'9a09         Code  Gb  cy_syslib_iar.o [36]
Cy_SysLib_FaultHandler  0x1008'68f9   0x90  Code  Gb  cy_syslib.o [36]
Cy_SysLib_Halt          0x1008'68f5    0x4  Code  Gb  cy_syslib.o [36]
Cy_SysLib_ProcessingFault
                        0x1008'699d    0x2  Code  Wk  cy_syslib.o [36]
Cy_SysLib_SvcHandler    0x1008'9b8d    0xc  Code  Wk  cy_syslib.o [36]
Cy_SystemInitFpuEnable  0x1008'9155   0x1e  Code  Gb  system_tviibh4m_cm7.o [22]
Cy_SystemIrqUserTable   0x2802'0000  0x6ec  Data  Gb  cy_interrupt_map.o [23]
Cy_Tcpwm_Counter_ClearTC_Intr
                        0x1008'5f61   0x10  Code  Gb  cy_tcpwm_counter.o [43]
Cy_Tcpwm_Counter_Disable
                        0x1008'5f43    0xa  Code  Gb  cy_tcpwm_counter.o [43]
Cy_Tcpwm_Counter_Enable
                        0x1008'5f39    0xa  Code  Gb  cy_tcpwm_counter.o [43]
Cy_Tcpwm_Counter_GetCounter
                        0x1008'5f51    0x4  Code  Gb  cy_tcpwm_counter.o [43]
Cy_Tcpwm_Counter_Init   0x1008'5db9  0x16c  Code  Gb  cy_tcpwm_counter.o [43]
Cy_Tcpwm_Counter_SetCounter
                        0x1008'5f4d    0x4  Code  Gb  cy_tcpwm_counter.o [43]
Cy_Tcpwm_Counter_SetTC_IntrMask
                        0x1008'5f55    0xc  Code  Gb  cy_tcpwm_counter.o [43]
Cy_Tcpwm_Pwm_Enable     0x1008'2c3d    0xa  Code  Gb  cy_tcpwm_pwm.o [43]
Cy_Tcpwm_Pwm_Init       0x1008'2a3d  0x1e4  Code  Gb  cy_tcpwm_pwm.o [43]
Cy_Tcpwm_TriggerStart   0x1008'2c47    0xc  Code  Gb  cy_tcpwm.o [43]
Cy_u32StartupStackEndAddress
                        0x1008'9634         Data  Gb  startup_cm7.o [31]
Cy_u32StartupStackStartAddress
                        0x1008'9630         Data  Gb  startup_cm7.o [31]
DebugMon_Handler        0x1008'9c69         Code  Wk  startup_cm7.o [31]
GyroOffset              0x2802'0ec4   0x18  Data  Gb  filt.o [5]
GyroOffset_init         0x2802'0ff8    0x1  Data  Gb  filt.o [5]
HEAP$$Base              0x2807'dc00          --   Gb  - Linker created -
HEAP$$Limit             0x2807'e000          --   Gb  - Linker created -
HEAP_STACK$$Base        0x2807'dc00          --   Gb  - Linker created -
HEAP_STACK$$Limit       0x2808'0000          --   Gb  - Linker created -
HardFault_Handler       0x1008'99ad         Code  Wk  startup_cm7.o [31]
ICM_AHRSupdate          0x1008'6c8d  0x1a0  Code  Gb  filt.o [5]
ICM_getEulerianAngles   0x1008'6e61  0x17e  Code  Gb  filt.o [5]
ICM_getValues           0x1008'6ac5  0x1b8  Code  Gb  filt.o [5]
I_ex                    0x2802'0fa8    0x4  Data  Gb  filt.o [5]
I_ey                    0x2802'0fac    0x4  Data  Gb  filt.o [5]
I_ez                    0x2802'0fb0    0x4  Data  Gb  filt.o [5]
InitRamEcc              0x1008'927b  0x100  Code  Lc  startup.o [31]
InitRamEccClearArea     0x1008'937b   0x12  Code  Lc  startup.o [31]
MemManage_Handler       0x1008'9c5d         Code  Wk  startup_cm7.o [31]
NMI_Handler             0x1008'9c59         Code  Wk  startup_cm7.o [31]
PendSV_Handler          0x1008'9c6d         Code  Wk  startup_cm7.o [31]
Q_info                  0x2802'06f0   0x10  Data  Gb  filt.o [5]
Region$$Table$$Base     0x1008'998c          --   Gb  - Linker created -
Region$$Table$$Limit    0x1008'99ac          --   Gb  - Linker created -
Reset_Handler           0x1008'9589         Code  Wk  startup_cm7.o [31]
SVC_Handler             0x1008'9a7d         Code  Wk  startup_cm7.o [31]
Servo_Init              0x1008'85e1   0xea  Code  Gb  Servo.o [5]
Startup_Init            0x1008'91ed   0x8e  Code  Gb  startup.o [31]
SysTick_Handler         0x1008'9c71         Code  Wk  startup_cm7.o [31]
SystemCoreClock         0x2802'0fb4    0x4  Data  Gb  system_tviibh4m_cm7.o [22]
SystemCoreClockUpdate   0x1008'90c1   0x94  Code  Gb  system_tviibh4m_cm7.o [22]
SystemInit              0x1008'9065   0x5c  Code  Gb  system_tviibh4m_cm7.o [22]
UsageFault_Handler      0x1008'9c65         Code  Wk  startup_cm7.o [31]
_LC                     0x1008'0081    0x6  Code  Lc  xprintffull_nomb.o [50]
_LitobFullNoMb          0x1008'0d4d  0x114  Code  Lc  xprintffull_nomb.o [50]
_PrintfFullNoMb         0x1008'0087  0xc98  Code  Gb  xprintffull_nomb.o [50]
_Prout                  0x1008'9afd   0x16  Code  Gb  xprout.o [50]
_PutcharsFullNoMb       0x1008'0eb9   0x2e  Code  Lc  xprintffull_nomb.o [50]
_SNProut                0x1008'0fc3   0x1a  Code  Gb  xsnprout.o [50]
_SProut                 0x1008'1053    0xa  Code  Gb  xsprout.o [50]
__NVIC_ClearPendingIRQ  0x1008'93f1   0x1c  Code  Lc  cy_interrupt_map.o [23]
__NVIC_ClearPendingIRQ  0x1008'34d9   0x1c  Code  Lc  zf_common_interrupt.o [46]
__NVIC_EnableIRQ        0x1008'34bd   0x1c  Code  Lc  zf_common_interrupt.o [46]
__NVIC_SetPriority      0x1008'34f5   0x24  Code  Lc  zf_common_interrupt.o [46]
__Vectors               0x1008'0000          --   Gb  startup_cm7.o [31]
__Vectors_End           0x1008'0080         Data  Gb  startup_cm7.o [31]
__Vectors_Size {Abs}           0x80          --   Gb  startup_cm7.o [31]
__aeabi_cdcmple         0x1008'11cd         Code  Gb  DblCmpLe.o [51]
__aeabi_cdrcmple        0x1008'1201         Code  Gb  DblCmpGe.o [51]
__aeabi_d2iz            0x1008'1339    0xe  Code  Gb  DblToS32.o [51]
__aeabi_d2uiz           0x1008'1379    0xe  Code  Gb  DblToU32.o [51]
__aeabi_ddiv            0x1008'1367   0x12  Code  Gb  DblDiv.o [51]
__aeabi_dmul            0x1008'1395   0x12  Code  Gb  DblMul.o [51]
__aeabi_dsub            0x1008'1355   0x12  Code  Gb  DblSub.o [51]
__aeabi_i2d             0x1008'1347    0xe  Code  Gb  S32ToDbl.o [51]
__aeabi_ldiv0           0x1008'15e1         Code  Gb  I64DivZer.o [52]
__aeabi_memclr4         0x1008'39e9         Code  Gb  ABImemclr4.o [52]
__aeabi_memcpy          0x1008'10b5         Code  Gb  ABImemcpy.o [52]
__aeabi_memcpy4         0x1008'10d5         Code  Gb  ABImemcpy.o [52]
__aeabi_memcpy8         0x1008'10d5         Code  Gb  ABImemcpy.o [52]
__aeabi_memset          0x1008'2841         Code  Gb  ABImemset.o [52]
__aeabi_ui2d            0x1008'1387    0xe  Code  Gb  U32ToDbl.o [51]
__aeabi_uldivmod        0x1008'13a9         Code  Gb  I64DivMod.o [52]
__basic_free            0x1008'5d25   0x16  Code  Gb  heap0.o [50]
__basic_free_intern     0x1008'5d3b   0x74  Code  Lc  heap0.o [50]
__basic_malloc          0x1008'5c79   0x18  Code  Gb  heap0.o [50]
__basic_malloc_intern   0x1008'5c91   0x94  Code  Lc  heap0.o [50]
__cmain                 0x1008'9a11         Code  Gb  cmain.o [52]
__data_GetMemChunk      0x1008'5f71   0x2c  Code  Gb  xgetmemchunk.o [50]
__data_GetMemChunk::start
                        0x2802'0fdc    0x4  Data  Lc  xgetmemchunk.o [50]
__ecc_init_dtcm_end_address {Abs}
                        0x2000'3fff         Data  Gb  <internal module>
__ecc_init_dtcm_start_address {Abs}
                        0x2000'0000         Data  Gb  <internal module>
__ecc_init_itcm_end_address {Abs}
                             0x3fff         Data  Gb  <internal module>
__ecc_init_itcm_start_address {Abs}
                                0x0         Data  Gb  <internal module>
__ecc_init_sram_end_address {Abs}
                        0x2807'ffff         Data  Gb  <internal module>
__ecc_init_sram_start_address {Abs}
                        0x2802'0000         Data  Gb  <internal module>
__exit                  0x1008'15e5   0x14  Code  Gb  exit.o [53]
__iar_Fail_s            0x1008'0fdd   0x1c  Code  Gb  xfail_s.o [50]
__iar_Memchr            0x1008'105d         Code  Gb  memchr.o [52]
__iar_Memset            0x1008'2841         Code  Gb  ABImemset.o [52]
__iar_Memset4_word      0x1008'3db1         Code  Gb  ABImemset48.o [52]
__iar_Memset8_word      0x1008'3db1         Code  Gb  ABImemset48.o [52]
__iar_Memset_word       0x1008'2849         Code  Gb  ABImemset.o [52]
__iar_Strchr            0x1008'0fad         Code  Gb  strchr.o [52]
__iar_asin64            0x1008'7259         Code  Gb  asin.o [51]
__iar_atan2_64          0x1008'72e1         Code  Gb  atan2.o [51]
__iar_data_init3        0x1008'9941   0x28  Code  Gb  data_init.o [52]
__iar_frexp             0x1008'1169         Code  Gb  frexp.o [51]
__iar_frexpl            0x1008'1169         Code  Gb  frexp.o [51]
__iar_init_vfp          0x1008'9969         Code  Gb  fpinit_M.o [51]
__iar_ldexp64           0x1008'1249         Code  Gb  ldexp.o [51]
__iar_lz77_init_single3
                        0x1008'0f2f   0x7e  Code  Gb  lz77_init_single.o [52]
__iar_program_start     0x1008'9a99         Code  Gb  cstartup_M.o [52]
__iar_scalbln64         0x1008'1249         Code  Gb  ldexp.o [51]
__iar_scalbn64          0x1008'1249         Code  Gb  ldexp.o [51]
__iar_softfp___iar_frexp64
                        0x1008'115d         Code  Gb  frexp.o [51]
__iar_softfp___iar_ldexp64
                        0x1008'1235         Code  Gb  ldexp.o [51]
__iar_softfp___iar_scalbln64
                        0x1008'1235         Code  Gb  ldexp.o [51]
__iar_softfp___iar_scalbn64
                        0x1008'1235         Code  Gb  ldexp.o [51]
__iar_softfp_frexp      0x1008'115d         Code  Gb  frexp.o [51]
__iar_softfp_frexpl     0x1008'115d         Code  Gb  frexp.o [51]
__iar_softfp_ldexp      0x1008'1235         Code  Gb  ldexp.o [51]
__iar_softfp_ldexpl     0x1008'1235         Code  Gb  ldexp.o [51]
__iar_softfp_scalbln    0x1008'1235         Code  Gb  ldexp.o [51]
__iar_softfp_scalblnl   0x1008'1235         Code  Gb  ldexp.o [51]
__iar_softfp_scalbn     0x1008'1235         Code  Gb  ldexp.o [51]
__iar_softfp_scalbnl    0x1008'1235         Code  Gb  ldexp.o [51]
__iar_vla_alloc2        0x1008'56d9   0x12  Code  Gb  vla_alloc.o [50]
__iar_vla_dealloc2      0x1008'56eb    0x4  Code  Gb  vla_alloc.o [50]
__iar_xatan             0x1008'7361         Code  Gb  xatan.o [51]
__iar_zero_init3        0x1008'9909   0x38  Code  Gb  zero_init3.o [52]
__low_level_init        0x1008'9a31         Code  Gb  startup_cm7.o [31]
__ramVectors            0x2802'1080         Data  Gb  startup_cm7.o [31]
__vector_table          0x1008'0000         Data  Gb  startup_cm7.o [31]
__vector_table_0x1c     0x1008'001c         Data  Gb  startup_cm7.o [31]
__write                 0x1008'270f   0x12  Code  Gb  zf_common_debug.o [46]
_call_main              0x1008'9a1d         Code  Gb  cmain.o [52]
_exit                   0x1008'9a39         Code  Gb  cexit.o [52]
abort                   0x1008'15d9    0x6  Code  Gb  abort.o [50]
adc_convert             0x1008'8dbd   0x6c  Code  Gb  zf_driver_adc.o [49]
adc_resolution          0x2802'0cd4   0x48  Data  Lc  zf_driver_adc.o [49]
ascii_font_6x8          0x1008'872c  0x228  Data  Gb  zf_common_font.o [46]
ascii_font_8x16         0x1008'7478  0x5f0  Data  Gb  zf_common_font.o [46]
asin                    0x1008'7259         Code  Gb  asin.o [51]
asinl                   0x1008'7259         Code  Gb  asin.o [51]
assert_interrupt_config
                        0x1008'3551    0xc  Code  Gb  zf_common_interrupt.o [46]
atan2                   0x1008'72e1         Code  Gb  atan2.o [51]
atan2l                  0x1008'72e1         Code  Gb  atan2.o [51]
balance_angle_pid       0x2802'0ddc   0x38  Data  Lc  control.o [5]
balance_gyro_pid        0x2802'0e14   0x38  Data  Lc  control.o [5]
beep_init               0x1008'8e4d   0x10  Code  Gb  beep.o [5]
buzzer_status           0x2802'0f4c    0xc  Data  Gb  beep.o [5]
buzzer_task             0x1008'8e5d   0x2a  Code  Gb  beep.o [5]
cao                     0x1008'8ec7   0xdc  Code  Gb  scheduler.o [5]
chushixiajiang          0x2802'0fe8    0x2  Data  Gb  Servo.o [5]
clock_init              0x1008'8e31   0x16  Code  Gb  zf_common_clock.o [46]
control_init            0x1008'8095   0x54  Code  Gb  control.o [5]
control_run_1ms         0x1008'80e9  0x19e  Code  Gb  control.o [5]
cs_pin_save             0x2802'0fd4    0x4  Data  Gb  zf_driver_spi.o [49]
cy_assertFileName       0x2802'0eac   0x18  Data  Gb  cy_syslib.o [36]
cy_assertLine           0x2802'0fa4    0x4  Data  Gb  cy_syslib.o [36]
cy_delay32kMs           0x2802'0fc4    0x4  Data  Gb  system_tviibh4m_cm7.o [22]
cy_delayFreqHz          0x2802'0fb8    0x4  Data  Gb  system_tviibh4m_cm7.o [22]
cy_delayFreqKhz         0x2802'0fbc    0x4  Data  Gb  system_tviibh4m_cm7.o [22]
cy_delayFreqMhz         0x2802'0fc0    0x4  Data  Gb  system_tviibh4m_cm7.o [22]
cy_faultFrame           0x2802'0c64   0x70  Data  Gb  cy_syslib.o [36]
debug_assert_handler    0x1008'2721   0x3c  Code  Gb  zf_common_debug.o [46]
debug_assert_handler::assert_nest_index
                        0x2802'0ffc    0x1  Data  Lc  zf_common_debug.o [46]
debug_delay             0x1008'2411   0x36  Code  Lc  zf_common_debug.o [46]
debug_info_init         0x1008'27c7   0x18  Code  Gb  zf_common_debug.o [46]
debug_init              0x1008'27df   0x2a  Code  Gb  zf_common_debug.o [46]
debug_log_handler       0x1008'275d   0x20  Code  Gb  zf_common_debug.o [46]
debug_output            0x1008'2453  0x2bc  Code  Lc  zf_common_debug.o [46]
debug_output_info       0x2802'0f38   0x14  Data  Lc  zf_common_debug.o [46]
debug_output_init       0x1008'279d   0x2a  Code  Gb  zf_common_debug.o [46]
debug_output_struct_init
                        0x1008'277d   0x20  Code  Gb  zf_common_debug.o [46]
debug_uart_buffer       0x2802'0d9c   0x40  Data  Gb  zf_common_debug.o [46]
debug_uart_fifo         0x2802'0ef4   0x18  Data  Gb  zf_common_debug.o [46]
debug_uart_str_output   0x1008'2447    0xc  Code  Lc  zf_common_debug.o [46]
delay_clk               0x2802'07c4    0x2  Data  Lc  zf_driver_delay.o [49]
divNumLocator           0x1008'9b98    0x8  Data  Gb  cy_sysclk.o [33]
driver_timer_mode       0x2802'0fd8    0x4  Data  Lc  zf_driver_timer.o [49]
exit                    0x1008'9a35    0x4  Code  Gb  exit.o [50]
fast_sqrt               0x1008'69a1   0x32  Code  Gb  filt.o [5]
fifo_clear              0x1008'35d5   0x74  Code  Gb  zf_common_fifo.o [46]
fifo_data_count         0x2802'0fc8    0x4  Data  Gb  uart.o [5]
fifo_end_offset         0x1008'35bb   0x1a  Code  Lc  zf_common_fifo.o [46]
fifo_get_data           0x2802'0d5c   0x40  Data  Gb  uart.o [5]
fifo_head_offset        0x1008'35a1   0x1a  Code  Lc  zf_common_fifo.o [46]
fifo_init               0x1008'39ab   0x3a  Code  Gb  zf_common_fifo.o [46]
fifo_read_buffer        0x1008'380b  0x1a0  Code  Gb  zf_common_fifo.o [46]
fifo_used               0x1008'3649   0x22  Code  Gb  zf_common_fifo.o [46]
fifo_write_buffer       0x1008'366b  0x1a0  Code  Gb  zf_common_fifo.o [46]
free                    0x1008'5db5    0x4  Code  Gb  heaptramp0.o [50]
func_double_to_str      0x1008'5779  0x18a  Code  Gb  zf_common_function.o [46]
func_int_to_str         0x1008'56f1   0x86  Code  Gb  zf_common_function.o [46]
g_Debug_Gyro            0x2802'0f98    0x4  Data  Gb  control.o [5]
g_Debug_PWM             0x2802'0fe6    0x2  Data  Gb  control.o [5]
g_Debug_PWM_temp        0x2802'0fe4    0x2  Data  Gb  control.o [5]
g_Debug_Pitch           0x2802'0f94    0x4  Data  Gb  control.o [5]
g_Debug_Target_Gyro     0x2802'0f9c    0x4  Data  Gb  control.o [5]
g_System_State          0x2802'0ff6    0x1  Data  Gb  control.o [5]
get_data                0x2802'0ffa    0x1  Data  Gb  uart.o [5]
get_pwm_ch              0x1008'1e41  0x368  Code  Lc  zf_driver_pwm.o [49]
get_pwm_pin             0x1008'1767  0x368  Code  Lc  zf_driver_pwm.o [49]
get_pwm_pin_hsiom       0x1008'1acf  0x36a  Code  Lc  zf_driver_pwm.o [49]
get_scb_module          0x1008'2fb3   0x44  Code  Gb  zf_driver_uart.o [49]
get_uart_config         0x1008'2e67  0x14c  Code  Lc  zf_driver_uart.o [49]
gnss_flag               0x2802'0ffd    0x1  Data  Gb  zf_device_gnss.o [48]
gnss_gga_state          0x2802'0fff    0x1  Data  Lc  zf_device_gnss.o [48]
gnss_receiver_fifo      0x2802'0f0c   0x18  Data  Lc  zf_device_gnss.o [48]
gnss_rmc_state          0x2802'1000    0x1  Data  Lc  zf_device_gnss.o [48]
gnss_state              0x2802'0ffe    0x1  Data  Lc  zf_device_gnss.o [48]
gnss_ths_state          0x2802'1001    0x1  Data  Lc  zf_device_gnss.o [48]
gnss_uart_callback      0x1008'8ca9   0xe2  Code  Gb  zf_device_gnss.o [48]
gpio_init               0x1008'5969   0x88  Code  Gb  zf_driver_gpio.o [49]
gpio_set_level          0x1008'5925   0x44  Code  Gb  zf_driver_gpio.o [49]
gps_gga_buffer          0x2802'0ae4   0x80  Data  Lc  zf_device_gnss.o [48]
gps_rmc_buffer          0x2802'0b64   0x80  Data  Lc  zf_device_gnss.o [48]
gps_ths_buffer          0x2802'0be4   0x80  Data  Lc  zf_device_gnss.o [48]
gyroOffset_init         0x1008'69d5   0xee  Code  Gb  filt.o [5]
icm_data                0x2802'0e4c   0x24  Data  Gb  filt.o [5]
icm_output              0x2802'0e70   0x24  Data  Gb  filt.o [5]
imu660rb_acc_x          0x2802'0ff0    0x2  Data  Gb  zf_device_imu660rb.o [48]
imu660rb_acc_y          0x2802'0ff2    0x2  Data  Gb  zf_device_imu660rb.o [48]
imu660rb_acc_z          0x2802'0ff4    0x2  Data  Gb  zf_device_imu660rb.o [48]
imu660rb_get_acc        0x1008'70cb   0x3e  Code  Gb  zf_device_imu660rb.o [48]
imu660rb_get_gyro       0x1008'7109   0x3e  Code  Gb  zf_device_imu660rb.o [48]
imu660rb_gyro_x         0x2802'0fea    0x2  Data  Gb  zf_device_imu660rb.o [48]
imu660rb_gyro_y         0x2802'0fec    0x2  Data  Gb  zf_device_imu660rb.o [48]
imu660rb_gyro_z         0x2802'0fee    0x2  Data  Gb  zf_device_imu660rb.o [48]
imu660rb_init           0x1008'7149   0x98  Code  Gb  zf_device_imu660rb.o [48]
imu660rb_read_register  0x1008'7057   0x20  Code  Lc  zf_device_imu660rb.o [48]
imu660rb_read_registers
                        0x1008'7077   0x22  Code  Lc  zf_device_imu660rb.o [48]
imu660rb_self_check     0x1008'7099   0x32  Code  Lc  zf_device_imu660rb.o [48]
imu660rb_write_register
                        0x1008'7039   0x1e  Code  Lc  zf_device_imu660rb.o [48]
intFreqInitialized      0x2802'0ff7    0x1  Data  Gb  cy_sysclk.o [33]
internalBaseFreqInfo    0x2802'0e94   0x18  Data  Gb  cy_sysclk.o [33]
interrupt_global_disable
                        0x1008'3529   0x14  Code  Gb  zf_common_interrupt.o [46]
interrupt_global_enable
                        0x1008'3519   0x10  Code  Gb  zf_common_interrupt.o [46]
interrupt_global_flag   0x2802'0fd0    0x4  Data  Lc  zf_common_interrupt.o [46]
interrupt_init          0x1008'3569   0x36  Code  Gb  zf_common_interrupt.o [46]
interrupt_set_priority  0x1008'355d    0xc  Code  Gb  zf_common_interrupt.o [46]
ldexp                   0x1008'1249         Code  Gb  ldexp.o [51]
ldexpl                  0x1008'1249         Code  Gb  ldexp.o [51]
main                    0x1008'8bf5   0x88  Code  Gb  main_cm7_0.o [45]
memchr                  0x1008'105d         Code  Gb  memchr.o [52]
motor_value             0x2802'0f24   0x14  Data  Gb  small_driver_uart_control.o [5]
param_Ki                0x2802'0704    0x4  Data  Gb  filt.o [5]
param_Kp                0x2802'0700    0x4  Data  Gb  filt.o [5]
pid_compute             0x1008'8351  0x10e  Code  Gb  pid.o [5]
pid_init                0x1008'82fd   0x54  Code  Gb  pid.o [5]
pit0_ch0_isr            0x1008'8975   0x28  Code  Gb  cm7_0_isr.o [45]
pit0_ch10_isr           0x1008'89b1    0xa  Code  Gb  cm7_0_isr.o [45]
pit0_ch11_isr           0x1008'89bb    0xa  Code  Gb  cm7_0_isr.o [45]
pit0_ch12_isr           0x1008'89c5    0xa  Code  Gb  cm7_0_isr.o [45]
pit0_ch13_isr           0x1008'89cf    0xa  Code  Gb  cm7_0_isr.o [45]
pit0_ch14_isr           0x1008'89d9    0xa  Code  Gb  cm7_0_isr.o [45]
pit0_ch15_isr           0x1008'89e3    0xa  Code  Gb  cm7_0_isr.o [45]
pit0_ch16_isr           0x1008'89ed    0xa  Code  Gb  cm7_0_isr.o [45]
pit0_ch17_isr           0x1008'89f7    0xa  Code  Gb  cm7_0_isr.o [45]
pit0_ch18_isr           0x1008'8a01    0xa  Code  Gb  cm7_0_isr.o [45]
pit0_ch19_isr           0x1008'8a0b    0xa  Code  Gb  cm7_0_isr.o [45]
pit0_ch1_isr            0x1008'899d    0xa  Code  Gb  cm7_0_isr.o [45]
pit0_ch20_isr           0x1008'8a15    0xa  Code  Gb  cm7_0_isr.o [45]
pit0_ch21_isr           0x1008'8a1f    0xe  Code  Gb  cm7_0_isr.o [45]
pit0_ch2_isr            0x1008'89a7    0xa  Code  Gb  cm7_0_isr.o [45]
pit_init                0x1008'7bfd  0x1ee  Code  Gb  zf_driver_pit.o [49]
pit_isr_flag_clear      0x1008'7bd3   0x2a  Code  Gb  zf_driver_pit.o [49]
pit_isr_func            0x2802'0748   0x3c  Data  Gb  zf_driver_pit.o [49]
printf                  0x1008'91b5   0x28  Code  Gb  printf.o [50]
putchar                 0x1008'99cd   0x20  Code  Gb  putchar.o [50]
pwm_all_channel_close   0x1008'21a9   0x1a  Code  Gb  zf_driver_pwm.o [49]
pwm_init                0x1008'221d  0x1e4  Code  Gb  zf_driver_pwm.o [49]
pwm_set_duty            0x1008'21c3   0x5a  Code  Gb  zf_driver_pwm.o [49]
recovery_counter        0x2802'0fa0    0x4  Data  Lc  control.o [5]
sar_adc                 0x2802'073c    0xc  Data  Lc  zf_driver_adc.o [49]
scalbln                 0x1008'1249         Code  Gb  ldexp.o [51]
scalblnl                0x1008'1249         Code  Gb  ldexp.o [51]
scalbn                  0x1008'1249         Code  Gb  ldexp.o [51]
scalbnl                 0x1008'1249         Code  Gb  ldexp.o [51]
scale                   0x1008'0e61   0x46  Code  Lc  xprintffull_nomb.o [50]
scb_module              0x2802'07a8   0x14  Data  Gb  zf_driver_uart.o [49]
scheduler_init          0x1008'8fa3    0x8  Code  Gb  scheduler.o [5]
scheduler_run           0x1008'8fab   0x52  Code  Gb  scheduler.o [5]
scheduler_task          0x2802'0708   0x30  Data  Gb  scheduler.o [5]
scheduler_task_num      0x2802'0ff9    0x1  Data  Gb  scheduler.o [5]
sec_hand                0x2802'0fe0    0x4  Data  Lc  xfail_s.o [50]
servo_1                 0x2802'0f58    0xc  Data  Gb  Servo.o [5]
servo_2                 0x2802'0f64    0xc  Data  Gb  Servo.o [5]
servo_3                 0x2802'0f70    0xc  Data  Gb  Servo.o [5]
servo_4                 0x2802'0f7c    0xc  Data  Gb  Servo.o [5]
set_servo_duty          0x1008'86f3   0x22  Code  Gb  Servo.o [5]
small_driver_get_speed  0x1008'8559   0x2a  Code  Gb  small_driver_uart_control.o [5]
small_driver_init       0x1008'8583   0x2e  Code  Gb  small_driver_uart_control.o [5]
small_driver_set_duty   0x1008'8517   0x42  Code  Gb  small_driver_uart_control.o [5]
small_driver_uart_init  0x1008'85b5   0x2a  Code  Gb  small_driver_uart_control.o [5]
spi_get_clk_hsiom       0x1008'40e1   0x28  Code  Lc  zf_driver_spi.o [49]
spi_get_clk_pin         0x1008'4025   0x28  Code  Lc  zf_driver_spi.o [49]
spi_get_cs_hsiom        0x1008'4159   0x44  Code  Lc  zf_driver_spi.o [49]
spi_get_cs_pin          0x1008'409d   0x44  Code  Lc  zf_driver_spi.o [49]
spi_get_miso_hsiom      0x1008'4131   0x28  Code  Lc  zf_driver_spi.o [49]
spi_get_miso_pin        0x1008'4075   0x28  Code  Lc  zf_driver_spi.o [49]
spi_get_mosi_hsiom      0x1008'4109   0x28  Code  Lc  zf_driver_spi.o [49]
spi_get_mosi_pin        0x1008'404d   0x28  Code  Lc  zf_driver_spi.o [49]
spi_init                0x1008'471d  0x28e  Code  Gb  zf_driver_spi.o [49]
spi_module              0x2802'0784   0x10  Data  Gb  zf_driver_spi.o [49]
spi_read_8bit_register  0x1008'4521   0xea  Code  Gb  zf_driver_spi.o [49]
spi_read_8bit_registers
                        0x1008'460b   0xfe  Code  Gb  zf_driver_spi.o [49]
spi_write_16bit_array   0x1008'4383   0xb6  Code  Gb  zf_driver_spi.o [49]
spi_write_8bit          0x1008'42d9   0xaa  Code  Gb  zf_driver_spi.o [49]
spi_write_8bit_register
                        0x1008'4439   0xde  Code  Gb  zf_driver_spi.o [49]
sprintf                 0x1008'347d   0x40  Code  Gb  sprintf.o [50]
strchr                  0x1008'0fad         Code  Gb  strchr.o [52]
strlen                  0x1008'101d         Code  Gb  strlen.o [52]
strncmp                 0x1008'9039   0x2a  Code  Gb  strncmp.o [50]
strncpy                 0x1008'6885         Code  Gb  strncpy.o [52]
switch_transition_length
                        0x1008'419d  0x13c  Code  Lc  zf_driver_spi.o [49]
system_clock            0x2802'0fcc    0x4  Data  Gb  zf_common_clock.o [46]
system_delay_init       0x1008'5bb7   0xa6  Code  Gb  zf_driver_delay.o [49]
system_delay_ms         0x1008'5b59   0x5e  Code  Gb  zf_driver_delay.o [49]
tft180_bgcolor          0x2802'07c2    0x2  Data  Lc  zf_device_tft180.o [48]
tft180_clear            0x1008'4d99   0x7c  Code  Gb  zf_device_tft180.o [48]
tft180_debug_init       0x1008'4d2f   0x68  Code  Lc  zf_device_tft180.o [48]
tft180_display_dir      0x2802'1002    0x1  Data  Lc  zf_device_tft180.o [48]
tft180_display_font     0x2802'07c7    0x1  Data  Lc  zf_device_tft180.o [48]
tft180_height_max       0x2802'07be    0x2  Data  Gb  zf_device_tft180.o [48]
tft180_init             0x1008'5359  0x35a  Code  Gb  zf_device_tft180.o [48]
tft180_pencolor         0x2802'07c0    0x2  Data  Lc  zf_device_tft180.o [48]
tft180_set_color        0x1008'4e57    0xe  Code  Gb  zf_device_tft180.o [48]
tft180_set_dir          0x1008'4e15   0x3a  Code  Gb  zf_device_tft180.o [48]
tft180_set_font         0x1008'4e4f    0x8  Code  Gb  zf_device_tft180.o [48]
tft180_set_region       0x1008'4bcf  0x160  Code  Lc  zf_device_tft180.o [48]
tft180_show_char        0x1008'4e65  0x1f4  Code  Gb  zf_device_tft180.o [48]
tft180_show_float       0x1008'51e1  0x13e  Code  Gb  zf_device_tft180.o [48]
tft180_show_int         0x1008'5103   0xde  Code  Gb  zf_device_tft180.o [48]
tft180_show_string      0x1008'5059   0xaa  Code  Gb  zf_device_tft180.o [48]
tft180_width_max        0x2802'07bc    0x2  Data  Gb  zf_device_tft180.o [48]
tft180_write_index      0x1008'4bb1   0x1e  Code  Lc  zf_device_tft180.o [48]
timer_ch                0x2802'07c8    0x1  Data  Lc  zf_driver_delay.o [49]
timer_get               0x1008'7f8d   0x2e  Code  Gb  zf_driver_timer.o [49]
timer_init              0x1008'7fbb   0xc8  Code  Gb  zf_driver_timer.o [49]
timer_start             0x1008'7f65   0x28  Code  Gb  zf_driver_timer.o [49]
tsl1401_collect_pit_handler
                        0x1008'8b79   0x68  Code  Gb  zf_device_tsl1401.o [48]
tsl1401_data            0x2802'07cc  0x200  Data  Gb  zf_device_tsl1401.o [48]
tsl1401_finish_flag     0x2802'1004    0x1  Data  Gb  zf_device_tsl1401.o [48]
tsl1401_init_state      0x2802'1003    0x1  Data  Lc  zf_device_tsl1401.o [48]
tuoluoyi_printf         0x1008'8e8d   0x3a  Code  Gb  scheduler.o [5]
type_default_callback   0x1008'9c95    0x2  Code  Lc  zf_device_type.o [48]
uart0_isr               0x1008'8a2d   0x40  Code  Gb  cm7_0_isr.o [45]
uart1_isr               0x1008'8a6d   0x42  Code  Gb  cm7_0_isr.o [45]
uart2_isr               0x1008'8abd   0x40  Code  Gb  cm7_0_isr.o [45]
uart3_isr               0x1008'8afd   0x3c  Code  Gb  cm7_0_isr.o [45]
uart4_isr               0x1008'8b39   0x40  Code  Gb  cm7_0_isr.o [45]
uart_context            0x2802'09cc  0x118  Data  Gb  zf_driver_uart.o [49]
uart_control_callback   0x1008'8465   0xb2  Code  Gb  small_driver_uart_control.o [5]
uart_data_fifo          0x2802'0edc   0x18  Data  Gb  uart.o [5]
uart_get_data           0x2802'0d1c   0x40  Data  Gb  uart.o [5]
uart_init               0x1008'32a5  0x190  Code  Gb  zf_driver_uart.o [49]
uart_isr_func           0x2802'0794   0x14  Data  Gb  zf_driver_uart.o [49]
uart_printf             0x1008'9639   0x28  Code  Gb  uart.o [5]
uart_query_byte         0x1008'3059   0x32  Code  Gb  zf_driver_uart.o [49]
uart_rx_interrupt       0x1008'31a7   0xfe  Code  Gb  zf_driver_uart.o [49]
uart_rx_interrupt_handler
                        0x1008'8c7d   0x1c  Code  Gb  main_cm7_0.o [45]
uart_task               0x1008'9661   0x36  Code  Gb  uart.o [5]
uart_tx_interrupt       0x1008'308b  0x11c  Code  Gb  zf_driver_uart.o [49]
uart_write_buffer       0x1008'301f   0x1e  Code  Gb  zf_driver_uart.o [49]
uart_write_byte         0x1008'2ff7   0x28  Code  Gb  zf_driver_uart.o [49]
uart_write_string       0x1008'303d   0x1c  Code  Gb  zf_driver_uart.o [49]
uwtick                  0x2802'0f90    0x4  Data  Gb  cm7_0_isr.o [45]
vsnprintf               0x1008'96a9   0x3c  Code  Gb  vsnprint.o [50]
wireless_module_uart_handler
                        0x2802'0738    0x4  Data  Gb  zf_device_type.o [48]
xianfu                  0x1008'86cb   0x28  Code  Gb  Servo.o [5]
zf_debug_assert_enable  0x2802'07c6    0x1  Data  Lc  zf_common_debug.o [46]
zf_debug_init_flag      0x2802'0ffb    0x1  Data  Lc  zf_common_debug.o [46]


[1] = D:\Dsektop\luntui\luntui\iar\Debug_m7_0\Obj\adc_11722776235721520015.dir
[2] = D:\Dsektop\luntui\luntui\iar\Debug_m7_0\Obj\audioss_1346650047966882938.dir
[3] = D:\Dsektop\luntui\luntui\iar\Debug_m7_0\Obj\button_4990804375159372270.dir
[4] = D:\Dsektop\luntui\luntui\iar\Debug_m7_0\Obj\canfd_1800690984773873875.dir
[5] = D:\Dsektop\luntui\luntui\iar\Debug_m7_0\Obj\code_17896468042025673432.dir
[6] = D:\Dsektop\luntui\luntui\iar\Debug_m7_0\Obj\cpu_15938736945165268644.dir
[7] = D:\Dsektop\luntui\luntui\iar\Debug_m7_0\Obj\crypto_1190170608956581615.dir
[8] = D:\Dsektop\luntui\luntui\iar\Debug_m7_0\Obj\dma_12106025507578611576.dir
[9] = D:\Dsektop\luntui\luntui\iar\Debug_m7_0\Obj\eth_phy_18133017486186456677.dir
[10] = D:\Dsektop\luntui\luntui\iar\Debug_m7_0\Obj\ethernet_6029839089178797009.dir
[11] = D:\Dsektop\luntui\luntui\iar\Debug_m7_0\Obj\evtgen_3404189088603873129.dir
[12] = D:\Dsektop\luntui\luntui\iar\Debug_m7_0\Obj\flash_8529866181315662935.dir
[13] = D:\Dsektop\luntui\luntui\iar\Debug_m7_0\Obj\flash_864493325053435817.dir
[14] = D:\Dsektop\luntui\luntui\iar\Debug_m7_0\Obj\gpio_3999404635324069351.dir
[15] = D:\Dsektop\luntui\luntui\iar\Debug_m7_0\Obj\ipc_10145506163450686023.dir
[16] = D:\Dsektop\luntui\luntui\iar\Debug_m7_0\Obj\lin_18429031207028094880.dir
[17] = D:\Dsektop\luntui\luntui\iar\Debug_m7_0\Obj\lvd_6353935867039560245.dir
[18] = D:\Dsektop\luntui\luntui\iar\Debug_m7_0\Obj\mcwdt_4052485907822033969.dir
[19] = D:\Dsektop\luntui\luntui\iar\Debug_m7_0\Obj\mpu_5663187252346826382.dir
[20] = D:\Dsektop\luntui\luntui\iar\Debug_m7_0\Obj\power_14453085144426420577.dir
[21] = D:\Dsektop\luntui\luntui\iar\Debug_m7_0\Obj\prot_10722960861768657883.dir
[22] = D:\Dsektop\luntui\luntui\iar\Debug_m7_0\Obj\rev_b_4986922561640112550.dir
[23] = D:\Dsektop\luntui\luntui\iar\Debug_m7_0\Obj\rev_b_6162237342861132223.dir
[24] = D:\Dsektop\luntui\luntui\iar\Debug_m7_0\Obj\scb_15490842639181808494.dir
[25] = D:\Dsektop\luntui\luntui\iar\Debug_m7_0\Obj\sd_host_2982766354293506895.dir
[26] = D:\Dsektop\luntui\luntui\iar\Debug_m7_0\Obj\semihosting_143864889731838620.dir
[27] = D:\Dsektop\luntui\luntui\iar\Debug_m7_0\Obj\smartio_5451710003740070188.dir
[28] = D:\Dsektop\luntui\luntui\iar\Debug_m7_0\Obj\smif_427648126384146252.dir
[29] = D:\Dsektop\luntui\luntui\iar\Debug_m7_0\Obj\smif_mem_6470536964353725183.dir
[30] = D:\Dsektop\luntui\luntui\iar\Debug_m7_0\Obj\srom_13018798572330080582.dir
[31] = D:\Dsektop\luntui\luntui\iar\Debug_m7_0\Obj\startup_479057977785470282.dir
[32] = D:\Dsektop\luntui\luntui\iar\Debug_m7_0\Obj\sw_timer_4215635015939382130.dir
[33] = D:\Dsektop\luntui\luntui\iar\Debug_m7_0\Obj\sysclk_16149231235676103872.dir
[34] = D:\Dsektop\luntui\luntui\iar\Debug_m7_0\Obj\sysflt_12293435975120599261.dir
[35] = D:\Dsektop\luntui\luntui\iar\Debug_m7_0\Obj\sysint_7435970359207984181.dir
[36] = D:\Dsektop\luntui\luntui\iar\Debug_m7_0\Obj\syslib_16330585751512546975.dir
[37] = D:\Dsektop\luntui\luntui\iar\Debug_m7_0\Obj\syspm_10887939769544754770.dir
[38] = D:\Dsektop\luntui\luntui\iar\Debug_m7_0\Obj\sysreghc_17676636058511625587.dir
[39] = D:\Dsektop\luntui\luntui\iar\Debug_m7_0\Obj\sysreset_14586141425677365288.dir
[40] = D:\Dsektop\luntui\luntui\iar\Debug_m7_0\Obj\sysrtc_10747768817563771611.dir
[41] = D:\Dsektop\luntui\luntui\iar\Debug_m7_0\Obj\systick_16016591671695740695.dir
[42] = D:\Dsektop\luntui\luntui\iar\Debug_m7_0\Obj\syswdt_9118657615806274156.dir
[43] = D:\Dsektop\luntui\luntui\iar\Debug_m7_0\Obj\tcpwm_422923530147891246.dir
[44] = D:\Dsektop\luntui\luntui\iar\Debug_m7_0\Obj\trigmux_9729677290734583340.dir
[45] = D:\Dsektop\luntui\luntui\iar\Debug_m7_0\Obj\user_8514941877209965082.dir
[46] = D:\Dsektop\luntui\luntui\iar\Debug_m7_0\Obj\zf_common_1201165462030747823.dir
[47] = D:\Dsektop\luntui\luntui\iar\Debug_m7_0\Obj\zf_components_14936052685886095442.dir
[48] = D:\Dsektop\luntui\luntui\iar\Debug_m7_0\Obj\zf_device_6570275422786408770.dir
[49] = D:\Dsektop\luntui\luntui\iar\Debug_m7_0\Obj\zf_driver_11922370083829174090.dir
[50] = dl7M_tln.a
[51] = m7M_tlv.a
[52] = rt7M_tl.a
[53] = shb_l.a
[54] = zf_device_config.a

  36'912 bytes of readonly  code memory
   3'369 bytes of readonly  data memory
  13'442 bytes of readwrite data memory

Errors: none
Warnings: none
