###############################################################################
#
# IAR ELF Linker V9.40.1.364/W64 for ARM                  08/Apr/2026  11:37:31
# Copyright 2007-2023 IAR Systems AB.
#
#    Output file  =
#        D:\Dsektop\luntui\luntui\iar\project_config\Debug_m7_0\Exe\cyt4bb7_cm_7_0.out
#    Map file     =
#        D:\Dsektop\luntui\luntui\iar\Debug_m7_0\List\cyt4bb7_cm_7_0.map
#    Command line =
#        -f
#        D:\Dsektop\luntui\luntui\iar\project_config\Debug_m7_0\Exe\cyt4bb7_cm_7_0.out.rsp
#        (D:\Dsektop\luntui\luntui\iar\Debug_m7_0\Obj\code_17896468042025673432.dir\auto_menu.o
#        D:\Dsektop\luntui\luntui\iar\Debug_m7_0\Obj\code_17896468042025673432.dir\beep.o
#        D:\Dsektop\luntui\luntui\iar\Debug_m7_0\Obj\user_8514941877209965082.dir\cm7_0_isr.o
#        D:\Dsektop\luntui\luntui\iar\Debug_m7_0\Obj\code_17896468042025673432.dir\control.o
#        D:\Dsektop\luntui\luntui\iar\Debug_m7_0\Obj\adc_11722776235721520015.dir\cy_adc.o
#        D:\Dsektop\luntui\luntui\iar\Debug_m7_0\Obj\button_4990804375159372270.dir\cy_button.o
#        D:\Dsektop\luntui\luntui\iar\Debug_m7_0\Obj\canfd_1800690984773873875.dir\cy_canfd.o
#        D:\Dsektop\luntui\luntui\iar\Debug_m7_0\Obj\cpu_15938736945165268644.dir\cy_cpu.o
#        D:\Dsektop\luntui\luntui\iar\Debug_m7_0\Obj\crypto_1190170608956581615.dir\cy_crypto_config.o
#        D:\Dsektop\luntui\luntui\iar\Debug_m7_0\Obj\eth_phy_18133017486186456677.dir\cy_dp83867.o
#        D:\Dsektop\luntui\luntui\iar\Debug_m7_0\Obj\ethernet_6029839089178797009.dir\cy_ethif.o
#        D:\Dsektop\luntui\luntui\iar\Debug_m7_0\Obj\evtgen_3404189088603873129.dir\cy_evtgen.o
#        D:\Dsektop\luntui\luntui\iar\Debug_m7_0\Obj\flash_8529866181315662935.dir\cy_flash.o
#        D:\Dsektop\luntui\luntui\iar\Debug_m7_0\Obj\gpio_3999404635324069351.dir\cy_gpio.o
#        D:\Dsektop\luntui\luntui\iar\Debug_m7_0\Obj\audioss_1346650047966882938.dir\cy_i2s.o
#        D:\Dsektop\luntui\luntui\iar\Debug_m7_0\Obj\rev_b_6162237342861132223.dir\cy_interrupt_map.o
#        D:\Dsektop\luntui\luntui\iar\Debug_m7_0\Obj\ipc_10145506163450686023.dir\cy_ipc_drv.o
#        D:\Dsektop\luntui\luntui\iar\Debug_m7_0\Obj\ipc_10145506163450686023.dir\cy_ipc_pipe.o
#        D:\Dsektop\luntui\luntui\iar\Debug_m7_0\Obj\ipc_10145506163450686023.dir\cy_ipc_sema.o
#        D:\Dsektop\luntui\luntui\iar\Debug_m7_0\Obj\lin_18429031207028094880.dir\cy_lin.o
#        D:\Dsektop\luntui\luntui\iar\Debug_m7_0\Obj\lvd_6353935867039560245.dir\cy_lvd.o
#        D:\Dsektop\luntui\luntui\iar\Debug_m7_0\Obj\mcwdt_4052485907822033969.dir\cy_mcwdt.o
#        D:\Dsektop\luntui\luntui\iar\Debug_m7_0\Obj\dma_12106025507578611576.dir\cy_mdma.o
#        D:\Dsektop\luntui\luntui\iar\Debug_m7_0\Obj\mpu_5663187252346826382.dir\cy_mpu.o
#        D:\Dsektop\luntui\luntui\iar\Debug_m7_0\Obj\flash_864493325053435817.dir\cy_mw_flash.o
#        D:\Dsektop\luntui\luntui\iar\Debug_m7_0\Obj\dma_12106025507578611576.dir\cy_pdma.o
#        D:\Dsektop\luntui\luntui\iar\Debug_m7_0\Obj\power_14453085144426420577.dir\cy_power.o
#        D:\Dsektop\luntui\luntui\iar\Debug_m7_0\Obj\prot_10722960861768657883.dir\cy_prot.o
#        D:\Dsektop\luntui\luntui\iar\Debug_m7_0\Obj\scb_15490842639181808494.dir\cy_scb_common.o
#        D:\Dsektop\luntui\luntui\iar\Debug_m7_0\Obj\scb_15490842639181808494.dir\cy_scb_ezi2c.o
#        D:\Dsektop\luntui\luntui\iar\Debug_m7_0\Obj\scb_15490842639181808494.dir\cy_scb_i2c.o
#        D:\Dsektop\luntui\luntui\iar\Debug_m7_0\Obj\scb_15490842639181808494.dir\cy_scb_spi.o
#        D:\Dsektop\luntui\luntui\iar\Debug_m7_0\Obj\scb_15490842639181808494.dir\cy_scb_uart.o
#        D:\Dsektop\luntui\luntui\iar\Debug_m7_0\Obj\sd_host_2982766354293506895.dir\cy_sd_host.o
#        D:\Dsektop\luntui\luntui\iar\Debug_m7_0\Obj\semihosting_143864889731838620.dir\cy_semihosting.o
#        D:\Dsektop\luntui\luntui\iar\Debug_m7_0\Obj\smartio_5451710003740070188.dir\cy_smartio.o
#        D:\Dsektop\luntui\luntui\iar\Debug_m7_0\Obj\smif_427648126384146252.dir\cy_smif.o
#        D:\Dsektop\luntui\luntui\iar\Debug_m7_0\Obj\smif_mem_6470536964353725183.dir\cy_smif_device_common.o
#        D:\Dsektop\luntui\luntui\iar\Debug_m7_0\Obj\smif_mem_6470536964353725183.dir\cy_smif_hb_flash.o
#        D:\Dsektop\luntui\luntui\iar\Debug_m7_0\Obj\smif_427648126384146252.dir\cy_smif_memslot.o
#        D:\Dsektop\luntui\luntui\iar\Debug_m7_0\Obj\smif_mem_6470536964353725183.dir\cy_smif_s25fl.o
#        D:\Dsektop\luntui\luntui\iar\Debug_m7_0\Obj\smif_mem_6470536964353725183.dir\cy_smif_s25fs.o
#        D:\Dsektop\luntui\luntui\iar\Debug_m7_0\Obj\smif_mem_6470536964353725183.dir\cy_smif_semp.o
#        D:\Dsektop\luntui\luntui\iar\Debug_m7_0\Obj\smif_427648126384146252.dir\cy_smif_ver_specific.o
#        D:\Dsektop\luntui\luntui\iar\Debug_m7_0\Obj\srom_13018798572330080582.dir\cy_srom.o
#        D:\Dsektop\luntui\luntui\iar\Debug_m7_0\Obj\sw_timer_4215635015939382130.dir\cy_sw_tmr.o
#        D:\Dsektop\luntui\luntui\iar\Debug_m7_0\Obj\sysclk_16149231235676103872.dir\cy_sysclk.o
#        D:\Dsektop\luntui\luntui\iar\Debug_m7_0\Obj\sysflt_12293435975120599261.dir\cy_sysflt.o
#        D:\Dsektop\luntui\luntui\iar\Debug_m7_0\Obj\sysint_7435970359207984181.dir\cy_sysint.o
#        D:\Dsektop\luntui\luntui\iar\Debug_m7_0\Obj\syslib_16330585751512546975.dir\cy_syslib.o
#        D:\Dsektop\luntui\luntui\iar\Debug_m7_0\Obj\syslib_16330585751512546975.dir\cy_syslib_iar.o
#        D:\Dsektop\luntui\luntui\iar\Debug_m7_0\Obj\syspm_10887939769544754770.dir\cy_syspm.o
#        D:\Dsektop\luntui\luntui\iar\Debug_m7_0\Obj\sysreghc_17676636058511625587.dir\cy_sysreghc.o
#        D:\Dsektop\luntui\luntui\iar\Debug_m7_0\Obj\sysreset_14586141425677365288.dir\cy_sysreset.o
#        D:\Dsektop\luntui\luntui\iar\Debug_m7_0\Obj\sysrtc_10747768817563771611.dir\cy_sysrtc.o
#        D:\Dsektop\luntui\luntui\iar\Debug_m7_0\Obj\systick_16016591671695740695.dir\cy_systick.o
#        D:\Dsektop\luntui\luntui\iar\Debug_m7_0\Obj\syswdt_9118657615806274156.dir\cy_syswdt.o
#        D:\Dsektop\luntui\luntui\iar\Debug_m7_0\Obj\tcpwm_422923530147891246.dir\cy_tcpwm.o
#        D:\Dsektop\luntui\luntui\iar\Debug_m7_0\Obj\tcpwm_422923530147891246.dir\cy_tcpwm_counter.o
#        D:\Dsektop\luntui\luntui\iar\Debug_m7_0\Obj\tcpwm_422923530147891246.dir\cy_tcpwm_pwm.o
#        D:\Dsektop\luntui\luntui\iar\Debug_m7_0\Obj\tcpwm_422923530147891246.dir\cy_tcpwm_quaddec.o
#        D:\Dsektop\luntui\luntui\iar\Debug_m7_0\Obj\tcpwm_422923530147891246.dir\cy_tcpwm_sr.o
#        D:\Dsektop\luntui\luntui\iar\Debug_m7_0\Obj\trigmux_9729677290734583340.dir\cy_trigmux.o
#        D:\Dsektop\luntui\luntui\iar\Debug_m7_0\Obj\ethernet_6029839089178797009.dir\edd.o
#        D:\Dsektop\luntui\luntui\iar\Debug_m7_0\Obj\ethernet_6029839089178797009.dir\edd_rx.o
#        D:\Dsektop\luntui\luntui\iar\Debug_m7_0\Obj\ethernet_6029839089178797009.dir\edd_tx.o
#        D:\Dsektop\luntui\luntui\iar\Debug_m7_0\Obj\code_17896468042025673432.dir\filt.o
#        D:\Dsektop\luntui\luntui\iar\Debug_m7_0\Obj\code_17896468042025673432.dir\function.o
#        D:\Dsektop\luntui\luntui\iar\Debug_m7_0\Obj\code_17896468042025673432.dir\key_app.o
#        D:\Dsektop\luntui\luntui\iar\Debug_m7_0\Obj\user_8514941877209965082.dir\main_cm7_0.o
#        D:\Dsektop\luntui\luntui\iar\Debug_m7_0\Obj\code_17896468042025673432.dir\moter.o
#        D:\Dsektop\luntui\luntui\iar\Debug_m7_0\Obj\code_17896468042025673432.dir\pid.o
#        D:\Dsektop\luntui\luntui\iar\Debug_m7_0\Obj\code_17896468042025673432.dir\scheduler.o
#        D:\Dsektop\luntui\luntui\iar\Debug_m7_0\Obj\zf_components_14936052685886095442.dir\seekfree_assistant.o
#        D:\Dsektop\luntui\luntui\iar\Debug_m7_0\Obj\zf_components_14936052685886095442.dir\seekfree_assistant_interface.o
#        D:\Dsektop\luntui\luntui\iar\Debug_m7_0\Obj\code_17896468042025673432.dir\Servo.o
#        D:\Dsektop\luntui\luntui\iar\Debug_m7_0\Obj\code_17896468042025673432.dir\small_driver_uart_control.o
#        D:\Dsektop\luntui\luntui\iar\Debug_m7_0\Obj\startup_479057977785470282.dir\startup.o
#        D:\Dsektop\luntui\luntui\iar\Debug_m7_0\Obj\startup_479057977785470282.dir\startup_cm7.o
#        D:\Dsektop\luntui\luntui\iar\Debug_m7_0\Obj\rev_b_4986922561640112550.dir\system_tviibh4m_cm7.o
#        D:\Dsektop\luntui\luntui\iar\Debug_m7_0\Obj\code_17896468042025673432.dir\uart.o
#        D:\Dsektop\luntui\luntui\iar\Debug_m7_0\Obj\code_17896468042025673432.dir\vmc.o
#        D:\Dsektop\luntui\luntui\iar\Debug_m7_0\Obj\zf_common_1201165462030747823.dir\zf_common_clock.o
#        D:\Dsektop\luntui\luntui\iar\Debug_m7_0\Obj\zf_common_1201165462030747823.dir\zf_common_debug.o
#        D:\Dsektop\luntui\luntui\iar\Debug_m7_0\Obj\zf_common_1201165462030747823.dir\zf_common_fifo.o
#        D:\Dsektop\luntui\luntui\iar\Debug_m7_0\Obj\zf_common_1201165462030747823.dir\zf_common_font.o
#        D:\Dsektop\luntui\luntui\iar\Debug_m7_0\Obj\zf_common_1201165462030747823.dir\zf_common_function.o
#        D:\Dsektop\luntui\luntui\iar\Debug_m7_0\Obj\zf_common_1201165462030747823.dir\zf_common_interrupt.o
#        D:\Dsektop\luntui\luntui\iar\Debug_m7_0\Obj\zf_device_6570275422786408770.dir\zf_device_ble6a20.o
#        D:\Dsektop\luntui\luntui\iar\Debug_m7_0\Obj\zf_device_6570275422786408770.dir\zf_device_dl1a.o
#        D:\Dsektop\luntui\luntui\iar\Debug_m7_0\Obj\zf_device_6570275422786408770.dir\zf_device_dl1b.o
#        D:\Dsektop\luntui\luntui\iar\Debug_m7_0\Obj\zf_device_6570275422786408770.dir\zf_device_gnss.o
#        D:\Dsektop\luntui\luntui\iar\Debug_m7_0\Obj\zf_device_6570275422786408770.dir\zf_device_icm20602.o
#        D:\Dsektop\luntui\luntui\iar\Debug_m7_0\Obj\zf_device_6570275422786408770.dir\zf_device_imu660ra.o
#        D:\Dsektop\luntui\luntui\iar\Debug_m7_0\Obj\zf_device_6570275422786408770.dir\zf_device_imu660rb.o
#        D:\Dsektop\luntui\luntui\iar\Debug_m7_0\Obj\zf_device_6570275422786408770.dir\zf_device_imu660rc.o
#        D:\Dsektop\luntui\luntui\iar\Debug_m7_0\Obj\zf_device_6570275422786408770.dir\zf_device_imu963ra.o
#        D:\Dsektop\luntui\luntui\iar\Debug_m7_0\Obj\zf_device_6570275422786408770.dir\zf_device_ips114.o
#        D:\Dsektop\luntui\luntui\iar\Debug_m7_0\Obj\zf_device_6570275422786408770.dir\zf_device_ips200.o
#        D:\Dsektop\luntui\luntui\iar\Debug_m7_0\Obj\zf_device_6570275422786408770.dir\zf_device_ips200pro.o
#        D:\Dsektop\luntui\luntui\iar\Debug_m7_0\Obj\zf_device_6570275422786408770.dir\zf_device_key.o
#        D:\Dsektop\luntui\luntui\iar\Debug_m7_0\Obj\zf_device_6570275422786408770.dir\zf_device_menc15a.o
#        D:\Dsektop\luntui\luntui\iar\Debug_m7_0\Obj\zf_device_6570275422786408770.dir\zf_device_mt9v03x.o
#        D:\Dsektop\luntui\luntui\iar\Debug_m7_0\Obj\zf_device_6570275422786408770.dir\zf_device_oled.o
#        D:\Dsektop\luntui\luntui\iar\Debug_m7_0\Obj\zf_device_6570275422786408770.dir\zf_device_tft180.o
#        D:\Dsektop\luntui\luntui\iar\Debug_m7_0\Obj\zf_device_6570275422786408770.dir\zf_device_tsl1401.o
#        D:\Dsektop\luntui\luntui\iar\Debug_m7_0\Obj\zf_device_6570275422786408770.dir\zf_device_type.o
#        D:\Dsektop\luntui\luntui\iar\Debug_m7_0\Obj\zf_device_6570275422786408770.dir\zf_device_uart_receiver.o
#        D:\Dsektop\luntui\luntui\iar\Debug_m7_0\Obj\zf_device_6570275422786408770.dir\zf_device_wifi_spi.o
#        D:\Dsektop\luntui\luntui\iar\Debug_m7_0\Obj\zf_device_6570275422786408770.dir\zf_device_wifi_uart.o
#        D:\Dsektop\luntui\luntui\iar\Debug_m7_0\Obj\zf_device_6570275422786408770.dir\zf_device_wireless_uart.o
#        D:\Dsektop\luntui\luntui\iar\Debug_m7_0\Obj\zf_driver_11922370083829174090.dir\zf_driver_adc.o
#        D:\Dsektop\luntui\luntui\iar\Debug_m7_0\Obj\zf_driver_11922370083829174090.dir\zf_driver_delay.o
#        D:\Dsektop\luntui\luntui\iar\Debug_m7_0\Obj\zf_driver_11922370083829174090.dir\zf_driver_dma.o
#        D:\Dsektop\luntui\luntui\iar\Debug_m7_0\Obj\zf_driver_11922370083829174090.dir\zf_driver_encoder.o
#        D:\Dsektop\luntui\luntui\iar\Debug_m7_0\Obj\zf_driver_11922370083829174090.dir\zf_driver_exti.o
#        D:\Dsektop\luntui\luntui\iar\Debug_m7_0\Obj\zf_driver_11922370083829174090.dir\zf_driver_flash.o
#        D:\Dsektop\luntui\luntui\iar\Debug_m7_0\Obj\zf_driver_11922370083829174090.dir\zf_driver_gpio.o
#        D:\Dsektop\luntui\luntui\iar\Debug_m7_0\Obj\zf_driver_11922370083829174090.dir\zf_driver_ipc.o
#        D:\Dsektop\luntui\luntui\iar\Debug_m7_0\Obj\zf_driver_11922370083829174090.dir\zf_driver_pit.o
#        D:\Dsektop\luntui\luntui\iar\Debug_m7_0\Obj\zf_driver_11922370083829174090.dir\zf_driver_pwm.o
#        D:\Dsektop\luntui\luntui\iar\Debug_m7_0\Obj\zf_driver_11922370083829174090.dir\zf_driver_soft_iic.o
#        D:\Dsektop\luntui\luntui\iar\Debug_m7_0\Obj\zf_driver_11922370083829174090.dir\zf_driver_soft_spi.o
#        D:\Dsektop\luntui\luntui\iar\Debug_m7_0\Obj\zf_driver_11922370083829174090.dir\zf_driver_spi.o
#        D:\Dsektop\luntui\luntui\iar\Debug_m7_0\Obj\zf_driver_11922370083829174090.dir\zf_driver_timer.o
#        D:\Dsektop\luntui\luntui\iar\Debug_m7_0\Obj\zf_driver_11922370083829174090.dir\zf_driver_uart.o
#        --no_out_extension -o
#        D:\Dsektop\luntui\luntui\iar\project_config\Debug_m7_0\Exe\cyt4bb7_cm_7_0.out
#        --config_def _CORE_cm7_0_=0 --config_def _LINK_flash_=0 --map
#        D:\Dsektop\luntui\luntui\iar\Debug_m7_0\List\cyt4bb7_cm_7_0.map
#        --config
#        D:\Dsektop\luntui\luntui\iar\project_config\..\icf\linker_directives_tviibh.icf
#        --semihosting
#        D:\Dsektop\luntui\luntui\iar\project_config\..\..\..\libraries\sdk\tviibh4m\src\drivers\crypto\libs\libcrypto_server_cm0plus_iar.a
#        D:\Dsektop\luntui\luntui\iar\project_config\..\..\..\libraries\zf_device\zf_device_config.a
#        D:\Dsektop\luntui\luntui\iar\project_config\..\..\..\libraries\sdk\common\hdr\cmsis\dsp\iar_cortexM7lf_math.a
#        --entry __iar_program_start --vfe --text_out locale --cpu=Cortex-M7
#        --fpu=VFPv5_d16) --dependencies=n
#        D:\Dsektop\luntui\luntui\iar\project_config\Debug_m7_0\Exe\cyt4bb7_cm_7_0.out.iar_deps
#
###############################################################################

*******************************************************************************
*** RUNTIME MODEL ATTRIBUTES
***

CppFlavor       = *
__CPP_Runtime   = 1
__Heap_Handler  = Basic
__SystemLibrary = DLib
__dlib_version  = 6


*******************************************************************************
*** HEAP SELECTION
***

The basic heap was selected because --advanced_heap
was not specified and the application did not appear to
be primarily optimized for speed.


*******************************************************************************
*** PLACEMENT SUMMARY
***

"A0":  place at start of [from 0x1008'0000 to 0x1027'ffff] { section .intvec };
"P1":  place in [from 0x1008'0000 to 0x1027'ffff] { ro };
"P2":  place in [from 0x2802'0000 to 0x2807'ffff] { rw };
define block HEAP with size = 1K, alignment = 8 { };
define block CSTACK with size = 8K, alignment = 8 { };
define block HEAP_STACK { block HEAP, last block CSTACK };
"A1":  place at end of [from 0x2802'0000 to 0x2807'ffff] { block HEAP_STACK };
do not initialize { section .intvec_ram };
initialize by copy { rw };

No sections matched the following patterns:

  ro section .sflash_app_prot  in "P6"
  ro section .sflash_nar       in "P4"
  ro section .sflash_pkey      in "P5"
  ro section .sflash_toc2      in "P7"
  ro section .sflash_uf_rows   in "P3"
  ro section .work_flash       in "P8"
  section .global_ram_data     in "P9"


  Section            Kind         Address      Size  Object
  -------            ----         -------      ----  ------
"A0":                                          0x80
  .intvec            ro code  0x1008'0000      0x80  startup_cm7.o [31]
                            - 0x1008'0080      0x80

"P1":                                      0xf'45f7
  .rodata            const    0x1008'0080  0x7'39f4  vmc.o [5]
  .rodata            const    0x100f'3a74  0x7'39f4  vmc.o [5]
  .text              ro code  0x1016'7468     0xf3c  zf_device_tft180.o [48]
  .text              ro code  0x1016'83a4     0xe1c  zf_driver_spi.o [49]
  .text              ro code  0x1016'91c0     0x478  zf_common_debug.o [46]
  .text              ro code  0x1016'9638      0x16  vla_alloc.o [50]
  .text              ro code  0x1016'964e      0x7e  lz77_init_single.o [52]
  .text              ro code  0x1016'96cc      0x66  ABImemset.o [52]
  .text              ro code  0x1016'9732      0x1a  xsnprout.o [50]
  .text              ro code  0x1016'974c     0x290  zf_common_function.o [46]
  .text              ro code  0x1016'99dc     0x110  zf_driver_gpio.o [49]
  .text              ro code  0x1016'9aec     0x2d8  zf_driver_delay.o [49]
  .text              ro code  0x1016'9dc4     0x230  I64DivMod.o [52]
  .text              ro code  0x1016'9ff4     0x194  cy_gpio.o [14]
  .text              ro code  0x1016'a188     0x1f0  cy_scb_spi.o [24]
  .text              ro code  0x1016'a378     0x828  zf_driver_uart.o [49]
  .text              ro code  0x1016'aba0      0x36  strlen.o [52]
  .text              ro code  0x1016'abd6       0xa  xsprout.o [50]
  .text              ro code  0x1016'abe0      0x40  sprintf.o [50]
  .text              ro code  0x1016'ac20     0x610  zf_common_fifo.o [46]
  .text              ro code  0x1016'b230      0xe2  zf_common_interrupt.o [46]
  .text              ro code  0x1016'b314     0x13c  heap0.o [50]
  .text              ro code  0x1016'b450       0x6  abort.o [50]
  .text              ro code  0x1016'b456       0x4  heaptramp0.o [50]
  .text              ro code  0x1016'b45c     0x1b8  cy_tcpwm_counter.o [43]
  .text              ro code  0x1016'b614       0xc  cy_tcpwm.o [43]
  .text              ro code  0x1016'b620       0x2  I64DivZer.o [52]
  .text              ro code  0x1016'b624       0x6  ABImemclr4.o [52]
  .text              ro code  0x1016'b62c     0x314  cy_scb_uart.o [24]
  .text              ro code  0x1016'b940     0xeae  xprintffull_nomb.o [50]
  .text              ro code  0x1016'c7f0      0xa6  ABImemcpy.o [52]
  .text              ro code  0x1016'c898     0xe18  zf_driver_pwm.o [49]
  .text              ro code  0x1016'd6b0      0xac  cy_sysint.o [35]
  .text              ro code  0x1016'd75c      0x2c  xgetmemchunk.o [50]
  .text              ro code  0x1016'd788      0x14  exit.o [53]
  .text              ro code  0x1016'd79c      0x32  ABImemset48.o [52]
  .text              ro code  0x1016'd7d0      0x16  strchr.o [52]
  .text              ro code  0x1016'd7e8      0x40  xfail_s.o [50]
  .text              ro code  0x1016'd828      0x58  memchr.o [52]
  .text              ro code  0x1016'd880      0x70  frexp.o [51]
  .text              ro code  0x1016'd8f0      0x34  DblCmpLe.o [51]
  .text              ro code  0x1016'd924      0x34  DblCmpGe.o [51]
  .text              ro code  0x1016'd958     0x104  ldexp.o [51]
  .text              ro code  0x1016'da5c       0xe  DblToS32.o [51]
  .text              ro code  0x1016'da6a       0xe  S32ToDbl.o [51]
  .text              ro code  0x1016'da78      0x12  DblSub.o [51]
  .text              ro code  0x1016'da8a      0x12  DblDiv.o [51]
  .text              ro code  0x1016'da9c       0xe  DblToU32.o [51]
  .text              ro code  0x1016'daaa       0xe  U32ToDbl.o [51]
  .text              ro code  0x1016'dab8      0x12  DblMul.o [51]
  .text              ro code  0x1016'dacc     0x20a  cy_tcpwm_pwm.o [43]
  .text              ro code  0x1016'dcd8     0xdac  auto_menu.o [5]
  .text              ro code  0x1016'ea84      0x48  FltToS64.o [51]
  .text              ro code  0x1016'eacc      0x5a  S64ToFlt.o [51]
  .text              ro code  0x1016'eb28     0x8e8  control.o [5]
  .text              ro code  0x1016'f410     0x3ca  pid.o [5]
  .text              ro code  0x1016'f7dc     0x17a  small_driver_uart_control.o [5]
  .text              ro code  0x1016'f958     0x740  Servo.o [5]
  .text              ro code  0x1017'0098     0x194  vmc.o [5]
  .text              ro code  0x1017'022c      0x62  round.o [51]
  .text              ro code  0x1017'0290     0x8e8  cy_sysclk.o [33]
  .text              ro code  0x1017'0b78      0x70  strncpy.o [52]
  .text              ro code  0x1017'0be8      0xa8  cy_syslib.o [36]
  .text              ro code  0x1017'0c90       0x2  cy_syslib.o [36]
  .rodata            const    0x1017'0c94     0x5f0  zf_common_font.o [46]
  .text              ro code  0x1017'1284     0x548  zf_device_imu660rc.o [48]
  .text              ro code  0x1017'17cc      0x1e  sqrtf.o [51]
  .text              ro code  0x1017'17ec      0x6a  atan2f.o [51]
  .text              ro code  0x1017'1858      0x5c  asinf.o [51]
  .text              ro code  0x1017'18b4      0xdc  zf_driver_exti.o [49]
  .text              ro code  0x1017'1990      0xa4  xatanf.o [51]
  .text              ro code  0x1017'1a34     0x398  zf_driver_pit.o [49]
  .text              ro code  0x1017'1dcc     0x294  zf_driver_timer.o [49]
  .text              ro code  0x1017'2060     0x284  cm7_0_isr.o [45]
  .text              ro code  0x1017'22e4     0x228  filt.o [5]
  .text              ro code  0x1017'250c      0x7c  zf_device_tsl1401.o [48]
  .text              ro code  0x1017'2588      0xfe  main_cm7_0.o [45]
  .text              ro code  0x1017'2688     0x114  zf_device_gnss.o [48]
  .text              ro code  0x1017'279c      0x74  zf_driver_adc.o [49]
  .text              ro code  0x1017'2810      0x1c  zf_common_clock.o [46]
  .text              ro code  0x1017'282c      0x28  printf.o [50]
  .text              ro code  0x1017'2854      0x40  beep.o [5]
  .text              ro code  0x1017'2894      0xc8  key_app.o [5]
  .text              ro code  0x1017'295c      0x94  seekfree_assistant_interface.o [47]
  .text              ro code  0x1017'29f0     0x11c  scheduler.o [5]
  .text              ro code  0x1017'2b0c      0x2a  strncmp.o [50]
  .text              ro code  0x1017'2b38     0x150  system_tviibh4m_cm7.o [22]
  .text              ro code  0x1017'2c88       0x8  startup_cm7.o [31]
  .text              ro code  0x1017'2c90       0x6  startup_cm7.o [31]
  .text              ro code  0x1017'2c98     0x240  zf_device_wifi_spi.o [48]
  .rodata            const    0x1017'2ed8     0x228  zf_common_font.o [46]
  .text              ro code  0x1017'3100     0x204  startup.o [31]
  .text              ro code  0x1017'3304     0x1cc  zf_device_wifi_uart.o [48]
  .text              ro code  0x1017'34d0      0x2c  strstr.o [50]
  .text              ro code  0x1017'34fc     0x198  cy_interrupt_map.o [23]
  .text              ro code  0x1017'3694     0x11c  uart.o [5]
  .text              ro code  0x1017'37b0      0x3c  vsnprint.o [50]
  .text              ro code  0x1017'37ec      0xbc  seekfree_assistant.o [47]
  .text              ro code  0x1017'38a8      0xb0  startup_cm7.o [31]
  .text              ro code  0x1017'3958      0x98  zf_device_ble6a20.o [48]
  .text              ro code  0x1017'39f0      0x98  zf_device_wireless_uart.o [48]
  .rodata            const    0x1017'3a88      0x4c  system_tviibh4m_cm7.o [22]
  .rodata            const    0x1017'3ad4      0x48  cy_sysclk.o [33]
  .rodata            const    0x1017'3b1c      0x48  cy_sysclk.o [33]
  .rodata            const    0x1017'3b64      0x40  zf_device_wireless_uart.o [48]
  .rodata            const    0x1017'3ba4      0x3c  zf_common_function.o [46]
  .rodata            const    0x1017'3be0      0x3c  zf_device_ble6a20.o [48]
  .rodata            const    0x1017'3c1c      0x3c  zf_device_imu660rc.o [48]
  .rodata            const    0x1017'3c58      0x3c  zf_device_tft180.o [48]
  .rodata            const    0x1017'3c94      0x3c  zf_device_wifi_spi.o [48]
  .rodata            const    0x1017'3cd0      0x3c  zf_device_wifi_uart.o [48]
  .rodata            const    0x1017'3d0c      0x38  zf_common_fifo.o [46]
  .rodata            const    0x1017'3d44      0x38  zf_driver_pwm.o [49]
  .rodata            const    0x1017'3d7c      0x38  zf_driver_spi.o [49]
  .rodata            const    0x1017'3db4      0x38  zf_driver_uart.o [49]
  .text              ro code  0x1017'3dec      0x38  zero_init3.o [52]
  .text              ro code  0x1017'3e24      0x28  data_init.o [52]
  .rodata            const    0x1017'3e4c      0x24  main_cm7_0.o [45]
  .text              ro code  0x1017'3e70      0x22  fpinit_M.o [51]
  .iar.init_table    const    0x1017'3e94      0x20  - Linker created -
  .rodata            const    0x1017'3eb4      0x20  main_cm7_0.o [45]
  .rodata            const    0x1017'3ed4      0x20  main_cm7_0.o [45]
  .rodata            const    0x1017'3ef4      0x20  main_cm7_0.o [45]
  .rodata            const    0x1017'3f14      0x20  scheduler.o [5]
  .text              ro code  0x1017'3f34      0x20  startup_cm7.o [31]
  .text              ro code  0x1017'3f54      0x20  putchar.o [50]
  .text              ro code  0x1017'3f80      0x1e  cy_syslib_iar.o [36]
  .text              ro code  0x1017'3fa0      0x1e  cmain.o [52]
  .text              ro code  0x1017'3fc0       0x4  startup_cm7.o [31]
  .text              ro code  0x1017'3fc4       0x4  exit.o [50]
  .text              ro code  0x1017'3fc8       0xa  cexit.o [52]
  .rodata            const    0x1017'3fd4      0x1c  scheduler.o [5]
  .rodata            const    0x1017'3ff0      0x1c  uart.o [5]
  .rodata            const    0x1017'400c      0x1c  zf_common_debug.o [46]
  .rodata            const    0x1017'4028      0x1c  zf_device_imu660rc.o [48]
  .text              ro code  0x1017'4044      0x1c  startup_cm7.o [31]
  .text              ro code  0x1017'4060      0x1c  cstartup_M.o [52]
  .rodata            const    0x1017'407c      0x18  main_cm7_0.o [45]
  .rodata            const    0x1017'4094      0x18  main_cm7_0.o [45]
  .rodata            const    0x1017'40ac      0x18  startup.o [31]
  .rodata            const    0x1017'40c4      0x18  system_tviibh4m_cm7.o [22]
  .rodata            const    0x1017'40dc      0x18  zf_common_debug.o [46]
  .text              ro code  0x1017'40f4      0x16  xprout.o [50]
  .rodata            const    0x1017'410c      0x14  uart.o [5]
  .rodata            const    0x1017'4120      0x10  zf_common_debug.o [46]
  .rodata            const    0x1017'4130      0x10  zf_common_debug.o [46]
  .rodata            const    0x1017'4140      0x10  zf_device_wifi_uart.o [48]
  .rodata            const    0x1017'4150       0xc  auto_menu.o [5]
  .rodata            const    0x1017'415c       0xc  auto_menu.o [5]
  .rodata            const    0x1017'4168       0xc  uart.o [5]
  .rodata            const    0x1017'4174       0xc  zf_common_debug.o [46]
  .rodata            const    0x1017'4180       0xc  zf_common_debug.o [46]
  .rodata            const    0x1017'418c       0xc  zf_common_debug.o [46]
  .rodata            const    0x1017'4198       0xc  zf_device_wifi_uart.o [48]
  .text              ro code  0x1017'41a4       0xc  cy_syslib.o [36]
  .rodata            const    0x1017'41b0       0x8  auto_menu.o [5]
  .rodata            const    0x1017'41b8       0x8  auto_menu.o [5]
  .rodata            const    0x1017'41c0       0x8  auto_menu.o [5]
  .rodata            const    0x1017'41c8       0x8  auto_menu.o [5]
  .rodata            const    0x1017'41d0       0x8  auto_menu.o [5]
  .rodata            const    0x1017'41d8       0x8  auto_menu.o [5]
  .rodata            const    0x1017'41e0       0x8  auto_menu.o [5]
  .rodata            const    0x1017'41e8       0x8  auto_menu.o [5]
  .rodata            const    0x1017'41f0       0x8  auto_menu.o [5]
  .rodata            const    0x1017'41f8       0x8  auto_menu.o [5]
  .rodata            const    0x1017'4200       0x8  auto_menu.o [5]
  .rodata            const    0x1017'4208       0x8  auto_menu.o [5]
  .rodata            const    0x1017'4210       0x8  auto_menu.o [5]
  .rodata            const    0x1017'4218       0x8  auto_menu.o [5]
  .rodata            const    0x1017'4220       0x8  auto_menu.o [5]
  .rodata            const    0x1017'4228       0x8  auto_menu.o [5]
  .rodata            const    0x1017'4230       0x8  auto_menu.o [5]
  .rodata            const    0x1017'4238       0x8  auto_menu.o [5]
  .rodata            const    0x1017'4240       0x8  cy_sysclk.o [33]
  .rodata            const    0x1017'4248       0x8  zf_device_wifi_uart.o [48]
  .rodata            const    0x1017'4250       0x8  zf_device_wifi_uart.o [48]
  .rodata            const    0x1017'4258       0x4  auto_menu.o [5]
  .rodata            const    0x1017'425c       0x4  auto_menu.o [5]
  .rodata            const    0x1017'4260       0x4  auto_menu.o [5]
  .rodata            const    0x1017'4264       0x4  auto_menu.o [5]
  .rodata            const    0x1017'4268       0x4  auto_menu.o [5]
  .rodata            const    0x1017'426c       0x4  auto_menu.o [5]
  .rodata            const    0x1017'4270       0x4  auto_menu.o [5]
  .rodata            const    0x1017'4274       0x4  auto_menu.o [5]
  .rodata            const    0x1017'4278       0x4  auto_menu.o [5]
  .rodata            const    0x1017'427c       0x4  cy_interrupt_map.o [23]
  .rodata            const    0x1017'4280       0x4  cy_interrupt_map.o [23]
  .rodata            const    0x1017'4284       0x4  cy_interrupt_map.o [23]
  .rodata            const    0x1017'4288       0x4  cy_interrupt_map.o [23]
  .rodata            const    0x1017'428c       0x4  cy_interrupt_map.o [23]
  .rodata            const    0x1017'4290       0x4  cy_interrupt_map.o [23]
  .rodata            const    0x1017'4294       0x4  cy_interrupt_map.o [23]
  .rodata            const    0x1017'4298       0x4  cy_interrupt_map.o [23]
  .rodata            const    0x1017'429c       0x4  cy_scb_spi.o [24]
  .rodata            const    0x1017'42a0       0x4  cy_scb_spi.o [24]
  .rodata            const    0x1017'42a4       0x4  cy_scb_spi.o [24]
  .rodata            const    0x1017'42a8       0x4  cy_scb_spi.o [24]
  .rodata            const    0x1017'42ac       0x4  cy_scb_uart.o [24]
  .rodata            const    0x1017'42b0       0x4  cy_scb_uart.o [24]
  .rodata            const    0x1017'42b4       0x4  cy_scb_uart.o [24]
  .rodata            const    0x1017'42b8       0x4  cy_scb_uart.o [24]
  .rodata            const    0x1017'42bc       0x4  cy_scb_uart.o [24]
  .rodata            const    0x1017'42c0       0x4  cy_scb_uart.o [24]
  .rodata            const    0x1017'42c4       0x4  cy_scb_uart.o [24]
  .rodata            const    0x1017'42c8       0x4  cy_scb_uart.o [24]
  .rodata            const    0x1017'42cc       0x4  cy_scb_uart.o [24]
  .rodata            const    0x1017'42d0       0x4  cy_scb_uart.o [24]
  .rodata            const    0x1017'42d4       0x4  cy_sysint.o [35]
  .rodata            const    0x1017'42d8       0x4  cy_sysint.o [35]
  .rodata            const    0x1017'42dc       0x4  cy_tcpwm_counter.o [43]
  .rodata            const    0x1017'42e0       0x4  cy_tcpwm_counter.o [43]
  .rodata            const    0x1017'42e4       0x4  cy_tcpwm_counter.o [43]
  .rodata            const    0x1017'42e8       0x4  cy_tcpwm_counter.o [43]
  .rodata            const    0x1017'42ec       0x4  cy_tcpwm_counter.o [43]
  .rodata            const    0x1017'42f0       0x4  cy_tcpwm_pwm.o [43]
  .rodata            const    0x1017'42f4       0x4  cy_tcpwm_pwm.o [43]
  .rodata            const    0x1017'42f8       0x4  cy_tcpwm_pwm.o [43]
  .rodata            const    0x1017'42fc       0x4  cy_tcpwm_pwm.o [43]
  .rodata            const    0x1017'4300       0x4  cy_tcpwm_pwm.o [43]
  .rodata            const    0x1017'4304       0x4  cy_tcpwm_pwm.o [43]
  .rodata            const    0x1017'4308       0x4  cy_tcpwm_pwm.o [43]
  .rodata            const    0x1017'430c       0x4  vmc.o [5]
  .rodata            const    0x1017'4310       0x4  vmc.o [5]
  .rodata            const    0x1017'4314       0x4  vmc.o [5]
  .rodata            const    0x1017'4318       0x4  vmc.o [5]
  .rodata            const    0x1017'431c       0x4  vmc.o [5]
  .rodata            const    0x1017'4320       0x4  vmc.o [5]
  .text              ro code  0x1017'4324       0x4  seekfree_assistant_interface.o [47]
  .text              ro code  0x1017'4328       0x4  seekfree_assistant_interface.o [47]
  .text              ro code  0x1017'432c       0x4  startup_cm7.o [31]
  .text              ro code  0x1017'4330       0x4  startup_cm7.o [31]
  .text              ro code  0x1017'4334       0x4  startup_cm7.o [31]
  .text              ro code  0x1017'4338       0x4  startup_cm7.o [31]
  .text              ro code  0x1017'433c       0x4  startup_cm7.o [31]
  .text              ro code  0x1017'4340       0x4  startup_cm7.o [31]
  .text              ro code  0x1017'4344       0x4  startup_cm7.o [31]
  .text              ro code  0x1017'4348       0x4  startup_cm7.o [31]
  .text              ro code  0x1017'434c       0x4  startup_cm7.o [31]
  .text              ro code  0x1017'4350       0x4  startup_cm7.o [31]
  .text              ro code  0x1017'4354       0x4  startup_cm7.o [31]
  .text              ro code  0x1017'4358       0x4  startup_cm7.o [31]
  .text              ro code  0x1017'435c       0x4  startup_cm7.o [31]
  .text              ro code  0x1017'4360       0x4  startup_cm7.o [31]
  .text              ro code  0x1017'4364       0x4  startup_cm7.o [31]
  .text              ro code  0x1017'4368       0x2  zf_device_type.o [48]
  .rodata            const    0x1017'436a       0x0  zero_init3.o [52]
  .rodata            const    0x1017'436a       0x0  lz77_init_single.o [52]
  Initializer bytes  const    0x1017'436a     0x2e3  <for P2-1>
                            - 0x1017'464d  0xf'45cd

"P2", part 1 of 3:                            0xd12
  P2-1                        0x2802'0000     0xd12  <Init block>
    .data            inited   0x2802'0000      0xe0  auto_menu.o [5]
    .data            inited   0x2802'00e0     0x100  auto_menu.o [5]
    .data            inited   0x2802'01e0      0xe0  auto_menu.o [5]
    .data            inited   0x2802'02c0      0xc0  auto_menu.o [5]
    .data            inited   0x2802'0380      0xe0  auto_menu.o [5]
    .data            inited   0x2802'0460      0x3c  auto_menu.o [5]
    .data            inited   0x2802'049c       0x4  control.o [5]
    .data            inited   0x2802'04a0       0x4  control.o [5]
    .data            inited   0x2802'04a4       0x4  control.o [5]
    .data            inited   0x2802'04a8       0x4  control.o [5]
    .data            inited   0x2802'04ac       0x4  control.o [5]
    .data            inited   0x2802'04b0       0x4  control.o [5]
    .data            inited   0x2802'04b4     0x6ec  cy_interrupt_map.o [23]
    .data            inited   0x2802'0ba0       0x4  cy_interrupt_map.o [23]
    .data            inited   0x2802'0ba4      0x54  scheduler.o [5]
    .data            inited   0x2802'0bf8      0x18  seekfree_assistant.o [47]
    .data            inited   0x2802'0c10       0x4  seekfree_assistant.o [47]
    .data            inited   0x2802'0c14       0x4  seekfree_assistant.o [47]
    .data            inited   0x2802'0c18       0x4  Servo.o [5]
    .data            inited   0x2802'0c1c       0x4  zf_device_type.o [48]
    .data            inited   0x2802'0c20       0xc  zf_driver_adc.o [49]
    .data            inited   0x2802'0c2c      0x60  zf_driver_exti.o [49]
    .data            inited   0x2802'0c8c      0x3c  zf_driver_pit.o [49]
    .data            inited   0x2802'0cc8      0x10  zf_driver_spi.o [49]
    .data            inited   0x2802'0cd8      0x14  zf_driver_uart.o [49]
    .data            inited   0x2802'0cec      0x14  zf_driver_uart.o [49]
    .data            inited   0x2802'0d00       0x2  Servo.o [5]
    .data            inited   0x2802'0d02       0x2  zf_device_tft180.o [48]
    .data            inited   0x2802'0d04       0x2  zf_device_tft180.o [48]
    .data            inited   0x2802'0d06       0x2  zf_device_tft180.o [48]
    .data            inited   0x2802'0d08       0x2  zf_device_tft180.o [48]
    .data            inited   0x2802'0d0a       0x2  zf_driver_delay.o [49]
    .data            inited   0x2802'0d0c       0x1  auto_menu.o [5]
    .data            inited   0x2802'0d0d       0x1  control.o [5]
    .data            inited   0x2802'0d0e       0x1  key_app.o [5]
    .data            inited   0x2802'0d0f       0x1  zf_common_debug.o [46]
    .data            inited   0x2802'0d10       0x1  zf_device_tft180.o [48]
    .data            inited   0x2802'0d11       0x1  zf_driver_delay.o [49]
                            - 0x2802'0d12     0xd12

"P2", part 2 of 3:                            0xb64
  .bss               zero     0x2802'0d14     0x200  zf_device_tsl1401.o [48]
  .bss               zero     0x2802'0f14     0x118  zf_driver_uart.o [49]
  .bss               zero     0x2802'102c      0x94  zf_device_wifi_uart.o [48]
  .bss               zero     0x2802'10c0      0x80  seekfree_assistant.o [47]
  .bss               zero     0x2802'1140      0x80  zf_device_gnss.o [48]
  .bss               zero     0x2802'11c0      0x80  zf_device_gnss.o [48]
  .bss               zero     0x2802'1240      0x80  zf_device_gnss.o [48]
  .bss               zero     0x2802'12c0      0x70  cy_syslib.o [36]
  .bss               zero     0x2802'1330      0x6c  control.o [5]
  .bss               zero     0x2802'139c      0x6c  control.o [5]
  .bss               zero     0x2802'1408      0x6c  control.o [5]
  .bss               zero     0x2802'1474      0x48  zf_driver_adc.o [49]
  .bss               zero     0x2802'14c0      0x40  auto_menu.o [5]
  .bss               zero     0x2802'1500      0x40  uart.o [5]
  .bss               zero     0x2802'1540      0x40  uart.o [5]
  .bss               zero     0x2802'1580      0x40  zf_common_debug.o [46]
  .bss               zero     0x2802'15c0      0x30  filt.o [5]
  .bss               zero     0x2802'15f0      0x20  seekfree_assistant.o [47]
  .bss               zero     0x2802'1610      0x18  cy_sysclk.o [33]
  .bss               zero     0x2802'1628      0x18  cy_syslib.o [36]
  .bss               zero     0x2802'1640      0x18  uart.o [5]
  .bss               zero     0x2802'1658      0x18  zf_common_debug.o [46]
  .bss               zero     0x2802'1670      0x18  zf_device_ble6a20.o [48]
  .bss               zero     0x2802'1688      0x18  zf_device_gnss.o [48]
  .bss               zero     0x2802'16a0      0x18  zf_device_wifi_spi.o [48]
  .bss               zero     0x2802'16b8      0x18  zf_device_wifi_uart.o [48]
  .bss               zero     0x2802'16d0      0x18  zf_device_wireless_uart.o [48]
  .bss               zero     0x2802'16e8      0x14  auto_menu.o [5]
  .bss               zero     0x2802'16fc      0x14  small_driver_uart_control.o [5]
  .bss               zero     0x2802'1710      0x14  zf_common_debug.o [46]
  .bss               zero     0x2802'1724      0x10  filt.o [5]
  .bss               zero     0x2802'1734      0x10  zf_device_imu660rc.o [48]
  .bss               zero     0x2802'1744       0xc  beep.o [5]
  .bss               zero     0x2802'1750       0xc  Servo.o [5]
  .bss               zero     0x2802'175c       0xc  Servo.o [5]
  .bss               zero     0x2802'1768       0xc  Servo.o [5]
  .bss               zero     0x2802'1774       0xc  Servo.o [5]
  .bss               zero     0x2802'1780       0x8  auto_menu.o [5]
  .bss               zero     0x2802'1788       0x8  seekfree_assistant.o [47]
  .bss               zero     0x2802'1790       0x8  zf_device_imu660rc.o [48]
  .bss               zero     0x2802'1798       0x8  heap0.o [50]
  .bss               zero     0x2802'17a0       0x4  cm7_0_isr.o [45]
  .bss               zero     0x2802'17a4       0x4  control.o [5]
  .bss               zero     0x2802'17a8       0x4  control.o [5]
  .bss               zero     0x2802'17ac       0x4  control.o [5]
  .bss               zero     0x2802'17b0       0x4  control.o [5]
  .bss               zero     0x2802'17b4       0x4  control.o [5]
  .bss               zero     0x2802'17b8       0x4  control.o [5]
  .bss               zero     0x2802'17bc       0x4  control.o [5]
  .bss               zero     0x2802'17c0       0x4  control.o [5]
  .bss               zero     0x2802'17c4       0x4  control.o [5]
  .bss               zero     0x2802'17c8       0x4  control.o [5]
  .bss               zero     0x2802'17cc       0x4  control.o [5]
  .bss               zero     0x2802'17d0       0x4  control.o [5]
  .bss               zero     0x2802'17d4       0x4  control.o [5]
  .bss               zero     0x2802'17d8       0x4  control.o [5]
  .bss               zero     0x2802'17dc       0x4  control.o [5]
  .bss               zero     0x2802'17e0       0x4  control.o [5]
  .bss               zero     0x2802'17e4       0x4  control.o [5]
  .bss               zero     0x2802'17e8       0x4  cy_syslib.o [36]
  .bss               zero     0x2802'17ec       0x4  Servo.o [5]
  .bss               zero     0x2802'17f0       0x4  Servo.o [5]
  .bss               zero     0x2802'17f4       0x4  Servo.o [5]
  .bss               zero     0x2802'17f8       0x4  Servo.o [5]
  .bss               zero     0x2802'17fc       0x4  Servo.o [5]
  .bss               zero     0x2802'1800       0x4  Servo.o [5]
  .bss               zero     0x2802'1804       0x4  Servo.o [5]
  .bss               zero     0x2802'1808       0x4  Servo.o [5]
  .bss               zero     0x2802'180c       0x4  Servo.o [5]
  .bss               zero     0x2802'1810       0x4  system_tviibh4m_cm7.o [22]
  .bss               zero     0x2802'1814       0x4  system_tviibh4m_cm7.o [22]
  .bss               zero     0x2802'1818       0x4  system_tviibh4m_cm7.o [22]
  .bss               zero     0x2802'181c       0x4  system_tviibh4m_cm7.o [22]
  .bss               zero     0x2802'1820       0x4  system_tviibh4m_cm7.o [22]
  .bss               zero     0x2802'1824       0x4  uart.o [5]
  .bss               zero     0x2802'1828       0x4  zf_common_clock.o [46]
  .bss               zero     0x2802'182c       0x4  zf_common_interrupt.o [46]
  .bss               zero     0x2802'1830       0x4  zf_device_imu660rc.o [48]
  .bss               zero     0x2802'1834       0x4  zf_device_imu660rc.o [48]
  .bss               zero     0x2802'1838       0x4  zf_device_imu660rc.o [48]
  .bss               zero     0x2802'183c       0x4  zf_driver_spi.o [49]
  .bss               zero     0x2802'1840       0x4  zf_driver_timer.o [49]
  .bss               zero     0x2802'1844       0x4  xgetmemchunk.o [50]
  .bss               zero     0x2802'1848       0x4  xfail_s.o [50]
  .bss               zero     0x2802'184c       0x2  control.o [5]
  .bss               zero     0x2802'184e       0x2  control.o [5]
  .bss               zero     0x2802'1850       0x2  Servo.o [5]
  .bss               zero     0x2802'1852       0x2  zf_device_imu660rc.o [48]
  .bss               zero     0x2802'1854       0x2  zf_device_imu660rc.o [48]
  .bss               zero     0x2802'1856       0x2  zf_device_imu660rc.o [48]
  .bss               zero     0x2802'1858       0x2  zf_device_imu660rc.o [48]
  .bss               zero     0x2802'185a       0x2  zf_device_imu660rc.o [48]
  .bss               zero     0x2802'185c       0x2  zf_device_imu660rc.o [48]
  .bss               zero     0x2802'185e       0x1  control.o [5]
  .bss               zero     0x2802'185f       0x1  control.o [5]
  .bss               zero     0x2802'1860       0x1  control.o [5]
  .bss               zero     0x2802'1861       0x1  control.o [5]
  .bss               zero     0x2802'1862       0x1  cy_sysclk.o [33]
  .bss               zero     0x2802'1863       0x1  key_app.o [5]
  .bss               zero     0x2802'1864       0x1  key_app.o [5]
  .bss               zero     0x2802'1865       0x1  key_app.o [5]
  .bss               zero     0x2802'1866       0x1  key_app.o [5]
  .bss               zero     0x2802'1867       0x1  scheduler.o [5]
  .bss               zero     0x2802'1868       0x1  zf_common_debug.o [46]
  .bss               zero     0x2802'1869       0x1  zf_common_debug.o [46]
  .bss               zero     0x2802'186a       0x1  zf_common_debug.o [46]
  .bss               zero     0x2802'186b       0x1  zf_device_gnss.o [48]
  .bss               zero     0x2802'186c       0x1  zf_device_gnss.o [48]
  .bss               zero     0x2802'186d       0x1  zf_device_gnss.o [48]
  .bss               zero     0x2802'186e       0x1  zf_device_gnss.o [48]
  .bss               zero     0x2802'186f       0x1  zf_device_gnss.o [48]
  .bss               zero     0x2802'1870       0x1  zf_device_imu660rc.o [48]
  .bss               zero     0x2802'1871       0x1  zf_device_tft180.o [48]
  .bss               zero     0x2802'1872       0x1  zf_device_tsl1401.o [48]
  .bss               zero     0x2802'1873       0x1  zf_device_tsl1401.o [48]
  .bss               zero     0x2802'1874       0x1  zf_device_wifi_spi.o [48]
                            - 0x2802'1875     0xb61

"P2", part 3 of 3:                             0x80
  .intvec_ram        uninit   0x2802'1880      0x80  startup_cm7.o [31]
                            - 0x2802'1900      0x80

"A1":                                        0x2400
  HEAP_STACK                  0x2807'dc00    0x2400  <Block>
    HEAP                      0x2807'dc00     0x400  <Block>
      HEAP           uninit   0x2807'dc00     0x400  <Block tail>
    CSTACK                    0x2807'e000    0x2000  <Block>
      CSTACK         uninit   0x2807'e000    0x2000  <Block tail>
                            - 0x2808'0000    0x2400

Unused ranges:

         From           To       Size
         ----           --       ----
  0x1017'4677  0x1027'ffff  0x10'b989
  0x2802'0d12  0x2802'0d13        0x2
  0x2802'1878  0x2802'187f        0x8
  0x2802'1900  0x2807'dbff   0x5'c300


*******************************************************************************
*** INIT TABLE
***

          Address      Size
          -------      ----
Zero (__iar_zero_init3)
    1 destination range, total size 0xb61:
          0x2802'0d14  0xb61

Copy/lz77 (__iar_lz77_init_single3)
    1 source range, total size 0x2e3 (22% of destination):
          0x1017'436a  0x2e3
    1 destination range, total size 0xd12:
          0x2802'0000  0xd12



*******************************************************************************
*** MODULE SUMMARY
***

    Module                          ro code  ro data  rw data
    ------                          -------  -------  -------
command line/config:
    ---------------------------------------------------------
    Total:

D:\Dsektop\luntui\luntui\iar\Debug_m7_0\Obj\adc_11722776235721520015.dir: [1]
    ---------------------------------------------------------
    Total:

D:\Dsektop\luntui\luntui\iar\Debug_m7_0\Obj\audioss_1346650047966882938.dir: [2]
    ---------------------------------------------------------
    Total:

D:\Dsektop\luntui\luntui\iar\Debug_m7_0\Obj\button_4990804375159372270.dir: [3]
    ---------------------------------------------------------
    Total:

D:\Dsektop\luntui\luntui\iar\Debug_m7_0\Obj\canfd_1800690984773873875.dir: [4]
    ---------------------------------------------------------
    Total:

D:\Dsektop\luntui\luntui\iar\Debug_m7_0\Obj\code_17896468042025673432.dir: [5]
    Servo.o                           1'856        1       92
    auto_menu.o                       3'500      464    1'273
    beep.o                               64                12
    control.o                         2'280        6      425
    filt.o                              552                64
    key_app.o                           200                 5
    pid.o                               970
    scheduler.o                         284       78       85
    small_driver_uart_control.o         378                20
    uart.o                              284       60      156
    vmc.o                               404  947'200
    ---------------------------------------------------------
    Total:                           10'772  947'809    2'132

D:\Dsektop\luntui\luntui\iar\Debug_m7_0\Obj\cpu_15938736945165268644.dir: [6]
    ---------------------------------------------------------
    Total:

D:\Dsektop\luntui\luntui\iar\Debug_m7_0\Obj\crypto_1190170608956581615.dir: [7]
    ---------------------------------------------------------
    Total:

D:\Dsektop\luntui\luntui\iar\Debug_m7_0\Obj\dma_12106025507578611576.dir: [8]
    ---------------------------------------------------------
    Total:

D:\Dsektop\luntui\luntui\iar\Debug_m7_0\Obj\eth_phy_18133017486186456677.dir: [9]
    ---------------------------------------------------------
    Total:

D:\Dsektop\luntui\luntui\iar\Debug_m7_0\Obj\ethernet_6029839089178797009.dir: [10]
    ---------------------------------------------------------
    Total:

D:\Dsektop\luntui\luntui\iar\Debug_m7_0\Obj\evtgen_3404189088603873129.dir: [11]
    ---------------------------------------------------------
    Total:

D:\Dsektop\luntui\luntui\iar\Debug_m7_0\Obj\flash_8529866181315662935.dir: [12]
    ---------------------------------------------------------
    Total:

D:\Dsektop\luntui\luntui\iar\Debug_m7_0\Obj\flash_864493325053435817.dir: [13]
    ---------------------------------------------------------
    Total:

D:\Dsektop\luntui\luntui\iar\Debug_m7_0\Obj\gpio_3999404635324069351.dir: [14]
    cy_gpio.o                           404
    ---------------------------------------------------------
    Total:                              404

D:\Dsektop\luntui\luntui\iar\Debug_m7_0\Obj\ipc_10145506163450686023.dir: [15]
    ---------------------------------------------------------
    Total:

D:\Dsektop\luntui\luntui\iar\Debug_m7_0\Obj\lin_18429031207028094880.dir: [16]
    ---------------------------------------------------------
    Total:

D:\Dsektop\luntui\luntui\iar\Debug_m7_0\Obj\lvd_6353935867039560245.dir: [17]
    ---------------------------------------------------------
    Total:

D:\Dsektop\luntui\luntui\iar\Debug_m7_0\Obj\mcwdt_4052485907822033969.dir: [18]
    ---------------------------------------------------------
    Total:

D:\Dsektop\luntui\luntui\iar\Debug_m7_0\Obj\mpu_5663187252346826382.dir: [19]
    ---------------------------------------------------------
    Total:

D:\Dsektop\luntui\luntui\iar\Debug_m7_0\Obj\power_14453085144426420577.dir: [20]
    ---------------------------------------------------------
    Total:

D:\Dsektop\luntui\luntui\iar\Debug_m7_0\Obj\prot_10722960861768657883.dir: [21]
    ---------------------------------------------------------
    Total:

D:\Dsektop\luntui\luntui\iar\Debug_m7_0\Obj\rev_b_4986922561640112550.dir: [22]
    system_tviibh4m_cm7.o               336      100       20
    ---------------------------------------------------------
    Total:                              336      100       20

D:\Dsektop\luntui\luntui\iar\Debug_m7_0\Obj\rev_b_6162237342861132223.dir: [23]
    cy_interrupt_map.o                  408      425    1'776
    ---------------------------------------------------------
    Total:                              408      425    1'776

D:\Dsektop\luntui\luntui\iar\Debug_m7_0\Obj\scb_15490842639181808494.dir: [24]
    cy_scb_spi.o                        496       16
    cy_scb_uart.o                       788       40
    ---------------------------------------------------------
    Total:                            1'284       56

D:\Dsektop\luntui\luntui\iar\Debug_m7_0\Obj\sd_host_2982766354293506895.dir: [25]
    ---------------------------------------------------------
    Total:

D:\Dsektop\luntui\luntui\iar\Debug_m7_0\Obj\semihosting_143864889731838620.dir: [26]
    ---------------------------------------------------------
    Total:

D:\Dsektop\luntui\luntui\iar\Debug_m7_0\Obj\smartio_5451710003740070188.dir: [27]
    ---------------------------------------------------------
    Total:

D:\Dsektop\luntui\luntui\iar\Debug_m7_0\Obj\smif_427648126384146252.dir: [28]
    ---------------------------------------------------------
    Total:

D:\Dsektop\luntui\luntui\iar\Debug_m7_0\Obj\smif_mem_6470536964353725183.dir: [29]
    ---------------------------------------------------------
    Total:

D:\Dsektop\luntui\luntui\iar\Debug_m7_0\Obj\srom_13018798572330080582.dir: [30]
    ---------------------------------------------------------
    Total:

D:\Dsektop\luntui\luntui\iar\Debug_m7_0\Obj\startup_479057977785470282.dir: [31]
    startup.o                           516       24
    startup_cm7.o                       442               128
    ---------------------------------------------------------
    Total:                              958       24      128

D:\Dsektop\luntui\luntui\iar\Debug_m7_0\Obj\sw_timer_4215635015939382130.dir: [32]
    ---------------------------------------------------------
    Total:

D:\Dsektop\luntui\luntui\iar\Debug_m7_0\Obj\sysclk_16149231235676103872.dir: [33]
    cy_sysclk.o                       2'280      152       25
    ---------------------------------------------------------
    Total:                            2'280      152       25

D:\Dsektop\luntui\luntui\iar\Debug_m7_0\Obj\sysflt_12293435975120599261.dir: [34]
    ---------------------------------------------------------
    Total:

D:\Dsektop\luntui\luntui\iar\Debug_m7_0\Obj\sysint_7435970359207984181.dir: [35]
    cy_sysint.o                         172        8
    ---------------------------------------------------------
    Total:                              172        8

D:\Dsektop\luntui\luntui\iar\Debug_m7_0\Obj\syslib_16330585751512546975.dir: [36]
    cy_syslib.o                         182               140
    cy_syslib_iar.o                      30
    ---------------------------------------------------------
    Total:                              212               140

D:\Dsektop\luntui\luntui\iar\Debug_m7_0\Obj\syspm_10887939769544754770.dir: [37]
    ---------------------------------------------------------
    Total:

D:\Dsektop\luntui\luntui\iar\Debug_m7_0\Obj\sysreghc_17676636058511625587.dir: [38]
    ---------------------------------------------------------
    Total:

D:\Dsektop\luntui\luntui\iar\Debug_m7_0\Obj\sysreset_14586141425677365288.dir: [39]
    ---------------------------------------------------------
    Total:

D:\Dsektop\luntui\luntui\iar\Debug_m7_0\Obj\sysrtc_10747768817563771611.dir: [40]
    ---------------------------------------------------------
    Total:

D:\Dsektop\luntui\luntui\iar\Debug_m7_0\Obj\systick_16016591671695740695.dir: [41]
    ---------------------------------------------------------
    Total:

D:\Dsektop\luntui\luntui\iar\Debug_m7_0\Obj\syswdt_9118657615806274156.dir: [42]
    ---------------------------------------------------------
    Total:

D:\Dsektop\luntui\luntui\iar\Debug_m7_0\Obj\tcpwm_422923530147891246.dir: [43]
    cy_tcpwm.o                           12
    cy_tcpwm_counter.o                  440       20
    cy_tcpwm_pwm.o                      522       28
    ---------------------------------------------------------
    Total:                              974       48

D:\Dsektop\luntui\luntui\iar\Debug_m7_0\Obj\trigmux_9729677290734583340.dir: [44]
    ---------------------------------------------------------
    Total:

D:\Dsektop\luntui\luntui\iar\Debug_m7_0\Obj\user_8514941877209965082.dir: [45]
    cm7_0_isr.o                         644                 4
    main_cm7_0.o                        254      180
    ---------------------------------------------------------
    Total:                              898      180        4

D:\Dsektop\luntui\luntui\iar\Debug_m7_0\Obj\zf_common_1201165462030747823.dir: [46]
    zf_common_clock.o                    28                 4
    zf_common_debug.o                 1'144      120      112
    zf_common_fifo.o                  1'552       56
    zf_common_font.o                           2'072
    zf_common_function.o                656       60
    zf_common_interrupt.o               226                 4
    ---------------------------------------------------------
    Total:                            3'606    2'308      120

D:\Dsektop\luntui\luntui\iar\Debug_m7_0\Obj\zf_components_14936052685886095442.dir: [47]
    seekfree_assistant.o                188        7      200
    seekfree_assistant_interface.o      156
    ---------------------------------------------------------
    Total:                              344        7      200

D:\Dsektop\luntui\luntui\iar\Debug_m7_0\Obj\zf_device_6570275422786408770.dir: [48]
    zf_device_ble6a20.o                 152       60       24
    zf_device_gnss.o                    276               413
    zf_device_imu660rc.o              1'352       88       49
    zf_device_tft180.o                3'900       62       10
    zf_device_tsl1401.o                 124               514
    zf_device_type.o                      2        1        4
    zf_device_wifi_spi.o                576       60       25
    zf_device_wifi_uart.o               460      104      172
    zf_device_wireless_uart.o           152       64       24
    ---------------------------------------------------------
    Total:                            6'994      439    1'235

D:\Dsektop\luntui\luntui\iar\Debug_m7_0\Obj\zf_driver_11922370083829174090.dir: [49]
    zf_driver_adc.o                     116        3       84
    zf_driver_delay.o                   728        1        3
    zf_driver_exti.o                    220       21       96
    zf_driver_gpio.o                    272
    zf_driver_pit.o                     920       13       60
    zf_driver_pwm.o                   3'608       56
    zf_driver_spi.o                   3'612       60       20
    zf_driver_timer.o                   660                 4
    zf_driver_uart.o                  2'088       65      320
    ---------------------------------------------------------
    Total:                           12'224      219      587

dl7M_tln.a: [50]
    abort.o                               6
    exit.o                                4
    heap0.o                             316                 8
    heaptramp0.o                          4
    printf.o                             40
    putchar.o                            32
    sprintf.o                            64
    strncmp.o                            42
    strstr.o                             44
    vla_alloc.o                          22
    vsnprint.o                           60
    xfail_s.o                            64                 4
    xgetmemchunk.o                       44                 4
    xprintffull_nomb.o                3'758
    xprout.o                             22
    xsnprout.o                           26
    xsprout.o                            10
    ---------------------------------------------------------
    Total:                            4'558                16

m7M_tlv.a: [51]
    DblCmpGe.o                           52
    DblCmpLe.o                           52
    DblDiv.o                             18
    DblMul.o                             18
    DblSub.o                             18
    DblToS32.o                           14
    DblToU32.o                           14
    FltToS64.o                           72
    S32ToDbl.o                           14
    S64ToFlt.o                           90
    U32ToDbl.o                           14
    asinf.o                              92
    atan2f.o                            106
    fpinit_M.o                           34
    frexp.o                             112
    ldexp.o                             260
    round.o                              98
    sqrtf.o                              30
    xatanf.o                            164
    ---------------------------------------------------------
    Total:                            1'272

rt7M_tl.a: [52]
    ABImemclr4.o                          6
    ABImemcpy.o                         166
    ABImemset.o                         102
    ABImemset48.o                        50
    I64DivMod.o                         560
    I64DivZer.o                           2
    cexit.o                              10
    cmain.o                              30
    cstartup_M.o                         28
    data_init.o                          40
    lz77_init_single.o                  126
    memchr.o                             88
    strchr.o                             22
    strlen.o                             54
    strncpy.o                           112
    zero_init3.o                         56
    ---------------------------------------------------------
    Total:                            1'452

shb_l.a: [53]
    exit.o                               20
    ---------------------------------------------------------
    Total:                               20

    Gaps                                 54        8        4
    Linker created                                32    9'216
-------------------------------------------------------------
    Grand Total:                     49'222  951'815   15'603


*******************************************************************************
*** ENTRY LIST
***

Entry                       Address      Size  Type      Object
-----                       -------      ----  ----      ------
.iar.init_table$$Base   0x1017'3e94             --   Gb  - Linker created -
.iar.init_table$$Limit  0x1017'3eb4             --   Gb  - Linker created -
?main                   0x1017'3fa1            Code  Gb  cmain.o [52]
A_max                   0x1017'4314       0x4  Data  Gb  vmc.o [5]
A_min                   0x1017'4318       0x4  Data  Gb  vmc.o [5]
A_step                  0x1017'4320       0x4  Data  Gb  vmc.o [5]
Aldata                  0x2802'1798       0x8  Data  Lc  heap0.o [50]
BusFault_Handler        0x1017'4335            Code  Wk  startup_cm7.o [31]
CSTACK$$Base            0x2807'e000             --   Gb  - Linker created -
CSTACK$$Limit           0x2808'0000             --   Gb  - Linker created -
CopyVectorTable         0x1017'32a1      0x34  Code  Lc  startup.o [31]
CpuUserInt0_Handler     0x1017'351b      0x26  Code  Gb  cy_interrupt_map.o [23]
CpuUserInt10_Handler    0x1017'4351            Code  Wk  startup_cm7.o [31]
CpuUserInt11_Handler    0x1017'4355            Code  Wk  startup_cm7.o [31]
CpuUserInt12_Handler    0x1017'4359            Code  Wk  startup_cm7.o [31]
CpuUserInt13_Handler    0x1017'435d            Code  Wk  startup_cm7.o [31]
CpuUserInt14_Handler    0x1017'4361            Code  Wk  startup_cm7.o [31]
CpuUserInt15_Handler    0x1017'4365            Code  Wk  startup_cm7.o [31]
CpuUserInt1_Handler     0x1017'3541      0x26  Code  Gb  cy_interrupt_map.o [23]
CpuUserInt2_Handler     0x1017'3567      0x26  Code  Gb  cy_interrupt_map.o [23]
CpuUserInt3_Handler     0x1017'358d      0x26  Code  Gb  cy_interrupt_map.o [23]
CpuUserInt4_Handler     0x1017'35b3      0x26  Code  Gb  cy_interrupt_map.o [23]
CpuUserInt5_Handler     0x1017'35d9      0x26  Code  Gb  cy_interrupt_map.o [23]
CpuUserInt6_Handler     0x1017'35ff      0x26  Code  Gb  cy_interrupt_map.o [23]
CpuUserInt7_Handler     0x1017'3625      0x26  Code  Gb  cy_interrupt_map.o [23]
CpuUserInt8_Handler     0x1017'4349            Code  Wk  startup_cm7.o [31]
CpuUserInt9_Handler     0x1017'434d            Code  Wk  startup_cm7.o [31]
Cy_DefaultUserHandler   0x1017'3519       0x2  Code  Gb  cy_interrupt_map.o [23]
Cy_GPIO_ClearInterrupt  0x1016'a0c7       0xe  Code  Lc  cy_gpio.o [14]
Cy_GPIO_ClearInterrupt  0x1017'18b5       0xe  Code  Lc  zf_driver_exti.o [49]
Cy_GPIO_Clr             0x1016'99f1       0xa  Code  Lc  zf_driver_gpio.o [49]
Cy_GPIO_GetInterruptStatusMasked
                        0x1017'18c3       0xa  Code  Lc  zf_driver_exti.o [49]
Cy_GPIO_Pin_Init        0x1016'a10b      0x72  Code  Gb  cy_gpio.o [14]
Cy_GPIO_Read            0x1016'99dd       0xa  Code  Lc  zf_driver_gpio.o [49]
Cy_GPIO_Set             0x1016'99e7       0xa  Code  Lc  zf_driver_gpio.o [49]
Cy_GPIO_SetDriveSel     0x1016'a0a9      0x1e  Code  Lc  cy_gpio.o [14]
Cy_GPIO_SetDrivemode    0x1016'a059      0x1c  Code  Lc  cy_gpio.o [14]
Cy_GPIO_SetHSIOM        0x1016'9ff5      0x4c  Code  Lc  cy_gpio.o [14]
Cy_GPIO_SetInterruptEdge
                        0x1016'a0ef      0x1c  Code  Lc  cy_gpio.o [14]
Cy_GPIO_SetInterruptMask
                        0x1016'a0d5      0x1a  Code  Lc  cy_gpio.o [14]
Cy_GPIO_SetSlewRate     0x1016'a08f      0x1a  Code  Lc  cy_gpio.o [14]
Cy_GPIO_SetVtrip        0x1016'a075      0x1a  Code  Lc  cy_gpio.o [14]
Cy_GPIO_Write           0x1016'a041      0x18  Code  Lc  cy_gpio.o [14]
Cy_RestoreIRQ           0x1017'2c91            Code  Gb  startup_cm7.o [31]
Cy_SCB_ClearRxFifo      0x1016'83af      0x1e  Code  Lc  zf_driver_spi.o [49]
Cy_SCB_ClearRxInterrupt
                        0x1017'2067       0xa  Code  Lc  cm7_0_isr.o [45]
Cy_SCB_ClearTxInterrupt
                        0x1017'2077       0xa  Code  Lc  cm7_0_isr.o [45]
Cy_SCB_GetFifoSize      0x1016'8409      0x12  Code  Lc  zf_driver_spi.o [49]
Cy_SCB_GetNumInRxFifo   0x1016'83a5       0xa  Code  Lc  zf_driver_spi.o [49]
Cy_SCB_GetNumInRxFifo   0x1016'a523       0xa  Code  Lc  zf_driver_uart.o [49]
Cy_SCB_GetNumInTxFifo   0x1016'83d3       0xa  Code  Lc  zf_driver_spi.o [49]
Cy_SCB_GetNumInTxFifo   0x1016'a533       0xa  Code  Lc  zf_driver_uart.o [49]
Cy_SCB_GetRxInterruptMask
                        0x1017'2061       0x6  Code  Lc  cm7_0_isr.o [45]
Cy_SCB_GetRxInterruptMask
                        0x1016'a56f       0x6  Code  Lc  zf_driver_uart.o [49]
Cy_SCB_GetTxInterruptMask
                        0x1017'2071       0x6  Code  Lc  cm7_0_isr.o [45]
Cy_SCB_GetTxInterruptMask
                        0x1016'a57b       0x6  Code  Lc  zf_driver_uart.o [49]
Cy_SCB_GetTxSrValid     0x1016'83dd       0xa  Code  Lc  zf_driver_spi.o [49]
Cy_SCB_GetTxSrValid     0x1016'a53d       0xa  Code  Lc  zf_driver_uart.o [49]
Cy_SCB_IsTxComplete     0x1016'83e7      0x22  Code  Lc  zf_driver_spi.o [49]
Cy_SCB_IsTxComplete     0x1016'a547      0x22  Code  Lc  zf_driver_uart.o [49]
Cy_SCB_ReadRxFifo       0x1016'a51d       0x6  Code  Lc  zf_driver_uart.o [49]
Cy_SCB_SPI_ClearRxFifo  0x1016'8439       0x8  Code  Lc  zf_driver_spi.o [49]
Cy_SCB_SPI_Enable       0x1016'841b       0xa  Code  Lc  zf_driver_spi.o [49]
Cy_SCB_SPI_GetNumInRxFifo
                        0x1016'8431       0x8  Code  Lc  zf_driver_spi.o [49]
Cy_SCB_SPI_Init         0x1016'a189     0x1d8  Code  Gb  cy_scb_spi.o [24]
Cy_SCB_SPI_SetActiveSlaveSelect
                        0x1016'8425       0xc  Code  Lc  zf_driver_spi.o [49]
Cy_SCB_SetRxInterruptMask
                        0x1016'a569       0x6  Code  Lc  zf_driver_uart.o [49]
Cy_SCB_SetTxInterruptMask
                        0x1016'a575       0x6  Code  Lc  zf_driver_uart.o [49]
Cy_SCB_UART_DeInit      0x1016'b8b1      0x5c  Code  Gb  cy_scb_uart.o [24]
Cy_SCB_UART_Enable      0x1016'a581       0xa  Code  Lc  zf_driver_uart.o [49]
Cy_SCB_UART_Init        0x1016'b62d     0x284  Code  Gb  cy_scb_uart.o [24]
Cy_SCB_WriteTxFifo      0x1016'83cd       0x6  Code  Lc  zf_driver_spi.o [49]
Cy_SCB_WriteTxFifo      0x1016'a52d       0x6  Code  Lc  zf_driver_uart.o [49]
Cy_SaveIRQ              0x1017'2c89            Code  Gb  startup_cm7.o [31]
Cy_SysClk_CheckDividerExisting
                        0x1016'9aed      0x2a  Code  Lc  zf_driver_delay.o [49]
Cy_SysClk_CheckDividerExisting
                        0x1017'1a35      0x2c  Code  Lc  zf_driver_pit.o [49]
Cy_SysClk_CheckDividerExisting
                        0x1016'c899      0x2c  Code  Lc  zf_driver_pwm.o [49]
Cy_SysClk_CheckDividerExisting
                        0x1016'8441      0x2c  Code  Lc  zf_driver_spi.o [49]
Cy_SysClk_CheckDividerExisting
                        0x1017'1dcd      0x2a  Code  Lc  zf_driver_timer.o [49]
Cy_SysClk_CheckDividerExisting
                        0x1016'a379      0x2c  Code  Lc  zf_driver_uart.o [49]
Cy_SysClk_ClkPathGetSource
                        0x1017'0405      0x54  Code  Gb  cy_sysclk.o [33]
Cy_SysClk_EcoGetStatus  0x1017'0291      0x1a  Code  Lc  cy_sysclk.o [33]
Cy_SysClk_Fast0ClkGetDivider
                        0x1017'03d9      0x16  Code  Lc  cy_sysclk.o [33]
Cy_SysClk_Fast1ClkGetDivider
                        0x1017'03ef      0x16  Code  Lc  cy_sysclk.o [33]
Cy_SysClk_FllGetConfiguration
                        0x1017'0461      0x7e  Code  Gb  cy_sysclk.o [33]
Cy_SysClk_FllGetLockStatus
                        0x1017'02ab       0xc  Code  Lc  cy_sysclk.o [33]
Cy_SysClk_GetClockGroup
                        0x1016'9b95       0x8  Code  Lc  zf_driver_delay.o [49]
Cy_SysClk_GetClockGroup
                        0x1017'1ae3       0x8  Code  Lc  zf_driver_pit.o [49]
Cy_SysClk_GetClockGroup
                        0x1016'c947       0x8  Code  Lc  zf_driver_pwm.o [49]
Cy_SysClk_GetClockGroup
                        0x1016'8525       0x8  Code  Lc  zf_driver_spi.o [49]
Cy_SysClk_GetClockGroup
                        0x1017'1e75       0x8  Code  Lc  zf_driver_timer.o [49]
Cy_SysClk_GetClockGroup
                        0x1016'a45d       0x8  Code  Lc  zf_driver_uart.o [49]
Cy_SysClk_GetCoreFrequency
                        0x1017'0b25      0x2a  Code  Gb  cy_sysclk.o [33]
Cy_SysClk_GetEcoFrequency
                        0x1017'062d      0x32  Code  Gb  cy_sysclk.o [33]
Cy_SysClk_GetExtFrequency
                        0x1017'0661      0x1e  Code  Gb  cy_sysclk.o [33]
Cy_SysClk_GetFast0Frequency
                        0x1017'0a79      0x56  Code  Gb  cy_sysclk.o [33]
Cy_SysClk_GetFast1Frequency
                        0x1017'0acf      0x56  Code  Gb  cy_sysclk.o [33]
Cy_SysClk_GetFllInputFrequency
                        0x1017'0781       0xc  Code  Gb  cy_sysclk.o [33]
Cy_SysClk_GetFllOutputFrequency
                        0x1017'07a9      0x78  Code  Gb  cy_sysclk.o [33]
Cy_SysClk_GetHfClkFrequency
                        0x1017'09fb      0x7a  Code  Gb  cy_sysclk.o [33]
Cy_SysClk_GetIlo0Frequency
                        0x1017'067f      0x32  Code  Gb  cy_sysclk.o [33]
Cy_SysClk_GetIlo1Frequency
                        0x1017'06b1      0x32  Code  Gb  cy_sysclk.o [33]
Cy_SysClk_GetImoFrequency
                        0x1017'05fb      0x32  Code  Gb  cy_sysclk.o [33]
Cy_SysClk_GetPathFrequency
                        0x1017'09c9      0x32  Code  Gb  cy_sysclk.o [33]
Cy_SysClk_GetPathSourceFrequency
                        0x1017'071d      0x64  Code  Gb  cy_sysclk.o [33]
Cy_SysClk_GetPll400MNo  0x1017'02f5      0x14  Code  Lc  cy_sysclk.o [33]
Cy_SysClk_GetPllInputFrequency
                        0x1017'078d      0x1c  Code  Gb  cy_sysclk.o [33]
Cy_SysClk_GetPllNo      0x1017'02b9      0x12  Code  Lc  cy_sysclk.o [33]
Cy_SysClk_GetPllOutputFrequency
                        0x1017'0825     0x1a0  Code  Gb  cy_sysclk.o [33]
Cy_SysClk_GetWcoFrequency
                        0x1017'06e3      0x32  Code  Gb  cy_sysclk.o [33]
Cy_SysClk_HfClockGetDivider
                        0x1017'0397      0x42  Code  Lc  cy_sysclk.o [33]
Cy_SysClk_HfClockGetSource
                        0x1017'0343      0x54  Code  Lc  cy_sysclk.o [33]
Cy_SysClk_InitGetFreqParams
                        0x1017'05e1      0x1a  Code  Gb  cy_sysclk.o [33]
Cy_SysClk_PeriphAssignDivider
                        0x1016'9b9d      0x68  Code  Lc  zf_driver_delay.o [49]
Cy_SysClk_PeriphAssignDivider
                        0x1017'1aeb      0x68  Code  Lc  zf_driver_pit.o [49]
Cy_SysClk_PeriphAssignDivider
                        0x1016'c94f      0x6a  Code  Lc  zf_driver_pwm.o [49]
Cy_SysClk_PeriphAssignDivider
                        0x1016'852d      0x6a  Code  Lc  zf_driver_spi.o [49]
Cy_SysClk_PeriphAssignDivider
                        0x1017'1e7d      0x68  Code  Lc  zf_driver_timer.o [49]
Cy_SysClk_PeriphAssignDivider
                        0x1016'a465      0x6a  Code  Lc  zf_driver_uart.o [49]
Cy_SysClk_PeriphEnableDivider
                        0x1016'9c05      0x4c  Code  Lc  zf_driver_delay.o [49]
Cy_SysClk_PeriphEnableDivider
                        0x1017'1b53      0x4c  Code  Lc  zf_driver_pit.o [49]
Cy_SysClk_PeriphEnableDivider
                        0x1016'c9b9      0x4e  Code  Lc  zf_driver_pwm.o [49]
Cy_SysClk_PeriphEnableDivider
                        0x1016'8597      0x4e  Code  Lc  zf_driver_spi.o [49]
Cy_SysClk_PeriphEnableDivider
                        0x1017'1ee5      0x4c  Code  Lc  zf_driver_timer.o [49]
Cy_SysClk_PeriphEnableDivider
                        0x1016'a4cf      0x4e  Code  Lc  zf_driver_uart.o [49]
Cy_SysClk_PeriphSetDivider
                        0x1016'9b17      0x7e  Code  Lc  zf_driver_delay.o [49]
Cy_SysClk_PeriphSetDivider
                        0x1017'1a61      0x82  Code  Lc  zf_driver_pit.o [49]
Cy_SysClk_PeriphSetDivider
                        0x1016'c8c5      0x82  Code  Lc  zf_driver_pwm.o [49]
Cy_SysClk_PeriphSetDivider
                        0x1017'1df7      0x7e  Code  Lc  zf_driver_timer.o [49]
Cy_SysClk_PeriphSetFracDivider
                        0x1016'846d      0xb8  Code  Lc  zf_driver_spi.o [49]
Cy_SysClk_PeriphSetFracDivider
                        0x1016'a3a5      0xb8  Code  Lc  zf_driver_uart.o [49]
Cy_SysClk_Pll400MGetConfiguration
                        0x1017'054d      0x84  Code  Gb  cy_sysclk.o [33]
Cy_SysClk_Pll400MGetLockStatus
                        0x1017'0309      0x2a  Code  Lc  cy_sysclk.o [33]
Cy_SysClk_PllGetConfiguration
                        0x1017'04f9      0x48  Code  Gb  cy_sysclk.o [33]
Cy_SysClk_PllGetLockStatus
                        0x1017'02cb      0x28  Code  Lc  cy_sysclk.o [33]
Cy_SysClk_WcoOkay       0x1017'0335       0xe  Code  Lc  cy_sysclk.o [33]
Cy_SysInt_InitIRQ       0x1016'd6b1      0x7e  Code  Gb  cy_sysint.o [35]
Cy_SysInt_SetSystemIrqVector
                        0x1016'd72f      0x12  Code  Gb  cy_sysint.o [35]
Cy_SysInt_SystemIrqUserTableRamPointer
                        0x2802'0ba0       0x4  Data  Gb  cy_interrupt_map.o [23]
Cy_SysLib_DelayCycles   0x1017'3f81            Code  Gb  cy_syslib_iar.o [36]
Cy_SysLib_EnterCriticalSection
                        0x1017'3f91            Code  Gb  cy_syslib_iar.o [36]
Cy_SysLib_ExitCriticalSection
                        0x1017'3f99            Code  Gb  cy_syslib_iar.o [36]
Cy_SysLib_FaultHandler  0x1017'0bed      0x90  Code  Gb  cy_syslib.o [36]
Cy_SysLib_Halt          0x1017'0be9       0x4  Code  Gb  cy_syslib.o [36]
Cy_SysLib_ProcessingFault
                        0x1017'0c91       0x2  Code  Wk  cy_syslib.o [36]
Cy_SysLib_SvcHandler    0x1017'41a5       0xc  Code  Wk  cy_syslib.o [36]
Cy_SystemInitFpuEnable  0x1017'2c29      0x1e  Code  Gb  system_tviibh4m_cm7.o [22]
Cy_SystemIrqUserTable   0x2802'04b4     0x6ec  Data  Gb  cy_interrupt_map.o [23]
Cy_Tcpwm_Counter_ClearTC_Intr
                        0x1016'b605      0x10  Code  Gb  cy_tcpwm_counter.o [43]
Cy_Tcpwm_Counter_Disable
                        0x1016'b5e7       0xa  Code  Gb  cy_tcpwm_counter.o [43]
Cy_Tcpwm_Counter_Enable
                        0x1016'b5dd       0xa  Code  Gb  cy_tcpwm_counter.o [43]
Cy_Tcpwm_Counter_GetCounter
                        0x1016'b5f5       0x4  Code  Gb  cy_tcpwm_counter.o [43]
Cy_Tcpwm_Counter_Init   0x1016'b45d     0x16c  Code  Gb  cy_tcpwm_counter.o [43]
Cy_Tcpwm_Counter_SetCounter
                        0x1016'b5f1       0x4  Code  Gb  cy_tcpwm_counter.o [43]
Cy_Tcpwm_Counter_SetTC_IntrMask
                        0x1016'b5f9       0xc  Code  Gb  cy_tcpwm_counter.o [43]
Cy_Tcpwm_Pwm_Enable     0x1016'dccd       0xa  Code  Gb  cy_tcpwm_pwm.o [43]
Cy_Tcpwm_Pwm_Init       0x1016'dacd     0x1e4  Code  Gb  cy_tcpwm_pwm.o [43]
Cy_Tcpwm_TriggerStart   0x1016'b615       0xc  Code  Gb  cy_tcpwm.o [43]
Cy_u32StartupStackEndAddress
                        0x1017'3954            Data  Gb  startup_cm7.o [31]
Cy_u32StartupStackStartAddress
                        0x1017'3950            Data  Gb  startup_cm7.o [31]
DEAD_ZONE               0x2802'185f       0x1  Data  Gb  control.o [5]
DebugMon_Handler        0x1017'433d            Code  Wk  startup_cm7.o [31]
HEAP$$Base              0x2807'dc00             --   Gb  - Linker created -
HEAP$$Limit             0x2807'e000             --   Gb  - Linker created -
HEAP_STACK$$Base        0x2807'dc00             --   Gb  - Linker created -
HEAP_STACK$$Limit       0x2808'0000             --   Gb  - Linker created -
HardFault_Handler       0x1017'3f35            Code  Wk  startup_cm7.o [31]
InitRamEcc              0x1017'318f     0x100  Code  Lc  startup.o [31]
InitRamEccClearArea     0x1017'328f      0x12  Code  Lc  startup.o [31]
MAX_PWM_STEP            0x2802'0d00       0x2  Data  Gb  Servo.o [5]
MemManage_Handler       0x1017'4331            Code  Wk  startup_cm7.o [31]
Menu_Key_Handler        0x1016'dd43     0x17a  Code  Gb  auto_menu.o [5]
Menu_Refresh_Task       0x1016'debd     0x104  Code  Gb  auto_menu.o [5]
NMI_Handler             0x1017'432d            Code  Wk  startup_cm7.o [31]
P_max                   0x1017'430c       0x4  Data  Gb  vmc.o [5]
P_min                   0x1017'4310       0x4  Data  Gb  vmc.o [5]
P_step                  0x1017'431c       0x4  Data  Gb  vmc.o [5]
PendSV_Handler          0x1017'4341            Code  Wk  startup_cm7.o [31]
Region$$Table$$Base     0x1017'3e94             --   Gb  - Linker created -
Region$$Table$$Limit    0x1017'3eb4             --   Gb  - Linker created -
Reset_Handler           0x1017'38a9            Code  Wk  startup_cm7.o [31]
Roll_Protection_Compute
                        0x1016'eff5     0x360  Code  Gb  control.o [5]
SVC_Handler             0x1017'4045            Code  Wk  startup_cm7.o [31]
Servo_Init              0x1016'f959      0xf4  Code  Gb  Servo.o [5]
Startup_Init            0x1017'3101      0x8e  Code  Gb  startup.o [31]
SysTick_Handler         0x1017'4345            Code  Wk  startup_cm7.o [31]
SystemCoreClock         0x2802'1810       0x4  Data  Gb  system_tviibh4m_cm7.o [22]
SystemCoreClockUpdate   0x1017'2b95      0x94  Code  Gb  system_tviibh4m_cm7.o [22]
SystemInit              0x1017'2b39      0x5c  Code  Gb  system_tviibh4m_cm7.o [22]
UsageFault_Handler      0x1017'4339            Code  Wk  startup_cm7.o [31]
VMC_Update_All_Servos   0x1016'fa99     0x2c2  Code  Gb  Servo.o [5]
VMC_Update_All_Servos::last_pwm1
                        0x2802'17f0       0x4  Data  Lc  Servo.o [5]
VMC_Update_All_Servos::last_pwm2
                        0x2802'17f4       0x4  Data  Lc  Servo.o [5]
VMC_Update_All_Servos::last_pwm3
                        0x2802'17f8       0x4  Data  Lc  Servo.o [5]
VMC_Update_All_Servos::last_pwm4
                        0x2802'17fc       0x4  Data  Lc  Servo.o [5]
VMC_Update_All_Servos_Roll
                        0x1016'fd61     0x2f0  Code  Gb  Servo.o [5]
VMC_Update_All_Servos_Roll::last_pwm1_roll
                        0x2802'1800       0x4  Data  Lc  Servo.o [5]
VMC_Update_All_Servos_Roll::last_pwm2_roll
                        0x2802'1804       0x4  Data  Lc  Servo.o [5]
VMC_Update_All_Servos_Roll::last_pwm3_roll
                        0x2802'1808       0x4  Data  Lc  Servo.o [5]
VMC_Update_All_Servos_Roll::last_pwm4_roll
                        0x2802'180c       0x4  Data  Lc  Servo.o [5]
_LC                     0x1016'b941       0x6  Code  Lc  xprintffull_nomb.o [50]
_LitobFullNoMb          0x1016'c60d     0x114  Code  Lc  xprintffull_nomb.o [50]
_PrintfFullNoMb         0x1016'b947     0xc98  Code  Gb  xprintffull_nomb.o [50]
_Prout                  0x1017'40f5      0x16  Code  Gb  xprout.o [50]
_PutcharsFullNoMb       0x1016'c779      0x2e  Code  Lc  xprintffull_nomb.o [50]
_SNProut                0x1016'9733      0x1a  Code  Gb  xsnprout.o [50]
_SProut                 0x1016'abd7       0xa  Code  Gb  xsprout.o [50]
[...]
                        0x1016'e9e9      0x3e  Code  Lc  auto_menu.o [5]
motor_value             0x2802'16fc      0x14  Data  Gb  small_driver_uart_control.o [5]
my_key_init             0x1017'2895      0x34  Code  Gb  key_app.o [5]
my_menu_init            0x1016'dcdb      0x2a  Code  Gb  auto_menu.o [5]
pid_apply_rate_limit    0x1016'f433      0x3e  Code  Gb  pid.o [5]
pid_clamp               0x1016'f411      0x22  Code  Lc  pid.o [5]
pid_compute             0x1016'f56d     0x1d8  Code  Gb  pid.o [5]
pid_init                0x1016'f471      0xba  Code  Gb  pid.o [5]
pid_output              0x2802'17e4       0x4  Data  Gb  control.o [5]
pid_reset               0x1016'f52b      0x40  Code  Gb  pid.o [5]
pid_set_anti_windup     0x1016'f78b       0xa  Code  Gb  pid.o [5]
pid_set_derivative_lpf  0x1016'f7a1      0x1a  Code  Gb  pid.o [5]
pid_set_derivative_mode
                        0x1016'f795       0xa  Code  Gb  pid.o [5]
pid_set_enable          0x1016'f745      0x12  Code  Gb  pid.o [5]
pid_set_integral_limit  0x1016'f757      0x26  Code  Gb  pid.o [5]
pid_set_integral_step_limit
                        0x1016'f77d       0xe  Code  Gb  pid.o [5]
pid_set_output_rate_limit
                        0x1016'f7c9      0x12  Code  Gb  pid.o [5]
pit0_ch0_isr            0x1017'2081      0x28  Code  Gb  cm7_0_isr.o [45]
pit0_ch10_isr           0x1017'20bd       0xa  Code  Gb  cm7_0_isr.o [45]
pit0_ch11_isr           0x1017'20c7       0xa  Code  Gb  cm7_0_isr.o [45]
pit0_ch12_isr           0x1017'20d1       0xa  Code  Gb  cm7_0_isr.o [45]
pit0_ch13_isr           0x1017'20db       0xa  Code  Gb  cm7_0_isr.o [45]
pit0_ch14_isr           0x1017'20e5       0xa  Code  Gb  cm7_0_isr.o [45]
pit0_ch15_isr           0x1017'20ef       0xa  Code  Gb  cm7_0_isr.o [45]
pit0_ch16_isr           0x1017'20f9       0xa  Code  Gb  cm7_0_isr.o [45]
pit0_ch17_isr           0x1017'2103       0xa  Code  Gb  cm7_0_isr.o [45]
pit0_ch18_isr           0x1017'210d       0xa  Code  Gb  cm7_0_isr.o [45]
pit0_ch19_isr           0x1017'2117       0xa  Code  Gb  cm7_0_isr.o [45]
pit0_ch1_isr            0x1017'20a9       0xa  Code  Gb  cm7_0_isr.o [45]
pit0_ch20_isr           0x1017'2121       0xa  Code  Gb  cm7_0_isr.o [45]
pit0_ch21_isr           0x1017'212b       0xe  Code  Gb  cm7_0_isr.o [45]
pit0_ch2_isr            0x1017'20b3       0xa  Code  Gb  cm7_0_isr.o [45]
pit_init                0x1017'1bc9     0x1ee  Code  Gb  zf_driver_pit.o [49]
pit_isr_flag_clear      0x1017'1b9f      0x2a  Code  Gb  zf_driver_pit.o [49]
pit_isr_func            0x2802'0c8c      0x3c  Data  Gb  zf_driver_pit.o [49]
printf                  0x1017'282d      0x28  Code  Gb  printf.o [50]
putchar                 0x1017'3f55      0x20  Code  Gb  putchar.o [50]
pwm_all_channel_close   0x1016'd449      0x1a  Code  Gb  zf_driver_pwm.o [49]
pwm_init                0x1016'd4bd     0x1e4  Code  Gb  zf_driver_pwm.o [49]
pwm_set_duty            0x1016'd463      0x5a  Code  Gb  zf_driver_pwm.o [49]
pwm_table_1             0x1008'0080  0x7'39f4  Data  Gb  vmc.o [5]
pwm_table_2             0x100f'3a74  0x7'39f4  Data  Gb  vmc.o [5]
quarternion_normalize   0x1017'1365      0xb4  Code  Lc  zf_device_imu660rc.o [48]
quarternion_to_euler    0x1017'1419     0x142  Code  Lc  zf_device_imu660rc.o [48]
recovery_counter        0x2802'17d0       0x4  Data  Lc  control.o [5]
roll_control_active     0x2802'1861       0x1  Data  Lc  control.o [5]
roll_filtered           0x2802'17d8       0x4  Data  Lc  control.o [5]
roll_integral           0x2802'17e0       0x4  Data  Lc  control.o [5]
roll_last               0x2802'17dc       0x4  Data  Lc  control.o [5]
roll_protection_items   0x2802'0380      0xe0  Data  Lc  auto_menu.o [5]
round                   0x1017'023d            Code  Gb  round.o [51]
roundl                  0x1017'023d            Code  Gb  round.o [51]
sar_adc                 0x2802'0c20       0xc  Data  Lc  zf_driver_adc.o [49]
save_pid_params         0x1016'dcd9       0x2  Code  Gb  auto_menu.o [5]
scalbln                 0x1016'd96d            Code  Gb  ldexp.o [51]
scalblnl                0x1016'd96d            Code  Gb  ldexp.o [51]
scalbn                  0x1016'd96d            Code  Gb  ldexp.o [51]
scalbnl                 0x1016'd96d            Code  Gb  ldexp.o [51]
scale                   0x1016'c721      0x46  Code  Lc  xprintffull_nomb.o [50]
scb_module              0x2802'0cec      0x14  Data  Gb  zf_driver_uart.o [49]
scheduler_init          0x1017'2a93       0x8  Code  Gb  scheduler.o [5]
scheduler_run           0x1017'2a9b      0x52  Code  Gb  scheduler.o [5]
scheduler_task          0x2802'0ba4      0x54  Data  Gb  scheduler.o [5]
scheduler_task_num      0x2802'1867       0x1  Data  Gb  scheduler.o [5]
sec_hand                0x2802'1848       0x4  Data  Lc  xfail_s.o [50]
seekfree_assistant_buffer
                        0x2802'10c0      0x80  Data  Lc  seekfree_assistant.o [47]
seekfree_assistant_data_analysis
                        0x1017'3805      0x92  Code  Gb  seekfree_assistant.o [47]
seekfree_assistant_fifo
                        0x2802'0bf8      0x18  Data  Lc  seekfree_assistant.o [47]
seekfree_assistant_interface_init
                        0x1017'295d      0x94  Code  Wk  seekfree_assistant_interface.o [47]
seekfree_assistant_parameter
                        0x2802'15f0      0x20  Data  Gb  seekfree_assistant.o [47]
seekfree_assistant_parameter_update_flag
                        0x2802'1788       0x8  Data  Gb  seekfree_assistant.o [47]
seekfree_assistant_receive
                        0x1017'4329       0x4  Code  Wk  seekfree_assistant_interface.o [47]
seekfree_assistant_receive_callback
                        0x2802'0c14       0x4  Data  Gb  seekfree_assistant.o [47]
seekfree_assistant_sum  0x1017'37ed      0x18  Code  Lc  seekfree_assistant.o [47]
seekfree_assistant_transfer
                        0x1017'4325       0x4  Code  Wk  seekfree_assistant_interface.o [47]
seekfree_assistant_transfer_callback
                        0x2802'0c10       0x4  Data  Gb  seekfree_assistant.o [47]
sensor_items            0x2802'0000      0xe0  Data  Lc  auto_menu.o [5]
servo_1                 0x2802'1750       0xc  Data  Gb  Servo.o [5]
servo_2                 0x2802'175c       0xc  Data  Gb  Servo.o [5]
servo_3                 0x2802'1768       0xc  Data  Gb  Servo.o [5]
servo_4                 0x2802'1774       0xc  Data  Gb  Servo.o [5]
servo_control_table     0x1017'0099     0x194  Code  Gb  vmc.o [5]
set_servo_duty          0x1016'fa75      0x24  Code  Gb  Servo.o [5]
small_driver_get_speed  0x1016'f8d1      0x2a  Code  Gb  small_driver_uart_control.o [5]
small_driver_init       0x1016'f8fb      0x2e  Code  Gb  small_driver_uart_control.o [5]
small_driver_set_duty   0x1016'f88f      0x42  Code  Gb  small_driver_uart_control.o [5]
small_driver_uart_init  0x1016'f92d      0x2a  Code  Gb  small_driver_uart_control.o [5]
speed_control_run       0x1016'eecd     0x10e  Code  Gb  control.o [5]
speed_filtered          0x2802'17d4       0x4  Data  Lc  control.o [5]
speed_flag              0x2802'0d0d       0x1  Data  Gb  control.o [5]
speed_pid               0x2802'1408      0x6c  Data  Gb  control.o [5]
speed_pid_items         0x2802'02c0      0xc0  Data  Lc  auto_menu.o [5]
spi_get_clk_hsiom       0x1016'86a1      0x28  Code  Lc  zf_driver_spi.o [49]
spi_get_clk_pin         0x1016'85e5      0x28  Code  Lc  zf_driver_spi.o [49]
spi_get_cs_hsiom        0x1016'8719      0x44  Code  Lc  zf_driver_spi.o [49]
spi_get_cs_pin          0x1016'865d      0x44  Code  Lc  zf_driver_spi.o [49]
spi_get_miso_hsiom      0x1016'86f1      0x28  Code  Lc  zf_driver_spi.o [49]
spi_get_miso_pin        0x1016'8635      0x28  Code  Lc  zf_driver_spi.o [49]
spi_get_mosi_hsiom      0x1016'86c9      0x28  Code  Lc  zf_driver_spi.o [49]
spi_get_mosi_pin        0x1016'860d      0x28  Code  Lc  zf_driver_spi.o [49]
spi_init                0x1016'8f17     0x28e  Code  Gb  zf_driver_spi.o [49]
spi_module              0x2802'0cc8      0x10  Data  Gb  zf_driver_spi.o [49]
spi_read_8bit_register  0x1016'8c41      0xea  Code  Gb  zf_driver_spi.o [49]
spi_read_8bit_registers
                        0x1016'8d2b      0xfe  Code  Gb  zf_driver_spi.o [49]
spi_transfer_8bit       0x1016'8e3d      0xda  Code  Gb  zf_driver_spi.o [49]
spi_write_16bit         0x1016'89f9      0xaa  Code  Gb  zf_driver_spi.o [49]
spi_write_16bit_array   0x1016'8aa3      0xb6  Code  Gb  zf_driver_spi.o [49]
spi_write_8bit          0x1016'8899      0xaa  Code  Gb  zf_driver_spi.o [49]
spi_write_8bit_array    0x1016'8943      0xb6  Code  Gb  zf_driver_spi.o [49]
spi_write_8bit_register
                        0x1016'8b59      0xde  Code  Gb  zf_driver_spi.o [49]
sprintf                 0x1016'abe1      0x40  Code  Gb  sprintf.o [50]
sqrtf                   0x1017'17cd            Code  Gb  sqrtf.o [51]
strchr                  0x1016'd7d1            Code  Gb  strchr.o [52]
strlen                  0x1016'aba1            Code  Gb  strlen.o [52]
strncmp                 0x1017'2b0d      0x2a  Code  Gb  strncmp.o [50]
strncpy                 0x1017'0b79            Code  Gb  strncpy.o [52]
strstr                  0x1017'34d1      0x2c  Code  Gb  strstr.o [50]
switch_transition_length
                        0x1016'875d     0x13c  Code  Lc  zf_driver_spi.o [49]
system_clock            0x2802'1828       0x4  Data  Gb  zf_common_clock.o [46]
system_delay_init       0x1016'9d05      0xa6  Code  Gb  zf_driver_delay.o [49]
system_delay_ms         0x1016'9ca7      0x5e  Code  Gb  zf_driver_delay.o [49]
system_delay_us         0x1016'9c51      0x56  Code  Gb  zf_driver_delay.o [49]
tft180_bgcolor          0x2802'0d08       0x2  Data  Lc  zf_device_tft180.o [48]
tft180_clear            0x1016'7651      0x7c  Code  Gb  zf_device_tft180.o [48]
tft180_debug_init       0x1016'75e7      0x68  Code  Lc  zf_device_tft180.o [48]
tft180_display_dir      0x2802'1871       0x1  Data  Lc  zf_device_tft180.o [48]
tft180_display_font     0x2802'0d10       0x1  Data  Lc  zf_device_tft180.o [48]
tft180_draw_line        0x1016'7811     0x23e  Code  Gb  zf_device_tft180.o [48]
tft180_draw_point       0x1016'7795      0x7c  Code  Gb  zf_device_tft180.o [48]
tft180_full             0x1016'76cd      0x78  Code  Gb  zf_device_tft180.o [48]
tft180_height_max       0x2802'0d04       0x2  Data  Gb  zf_device_tft180.o [48]
tft180_init             0x1016'8025     0x35a  Code  Gb  zf_device_tft180.o [48]
tft180_pencolor         0x2802'0d06       0x2  Data  Lc  zf_device_tft180.o [48]
tft180_set_color        0x1016'7787       0xe  Code  Gb  zf_device_tft180.o [48]
tft180_set_dir          0x1016'7745      0x3a  Code  Gb  zf_device_tft180.o [48]
tft180_set_font         0x1016'777f       0x8  Code  Gb  zf_device_tft180.o [48]
tft180_set_region       0x1016'7487     0x160  Code  Lc  zf_device_tft180.o [48]
tft180_show_char        0x1016'7a55     0x1f4  Code  Gb  zf_device_tft180.o [48]
tft180_show_float       0x1016'7ead     0x13e  Code  Gb  zf_device_tft180.o [48]
tft180_show_int         0x1016'7cf3      0xde  Code  Gb  zf_device_tft180.o [48]
tft180_show_string      0x1016'7c49      0xaa  Code  Gb  zf_device_tft180.o [48]
tft180_show_uint        0x1016'7dd1      0xdc  Code  Gb  zf_device_tft180.o [48]
tft180_width_max        0x2802'0d02       0x2  Data  Gb  zf_device_tft180.o [48]
tft180_write_index      0x1016'7469      0x1e  Code  Lc  zf_device_tft180.o [48]
timer_ch                0x2802'0d11       0x1  Data  Lc  zf_driver_delay.o [49]
timer_get               0x1017'1f59      0x2e  Code  Gb  zf_driver_timer.o [49]
timer_init              0x1017'1f87      0xc8  Code  Gb  zf_driver_timer.o [49]
timer_start             0x1017'1f31      0x28  Code  Gb  zf_driver_timer.o [49]
tsl1401_collect_pit_handler
                        0x1017'250d      0x68  Code  Gb  zf_device_tsl1401.o [48]
tsl1401_data            0x2802'0d14     0x200  Data  Gb  zf_device_tsl1401.o [48]
tsl1401_finish_flag     0x2802'1873       0x1  Data  Gb  zf_device_tsl1401.o [48]
tsl1401_init_state      0x2802'1872       0x1  Data  Lc  zf_device_tsl1401.o [48]
tuoluoyi_printf         0x1017'29f1      0x88  Code  Gb  scheduler.o [5]
type_default_callback   0x1017'4369       0x2  Code  Lc  zf_device_type.o [48]
uart0_isr               0x1017'2195      0x44  Code  Gb  cm7_0_isr.o [45]
uart1_isr               0x1017'21d9      0x42  Code  Gb  cm7_0_isr.o [45]
uart2_isr               0x1017'2229      0x40  Code  Gb  cm7_0_isr.o [45]
uart3_isr               0x1017'2269      0x3c  Code  Gb  cm7_0_isr.o [45]
uart4_isr               0x1017'22a5      0x40  Code  Gb  cm7_0_isr.o [45]
uart_context            0x2802'0f14     0x118  Data  Gb  zf_driver_uart.o [49]
uart_control_callback   0x1016'f7dd      0xb2  Code  Gb  small_driver_uart_control.o [5]
uart_data_fifo          0x2802'1640      0x18  Data  Gb  uart.o [5]
uart_get_data           0x2802'1500      0x40  Data  Gb  uart.o [5]
uart_init               0x1016'a9c9     0x190  Code  Gb  zf_driver_uart.o [49]
uart_isr_func           0x2802'0cd8      0x14  Data  Gb  zf_driver_uart.o [49]
uart_printf             0x1017'3695      0x28  Code  Gb  uart.o [5]
uart_query_byte         0x1016'a77d      0x32  Code  Gb  zf_driver_uart.o [49]
uart_rx_interrupt       0x1016'a8cb      0xfe  Code  Gb  zf_driver_uart.o [49]
uart_rx_interrupt_handler
                        0x1017'2685       0x2  Code  Gb  main_cm7_0.o [45]
uart_task               0x1017'36bd      0x36  Code  Gb  uart.o [5]
uart_tx_interrupt       0x1016'a7af     0x11c  Code  Gb  zf_driver_uart.o [49]
uart_write_buffer       0x1016'a743      0x1e  Code  Gb  zf_driver_uart.o [49]
uart_write_byte         0x1016'a71b      0x28  Code  Gb  zf_driver_uart.o [49]
uart_write_string       0x1016'a761      0x1c  Code  Gb  zf_driver_uart.o [49]
uwtick                  0x2802'17a0       0x4  Data  Gb  cm7_0_isr.o [45]
vsnprintf               0x1017'37b1      0x3c  Code  Gb  vsnprint.o [50]
wifi_spi_fifo           0x2802'16a0      0x18  Data  Lc  zf_device_wifi_spi.o [48]
wifi_spi_mutex          0x2802'1874       0x1  Data  Lc  zf_device_wifi_spi.o [48]
wifi_spi_read_buffer    0x1017'2e35      0x90  Code  Gb  zf_device_wifi_spi.o [48]
wifi_spi_send_buffer    0x1017'2d6d      0xc8  Code  Gb  zf_device_wifi_spi.o [48]
wifi_spi_transfer_command
                        0x1017'2cc7      0x3a  Code  Lc  zf_device_wifi_spi.o [48]
wifi_spi_transfer_data  0x1017'2d01      0x6c  Code  Lc  zf_device_wifi_spi.o [48]
wifi_spi_wait_idle      0x1017'2c99      0x2e  Code  Lc  zf_device_wifi_spi.o [48]
wifi_uart_clear_receive_buffer
                        0x1017'3373       0xc  Code  Lc  zf_device_wifi_uart.o [48]
wifi_uart_fifo          0x2802'16b8      0x18  Data  Lc  zf_device_wifi_uart.o [48]
wifi_uart_information   0x2802'102c      0x94  Data  Gb  zf_device_wifi_uart.o [48]
wifi_uart_read_buffer   0x1017'3481      0x2e  Code  Gb  zf_device_wifi_uart.o [48]
wifi_uart_send_buffer   0x1017'3389      0xf2  Code  Gb  zf_device_wifi_uart.o [48]
wifi_uart_wait_ack      0x1017'3305      0x6e  Code  Lc  zf_device_wifi_uart.o [48]
wireless_module_uart_handler
                        0x2802'0c1c       0x4  Data  Gb  zf_device_type.o [48]
wireless_uart_fifo      0x2802'16d0      0x18  Data  Lc  zf_device_wireless_uart.o [48]
wireless_uart_read_buffer
                        0x1017'3a55      0x2c  Code  Gb  zf_device_wireless_uart.o [48]
wireless_uart_send_buffer
                        0x1017'39f1      0x64  Code  Gb  zf_device_wireless_uart.o [48]
xianfu                  0x1016'fa4d      0x28  Code  Gb  Servo.o [5]
zf_debug_assert_enable  0x2802'0d0f       0x1  Data  Lc  zf_common_debug.o [46]
zf_debug_init_flag      0x2802'1868       0x1  Data  Lc  zf_common_debug.o [46]


[1] = D:\Dsektop\luntui\luntui\iar\Debug_m7_0\Obj\adc_11722776235721520015.dir
[2] = D:\Dsektop\luntui\luntui\iar\Debug_m7_0\Obj\audioss_1346650047966882938.dir
[3] = D:\Dsektop\luntui\luntui\iar\Debug_m7_0\Obj\button_4990804375159372270.dir
[4] = D:\Dsektop\luntui\luntui\iar\Debug_m7_0\Obj\canfd_1800690984773873875.dir
[5] = D:\Dsektop\luntui\luntui\iar\Debug_m7_0\Obj\code_17896468042025673432.dir
[6] = D:\Dsektop\luntui\luntui\iar\Debug_m7_0\Obj\cpu_15938736945165268644.dir
[7] = D:\Dsektop\luntui\luntui\iar\Debug_m7_0\Obj\crypto_1190170608956581615.dir
[8] = D:\Dsektop\luntui\luntui\iar\Debug_m7_0\Obj\dma_12106025507578611576.dir
[9] = D:\Dsektop\luntui\luntui\iar\Debug_m7_0\Obj\eth_phy_18133017486186456677.dir
[10] = D:\Dsektop\luntui\luntui\iar\Debug_m7_0\Obj\ethernet_6029839089178797009.dir
[11] = D:\Dsektop\luntui\luntui\iar\Debug_m7_0\Obj\evtgen_3404189088603873129.dir
[12] = D:\Dsektop\luntui\luntui\iar\Debug_m7_0\Obj\flash_8529866181315662935.dir
[13] = D:\Dsektop\luntui\luntui\iar\Debug_m7_0\Obj\flash_864493325053435817.dir
[14] = D:\Dsektop\luntui\luntui\iar\Debug_m7_0\Obj\gpio_3999404635324069351.dir
[15] = D:\Dsektop\luntui\luntui\iar\Debug_m7_0\Obj\ipc_10145506163450686023.dir
[16] = D:\Dsektop\luntui\luntui\iar\Debug_m7_0\Obj\lin_18429031207028094880.dir
[17] = D:\Dsektop\luntui\luntui\iar\Debug_m7_0\Obj\lvd_6353935867039560245.dir
[18] = D:\Dsektop\luntui\luntui\iar\Debug_m7_0\Obj\mcwdt_4052485907822033969.dir
[19] = D:\Dsektop\luntui\luntui\iar\Debug_m7_0\Obj\mpu_5663187252346826382.dir
[20] = D:\Dsektop\luntui\luntui\iar\Debug_m7_0\Obj\power_14453085144426420577.dir
[21] = D:\Dsektop\luntui\luntui\iar\Debug_m7_0\Obj\prot_10722960861768657883.dir
[22] = D:\Dsektop\luntui\luntui\iar\Debug_m7_0\Obj\rev_b_4986922561640112550.dir
[23] = D:\Dsektop\luntui\luntui\iar\Debug_m7_0\Obj\rev_b_6162237342861132223.dir
[24] = D:\Dsektop\luntui\luntui\iar\Debug_m7_0\Obj\scb_15490842639181808494.dir
[25] = D:\Dsektop\luntui\luntui\iar\Debug_m7_0\Obj\sd_host_2982766354293506895.dir
[26] = D:\Dsektop\luntui\luntui\iar\Debug_m7_0\Obj\semihosting_143864889731838620.dir
[27] = D:\Dsektop\luntui\luntui\iar\Debug_m7_0\Obj\smartio_5451710003740070188.dir
[28] = D:\Dsektop\luntui\luntui\iar\Debug_m7_0\Obj\smif_427648126384146252.dir
[29] = D:\Dsektop\luntui\luntui\iar\Debug_m7_0\Obj\smif_mem_6470536964353725183.dir
[30] = D:\Dsektop\luntui\luntui\iar\Debug_m7_0\Obj\srom_13018798572330080582.dir
[31] = D:\Dsektop\luntui\luntui\iar\Debug_m7_0\Obj\startup_479057977785470282.dir
[32] = D:\Dsektop\luntui\luntui\iar\Debug_m7_0\Obj\sw_timer_4215635015939382130.dir
[33] = D:\Dsektop\luntui\luntui\iar\Debug_m7_0\Obj\sysclk_16149231235676103872.dir
[34] = D:\Dsektop\luntui\luntui\iar\Debug_m7_0\Obj\sysflt_12293435975120599261.dir
[35] = D:\Dsektop\luntui\luntui\iar\Debug_m7_0\Obj\sysint_7435970359207984181.dir
[36] = D:\Dsektop\luntui\luntui\iar\Debug_m7_0\Obj\syslib_16330585751512546975.dir
[37] = D:\Dsektop\luntui\luntui\iar\Debug_m7_0\Obj\syspm_10887939769544754770.dir
[38] = D:\Dsektop\luntui\luntui\iar\Debug_m7_0\Obj\sysreghc_17676636058511625587.dir
[39] = D:\Dsektop\luntui\luntui\iar\Debug_m7_0\Obj\sysreset_14586141425677365288.dir
[40] = D:\Dsektop\luntui\luntui\iar\Debug_m7_0\Obj\sysrtc_10747768817563771611.dir
[41] = D:\Dsektop\luntui\luntui\iar\Debug_m7_0\Obj\systick_16016591671695740695.dir
[42] = D:\Dsektop\luntui\luntui\iar\Debug_m7_0\Obj\syswdt_9118657615806274156.dir
[43] = D:\Dsektop\luntui\luntui\iar\Debug_m7_0\Obj\tcpwm_422923530147891246.dir
[44] = D:\Dsektop\luntui\luntui\iar\Debug_m7_0\Obj\trigmux_9729677290734583340.dir
[45] = D:\Dsektop\luntui\luntui\iar\Debug_m7_0\Obj\user_8514941877209965082.dir
[46] = D:\Dsektop\luntui\luntui\iar\Debug_m7_0\Obj\zf_common_1201165462030747823.dir
[47] = D:\Dsektop\luntui\luntui\iar\Debug_m7_0\Obj\zf_components_14936052685886095442.dir
[48] = D:\Dsektop\luntui\luntui\iar\Debug_m7_0\Obj\zf_device_6570275422786408770.dir
[49] = D:\Dsektop\luntui\luntui\iar\Debug_m7_0\Obj\zf_driver_11922370083829174090.dir
[50] = dl7M_tln.a
[51] = m7M_tlv.a
[52] = rt7M_tl.a
[53] = shb_l.a
[54] = zf_device_config.a

   49'222 bytes of readonly  code memory
  951'815 bytes of readonly  data memory
   15'603 bytes of readwrite data memory

Errors: none
Warnings: none
