###############################################################################
#
# IAR ELF Linker V9.40.1.364/W64 for ARM                  04/Feb/2026  18:01:14
# Copyright 2007-2023 IAR Systems AB.
#
#    Output file  =
#        D:\Dsektop\luntui\luntui\iar\project_config\Debug_m7_0\Exe\cyt4bb7_cm_7_0.out
#    Map file     =
#        D:\Dsektop\luntui\luntui\iar\Debug_m7_0\List\cyt4bb7_cm_7_0.map
#    Command line =
#        -f
#        D:\Dsektop\luntui\luntui\iar\project_config\Debug_m7_0\Exe\cyt4bb7_cm_7_0.out.rsp
#        (D:\Dsektop\luntui\luntui\iar\Debug_m7_0\Obj\code_17896468042025673432.dir\beep.o
#        D:\Dsektop\luntui\luntui\iar\Debug_m7_0\Obj\user_8514941877209965082.dir\cm7_0_isr.o
#        D:\Dsektop\luntui\luntui\iar\Debug_m7_0\Obj\code_17896468042025673432.dir\control.o
#        D:\Dsektop\luntui\luntui\iar\Debug_m7_0\Obj\adc_11722776235721520015.dir\cy_adc.o
#        D:\Dsektop\luntui\luntui\iar\Debug_m7_0\Obj\button_4990804375159372270.dir\cy_button.o
#        D:\Dsektop\luntui\luntui\iar\Debug_m7_0\Obj\canfd_1800690984773873875.dir\cy_canfd.o
#        D:\Dsektop\luntui\luntui\iar\Debug_m7_0\Obj\cpu_15938736945165268644.dir\cy_cpu.o
#        D:\Dsektop\luntui\luntui\iar\Debug_m7_0\Obj\crypto_1190170608956581615.dir\cy_crypto_config.o
#        D:\Dsektop\luntui\luntui\iar\Debug_m7_0\Obj\eth_phy_18133017486186456677.dir\cy_dp83867.o
#        D:\Dsektop\luntui\luntui\iar\Debug_m7_0\Obj\ethernet_6029839089178797009.dir\cy_ethif.o
#        D:\Dsektop\luntui\luntui\iar\Debug_m7_0\Obj\evtgen_3404189088603873129.dir\cy_evtgen.o
#        D:\Dsektop\luntui\luntui\iar\Debug_m7_0\Obj\flash_8529866181315662935.dir\cy_flash.o
#        D:\Dsektop\luntui\luntui\iar\Debug_m7_0\Obj\gpio_3999404635324069351.dir\cy_gpio.o
#        D:\Dsektop\luntui\luntui\iar\Debug_m7_0\Obj\audioss_1346650047966882938.dir\cy_i2s.o
#        D:\Dsektop\luntui\luntui\iar\Debug_m7_0\Obj\rev_b_6162237342861132223.dir\cy_interrupt_map.o
#        D:\Dsektop\luntui\luntui\iar\Debug_m7_0\Obj\ipc_10145506163450686023.dir\cy_ipc_drv.o
#        D:\Dsektop\luntui\luntui\iar\Debug_m7_0\Obj\ipc_10145506163450686023.dir\cy_ipc_pipe.o
#        D:\Dsektop\luntui\luntui\iar\Debug_m7_0\Obj\ipc_10145506163450686023.dir\cy_ipc_sema.o
#        D:\Dsektop\luntui\luntui\iar\Debug_m7_0\Obj\lin_18429031207028094880.dir\cy_lin.o
#        D:\Dsektop\luntui\luntui\iar\Debug_m7_0\Obj\lvd_6353935867039560245.dir\cy_lvd.o
#        D:\Dsektop\luntui\luntui\iar\Debug_m7_0\Obj\mcwdt_4052485907822033969.dir\cy_mcwdt.o
#        D:\Dsektop\luntui\luntui\iar\Debug_m7_0\Obj\dma_12106025507578611576.dir\cy_mdma.o
#        D:\Dsektop\luntui\luntui\iar\Debug_m7_0\Obj\mpu_5663187252346826382.dir\cy_mpu.o
#        D:\Dsektop\luntui\luntui\iar\Debug_m7_0\Obj\flash_864493325053435817.dir\cy_mw_flash.o
#        D:\Dsektop\luntui\luntui\iar\Debug_m7_0\Obj\dma_12106025507578611576.dir\cy_pdma.o
#        D:\Dsektop\luntui\luntui\iar\Debug_m7_0\Obj\power_14453085144426420577.dir\cy_power.o
#        D:\Dsektop\luntui\luntui\iar\Debug_m7_0\Obj\prot_10722960861768657883.dir\cy_prot.o
#        D:\Dsektop\luntui\luntui\iar\Debug_m7_0\Obj\scb_15490842639181808494.dir\cy_scb_common.o
#        D:\Dsektop\luntui\luntui\iar\Debug_m7_0\Obj\scb_15490842639181808494.dir\cy_scb_ezi2c.o
#        D:\Dsektop\luntui\luntui\iar\Debug_m7_0\Obj\scb_15490842639181808494.dir\cy_scb_i2c.o
#        D:\Dsektop\luntui\luntui\iar\Debug_m7_0\Obj\scb_15490842639181808494.dir\cy_scb_spi.o
#        D:\Dsektop\luntui\luntui\iar\Debug_m7_0\Obj\scb_15490842639181808494.dir\cy_scb_uart.o
#        D:\Dsektop\luntui\luntui\iar\Debug_m7_0\Obj\sd_host_2982766354293506895.dir\cy_sd_host.o
#        D:\Dsektop\luntui\luntui\iar\Debug_m7_0\Obj\semihosting_143864889731838620.dir\cy_semihosting.o
#        D:\Dsektop\luntui\luntui\iar\Debug_m7_0\Obj\smartio_5451710003740070188.dir\cy_smartio.o
#        D:\Dsektop\luntui\luntui\iar\Debug_m7_0\Obj\smif_427648126384146252.dir\cy_smif.o
#        D:\Dsektop\luntui\luntui\iar\Debug_m7_0\Obj\smif_mem_6470536964353725183.dir\cy_smif_device_common.o
#        D:\Dsektop\luntui\luntui\iar\Debug_m7_0\Obj\smif_mem_6470536964353725183.dir\cy_smif_hb_flash.o
#        D:\Dsektop\luntui\luntui\iar\Debug_m7_0\Obj\smif_427648126384146252.dir\cy_smif_memslot.o
#        D:\Dsektop\luntui\luntui\iar\Debug_m7_0\Obj\smif_mem_6470536964353725183.dir\cy_smif_s25fl.o
#        D:\Dsektop\luntui\luntui\iar\Debug_m7_0\Obj\smif_mem_6470536964353725183.dir\cy_smif_s25fs.o
#        D:\Dsektop\luntui\luntui\iar\Debug_m7_0\Obj\smif_mem_6470536964353725183.dir\cy_smif_semp.o
#        D:\Dsektop\luntui\luntui\iar\Debug_m7_0\Obj\smif_427648126384146252.dir\cy_smif_ver_specific.o
#        D:\Dsektop\luntui\luntui\iar\Debug_m7_0\Obj\srom_13018798572330080582.dir\cy_srom.o
#        D:\Dsektop\luntui\luntui\iar\Debug_m7_0\Obj\sw_timer_4215635015939382130.dir\cy_sw_tmr.o
#        D:\Dsektop\luntui\luntui\iar\Debug_m7_0\Obj\sysclk_16149231235676103872.dir\cy_sysclk.o
#        D:\Dsektop\luntui\luntui\iar\Debug_m7_0\Obj\sysflt_12293435975120599261.dir\cy_sysflt.o
#        D:\Dsektop\luntui\luntui\iar\Debug_m7_0\Obj\sysint_7435970359207984181.dir\cy_sysint.o
#        D:\Dsektop\luntui\luntui\iar\Debug_m7_0\Obj\syslib_16330585751512546975.dir\cy_syslib.o
#        D:\Dsektop\luntui\luntui\iar\Debug_m7_0\Obj\syslib_16330585751512546975.dir\cy_syslib_iar.o
#        D:\Dsektop\luntui\luntui\iar\Debug_m7_0\Obj\syspm_10887939769544754770.dir\cy_syspm.o
#        D:\Dsektop\luntui\luntui\iar\Debug_m7_0\Obj\sysreghc_17676636058511625587.dir\cy_sysreghc.o
#        D:\Dsektop\luntui\luntui\iar\Debug_m7_0\Obj\sysreset_14586141425677365288.dir\cy_sysreset.o
#        D:\Dsektop\luntui\luntui\iar\Debug_m7_0\Obj\sysrtc_10747768817563771611.dir\cy_sysrtc.o
#        D:\Dsektop\luntui\luntui\iar\Debug_m7_0\Obj\systick_16016591671695740695.dir\cy_systick.o
#        D:\Dsektop\luntui\luntui\iar\Debug_m7_0\Obj\syswdt_9118657615806274156.dir\cy_syswdt.o
#        D:\Dsektop\luntui\luntui\iar\Debug_m7_0\Obj\tcpwm_422923530147891246.dir\cy_tcpwm.o
#        D:\Dsektop\luntui\luntui\iar\Debug_m7_0\Obj\tcpwm_422923530147891246.dir\cy_tcpwm_counter.o
#        D:\Dsektop\luntui\luntui\iar\Debug_m7_0\Obj\tcpwm_422923530147891246.dir\cy_tcpwm_pwm.o
#        D:\Dsektop\luntui\luntui\iar\Debug_m7_0\Obj\tcpwm_422923530147891246.dir\cy_tcpwm_quaddec.o
#        D:\Dsektop\luntui\luntui\iar\Debug_m7_0\Obj\tcpwm_422923530147891246.dir\cy_tcpwm_sr.o
#        D:\Dsektop\luntui\luntui\iar\Debug_m7_0\Obj\trigmux_9729677290734583340.dir\cy_trigmux.o
#        D:\Dsektop\luntui\luntui\iar\Debug_m7_0\Obj\ethernet_6029839089178797009.dir\edd.o
#        D:\Dsektop\luntui\luntui\iar\Debug_m7_0\Obj\ethernet_6029839089178797009.dir\edd_rx.o
#        D:\Dsektop\luntui\luntui\iar\Debug_m7_0\Obj\ethernet_6029839089178797009.dir\edd_tx.o
#        D:\Dsektop\luntui\luntui\iar\Debug_m7_0\Obj\code_17896468042025673432.dir\filt.o
#        D:\Dsektop\luntui\luntui\iar\Debug_m7_0\Obj\code_17896468042025673432.dir\function.o
#        D:\Dsektop\luntui\luntui\iar\Debug_m7_0\Obj\code_17896468042025673432.dir\key_app.o
#        D:\Dsektop\luntui\luntui\iar\Debug_m7_0\Obj\user_8514941877209965082.dir\main_cm7_0.o
#        D:\Dsektop\luntui\luntui\iar\Debug_m7_0\Obj\code_17896468042025673432.dir\moter.o
#        D:\Dsektop\luntui\luntui\iar\Debug_m7_0\Obj\code_17896468042025673432.dir\pid.o
#        D:\Dsektop\luntui\luntui\iar\Debug_m7_0\Obj\code_17896468042025673432.dir\scheduler.o
#        D:\Dsektop\luntui\luntui\iar\Debug_m7_0\Obj\zf_components_14936052685886095442.dir\seekfree_assistant.o
#        D:\Dsektop\luntui\luntui\iar\Debug_m7_0\Obj\zf_components_14936052685886095442.dir\seekfree_assistant_interface.o
#        D:\Dsektop\luntui\luntui\iar\Debug_m7_0\Obj\code_17896468042025673432.dir\Servo.o
#        D:\Dsektop\luntui\luntui\iar\Debug_m7_0\Obj\code_17896468042025673432.dir\small_driver_uart_control.o
#        D:\Dsektop\luntui\luntui\iar\Debug_m7_0\Obj\startup_479057977785470282.dir\startup.o
#        D:\Dsektop\luntui\luntui\iar\Debug_m7_0\Obj\startup_479057977785470282.dir\startup_cm7.o
#        D:\Dsektop\luntui\luntui\iar\Debug_m7_0\Obj\rev_b_4986922561640112550.dir\system_tviibh4m_cm7.o
#        D:\Dsektop\luntui\luntui\iar\Debug_m7_0\Obj\code_17896468042025673432.dir\uart.o
#        D:\Dsektop\luntui\luntui\iar\Debug_m7_0\Obj\code_17896468042025673432.dir\vmc.o
#        D:\Dsektop\luntui\luntui\iar\Debug_m7_0\Obj\zf_common_1201165462030747823.dir\zf_common_clock.o
#        D:\Dsektop\luntui\luntui\iar\Debug_m7_0\Obj\zf_common_1201165462030747823.dir\zf_common_debug.o
#        D:\Dsektop\luntui\luntui\iar\Debug_m7_0\Obj\zf_common_1201165462030747823.dir\zf_common_fifo.o
#        D:\Dsektop\luntui\luntui\iar\Debug_m7_0\Obj\zf_common_1201165462030747823.dir\zf_common_font.o
#        D:\Dsektop\luntui\luntui\iar\Debug_m7_0\Obj\zf_common_1201165462030747823.dir\zf_common_function.o
#        D:\Dsektop\luntui\luntui\iar\Debug_m7_0\Obj\zf_common_1201165462030747823.dir\zf_common_interrupt.o
#        D:\Dsektop\luntui\luntui\iar\Debug_m7_0\Obj\zf_device_6570275422786408770.dir\zf_device_ble6a20.o
#        D:\Dsektop\luntui\luntui\iar\Debug_m7_0\Obj\zf_device_6570275422786408770.dir\zf_device_dl1a.o
#        D:\Dsektop\luntui\luntui\iar\Debug_m7_0\Obj\zf_device_6570275422786408770.dir\zf_device_dl1b.o
#        D:\Dsektop\luntui\luntui\iar\Debug_m7_0\Obj\zf_device_6570275422786408770.dir\zf_device_gnss.o
#        D:\Dsektop\luntui\luntui\iar\Debug_m7_0\Obj\zf_device_6570275422786408770.dir\zf_device_icm20602.o
#        D:\Dsektop\luntui\luntui\iar\Debug_m7_0\Obj\zf_device_6570275422786408770.dir\zf_device_imu660ra.o
#        D:\Dsektop\luntui\luntui\iar\Debug_m7_0\Obj\zf_device_6570275422786408770.dir\zf_device_imu660rb.o
#        D:\Dsektop\luntui\luntui\iar\Debug_m7_0\Obj\zf_device_6570275422786408770.dir\zf_device_imu963ra.o
#        D:\Dsektop\luntui\luntui\iar\Debug_m7_0\Obj\zf_device_6570275422786408770.dir\zf_device_ips114.o
#        D:\Dsektop\luntui\luntui\iar\Debug_m7_0\Obj\zf_device_6570275422786408770.dir\zf_device_ips200.o
#        D:\Dsektop\luntui\luntui\iar\Debug_m7_0\Obj\zf_device_6570275422786408770.dir\zf_device_ips200pro.o
#        D:\Dsektop\luntui\luntui\iar\Debug_m7_0\Obj\zf_device_6570275422786408770.dir\zf_device_key.o
#        D:\Dsektop\luntui\luntui\iar\Debug_m7_0\Obj\zf_device_6570275422786408770.dir\zf_device_menc15a.o
#        D:\Dsektop\luntui\luntui\iar\Debug_m7_0\Obj\zf_device_6570275422786408770.dir\zf_device_mt9v03x.o
#        D:\Dsektop\luntui\luntui\iar\Debug_m7_0\Obj\zf_device_6570275422786408770.dir\zf_device_oled.o
#        D:\Dsektop\luntui\luntui\iar\Debug_m7_0\Obj\zf_device_6570275422786408770.dir\zf_device_tft180.o
#        D:\Dsektop\luntui\luntui\iar\Debug_m7_0\Obj\zf_device_6570275422786408770.dir\zf_device_tsl1401.o
#        D:\Dsektop\luntui\luntui\iar\Debug_m7_0\Obj\zf_device_6570275422786408770.dir\zf_device_type.o
#        D:\Dsektop\luntui\luntui\iar\Debug_m7_0\Obj\zf_device_6570275422786408770.dir\zf_device_uart_receiver.o
#        D:\Dsektop\luntui\luntui\iar\Debug_m7_0\Obj\zf_device_6570275422786408770.dir\zf_device_wifi_spi.o
#        D:\Dsektop\luntui\luntui\iar\Debug_m7_0\Obj\zf_device_6570275422786408770.dir\zf_device_wifi_uart.o
#        D:\Dsektop\luntui\luntui\iar\Debug_m7_0\Obj\zf_device_6570275422786408770.dir\zf_device_wireless_uart.o
#        D:\Dsektop\luntui\luntui\iar\Debug_m7_0\Obj\zf_driver_11922370083829174090.dir\zf_driver_adc.o
#        D:\Dsektop\luntui\luntui\iar\Debug_m7_0\Obj\zf_driver_11922370083829174090.dir\zf_driver_delay.o
#        D:\Dsektop\luntui\luntui\iar\Debug_m7_0\Obj\zf_driver_11922370083829174090.dir\zf_driver_dma.o
#        D:\Dsektop\luntui\luntui\iar\Debug_m7_0\Obj\zf_driver_11922370083829174090.dir\zf_driver_encoder.o
#        D:\Dsektop\luntui\luntui\iar\Debug_m7_0\Obj\zf_driver_11922370083829174090.dir\zf_driver_exti.o
#        D:\Dsektop\luntui\luntui\iar\Debug_m7_0\Obj\zf_driver_11922370083829174090.dir\zf_driver_flash.o
#        D:\Dsektop\luntui\luntui\iar\Debug_m7_0\Obj\zf_driver_11922370083829174090.dir\zf_driver_gpio.o
#        D:\Dsektop\luntui\luntui\iar\Debug_m7_0\Obj\zf_driver_11922370083829174090.dir\zf_driver_ipc.o
#        D:\Dsektop\luntui\luntui\iar\Debug_m7_0\Obj\zf_driver_11922370083829174090.dir\zf_driver_pit.o
#        D:\Dsektop\luntui\luntui\iar\Debug_m7_0\Obj\zf_driver_11922370083829174090.dir\zf_driver_pwm.o
#        D:\Dsektop\luntui\luntui\iar\Debug_m7_0\Obj\zf_driver_11922370083829174090.dir\zf_driver_soft_iic.o
#        D:\Dsektop\luntui\luntui\iar\Debug_m7_0\Obj\zf_driver_11922370083829174090.dir\zf_driver_soft_spi.o
#        D:\Dsektop\luntui\luntui\iar\Debug_m7_0\Obj\zf_driver_11922370083829174090.dir\zf_driver_spi.o
#        D:\Dsektop\luntui\luntui\iar\Debug_m7_0\Obj\zf_driver_11922370083829174090.dir\zf_driver_timer.o
#        D:\Dsektop\luntui\luntui\iar\Debug_m7_0\Obj\zf_driver_11922370083829174090.dir\zf_driver_uart.o
#        --no_out_extension -o
#        D:\Dsektop\luntui\luntui\iar\project_config\Debug_m7_0\Exe\cyt4bb7_cm_7_0.out
#        --config_def _CORE_cm7_0_=0 --config_def _LINK_flash_=0 --map
#        D:\Dsektop\luntui\luntui\iar\Debug_m7_0\List\cyt4bb7_cm_7_0.map
#        --config
#        D:\Dsektop\luntui\luntui\iar\project_config\..\icf\linker_directives_tviibh.icf
#        --semihosting
#        D:\Dsektop\luntui\luntui\iar\project_config\..\..\..\libraries\sdk\tviibh4m\src\drivers\crypto\libs\libcrypto_server_cm0plus_iar.a
#        D:\Dsektop\luntui\luntui\iar\project_config\..\..\..\libraries\zf_device\zf_device_config.a
#        D:\Dsektop\luntui\luntui\iar\project_config\..\..\..\libraries\sdk\common\hdr\cmsis\dsp\iar_cortexM7lf_math.a
#        --entry __iar_program_start --vfe --text_out locale --cpu=Cortex-M7
#        --fpu=VFPv5_d16) --dependencies=n
#        D:\Dsektop\luntui\luntui\iar\project_config\Debug_m7_0\Exe\cyt4bb7_cm_7_0.out.iar_deps
#
###############################################################################

*******************************************************************************
*** RUNTIME MODEL ATTRIBUTES
***

CppFlavor       = *
__CPP_Runtime   = 1
__Heap_Handler  = Basic
__SystemLibrary = DLib
__dlib_version  = 6


*******************************************************************************
*** HEAP SELECTION
***

The basic heap was selected because --advanced_heap
was not specified and the application did not appear to
be primarily optimized for speed.


*******************************************************************************
*** PLACEMENT SUMMARY
***

"A0":  place at start of [from 0x1008'0000 to 0x1027'ffff] { section .intvec };
"P1":  place in [from 0x1008'0000 to 0x1027'ffff] { ro };
"P2":  place in [from 0x2802'0000 to 0x2807'ffff] { rw };
define block HEAP with size = 1K, alignment = 8 { };
define block CSTACK with size = 8K, alignment = 8 { };
define block HEAP_STACK { block HEAP, last block CSTACK };
"A1":  place at end of [from 0x2802'0000 to 0x2807'ffff] { block HEAP_STACK };
do not initialize { section .intvec_ram };
initialize by copy { rw };

No sections matched the following patterns:

  ro section .sflash_app_prot  in "P6"
  ro section .sflash_nar       in "P4"
  ro section .sflash_pkey      in "P5"
  ro section .sflash_toc2      in "P7"
  ro section .sflash_uf_rows   in "P3"
  ro section .work_flash       in "P8"
  section .global_ram_data     in "P9"


  Section            Kind         Address      Size  Object
  -------            ----         -------      ----  ------
"A0":                                          0x80
  .intvec            ro code  0x1008'0000      0x80  startup_cm7.o [31]
                            - 0x1008'0080      0x80

"P1":                                      0xf'24cb
  .rodata            const    0x1008'0080  0x7'39f4  vmc.o [5]
  .rodata            const    0x100f'3a74  0x7'39f4  vmc.o [5]
  .text              ro code  0x1016'7468     0xeae  xprintffull_nomb.o [50]
  .text              ro code  0x1016'8316      0x7e  lz77_init_single.o [52]
  .text              ro code  0x1016'8394      0x16  strchr.o [52]
  .text              ro code  0x1016'83aa      0x1a  xsnprout.o [50]
  .text              ro code  0x1016'83c4      0x40  xfail_s.o [50]
  .text              ro code  0x1016'8404      0x36  strlen.o [52]
  .text              ro code  0x1016'843a       0xa  xsprout.o [50]
  .text              ro code  0x1016'8444      0x58  memchr.o [52]
  .text              ro code  0x1016'849c      0xa6  ABImemcpy.o [52]
  .text              ro code  0x1016'8544      0x70  frexp.o [51]
  .text              ro code  0x1016'85b4      0x34  DblCmpLe.o [51]
  .text              ro code  0x1016'85e8      0x34  DblCmpGe.o [51]
  .text              ro code  0x1016'861c     0x104  ldexp.o [51]
  .text              ro code  0x1016'8720       0xe  DblToS32.o [51]
  .text              ro code  0x1016'872e       0xe  S32ToDbl.o [51]
  .text              ro code  0x1016'873c      0x12  DblSub.o [51]
  .text              ro code  0x1016'874e      0x12  DblDiv.o [51]
  .text              ro code  0x1016'8760       0xe  DblToU32.o [51]
  .text              ro code  0x1016'876e       0xe  U32ToDbl.o [51]
  .text              ro code  0x1016'877c      0x12  DblMul.o [51]
  .text              ro code  0x1016'8790     0x230  I64DivMod.o [52]
  .text              ro code  0x1016'89c0       0x6  abort.o [50]
  .text              ro code  0x1016'89c8       0x2  I64DivZer.o [52]
  .text              ro code  0x1016'89cc      0x14  exit.o [53]
  .text              ro code  0x1016'89e0     0xe18  zf_driver_pwm.o [49]
  .text              ro code  0x1016'97f8     0x478  zf_common_debug.o [46]
  .text              ro code  0x1016'9c70      0x66  ABImemset.o [52]
  .text              ro code  0x1016'9cd8     0x194  cy_gpio.o [14]
  .text              ro code  0x1016'9e6c     0x20a  cy_tcpwm_pwm.o [43]
  .text              ro code  0x1016'a076       0xc  cy_tcpwm.o [43]
  .text              ro code  0x1016'a084     0x828  zf_driver_uart.o [49]
  .text              ro code  0x1016'a8ac      0x40  sprintf.o [50]
  .text              ro code  0x1016'a8ec     0x610  zf_common_fifo.o [46]
  .text              ro code  0x1016'aefc      0xe2  zf_common_interrupt.o [46]
  .text              ro code  0x1016'afe0       0x6  ABImemclr4.o [52]
  .text              ro code  0x1016'afe8     0x314  cy_scb_uart.o [24]
  .text              ro code  0x1016'b2fc      0xac  cy_sysint.o [35]
  .text              ro code  0x1016'b3a8      0x32  ABImemset48.o [52]
  .text              ro code  0x1016'b3dc     0xd70  zf_driver_spi.o [49]
  .text              ro code  0x1016'c14c     0x1f0  cy_scb_spi.o [24]
  .text              ro code  0x1016'c33c     0xb28  zf_device_tft180.o [48]
  .text              ro code  0x1016'ce64      0x16  vla_alloc.o [50]
  .text              ro code  0x1016'ce7c     0x220  zf_common_function.o [46]
  .text              ro code  0x1016'd09c     0x110  zf_driver_gpio.o [49]
  .text              ro code  0x1016'd1ac     0x2d8  zf_driver_delay.o [49]
  .text              ro code  0x1016'd484     0x13c  heap0.o [50]
  .text              ro code  0x1016'd5c0       0x4  heaptramp0.o [50]
  .text              ro code  0x1016'd5c4     0x1b8  cy_tcpwm_counter.o [43]
  .text              ro code  0x1016'd77c      0x2c  xgetmemchunk.o [50]
  .text              ro code  0x1016'd7a8     0x8e8  cy_sysclk.o [33]
  .text              ro code  0x1016'e090      0x70  strncpy.o [52]
  .text              ro code  0x1016'e100      0xa8  cy_syslib.o [36]
  .text              ro code  0x1016'e1a8       0x2  cy_syslib.o [36]
  .text              ro code  0x1016'e1ac     0x698  filt.o [5]
  .text              ro code  0x1016'e844     0x1d4  zf_device_imu660rb.o [48]
  .text              ro code  0x1016'ea18      0x88  asin.o [51]
  .text              ro code  0x1016'eaa0      0x7e  atan2.o [51]
  .text              ro code  0x1016'eb20     0x118  xatan.o [51]
  .rodata            const    0x1016'ec38     0x5f0  zf_common_font.o [46]
  .text              ro code  0x1016'f228     0x3c4  Servo.o [5]
  .text              ro code  0x1016'f5ec     0x194  vmc.o [5]
  .text              ro code  0x1016'f780      0x62  round.o [51]
  .text              ro code  0x1016'f7e4     0x398  zf_driver_pit.o [49]
  .text              ro code  0x1016'fb7c     0x30c  control.o [5]
  .text              ro code  0x1016'fe88     0x184  pid.o [5]
  .text              ro code  0x1017'000c     0x17a  small_driver_uart_control.o [5]
  .text              ro code  0x1017'0188     0x294  zf_driver_timer.o [49]
  .text              ro code  0x1017'041c     0x240  zf_device_wifi_spi.o [48]
  .rodata            const    0x1017'065c     0x228  zf_common_font.o [46]
  .text              ro code  0x1017'0884     0x228  cm7_0_isr.o [45]
  .text              ro code  0x1017'0aac      0x7c  zf_device_tsl1401.o [48]
  .text              ro code  0x1017'0b28      0xa2  main_cm7_0.o [45]
  .text              ro code  0x1017'0bcc     0x114  zf_device_gnss.o [48]
  .text              ro code  0x1017'0ce0      0x74  zf_driver_adc.o [49]
  .text              ro code  0x1017'0d54      0x1c  zf_common_clock.o [46]
  .text              ro code  0x1017'0d70      0x40  beep.o [5]
  .text              ro code  0x1017'0db0     0x108  key_app.o [5]
  .text              ro code  0x1017'0eb8      0x94  seekfree_assistant_interface.o [47]
  .text              ro code  0x1017'0f4c     0x1f0  scheduler.o [5]
  .text              ro code  0x1017'113c      0x2a  strncmp.o [50]
  .text              ro code  0x1017'1168     0x150  system_tviibh4m_cm7.o [22]
  .text              ro code  0x1017'12b8      0x28  printf.o [50]
  .text              ro code  0x1017'12e0       0x8  startup_cm7.o [31]
  .text              ro code  0x1017'12e8       0x6  startup_cm7.o [31]
  .text              ro code  0x1017'12f0     0x204  startup.o [31]
  .text              ro code  0x1017'14f4     0x1cc  zf_device_wifi_uart.o [48]
  .text              ro code  0x1017'16c0      0x2c  strstr.o [50]
  .text              ro code  0x1017'16ec     0x198  cy_interrupt_map.o [23]
  .text              ro code  0x1017'1884     0x11c  uart.o [5]
  .text              ro code  0x1017'19a0      0x3c  vsnprint.o [50]
  .text              ro code  0x1017'19dc      0xbc  seekfree_assistant.o [47]
  .text              ro code  0x1017'1a98      0xb0  startup_cm7.o [31]
  .text              ro code  0x1017'1b48      0x98  zf_device_ble6a20.o [48]
  .text              ro code  0x1017'1be0      0x98  zf_device_wireless_uart.o [48]
  .rodata            const    0x1017'1c78      0x4c  system_tviibh4m_cm7.o [22]
  .rodata            const    0x1017'1cc4      0x48  cy_sysclk.o [33]
  .rodata            const    0x1017'1d0c      0x48  cy_sysclk.o [33]
  .rodata            const    0x1017'1d54      0x40  zf_device_wireless_uart.o [48]
  .rodata            const    0x1017'1d94      0x3c  zf_common_function.o [46]
  .rodata            const    0x1017'1dd0      0x3c  zf_device_ble6a20.o [48]
  .rodata            const    0x1017'1e0c      0x3c  zf_device_imu660rb.o [48]
  .rodata            const    0x1017'1e48      0x3c  zf_device_tft180.o [48]
  .rodata            const    0x1017'1e84      0x3c  zf_device_wifi_spi.o [48]
  .rodata            const    0x1017'1ec0      0x3c  zf_device_wifi_uart.o [48]
  .rodata            const    0x1017'1efc      0x38  zf_common_fifo.o [46]
  .rodata            const    0x1017'1f34      0x38  zf_driver_pwm.o [49]
  .rodata            const    0x1017'1f6c      0x38  zf_driver_spi.o [49]
  .rodata            const    0x1017'1fa4      0x38  zf_driver_uart.o [49]
  .text              ro code  0x1017'1fdc      0x38  zero_init3.o [52]
  .text              ro code  0x1017'2014      0x28  data_init.o [52]
  .text              ro code  0x1017'203c      0x22  fpinit_M.o [51]
  .iar.init_table    const    0x1017'2060      0x20  - Linker created -
  .text              ro code  0x1017'2080      0x20  startup_cm7.o [31]
  .text              ro code  0x1017'20a0      0x20  putchar.o [50]
  .text              ro code  0x1017'20c0      0x1e  cy_syslib_iar.o [36]
  .text              ro code  0x1017'20e0      0x1e  cmain.o [52]
  .text              ro code  0x1017'2100       0x4  startup_cm7.o [31]
  .text              ro code  0x1017'2104       0x4  exit.o [50]
  .text              ro code  0x1017'2108       0xa  cexit.o [52]
  .rodata            const    0x1017'2114      0x1c  uart.o [5]
  .rodata            const    0x1017'2130      0x1c  zf_common_debug.o [46]
  .rodata            const    0x1017'214c      0x1c  zf_device_imu660rb.o [48]
  .text              ro code  0x1017'2168      0x1c  startup_cm7.o [31]
  .text              ro code  0x1017'2184      0x1c  cstartup_M.o [52]
  .rodata            const    0x1017'21a0      0x18  startup.o [31]
  .rodata            const    0x1017'21b8      0x18  system_tviibh4m_cm7.o [22]
  .rodata            const    0x1017'21d0      0x18  zf_common_debug.o [46]
  .text              ro code  0x1017'21e8      0x16  xprout.o [50]
  .rodata            const    0x1017'2200      0x14  uart.o [5]
  .rodata            const    0x1017'2214      0x10  zf_common_debug.o [46]
  .rodata            const    0x1017'2224      0x10  zf_common_debug.o [46]
  .rodata            const    0x1017'2234      0x10  zf_device_wifi_uart.o [48]
  .rodata            const    0x1017'2244       0xc  scheduler.o [5]
  .rodata            const    0x1017'2250       0xc  uart.o [5]
  .rodata            const    0x1017'225c       0xc  zf_common_debug.o [46]
  .rodata            const    0x1017'2268       0xc  zf_common_debug.o [46]
  .rodata            const    0x1017'2274       0xc  zf_common_debug.o [46]
  .rodata            const    0x1017'2280       0xc  zf_device_wifi_uart.o [48]
  .text              ro code  0x1017'228c       0xc  cy_syslib.o [36]
  .rodata            const    0x1017'2298       0x8  cy_sysclk.o [33]
  .rodata            const    0x1017'22a0       0x8  scheduler.o [5]
  .rodata            const    0x1017'22a8       0x8  scheduler.o [5]
  .rodata            const    0x1017'22b0       0x8  scheduler.o [5]
  .rodata            const    0x1017'22b8       0x8  scheduler.o [5]
  .rodata            const    0x1017'22c0       0x8  zf_device_wifi_uart.o [48]
  .rodata            const    0x1017'22c8       0x8  zf_device_wifi_uart.o [48]
  .rodata            const    0x1017'22d0       0x4  cy_interrupt_map.o [23]
  .rodata            const    0x1017'22d4       0x4  cy_interrupt_map.o [23]
  .rodata            const    0x1017'22d8       0x4  cy_interrupt_map.o [23]
  .rodata            const    0x1017'22dc       0x4  cy_interrupt_map.o [23]
  .rodata            const    0x1017'22e0       0x4  cy_interrupt_map.o [23]
  .rodata            const    0x1017'22e4       0x4  cy_interrupt_map.o [23]
  .rodata            const    0x1017'22e8       0x4  cy_interrupt_map.o [23]
  .rodata            const    0x1017'22ec       0x4  cy_interrupt_map.o [23]
  .rodata            const    0x1017'22f0       0x4  cy_scb_spi.o [24]
  .rodata            const    0x1017'22f4       0x4  cy_scb_spi.o [24]
  .rodata            const    0x1017'22f8       0x4  cy_scb_spi.o [24]
  .rodata            const    0x1017'22fc       0x4  cy_scb_spi.o [24]
  .rodata            const    0x1017'2300       0x4  cy_scb_uart.o [24]
  .rodata            const    0x1017'2304       0x4  cy_scb_uart.o [24]
  .rodata            const    0x1017'2308       0x4  cy_scb_uart.o [24]
  .rodata            const    0x1017'230c       0x4  cy_scb_uart.o [24]
  .rodata            const    0x1017'2310       0x4  cy_scb_uart.o [24]
  .rodata            const    0x1017'2314       0x4  cy_scb_uart.o [24]
  .rodata            const    0x1017'2318       0x4  cy_scb_uart.o [24]
  .rodata            const    0x1017'231c       0x4  cy_scb_uart.o [24]
  .rodata            const    0x1017'2320       0x4  cy_scb_uart.o [24]
  .rodata            const    0x1017'2324       0x4  cy_scb_uart.o [24]
  .rodata            const    0x1017'2328       0x4  cy_sysint.o [35]
  .rodata            const    0x1017'232c       0x4  cy_sysint.o [35]
  .rodata            const    0x1017'2330       0x4  cy_tcpwm_counter.o [43]
  .rodata            const    0x1017'2334       0x4  cy_tcpwm_counter.o [43]
  .rodata            const    0x1017'2338       0x4  cy_tcpwm_counter.o [43]
  .rodata            const    0x1017'233c       0x4  cy_tcpwm_counter.o [43]
  .rodata            const    0x1017'2340       0x4  cy_tcpwm_counter.o [43]
  .rodata            const    0x1017'2344       0x4  cy_tcpwm_pwm.o [43]
  .rodata            const    0x1017'2348       0x4  cy_tcpwm_pwm.o [43]
  .rodata            const    0x1017'234c       0x4  cy_tcpwm_pwm.o [43]
  .rodata            const    0x1017'2350       0x4  cy_tcpwm_pwm.o [43]
  .rodata            const    0x1017'2354       0x4  cy_tcpwm_pwm.o [43]
  .rodata            const    0x1017'2358       0x4  cy_tcpwm_pwm.o [43]
  .rodata            const    0x1017'235c       0x4  cy_tcpwm_pwm.o [43]
  .rodata            const    0x1017'2360       0x4  vmc.o [5]
  .rodata            const    0x1017'2364       0x4  vmc.o [5]
  .rodata            const    0x1017'2368       0x4  vmc.o [5]
  .rodata            const    0x1017'236c       0x4  vmc.o [5]
  .rodata            const    0x1017'2370       0x4  vmc.o [5]
  .rodata            const    0x1017'2374       0x4  vmc.o [5]
  .text              ro code  0x1017'2378       0x4  seekfree_assistant_interface.o [47]
  .text              ro code  0x1017'237c       0x4  seekfree_assistant_interface.o [47]
  .text              ro code  0x1017'2380       0x4  startup_cm7.o [31]
  .text              ro code  0x1017'2384       0x4  startup_cm7.o [31]
  .text              ro code  0x1017'2388       0x4  startup_cm7.o [31]
  .text              ro code  0x1017'238c       0x4  startup_cm7.o [31]
  .text              ro code  0x1017'2390       0x4  startup_cm7.o [31]
  .text              ro code  0x1017'2394       0x4  startup_cm7.o [31]
  .text              ro code  0x1017'2398       0x4  startup_cm7.o [31]
  .text              ro code  0x1017'239c       0x4  startup_cm7.o [31]
  .text              ro code  0x1017'23a0       0x4  startup_cm7.o [31]
  .text              ro code  0x1017'23a4       0x4  startup_cm7.o [31]
  .text              ro code  0x1017'23a8       0x4  startup_cm7.o [31]
  .text              ro code  0x1017'23ac       0x4  startup_cm7.o [31]
  .text              ro code  0x1017'23b0       0x4  startup_cm7.o [31]
  .text              ro code  0x1017'23b4       0x4  startup_cm7.o [31]
  .text              ro code  0x1017'23b8       0x4  startup_cm7.o [31]
  .text              ro code  0x1017'23bc       0x2  zf_device_type.o [48]
  .rodata            const    0x1017'23be       0x0  zero_init3.o [52]
  .rodata            const    0x1017'23be       0x0  lz77_init_single.o [52]
  Initializer bytes  const    0x1017'23be      0xe8  <for P2-1>
                            - 0x1017'24a6  0xf'2426

"P2", part 1 of 3:                            0x809
  P2-1                        0x2802'0000     0x809  <Init block>
    .data            inited   0x2802'0000       0x4  control.o [5]
    .data            inited   0x2802'0004     0x6ec  cy_interrupt_map.o [23]
    .data            inited   0x2802'06f0       0x4  cy_interrupt_map.o [23]
    .data            inited   0x2802'06f4      0x10  filt.o [5]
    .data            inited   0x2802'0704       0x4  filt.o [5]
    .data            inited   0x2802'0708       0x4  filt.o [5]
    .data            inited   0x2802'070c      0x48  scheduler.o [5]
    .data            inited   0x2802'0754      0x18  seekfree_assistant.o [47]
    .data            inited   0x2802'076c       0x4  seekfree_assistant.o [47]
    .data            inited   0x2802'0770       0x4  seekfree_assistant.o [47]
    .data            inited   0x2802'0774       0x4  Servo.o [5]
    .data            inited   0x2802'0778       0x4  zf_device_type.o [48]
    .data            inited   0x2802'077c       0xc  zf_driver_adc.o [49]
    .data            inited   0x2802'0788      0x3c  zf_driver_pit.o [49]
    .data            inited   0x2802'07c4      0x10  zf_driver_spi.o [49]
    .data            inited   0x2802'07d4      0x14  zf_driver_uart.o [49]
    .data            inited   0x2802'07e8      0x14  zf_driver_uart.o [49]
    .data            inited   0x2802'07fc       0x2  zf_device_tft180.o [48]
    .data            inited   0x2802'07fe       0x2  zf_device_tft180.o [48]
    .data            inited   0x2802'0800       0x2  zf_device_tft180.o [48]
    .data            inited   0x2802'0802       0x2  zf_device_tft180.o [48]
    .data            inited   0x2802'0804       0x2  zf_driver_delay.o [49]
    .data            inited   0x2802'0806       0x1  zf_common_debug.o [46]
    .data            inited   0x2802'0807       0x1  zf_device_tft180.o [48]
    .data            inited   0x2802'0808       0x1  zf_driver_delay.o [49]
                            - 0x2802'0809     0x809

"P2", part 2 of 3:                            0xa38
  .bss               zero     0x2802'080c     0x200  zf_device_tsl1401.o [48]
  .bss               zero     0x2802'0a0c     0x118  zf_driver_uart.o [49]
  .bss               zero     0x2802'0b24      0x94  zf_device_wifi_uart.o [48]
  .bss               zero     0x2802'0bb8      0x80  seekfree_assistant.o [47]
  .bss               zero     0x2802'0c38      0x80  zf_device_gnss.o [48]
  .bss               zero     0x2802'0cb8      0x80  zf_device_gnss.o [48]
  .bss               zero     0x2802'0d38      0x80  zf_device_gnss.o [48]
  .bss               zero     0x2802'0db8      0x70  cy_syslib.o [36]
  .bss               zero     0x2802'0e28      0x48  zf_driver_adc.o [49]
  .bss               zero     0x2802'0e70      0x40  uart.o [5]
  .bss               zero     0x2802'0eb0      0x40  uart.o [5]
  .bss               zero     0x2802'0ef0      0x40  zf_common_debug.o [46]
  .bss               zero     0x2802'0f30      0x38  control.o [5]
  .bss               zero     0x2802'0f68      0x38  control.o [5]
  .bss               zero     0x2802'0fa0      0x38  control.o [5]
  .bss               zero     0x2802'0fd8      0x24  filt.o [5]
  .bss               zero     0x2802'0ffc      0x24  filt.o [5]
  .bss               zero     0x2802'1020      0x20  seekfree_assistant.o [47]
  .bss               zero     0x2802'1040      0x18  cy_sysclk.o [33]
  .bss               zero     0x2802'1058      0x18  cy_syslib.o [36]
  .bss               zero     0x2802'1070      0x18  filt.o [5]
  .bss               zero     0x2802'1088      0x18  uart.o [5]
  .bss               zero     0x2802'10a0      0x18  zf_common_debug.o [46]
  .bss               zero     0x2802'10b8      0x18  zf_device_ble6a20.o [48]
  .bss               zero     0x2802'10d0      0x18  zf_device_gnss.o [48]
  .bss               zero     0x2802'10e8      0x18  zf_device_wifi_spi.o [48]
  .bss               zero     0x2802'1100      0x18  zf_device_wifi_uart.o [48]
  .bss               zero     0x2802'1118      0x18  zf_device_wireless_uart.o [48]
  .bss               zero     0x2802'1130      0x14  small_driver_uart_control.o [5]
  .bss               zero     0x2802'1144      0x14  zf_common_debug.o [46]
  .bss               zero     0x2802'1158       0xc  beep.o [5]
  .bss               zero     0x2802'1164       0xc  Servo.o [5]
  .bss               zero     0x2802'1170       0xc  Servo.o [5]
  .bss               zero     0x2802'117c       0xc  Servo.o [5]
  .bss               zero     0x2802'1188       0xc  Servo.o [5]
  .bss               zero     0x2802'1194       0x8  seekfree_assistant.o [47]
  .bss               zero     0x2802'119c       0x8  heap0.o [50]
  .bss               zero     0x2802'11a4       0x4  cm7_0_isr.o [45]
  .bss               zero     0x2802'11a8       0x4  control.o [5]
  .bss               zero     0x2802'11ac       0x4  control.o [5]
  .bss               zero     0x2802'11b0       0x4  control.o [5]
  .bss               zero     0x2802'11b4       0x4  control.o [5]
  .bss               zero     0x2802'11b8       0x4  control.o [5]
  .bss               zero     0x2802'11bc       0x4  control.o [5]
  .bss               zero     0x2802'11c0       0x4  control.o [5]
  .bss               zero     0x2802'11c4       0x4  control.o [5]
  .bss               zero     0x2802'11c8       0x4  cy_syslib.o [36]
  .bss               zero     0x2802'11cc       0x4  filt.o [5]
  .bss               zero     0x2802'11d0       0x4  filt.o [5]
  .bss               zero     0x2802'11d4       0x4  filt.o [5]
  .bss               zero     0x2802'11d8       0x4  Servo.o [5]
  .bss               zero     0x2802'11dc       0x4  Servo.o [5]
  .bss               zero     0x2802'11e0       0x4  Servo.o [5]
  .bss               zero     0x2802'11e4       0x4  Servo.o [5]
  .bss               zero     0x2802'11e8       0x4  Servo.o [5]
  .bss               zero     0x2802'11ec       0x4  system_tviibh4m_cm7.o [22]
  .bss               zero     0x2802'11f0       0x4  system_tviibh4m_cm7.o [22]
  .bss               zero     0x2802'11f4       0x4  system_tviibh4m_cm7.o [22]
  .bss               zero     0x2802'11f8       0x4  system_tviibh4m_cm7.o [22]
  .bss               zero     0x2802'11fc       0x4  system_tviibh4m_cm7.o [22]
  .bss               zero     0x2802'1200       0x4  uart.o [5]
  .bss               zero     0x2802'1204       0x4  zf_common_clock.o [46]
  .bss               zero     0x2802'1208       0x4  zf_common_interrupt.o [46]
  .bss               zero     0x2802'120c       0x4  zf_driver_spi.o [49]
  .bss               zero     0x2802'1210       0x4  zf_driver_timer.o [49]
  .bss               zero     0x2802'1214       0x4  xgetmemchunk.o [50]
  .bss               zero     0x2802'1218       0x4  xfail_s.o [50]
  .bss               zero     0x2802'121c       0x2  control.o [5]
  .bss               zero     0x2802'121e       0x2  control.o [5]
  .bss               zero     0x2802'1220       0x2  Servo.o [5]
  .bss               zero     0x2802'1222       0x2  zf_device_imu660rb.o [48]
  .bss               zero     0x2802'1224       0x2  zf_device_imu660rb.o [48]
  .bss               zero     0x2802'1226       0x2  zf_device_imu660rb.o [48]
  .bss               zero     0x2802'1228       0x2  zf_device_imu660rb.o [48]
  .bss               zero     0x2802'122a       0x2  zf_device_imu660rb.o [48]
  .bss               zero     0x2802'122c       0x2  zf_device_imu660rb.o [48]
  .bss               zero     0x2802'122e       0x1  control.o [5]
  .bss               zero     0x2802'122f       0x1  control.o [5]
  .bss               zero     0x2802'1230       0x1  cy_sysclk.o [33]
  .bss               zero     0x2802'1231       0x1  filt.o [5]
  .bss               zero     0x2802'1232       0x1  key_app.o [5]
  .bss               zero     0x2802'1233       0x1  key_app.o [5]
  .bss               zero     0x2802'1234       0x1  key_app.o [5]
  .bss               zero     0x2802'1235       0x1  key_app.o [5]
  .bss               zero     0x2802'1236       0x1  scheduler.o [5]
  .bss               zero     0x2802'1237       0x1  zf_common_debug.o [46]
  .bss               zero     0x2802'1238       0x1  zf_common_debug.o [46]
  .bss               zero     0x2802'1239       0x1  zf_common_debug.o [46]
  .bss               zero     0x2802'123a       0x1  zf_device_gnss.o [48]
  .bss               zero     0x2802'123b       0x1  zf_device_gnss.o [48]
  .bss               zero     0x2802'123c       0x1  zf_device_gnss.o [48]
  .bss               zero     0x2802'123d       0x1  zf_device_gnss.o [48]
  .bss               zero     0x2802'123e       0x1  zf_device_gnss.o [48]
  .bss               zero     0x2802'123f       0x1  zf_device_tft180.o [48]
  .bss               zero     0x2802'1240       0x1  zf_device_tsl1401.o [48]
  .bss               zero     0x2802'1241       0x1  zf_device_tsl1401.o [48]
  .bss               zero     0x2802'1242       0x1  zf_device_wifi_spi.o [48]
                            - 0x2802'1243     0xa37

"P2", part 3 of 3:                             0x80
  .intvec_ram        uninit   0x2802'1280      0x80  startup_cm7.o [31]
                            - 0x2802'1300      0x80

"A1":                                        0x2400
  HEAP_STACK                  0x2807'dc00    0x2400  <Block>
    HEAP                      0x2807'dc00     0x400  <Block>
      HEAP           uninit   0x2807'dc00     0x400  <Block tail>
    CSTACK                    0x2807'e000    0x2000  <Block>
      CSTACK         uninit   0x2807'e000    0x2000  <Block tail>
                            - 0x2808'0000    0x2400

Unused ranges:

         From           To       Size
         ----           --       ----
  0x1017'254b  0x1027'ffff  0x10'dab5
  0x2802'0809  0x2802'080b        0x3
  0x2802'1244  0x2802'127f       0x3c
  0x2802'1300  0x2807'dbff   0x5'c900


*******************************************************************************
*** INIT TABLE
***

          Address      Size
          -------      ----
Zero (__iar_zero_init3)
    1 destination range, total size 0xa37:
          0x2802'080c  0xa37

Copy/lz77 (__iar_lz77_init_single3)
    1 source range, total size 0xe8 (11% of destination):
          0x1017'23be   0xe8
    1 destination range, total size 0x809:
          0x2802'0000  0x809



*******************************************************************************
*** MODULE SUMMARY
***

    Module                          ro code  ro data  rw data
    ------                          -------  -------  -------
command line/config:
    ---------------------------------------------------------
    Total:

D:\Dsektop\luntui\luntui\iar\Debug_m7_0\Obj\adc_11722776235721520015.dir: [1]
    ---------------------------------------------------------
    Total:

D:\Dsektop\luntui\luntui\iar\Debug_m7_0\Obj\audioss_1346650047966882938.dir: [2]
    ---------------------------------------------------------
    Total:

D:\Dsektop\luntui\luntui\iar\Debug_m7_0\Obj\button_4990804375159372270.dir: [3]
    ---------------------------------------------------------
    Total:

D:\Dsektop\luntui\luntui\iar\Debug_m7_0\Obj\canfd_1800690984773873875.dir: [4]
    ---------------------------------------------------------
    Total:

D:\Dsektop\luntui\luntui\iar\Debug_m7_0\Obj\code_17896468042025673432.dir: [5]
    Servo.o                             964                74
    beep.o                               64                12
    control.o                           780               210
    filt.o                            1'688        3      133
    key_app.o                           264                 4
    pid.o                               388
    scheduler.o                         496       52       73
    small_driver_uart_control.o         378                20
    uart.o                              284       60      156
    vmc.o                               404  947'200
    ---------------------------------------------------------
    Total:                            5'710  947'315      682

D:\Dsektop\luntui\luntui\iar\Debug_m7_0\Obj\cpu_15938736945165268644.dir: [6]
    ---------------------------------------------------------
    Total:

D:\Dsektop\luntui\luntui\iar\Debug_m7_0\Obj\crypto_1190170608956581615.dir: [7]
    ---------------------------------------------------------
    Total:

D:\Dsektop\luntui\luntui\iar\Debug_m7_0\Obj\dma_12106025507578611576.dir: [8]
    ---------------------------------------------------------
    Total:

D:\Dsektop\luntui\luntui\iar\Debug_m7_0\Obj\eth_phy_18133017486186456677.dir: [9]
    ---------------------------------------------------------
    Total:

D:\Dsektop\luntui\luntui\iar\Debug_m7_0\Obj\ethernet_6029839089178797009.dir: [10]
    ---------------------------------------------------------
    Total:

D:\Dsektop\luntui\luntui\iar\Debug_m7_0\Obj\evtgen_3404189088603873129.dir: [11]
    ---------------------------------------------------------
    Total:

D:\Dsektop\luntui\luntui\iar\Debug_m7_0\Obj\flash_8529866181315662935.dir: [12]
    ---------------------------------------------------------
    Total:

D:\Dsektop\luntui\luntui\iar\Debug_m7_0\Obj\flash_864493325053435817.dir: [13]
    ---------------------------------------------------------
    Total:

D:\Dsektop\luntui\luntui\iar\Debug_m7_0\Obj\gpio_3999404635324069351.dir: [14]
    cy_gpio.o                           404
    ---------------------------------------------------------
    Total:                              404

D:\Dsektop\luntui\luntui\iar\Debug_m7_0\Obj\ipc_10145506163450686023.dir: [15]
    ---------------------------------------------------------
    Total:

D:\Dsektop\luntui\luntui\iar\Debug_m7_0\Obj\lin_18429031207028094880.dir: [16]
    ---------------------------------------------------------
    Total:

D:\Dsektop\luntui\luntui\iar\Debug_m7_0\Obj\lvd_6353935867039560245.dir: [17]
    ---------------------------------------------------------
    Total:

D:\Dsektop\luntui\luntui\iar\Debug_m7_0\Obj\mcwdt_4052485907822033969.dir: [18]
    ---------------------------------------------------------
    Total:

D:\Dsektop\luntui\luntui\iar\Debug_m7_0\Obj\mpu_5663187252346826382.dir: [19]
    ---------------------------------------------------------
    Total:

D:\Dsektop\luntui\luntui\iar\Debug_m7_0\Obj\power_14453085144426420577.dir: [20]
    ---------------------------------------------------------
    Total:

D:\Dsektop\luntui\luntui\iar\Debug_m7_0\Obj\prot_10722960861768657883.dir: [21]
    ---------------------------------------------------------
    Total:

D:\Dsektop\luntui\luntui\iar\Debug_m7_0\Obj\rev_b_4986922561640112550.dir: [22]
    system_tviibh4m_cm7.o               336      100       20
    ---------------------------------------------------------
    Total:                              336      100       20

D:\Dsektop\luntui\luntui\iar\Debug_m7_0\Obj\rev_b_6162237342861132223.dir: [23]
    cy_interrupt_map.o                  408      232    1'776
    ---------------------------------------------------------
    Total:                              408      232    1'776

D:\Dsektop\luntui\luntui\iar\Debug_m7_0\Obj\scb_15490842639181808494.dir: [24]
    cy_scb_spi.o                        496       16
    cy_scb_uart.o                       788       40
    ---------------------------------------------------------
    Total:                            1'284       56

D:\Dsektop\luntui\luntui\iar\Debug_m7_0\Obj\sd_host_2982766354293506895.dir: [25]
    ---------------------------------------------------------
    Total:

D:\Dsektop\luntui\luntui\iar\Debug_m7_0\Obj\semihosting_143864889731838620.dir: [26]
    ---------------------------------------------------------
    Total:

D:\Dsektop\luntui\luntui\iar\Debug_m7_0\Obj\smartio_5451710003740070188.dir: [27]
    ---------------------------------------------------------
    Total:

D:\Dsektop\luntui\luntui\iar\Debug_m7_0\Obj\smif_427648126384146252.dir: [28]
    ---------------------------------------------------------
    Total:

D:\Dsektop\luntui\luntui\iar\Debug_m7_0\Obj\smif_mem_6470536964353725183.dir: [29]
    ---------------------------------------------------------
    Total:

D:\Dsektop\luntui\luntui\iar\Debug_m7_0\Obj\srom_13018798572330080582.dir: [30]
    ---------------------------------------------------------
    Total:

D:\Dsektop\luntui\luntui\iar\Debug_m7_0\Obj\startup_479057977785470282.dir: [31]
    startup.o                           516       24
    startup_cm7.o                       442               128
    ---------------------------------------------------------
    Total:                              958       24      128

D:\Dsektop\luntui\luntui\iar\Debug_m7_0\Obj\sw_timer_4215635015939382130.dir: [32]
    ---------------------------------------------------------
    Total:

D:\Dsektop\luntui\luntui\iar\Debug_m7_0\Obj\sysclk_16149231235676103872.dir: [33]
    cy_sysclk.o                       2'280      152       25
    ---------------------------------------------------------
    Total:                            2'280      152       25

D:\Dsektop\luntui\luntui\iar\Debug_m7_0\Obj\sysflt_12293435975120599261.dir: [34]
    ---------------------------------------------------------
    Total:

D:\Dsektop\luntui\luntui\iar\Debug_m7_0\Obj\sysint_7435970359207984181.dir: [35]
    cy_sysint.o                         172        8
    ---------------------------------------------------------
    Total:                              172        8

D:\Dsektop\luntui\luntui\iar\Debug_m7_0\Obj\syslib_16330585751512546975.dir: [36]
    cy_syslib.o                         182               140
    cy_syslib_iar.o                      30
    ---------------------------------------------------------
    Total:                              212               140

D:\Dsektop\luntui\luntui\iar\Debug_m7_0\Obj\syspm_10887939769544754770.dir: [37]
    ---------------------------------------------------------
    Total:

D:\Dsektop\luntui\luntui\iar\Debug_m7_0\Obj\sysreghc_17676636058511625587.dir: [38]
    ---------------------------------------------------------
    Total:

D:\Dsektop\luntui\luntui\iar\Debug_m7_0\Obj\sysreset_14586141425677365288.dir: [39]
    ---------------------------------------------------------
    Total:

D:\Dsektop\luntui\luntui\iar\Debug_m7_0\Obj\sysrtc_10747768817563771611.dir: [40]
    ---------------------------------------------------------
    Total:

D:\Dsektop\luntui\luntui\iar\Debug_m7_0\Obj\systick_16016591671695740695.dir: [41]
    ---------------------------------------------------------
    Total:

D:\Dsektop\luntui\luntui\iar\Debug_m7_0\Obj\syswdt_9118657615806274156.dir: [42]
    ---------------------------------------------------------
    Total:

D:\Dsektop\luntui\luntui\iar\Debug_m7_0\Obj\tcpwm_422923530147891246.dir: [43]
    cy_tcpwm.o                           12
    cy_tcpwm_counter.o                  440       20
    cy_tcpwm_pwm.o                      522       28
    ---------------------------------------------------------
    Total:                              974       48

D:\Dsektop\luntui\luntui\iar\Debug_m7_0\Obj\trigmux_9729677290734583340.dir: [44]
    ---------------------------------------------------------
    Total:

D:\Dsektop\luntui\luntui\iar\Debug_m7_0\Obj\user_8514941877209965082.dir: [45]
    cm7_0_isr.o                         552                 4
    main_cm7_0.o                        162
    ---------------------------------------------------------
    Total:                              714                 4

D:\Dsektop\luntui\luntui\iar\Debug_m7_0\Obj\zf_common_1201165462030747823.dir: [46]
    zf_common_clock.o                    28                 4
    zf_common_debug.o                 1'144      120      112
    zf_common_fifo.o                  1'552       56
    zf_common_font.o                           2'072
    zf_common_function.o                544       60
    zf_common_interrupt.o               226                 4
    ---------------------------------------------------------
    Total:                            3'494    2'308      120

D:\Dsektop\luntui\luntui\iar\Debug_m7_0\Obj\zf_components_14936052685886095442.dir: [47]
    seekfree_assistant.o                188        4      200
    seekfree_assistant_interface.o      156
    ---------------------------------------------------------
    Total:                              344        4      200

D:\Dsektop\luntui\luntui\iar\Debug_m7_0\Obj\zf_device_6570275422786408770.dir: [48]
    zf_device_ble6a20.o                 152       60       24
    zf_device_gnss.o                    276               413
    zf_device_imu660rb.o                468       88       12
    zf_device_tft180.o                2'856       61       10
    zf_device_tsl1401.o                 124               514
    zf_device_type.o                      2        1        4
    zf_device_wifi_spi.o                576       60       25
    zf_device_wifi_uart.o               460      104      172
    zf_device_wireless_uart.o           152       64       24
    ---------------------------------------------------------
    Total:                            5'066      438    1'198

D:\Dsektop\luntui\luntui\iar\Debug_m7_0\Obj\zf_driver_11922370083829174090.dir: [49]
    zf_driver_adc.o                     116        1       84
    zf_driver_delay.o                   728        1        3
    zf_driver_gpio.o                    272
    zf_driver_pit.o                     920        7       60
    zf_driver_pwm.o                   3'608       56
    zf_driver_spi.o                   3'440       58       20
    zf_driver_timer.o                   660                 4
    zf_driver_uart.o                  2'088       60      320
    ---------------------------------------------------------
    Total:                           11'832      183      491

dl7M_tln.a: [50]
    abort.o                               6
    exit.o                                4
    heap0.o                             316                 8
    heaptramp0.o                          4
    printf.o                             40
    putchar.o                            32
    sprintf.o                            64
    strncmp.o                            42
    strstr.o                             44
    vla_alloc.o                          22
    vsnprint.o                           60
    xfail_s.o                            64                 4
    xgetmemchunk.o                       44                 4
    xprintffull_nomb.o                3'758
    xprout.o                             22
    xsnprout.o                           26
    xsprout.o                            10
    ---------------------------------------------------------
    Total:                            4'558                16

m7M_tlv.a: [51]
    DblCmpGe.o                           52
    DblCmpLe.o                           52
    DblDiv.o                             18
    DblMul.o                             18
    DblSub.o                             18
    DblToS32.o                           14
    DblToU32.o                           14
    S32ToDbl.o                           14
    U32ToDbl.o                           14
    asin.o                              136
    atan2.o                             126
    fpinit_M.o                           34
    frexp.o                             112
    ldexp.o                             260
    round.o                              98
    xatan.o                             280
    ---------------------------------------------------------
    Total:                            1'260

rt7M_tl.a: [52]
    ABImemclr4.o                          6
    ABImemcpy.o                         166
    ABImemset.o                         102
    ABImemset48.o                        50
    I64DivMod.o                         560
    I64DivZer.o                           2
    cexit.o                              10
    cmain.o                              30
    cstartup_M.o                         28
    data_init.o                          40
    lz77_init_single.o                  126
    memchr.o                             88
    strchr.o                             22
    strlen.o                             54
    strncpy.o                           112
    zero_init3.o                         56
    ---------------------------------------------------------
    Total:                            1'452

shb_l.a: [53]
    exit.o                               20
    ---------------------------------------------------------
    Total:                               20

    Gaps                                 38        6
    Linker created                                32    9'216
-------------------------------------------------------------
    Grand Total:                     41'516  950'906   14'016


*******************************************************************************
*** ENTRY LIST
***

Entry                       Address      Size  Type      Object
-----                       -------      ----  ----      ------
.iar.init_table$$Base   0x1017'2060             --   Gb  - Linker created -
.iar.init_table$$Limit  0x1017'2080             --   Gb  - Linker created -
?main                   0x1017'20e1            Code  Gb  cmain.o [52]
A_max                   0x1017'2368       0x4  Data  Gb  vmc.o [5]
A_min                   0x1017'236c       0x4  Data  Gb  vmc.o [5]
A_step                  0x1017'2374       0x4  Data  Gb  vmc.o [5]
Aldata                  0x2802'119c       0x8  Data  Lc  heap0.o [50]
BusFault_Handler        0x1017'2389            Code  Wk  startup_cm7.o [31]
CSTACK$$Base            0x2807'e000             --   Gb  - Linker created -
CSTACK$$Limit           0x2808'0000             --   Gb  - Linker created -
CopyVectorTable         0x1017'1491      0x34  Code  Lc  startup.o [31]
CpuUserInt0_Handler     0x1017'170b      0x26  Code  Gb  cy_interrupt_map.o [23]
CpuUserInt10_Handler    0x1017'23a5            Code  Wk  startup_cm7.o [31]
CpuUserInt11_Handler    0x1017'23a9            Code  Wk  startup_cm7.o [31]
CpuUserInt12_Handler    0x1017'23ad            Code  Wk  startup_cm7.o [31]
CpuUserInt13_Handler    0x1017'23b1            Code  Wk  startup_cm7.o [31]
CpuUserInt14_Handler    0x1017'23b5            Code  Wk  startup_cm7.o [31]
CpuUserInt15_Handler    0x1017'23b9            Code  Wk  startup_cm7.o [31]
CpuUserInt1_Handler     0x1017'1731      0x26  Code  Gb  cy_interrupt_map.o [23]
CpuUserInt2_Handler     0x1017'1757      0x26  Code  Gb  cy_interrupt_map.o [23]
CpuUserInt3_Handler     0x1017'177d      0x26  Code  Gb  cy_interrupt_map.o [23]
CpuUserInt4_Handler     0x1017'17a3      0x26  Code  Gb  cy_interrupt_map.o [23]
CpuUserInt5_Handler     0x1017'17c9      0x26  Code  Gb  cy_interrupt_map.o [23]
CpuUserInt6_Handler     0x1017'17ef      0x26  Code  Gb  cy_interrupt_map.o [23]
CpuUserInt7_Handler     0x1017'1815      0x26  Code  Gb  cy_interrupt_map.o [23]
CpuUserInt8_Handler     0x1017'239d            Code  Wk  startup_cm7.o [31]
CpuUserInt9_Handler     0x1017'23a1            Code  Wk  startup_cm7.o [31]
Cy_DefaultUserHandler   0x1017'1709       0x2  Code  Gb  cy_interrupt_map.o [23]
Cy_GPIO_ClearInterrupt  0x1016'9dab       0xe  Code  Lc  cy_gpio.o [14]
Cy_GPIO_Clr             0x1016'd0b1       0xa  Code  Lc  zf_driver_gpio.o [49]
Cy_GPIO_Pin_Init        0x1016'9def      0x72  Code  Gb  cy_gpio.o [14]
Cy_GPIO_Read            0x1016'd09d       0xa  Code  Lc  zf_driver_gpio.o [49]
Cy_GPIO_Set             0x1016'd0a7       0xa  Code  Lc  zf_driver_gpio.o [49]
Cy_GPIO_SetDriveSel     0x1016'9d8d      0x1e  Code  Lc  cy_gpio.o [14]
Cy_GPIO_SetDrivemode    0x1016'9d3d      0x1c  Code  Lc  cy_gpio.o [14]
Cy_GPIO_SetHSIOM        0x1016'9cd9      0x4c  Code  Lc  cy_gpio.o [14]
Cy_GPIO_SetInterruptEdge
                        0x1016'9dd3      0x1c  Code  Lc  cy_gpio.o [14]
Cy_GPIO_SetInterruptMask
                        0x1016'9db9      0x1a  Code  Lc  cy_gpio.o [14]
Cy_GPIO_SetSlewRate     0x1016'9d73      0x1a  Code  Lc  cy_gpio.o [14]
Cy_GPIO_SetVtrip        0x1016'9d59      0x1a  Code  Lc  cy_gpio.o [14]
Cy_GPIO_Write           0x1016'9d25      0x18  Code  Lc  cy_gpio.o [14]
Cy_RestoreIRQ           0x1017'12e9            Code  Gb  startup_cm7.o [31]
Cy_SCB_ClearRxFifo      0x1016'b3e7      0x1e  Code  Lc  zf_driver_spi.o [49]
Cy_SCB_ClearRxInterrupt
                        0x1017'088b       0xa  Code  Lc  cm7_0_isr.o [45]
Cy_SCB_ClearTxInterrupt
                        0x1017'089b       0xa  Code  Lc  cm7_0_isr.o [45]
Cy_SCB_GetFifoSize      0x1016'b441      0x12  Code  Lc  zf_driver_spi.o [49]
Cy_SCB_GetNumInRxFifo   0x1016'b3dd       0xa  Code  Lc  zf_driver_spi.o [49]
Cy_SCB_GetNumInRxFifo   0x1016'a22f       0xa  Code  Lc  zf_driver_uart.o [49]
Cy_SCB_GetNumInTxFifo   0x1016'b40b       0xa  Code  Lc  zf_driver_spi.o [49]
Cy_SCB_GetNumInTxFifo   0x1016'a23f       0xa  Code  Lc  zf_driver_uart.o [49]
Cy_SCB_GetRxInterruptMask
                        0x1017'0885       0x6  Code  Lc  cm7_0_isr.o [45]
Cy_SCB_GetRxInterruptMask
                        0x1016'a27b       0x6  Code  Lc  zf_driver_uart.o [49]
Cy_SCB_GetTxInterruptMask
                        0x1017'0895       0x6  Code  Lc  cm7_0_isr.o [45]
Cy_SCB_GetTxInterruptMask
                        0x1016'a287       0x6  Code  Lc  zf_driver_uart.o [49]
Cy_SCB_GetTxSrValid     0x1016'b415       0xa  Code  Lc  zf_driver_spi.o [49]
Cy_SCB_GetTxSrValid     0x1016'a249       0xa  Code  Lc  zf_driver_uart.o [49]
Cy_SCB_IsTxComplete     0x1016'b41f      0x22  Code  Lc  zf_driver_spi.o [49]
Cy_SCB_IsTxComplete     0x1016'a253      0x22  Code  Lc  zf_driver_uart.o [49]
Cy_SCB_ReadRxFifo       0x1016'a229       0x6  Code  Lc  zf_driver_uart.o [49]
Cy_SCB_SPI_ClearRxFifo  0x1016'b471       0x8  Code  Lc  zf_driver_spi.o [49]
Cy_SCB_SPI_Enable       0x1016'b453       0xa  Code  Lc  zf_driver_spi.o [49]
Cy_SCB_SPI_GetNumInRxFifo
                        0x1016'b469       0x8  Code  Lc  zf_driver_spi.o [49]
Cy_SCB_SPI_Init         0x1016'c14d     0x1d8  Code  Gb  cy_scb_spi.o [24]
Cy_SCB_SPI_SetActiveSlaveSelect
                        0x1016'b45d       0xc  Code  Lc  zf_driver_spi.o [49]
Cy_SCB_SetRxInterruptMask
                        0x1016'a275       0x6  Code  Lc  zf_driver_uart.o [49]
Cy_SCB_SetTxInterruptMask
                        0x1016'a281       0x6  Code  Lc  zf_driver_uart.o [49]
Cy_SCB_UART_DeInit      0x1016'b26d      0x5c  Code  Gb  cy_scb_uart.o [24]
Cy_SCB_UART_Enable      0x1016'a28d       0xa  Code  Lc  zf_driver_uart.o [49]
Cy_SCB_UART_Init        0x1016'afe9     0x284  Code  Gb  cy_scb_uart.o [24]
Cy_SCB_WriteTxFifo      0x1016'b405       0x6  Code  Lc  zf_driver_spi.o [49]
Cy_SCB_WriteTxFifo      0x1016'a239       0x6  Code  Lc  zf_driver_uart.o [49]
Cy_SaveIRQ              0x1017'12e1            Code  Gb  startup_cm7.o [31]
Cy_SysClk_CheckDividerExisting
                        0x1016'd1ad      0x2a  Code  Lc  zf_driver_delay.o [49]
Cy_SysClk_CheckDividerExisting
                        0x1016'f7e5      0x2c  Code  Lc  zf_driver_pit.o [49]
Cy_SysClk_CheckDividerExisting
                        0x1016'89e1      0x2c  Code  Lc  zf_driver_pwm.o [49]
Cy_SysClk_CheckDividerExisting
                        0x1016'b479      0x2c  Code  Lc  zf_driver_spi.o [49]
Cy_SysClk_CheckDividerExisting
                        0x1017'0189      0x2a  Code  Lc  zf_driver_timer.o [49]
Cy_SysClk_CheckDividerExisting
                        0x1016'a085      0x2c  Code  Lc  zf_driver_uart.o [49]
Cy_SysClk_ClkPathGetSource
                        0x1016'd91d      0x54  Code  Gb  cy_sysclk.o [33]
Cy_SysClk_EcoGetStatus  0x1016'd7a9      0x1a  Code  Lc  cy_sysclk.o [33]
Cy_SysClk_Fast0ClkGetDivider
                        0x1016'd8f1      0x16  Code  Lc  cy_sysclk.o [33]
Cy_SysClk_Fast1ClkGetDivider
                        0x1016'd907      0x16  Code  Lc  cy_sysclk.o [33]
Cy_SysClk_FllGetConfiguration
                        0x1016'd979      0x7e  Code  Gb  cy_sysclk.o [33]
Cy_SysClk_FllGetLockStatus
                        0x1016'd7c3       0xc  Code  Lc  cy_sysclk.o [33]
Cy_SysClk_GetClockGroup
                        0x1016'd255       0x8  Code  Lc  zf_driver_delay.o [49]
Cy_SysClk_GetClockGroup
                        0x1016'f893       0x8  Code  Lc  zf_driver_pit.o [49]
Cy_SysClk_GetClockGroup
                        0x1016'8a8f       0x8  Code  Lc  zf_driver_pwm.o [49]
Cy_SysClk_GetClockGroup
                        0x1016'b55d       0x8  Code  Lc  zf_driver_spi.o [49]
Cy_SysClk_GetClockGroup
                        0x1017'0231       0x8  Code  Lc  zf_driver_timer.o [49]
Cy_SysClk_GetClockGroup
                        0x1016'a169       0x8  Code  Lc  zf_driver_uart.o [49]
Cy_SysClk_GetCoreFrequency
                        0x1016'e03d      0x2a  Code  Gb  cy_sysclk.o [33]
Cy_SysClk_GetEcoFrequency
                        0x1016'db45      0x32  Code  Gb  cy_sysclk.o [33]
Cy_SysClk_GetExtFrequency
                        0x1016'db79      0x1e  Code  Gb  cy_sysclk.o [33]
Cy_SysClk_GetFast0Frequency
                        0x1016'df91      0x56  Code  Gb  cy_sysclk.o [33]
Cy_SysClk_GetFast1Frequency
                        0x1016'dfe7      0x56  Code  Gb  cy_sysclk.o [33]
Cy_SysClk_GetFllInputFrequency
                        0x1016'dc99       0xc  Code  Gb  cy_sysclk.o [33]
Cy_SysClk_GetFllOutputFrequency
                        0x1016'dcc1      0x78  Code  Gb  cy_sysclk.o [33]
Cy_SysClk_GetHfClkFrequency
                        0x1016'df13      0x7a  Code  Gb  cy_sysclk.o [33]
Cy_SysClk_GetIlo0Frequency
                        0x1016'db97      0x32  Code  Gb  cy_sysclk.o [33]
Cy_SysClk_GetIlo1Frequency
                        0x1016'dbc9      0x32  Code  Gb  cy_sysclk.o [33]
Cy_SysClk_GetImoFrequency
                        0x1016'db13      0x32  Code  Gb  cy_sysclk.o [33]
Cy_SysClk_GetPathFrequency
                        0x1016'dee1      0x32  Code  Gb  cy_sysclk.o [33]
Cy_SysClk_GetPathSourceFrequency
                        0x1016'dc35      0x64  Code  Gb  cy_sysclk.o [33]
Cy_SysClk_GetPll400MNo  0x1016'd80d      0x14  Code  Lc  cy_sysclk.o [33]
Cy_SysClk_GetPllInputFrequency
                        0x1016'dca5      0x1c  Code  Gb  cy_sysclk.o [33]
Cy_SysClk_GetPllNo      0x1016'd7d1      0x12  Code  Lc  cy_sysclk.o [33]
Cy_SysClk_GetPllOutputFrequency
                        0x1016'dd3d     0x1a0  Code  Gb  cy_sysclk.o [33]
Cy_SysClk_GetWcoFrequency
                        0x1016'dbfb      0x32  Code  Gb  cy_sysclk.o [33]
Cy_SysClk_HfClockGetDivider
                        0x1016'd8af      0x42  Code  Lc  cy_sysclk.o [33]
Cy_SysClk_HfClockGetSource
                        0x1016'd85b      0x54  Code  Lc  cy_sysclk.o [33]
Cy_SysClk_InitGetFreqParams
                        0x1016'daf9      0x1a  Code  Gb  cy_sysclk.o [33]
Cy_SysClk_PeriphAssignDivider
                        0x1016'd25d      0x68  Code  Lc  zf_driver_delay.o [49]
Cy_SysClk_PeriphAssignDivider
                        0x1016'f89b      0x68  Code  Lc  zf_driver_pit.o [49]
Cy_SysClk_PeriphAssignDivider
                        0x1016'8a97      0x6a  Code  Lc  zf_driver_pwm.o [49]
Cy_SysClk_PeriphAssignDivider
                        0x1016'b565      0x6a  Code  Lc  zf_driver_spi.o [49]
Cy_SysClk_PeriphAssignDivider
                        0x1017'0239      0x68  Code  Lc  zf_driver_timer.o [49]
Cy_SysClk_PeriphAssignDivider
                        0x1016'a171      0x6a  Code  Lc  zf_driver_uart.o [49]
Cy_SysClk_PeriphEnableDivider
                        0x1016'd2c5      0x4c  Code  Lc  zf_driver_delay.o [49]
Cy_SysClk_PeriphEnableDivider
                        0x1016'f903      0x4c  Code  Lc  zf_driver_pit.o [49]
Cy_SysClk_PeriphEnableDivider
                        0x1016'8b01      0x4e  Code  Lc  zf_driver_pwm.o [49]
Cy_SysClk_PeriphEnableDivider
                        0x1016'b5cf      0x4e  Code  Lc  zf_driver_spi.o [49]
Cy_SysClk_PeriphEnableDivider
                        0x1017'02a1      0x4c  Code  Lc  zf_driver_timer.o [49]
Cy_SysClk_PeriphEnableDivider
                        0x1016'a1db      0x4e  Code  Lc  zf_driver_uart.o [49]
Cy_SysClk_PeriphSetDivider
                        0x1016'd1d7      0x7e  Code  Lc  zf_driver_delay.o [49]
Cy_SysClk_PeriphSetDivider
                        0x1016'f811      0x82  Code  Lc  zf_driver_pit.o [49]
Cy_SysClk_PeriphSetDivider
                        0x1016'8a0d      0x82  Code  Lc  zf_driver_pwm.o [49]
Cy_SysClk_PeriphSetDivider
                        0x1017'01b3      0x7e  Code  Lc  zf_driver_timer.o [49]
Cy_SysClk_PeriphSetFracDivider
                        0x1016'b4a5      0xb8  Code  Lc  zf_driver_spi.o [49]
Cy_SysClk_PeriphSetFracDivider
                        0x1016'a0b1      0xb8  Code  Lc  zf_driver_uart.o [49]
Cy_SysClk_Pll400MGetConfiguration
                        0x1016'da65      0x84  Code  Gb  cy_sysclk.o [33]
Cy_SysClk_Pll400MGetLockStatus
                        0x1016'd821      0x2a  Code  Lc  cy_sysclk.o [33]
Cy_SysClk_PllGetConfiguration
                        0x1016'da11      0x48  Code  Gb  cy_sysclk.o [33]
Cy_SysClk_PllGetLockStatus
                        0x1016'd7e3      0x28  Code  Lc  cy_sysclk.o [33]
Cy_SysClk_WcoOkay       0x1016'd84d       0xe  Code  Lc  cy_sysclk.o [33]
Cy_SysInt_InitIRQ       0x1016'b2fd      0x7e  Code  Gb  cy_sysint.o [35]
Cy_SysInt_SetSystemIrqVector
                        0x1016'b37b      0x12  Code  Gb  cy_sysint.o [35]
Cy_SysInt_SystemIrqUserTableRamPointer
                        0x2802'06f0       0x4  Data  Gb  cy_interrupt_map.o [23]
Cy_SysLib_DelayCycles   0x1017'20c1            Code  Gb  cy_syslib_iar.o [36]
Cy_SysLib_EnterCriticalSection
                        0x1017'20d1            Code  Gb  cy_syslib_iar.o [36]
Cy_SysLib_ExitCriticalSection
                        0x1017'20d9            Code  Gb  cy_syslib_iar.o [36]
Cy_SysLib_FaultHandler  0x1016'e105      0x90  Code  Gb  cy_syslib.o [36]
Cy_SysLib_Halt          0x1016'e101       0x4  Code  Gb  cy_syslib.o [36]
Cy_SysLib_ProcessingFault
                        0x1016'e1a9       0x2  Code  Wk  cy_syslib.o [36]
Cy_SysLib_SvcHandler    0x1017'228d       0xc  Code  Wk  cy_syslib.o [36]
Cy_SystemInitFpuEnable  0x1017'1259      0x1e  Code  Gb  system_tviibh4m_cm7.o [22]
Cy_SystemIrqUserTable   0x2802'0004     0x6ec  Data  Gb  cy_interrupt_map.o [23]
Cy_Tcpwm_Counter_ClearTC_Intr
                        0x1016'd76d      0x10  Code  Gb  cy_tcpwm_counter.o [43]
Cy_Tcpwm_Counter_Disable
                        0x1016'd74f       0xa  Code  Gb  cy_tcpwm_counter.o [43]
Cy_Tcpwm_Counter_Enable
                        0x1016'd745       0xa  Code  Gb  cy_tcpwm_counter.o [43]
Cy_Tcpwm_Counter_GetCounter
                        0x1016'd75d       0x4  Code  Gb  cy_tcpwm_counter.o [43]
Cy_Tcpwm_Counter_Init   0x1016'd5c5     0x16c  Code  Gb  cy_tcpwm_counter.o [43]
Cy_Tcpwm_Counter_SetCounter
                        0x1016'd759       0x4  Code  Gb  cy_tcpwm_counter.o [43]
Cy_Tcpwm_Counter_SetTC_IntrMask
                        0x1016'd761       0xc  Code  Gb  cy_tcpwm_counter.o [43]
Cy_Tcpwm_Pwm_Enable     0x1016'a06d       0xa  Code  Gb  cy_tcpwm_pwm.o [43]
Cy_Tcpwm_Pwm_Init       0x1016'9e6d     0x1e4  Code  Gb  cy_tcpwm_pwm.o [43]
Cy_Tcpwm_TriggerStart   0x1016'a077       0xc  Code  Gb  cy_tcpwm.o [43]
Cy_u32StartupStackEndAddress
                        0x1017'1b44            Data  Gb  startup_cm7.o [31]
Cy_u32StartupStackStartAddress
                        0x1017'1b40            Data  Gb  startup_cm7.o [31]
DebugMon_Handler        0x1017'2391            Code  Wk  startup_cm7.o [31]
GyroOffset              0x2802'1070      0x18  Data  Gb  filt.o [5]
GyroOffset_init         0x2802'1231       0x1  Data  Gb  filt.o [5]
HEAP$$Base              0x2807'dc00             --   Gb  - Linker created -
HEAP$$Limit             0x2807'e000             --   Gb  - Linker created -
HEAP_STACK$$Base        0x2807'dc00             --   Gb  - Linker created -
HEAP_STACK$$Limit       0x2808'0000             --   Gb  - Linker created -
HardFault_Handler       0x1017'2081            Code  Wk  startup_cm7.o [31]
ICM_AHRSupdate          0x1016'e499     0x1a0  Code  Gb  filt.o [5]
ICM_getEulerianAngles   0x1016'e66d     0x17e  Code  Gb  filt.o [5]
ICM_getValues           0x1016'e2d1     0x1b8  Code  Gb  filt.o [5]
I_ex                    0x2802'11cc       0x4  Data  Gb  filt.o [5]
I_ey                    0x2802'11d0       0x4  Data  Gb  filt.o [5]
I_ez                    0x2802'11d4       0x4  Data  Gb  filt.o [5]
InitRamEcc              0x1017'137f     0x100  Code  Lc  startup.o [31]
InitRamEccClearArea     0x1017'147f      0x12  Code  Lc  startup.o [31]
MemManage_Handler       0x1017'2385            Code  Wk  startup_cm7.o [31]
NMI_Handler             0x1017'2381            Code  Wk  startup_cm7.o [31]
P_max                   0x1017'2360       0x4  Data  Gb  vmc.o [5]
P_min                   0x1017'2364       0x4  Data  Gb  vmc.o [5]
P_step                  0x1017'2370       0x4  Data  Gb  vmc.o [5]
PendSV_Handler          0x1017'2395            Code  Wk  startup_cm7.o [31]
Q_info                  0x2802'06f4      0x10  Data  Gb  filt.o [5]
Region$$Table$$Base     0x1017'2060             --   Gb  - Linker created -
Region$$Table$$Limit    0x1017'2080             --   Gb  - Linker created -
Reset_Handler           0x1017'1a99            Code  Wk  startup_cm7.o [31]
SVC_Handler             0x1017'2169            Code  Wk  startup_cm7.o [31]
Servo_Init              0x1016'f229      0xf4  Code  Gb  Servo.o [5]
Startup_Init            0x1017'12f1      0x8e  Code  Gb  startup.o [31]
SysTick_Handler         0x1017'2399            Code  Wk  startup_cm7.o [31]
SystemCoreClock         0x2802'11ec       0x4  Data  Gb  system_tviibh4m_cm7.o [22]
SystemCoreClockUpdate   0x1017'11c5      0x94  Code  Gb  system_tviibh4m_cm7.o [22]
SystemInit              0x1017'1169      0x5c  Code  Gb  system_tviibh4m_cm7.o [22]
UsageFault_Handler      0x1017'238d            Code  Wk  startup_cm7.o [31]
VMC_Update_All_Servos   0x1016'f369     0x258  Code  Gb  Servo.o [5]
VMC_Update_All_Servos::last_pwm1
                        0x2802'11dc       0x4  Data  Lc  Servo.o [5]
VMC_Update_All_Servos::last_pwm2
                        0x2802'11e0       0x4  Data  Lc  Servo.o [5]
VMC_Update_All_Servos::last_pwm3
                        0x2802'11e4       0x4  Data  Lc  Servo.o [5]
VMC_Update_All_Servos::last_pwm4
                        0x2802'11e8       0x4  Data  Lc  Servo.o [5]
_LC                     0x1016'7469       0x6  Code  Lc  xprintffull_nomb.o [50]
_LitobFullNoMb          0x1016'8135     0x114  Code  Lc  xprintffull_nomb.o [50]
_PrintfFullNoMb         0x1016'746f     0xc98  Code  Gb  xprintffull_nomb.o [50]
_Prout                  0x1017'21e9      0x16  Code  Gb  xprout.o [50]
_PutcharsFullNoMb       0x1016'82a1      0x2e  Code  Lc  xprintffull_nomb.o [50]
_SNProut                0x1016'83ab      0x1a  Code  Gb  xsnprout.o [50]
_SProut                 0x1016'843b       0xa  Code  Gb  xsprout.o [50]
__NVIC_ClearPendingIRQ  0x1017'16ed      0x1c  Code  Lc  cy_interrupt_map.o [23]
__NVIC_ClearPendingIRQ  0x1016'af19      0x1c  Code  Lc  zf_common_interrupt.o [46]
__NVIC_EnableIRQ        0x1016'aefd      0x1c  Code  Lc  zf_common_interrupt.o [46]
__NVIC_SetPriority      0x1016'af35      0x24  Code  Lc  zf_common_interrupt.o [46]
__Vectors               0x1008'0000             --   Gb  startup_cm7.o [31]
__Vectors_End           0x1008'0080            Data  Gb  startup_cm7.o [31]
__Vectors_Size {Abs}           0x80             --   Gb  startup_cm7.o [31]
__aeabi_cdcmple         0x1016'85b5            Code  Gb  DblCmpLe.o [51]
__aeabi_cdrcmple        0x1016'85e9            Code  Gb  DblCmpGe.o [51]
__aeabi_d2iz            0x1016'8721       0xe  Code  Gb  DblToS32.o [51]
__aeabi_d2uiz           0x1016'8761       0xe  Code  Gb  DblToU32.o [51]
__aeabi_ddiv            0x1016'874f      0x12  Code  Gb  DblDiv.o [51]
__aeabi_dmul            0x1016'877d      0x12  Code  Gb  DblMul.o [51]
__aeabi_dsub            0x1016'873d      0x12  Code  Gb  DblSub.o [51]
__aeabi_i2d             0x1016'872f       0xe  Code  Gb  S32ToDbl.o [51]
__aeabi_ldiv0           0x1016'89c9            Code  Gb  I64DivZer.o [52]
__aeabi_memclr4         0x1016'afe1            Code  Gb  ABImemclr4.o [52]
__aeabi_memcpy          0x1016'849d            Code  Gb  ABImemcpy.o [52]
__aeabi_memcpy4         0x1016'84bd            Code  Gb  ABImemcpy.o [52]
__aeabi_memcpy8         0x1016'84bd            Code  Gb  ABImemcpy.o [52]
__aeabi_memset          0x1016'9c71            Code  Gb  ABImemset.o [52]
__aeabi_ui2d            0x1016'876f       0xe  Code  Gb  U32ToDbl.o [51]
__aeabi_uldivmod        0x1016'8791            Code  Gb  I64DivMod.o [52]
__basic_free            0x1016'd531      0x16  Code  Gb  heap0.o [50]
__basic_free_intern     0x1016'd547      0x74  Code  Lc  heap0.o [50]
__basic_malloc          0x1016'd485      0x18  Code  Gb  heap0.o [50]
__basic_malloc_intern   0x1016'd49d      0x94  Code  Lc  heap0.o [50]
__cmain                 0x1017'20e1            Code  Gb  cmain.o [52]
__data_GetMemChunk      0x1016'd77d      0x2c  Code  Gb  xgetmemchunk.o [50]
__data_GetMemChunk::start
                        0x2802'1214       0x4  Data  Lc  xgetmemchunk.o [50]
__ecc_init_dtcm_end_address {Abs}
                        0x2000'3fff            Data  Gb  <internal module>
__ecc_init_dtcm_start_address {Abs}
                        0x2000'0000            Data  Gb  <internal module>
__ecc_init_itcm_end_address {Abs}
                             0x3fff            Data  Gb  <internal module>
__ecc_init_itcm_start_address {Abs}
                                0x0            Data  Gb  <internal module>
__ecc_init_sram_end_address {Abs}
                        0x2807'ffff            Data  Gb  <internal module>
__ecc_init_sram_start_address {Abs}
                        0x2802'0000            Data  Gb  <internal module>
__exit                  0x1016'89cd      0x14  Code  Gb  exit.o [53]
__iar_Fail_s            0x1016'83c5      0x1c  Code  Gb  xfail_s.o [50]
__iar_Memchr            0x1016'8445            Code  Gb  memchr.o [52]
__iar_Memset            0x1016'9c71            Code  Gb  ABImemset.o [52]
__iar_Memset4_word      0x1016'b3a9            Code  Gb  ABImemset48.o [52]
__iar_Memset8_word      0x1016'b3a9            Code  Gb  ABImemset48.o [52]
__iar_Memset_word       0x1016'9c79            Code  Gb  ABImemset.o [52]
__iar_Strchr            0x1016'8395            Code  Gb  strchr.o [52]
__iar_asin64            0x1016'ea19            Code  Gb  asin.o [51]
__iar_atan2_64          0x1016'eaa1            Code  Gb  atan2.o [51]
__iar_data_init3        0x1017'2015      0x28  Code  Gb  data_init.o [52]
__iar_frexp             0x1016'8551            Code  Gb  frexp.o [51]
__iar_frexpl            0x1016'8551            Code  Gb  frexp.o [51]
__iar_init_vfp          0x1017'203d            Code  Gb  fpinit_M.o [51]
__iar_ldexp64           0x1016'8631            Code  Gb  ldexp.o [51]
__iar_lz77_init_single3
                        0x1016'8317      0x7e  Code  Gb  lz77_init_single.o [52]
__iar_program_start     0x1017'2185            Code  Gb  cstartup_M.o [52]
__iar_round64           0x1016'f791            Code  Gb  round.o [51]
__iar_scalbln64         0x1016'8631            Code  Gb  ldexp.o [51]
__iar_scalbn64          0x1016'8631            Code  Gb  ldexp.o [51]
__iar_softfp___iar_frexp64
                        0x1016'8545            Code  Gb  frexp.o [51]
__iar_softfp___iar_ldexp64
                        0x1016'861d            Code  Gb  ldexp.o [51]
__iar_softfp___iar_scalbln64
                        0x1016'861d            Code  Gb  ldexp.o [51]
__iar_softfp___iar_scalbn64
                        0x1016'861d            Code  Gb  ldexp.o [51]
__iar_softfp_frexp      0x1016'8545            Code  Gb  frexp.o [51]
__iar_softfp_frexpl     0x1016'8545            Code  Gb  frexp.o [51]
__iar_softfp_ldexp      0x1016'861d            Code  Gb  ldexp.o [51]
__iar_softfp_ldexpl     0x1016'861d            Code  Gb  ldexp.o [51]
__iar_softfp_scalbln    0x1016'861d            Code  Gb  ldexp.o [51]
__iar_softfp_scalblnl   0x1016'861d            Code  Gb  ldexp.o [51]
__iar_softfp_scalbn     0x1016'861d            Code  Gb  ldexp.o [51]
__iar_softfp_scalbnl    0x1016'861d            Code  Gb  ldexp.o [51]
__iar_vfp___iar_round64
                        0x1016'f781            Code  Gb  round.o [51]
__iar_vfp_round         0x1016'f781            Code  Gb  round.o [51]
__iar_vfp_roundl        0x1016'f781            Code  Gb  round.o [51]
__iar_vla_alloc2        0x1016'ce65      0x12  Code  Gb  vla_alloc.o [50]
__iar_vla_dealloc2      0x1016'ce77       0x4  Code  Gb  vla_alloc.o [50]
__iar_xatan             0x1016'eb21            Code  Gb  xatan.o [51]
[...]
imu660rb_gyro_z         0x2802'1226       0x2  Data  Gb  zf_device_imu660rb.o [48]
imu660rb_init           0x1016'e955      0x98  Code  Gb  zf_device_imu660rb.o [48]
imu660rb_read_register  0x1016'e863      0x20  Code  Lc  zf_device_imu660rb.o [48]
imu660rb_read_registers
                        0x1016'e883      0x22  Code  Lc  zf_device_imu660rb.o [48]
imu660rb_self_check     0x1016'e8a5      0x32  Code  Lc  zf_device_imu660rb.o [48]
imu660rb_write_register
                        0x1016'e845      0x1e  Code  Lc  zf_device_imu660rb.o [48]
intFreqInitialized      0x2802'1230       0x1  Data  Gb  cy_sysclk.o [33]
internalBaseFreqInfo    0x2802'1040      0x18  Data  Gb  cy_sysclk.o [33]
interrupt_global_disable
                        0x1016'af69      0x14  Code  Gb  zf_common_interrupt.o [46]
interrupt_global_enable
                        0x1016'af59      0x10  Code  Gb  zf_common_interrupt.o [46]
interrupt_global_flag   0x2802'1208       0x4  Data  Lc  zf_common_interrupt.o [46]
interrupt_init          0x1016'afa9      0x36  Code  Gb  zf_common_interrupt.o [46]
interrupt_set_priority  0x1016'af9d       0xc  Code  Gb  zf_common_interrupt.o [46]
key_read                0x1017'0de5      0x3a  Code  Gb  key_app.o [5]
key_task                0x1017'0e1f      0x7e  Code  Gb  key_app.o [5]
key_task::key_down      0x2802'1235       0x1  Data  Lc  key_app.o [5]
key_task::key_old       0x2802'1233       0x1  Data  Lc  key_app.o [5]
key_task::key_up        0x2802'1234       0x1  Data  Lc  key_app.o [5]
key_task::key_val       0x2802'1232       0x1  Data  Lc  key_app.o [5]
ldexp                   0x1016'8631            Code  Gb  ldexp.o [51]
ldexpl                  0x1016'8631            Code  Gb  ldexp.o [51]
mECHANICAL_ZERO         0x2802'0000       0x4  Data  Gb  control.o [5]
main                    0x1017'0b29      0x92  Code  Gb  main_cm7_0.o [45]
memchr                  0x1016'8445            Code  Gb  memchr.o [52]
motor_value             0x2802'1130      0x14  Data  Gb  small_driver_uart_control.o [5]
my_key_init             0x1017'0db1      0x34  Code  Gb  key_app.o [5]
param_Ki                0x2802'0708       0x4  Data  Gb  filt.o [5]
param_Kp                0x2802'0704       0x4  Data  Gb  filt.o [5]
pid_compute             0x1016'fedd     0x10e  Code  Gb  pid.o [5]
pid_init                0x1016'fe89      0x54  Code  Gb  pid.o [5]
pid_reset               0x1016'fff1      0x1c  Code  Gb  pid.o [5]
pit0_ch0_isr            0x1017'08a5      0x28  Code  Gb  cm7_0_isr.o [45]
pit0_ch10_isr           0x1017'08e1       0xa  Code  Gb  cm7_0_isr.o [45]
pit0_ch11_isr           0x1017'08eb       0xa  Code  Gb  cm7_0_isr.o [45]
pit0_ch12_isr           0x1017'08f5       0xa  Code  Gb  cm7_0_isr.o [45]
pit0_ch13_isr           0x1017'08ff       0xa  Code  Gb  cm7_0_isr.o [45]
pit0_ch14_isr           0x1017'0909       0xa  Code  Gb  cm7_0_isr.o [45]
pit0_ch15_isr           0x1017'0913       0xa  Code  Gb  cm7_0_isr.o [45]
pit0_ch16_isr           0x1017'091d       0xa  Code  Gb  cm7_0_isr.o [45]
pit0_ch17_isr           0x1017'0927       0xa  Code  Gb  cm7_0_isr.o [45]
pit0_ch18_isr           0x1017'0931       0xa  Code  Gb  cm7_0_isr.o [45]
pit0_ch19_isr           0x1017'093b       0xa  Code  Gb  cm7_0_isr.o [45]
pit0_ch1_isr            0x1017'08cd       0xa  Code  Gb  cm7_0_isr.o [45]
pit0_ch20_isr           0x1017'0945       0xa  Code  Gb  cm7_0_isr.o [45]
pit0_ch21_isr           0x1017'094f       0xe  Code  Gb  cm7_0_isr.o [45]
pit0_ch2_isr            0x1017'08d7       0xa  Code  Gb  cm7_0_isr.o [45]
pit_init                0x1016'f979     0x1ee  Code  Gb  zf_driver_pit.o [49]
pit_isr_flag_clear      0x1016'f94f      0x2a  Code  Gb  zf_driver_pit.o [49]
pit_isr_func            0x2802'0788      0x3c  Data  Gb  zf_driver_pit.o [49]
printf                  0x1017'12b9      0x28  Code  Gb  printf.o [50]
putchar                 0x1017'20a1      0x20  Code  Gb  putchar.o [50]
pwm_all_channel_close   0x1016'9591      0x1a  Code  Gb  zf_driver_pwm.o [49]
pwm_init                0x1016'9605     0x1e4  Code  Gb  zf_driver_pwm.o [49]
pwm_set_duty            0x1016'95ab      0x5a  Code  Gb  zf_driver_pwm.o [49]
pwm_table_1             0x1008'0080  0x7'39f4  Data  Gb  vmc.o [5]
pwm_table_2             0x100f'3a74  0x7'39f4  Data  Gb  vmc.o [5]
recovery_counter        0x2802'11c0       0x4  Data  Lc  control.o [5]
round                   0x1016'f791            Code  Gb  round.o [51]
roundl                  0x1016'f791            Code  Gb  round.o [51]
sar_adc                 0x2802'077c       0xc  Data  Lc  zf_driver_adc.o [49]
scalbln                 0x1016'8631            Code  Gb  ldexp.o [51]
scalblnl                0x1016'8631            Code  Gb  ldexp.o [51]
scalbn                  0x1016'8631            Code  Gb  ldexp.o [51]
scalbnl                 0x1016'8631            Code  Gb  ldexp.o [51]
scale                   0x1016'8249      0x46  Code  Lc  xprintffull_nomb.o [50]
scb_module              0x2802'07e8      0x14  Data  Gb  zf_driver_uart.o [49]
scheduler_init          0x1017'1097       0x8  Code  Gb  scheduler.o [5]
scheduler_run           0x1017'109f      0x52  Code  Gb  scheduler.o [5]
scheduler_task          0x2802'070c      0x48  Data  Gb  scheduler.o [5]
scheduler_task_num      0x2802'1236       0x1  Data  Gb  scheduler.o [5]
sec_hand                0x2802'1218       0x4  Data  Lc  xfail_s.o [50]
seekfree_assistant_buffer
                        0x2802'0bb8      0x80  Data  Lc  seekfree_assistant.o [47]
seekfree_assistant_data_analysis
                        0x1017'19f5      0x92  Code  Gb  seekfree_assistant.o [47]
seekfree_assistant_fifo
                        0x2802'0754      0x18  Data  Lc  seekfree_assistant.o [47]
seekfree_assistant_interface_init
                        0x1017'0eb9      0x94  Code  Wk  seekfree_assistant_interface.o [47]
seekfree_assistant_parameter
                        0x2802'1020      0x20  Data  Gb  seekfree_assistant.o [47]
seekfree_assistant_parameter_update_flag
                        0x2802'1194       0x8  Data  Gb  seekfree_assistant.o [47]
seekfree_assistant_receive
                        0x1017'237d       0x4  Code  Wk  seekfree_assistant_interface.o [47]
seekfree_assistant_receive_callback
                        0x2802'0770       0x4  Data  Gb  seekfree_assistant.o [47]
seekfree_assistant_sum  0x1017'19dd      0x18  Code  Lc  seekfree_assistant.o [47]
seekfree_assistant_transfer
                        0x1017'2379       0x4  Code  Wk  seekfree_assistant_interface.o [47]
seekfree_assistant_transfer_callback
                        0x2802'076c       0x4  Data  Gb  seekfree_assistant.o [47]
servo_1                 0x2802'1164       0xc  Data  Gb  Servo.o [5]
servo_2                 0x2802'1170       0xc  Data  Gb  Servo.o [5]
servo_3                 0x2802'117c       0xc  Data  Gb  Servo.o [5]
servo_4                 0x2802'1188       0xc  Data  Gb  Servo.o [5]
servo_control_table     0x1016'f5ed     0x194  Code  Gb  vmc.o [5]
set_servo_duty          0x1016'f345      0x22  Code  Gb  Servo.o [5]
small_driver_get_speed  0x1017'0101      0x2a  Code  Gb  small_driver_uart_control.o [5]
small_driver_init       0x1017'012b      0x2e  Code  Gb  small_driver_uart_control.o [5]
small_driver_set_duty   0x1017'00bf      0x42  Code  Gb  small_driver_uart_control.o [5]
small_driver_uart_init  0x1017'015d      0x2a  Code  Gb  small_driver_uart_control.o [5]
speed_control_run       0x1016'fd51      0xc4  Code  Gb  control.o [5]
speed_filtered          0x2802'11c4       0x4  Data  Lc  control.o [5]
speed_pid               0x2802'0fa0      0x38  Data  Lc  control.o [5]
spi_get_clk_hsiom       0x1016'b6d9      0x28  Code  Lc  zf_driver_spi.o [49]
spi_get_clk_pin         0x1016'b61d      0x28  Code  Lc  zf_driver_spi.o [49]
spi_get_cs_hsiom        0x1016'b751      0x44  Code  Lc  zf_driver_spi.o [49]
spi_get_cs_pin          0x1016'b695      0x44  Code  Lc  zf_driver_spi.o [49]
spi_get_miso_hsiom      0x1016'b729      0x28  Code  Lc  zf_driver_spi.o [49]
spi_get_miso_pin        0x1016'b66d      0x28  Code  Lc  zf_driver_spi.o [49]
spi_get_mosi_hsiom      0x1016'b701      0x28  Code  Lc  zf_driver_spi.o [49]
spi_get_mosi_pin        0x1016'b645      0x28  Code  Lc  zf_driver_spi.o [49]
spi_init                0x1016'bea3     0x28e  Code  Gb  zf_driver_spi.o [49]
spi_module              0x2802'07c4      0x10  Data  Gb  zf_driver_spi.o [49]
spi_read_8bit_register  0x1016'bbcd      0xea  Code  Gb  zf_driver_spi.o [49]
spi_read_8bit_registers
                        0x1016'bcb7      0xfe  Code  Gb  zf_driver_spi.o [49]
spi_transfer_8bit       0x1016'bdc9      0xda  Code  Gb  zf_driver_spi.o [49]
spi_write_16bit_array   0x1016'ba31      0xb6  Code  Gb  zf_driver_spi.o [49]
spi_write_8bit          0x1016'b8d1      0xaa  Code  Gb  zf_driver_spi.o [49]
spi_write_8bit_array    0x1016'b97b      0xb6  Code  Gb  zf_driver_spi.o [49]
spi_write_8bit_register
                        0x1016'bae7      0xde  Code  Gb  zf_driver_spi.o [49]
sprintf                 0x1016'a8ad      0x40  Code  Gb  sprintf.o [50]
start_flag              0x2802'122f       0x1  Data  Gb  control.o [5]
strchr                  0x1016'8395            Code  Gb  strchr.o [52]
strlen                  0x1016'8405            Code  Gb  strlen.o [52]
strncmp                 0x1017'113d      0x2a  Code  Gb  strncmp.o [50]
strncpy                 0x1016'e091            Code  Gb  strncpy.o [52]
strstr                  0x1017'16c1      0x2c  Code  Gb  strstr.o [50]
switch_transition_length
                        0x1016'b795     0x13c  Code  Lc  zf_driver_spi.o [49]
system_clock            0x2802'1204       0x4  Data  Gb  zf_common_clock.o [46]
system_delay_init       0x1016'd3c5      0xa6  Code  Gb  zf_driver_delay.o [49]
system_delay_ms         0x1016'd367      0x5e  Code  Gb  zf_driver_delay.o [49]
system_delay_us         0x1016'd311      0x56  Code  Gb  zf_driver_delay.o [49]
tft180_bgcolor          0x2802'0802       0x2  Data  Lc  zf_device_tft180.o [48]
tft180_clear            0x1016'c525      0x7c  Code  Gb  zf_device_tft180.o [48]
tft180_debug_init       0x1016'c4bb      0x68  Code  Lc  zf_device_tft180.o [48]
tft180_display_dir      0x2802'123f       0x1  Data  Lc  zf_device_tft180.o [48]
tft180_display_font     0x2802'0807       0x1  Data  Lc  zf_device_tft180.o [48]
tft180_height_max       0x2802'07fe       0x2  Data  Gb  zf_device_tft180.o [48]
tft180_init             0x1016'cae5     0x35a  Code  Gb  zf_device_tft180.o [48]
tft180_pencolor         0x2802'0800       0x2  Data  Lc  zf_device_tft180.o [48]
tft180_set_color        0x1016'c5e3       0xe  Code  Gb  zf_device_tft180.o [48]
tft180_set_dir          0x1016'c5a1      0x3a  Code  Gb  zf_device_tft180.o [48]
tft180_set_font         0x1016'c5db       0x8  Code  Gb  zf_device_tft180.o [48]
tft180_set_region       0x1016'c35b     0x160  Code  Lc  zf_device_tft180.o [48]
tft180_show_char        0x1016'c5f1     0x1f4  Code  Gb  zf_device_tft180.o [48]
tft180_show_float       0x1016'c96d     0x13e  Code  Gb  zf_device_tft180.o [48]
tft180_show_int         0x1016'c88f      0xde  Code  Gb  zf_device_tft180.o [48]
tft180_show_string      0x1016'c7e5      0xaa  Code  Gb  zf_device_tft180.o [48]
tft180_width_max        0x2802'07fc       0x2  Data  Gb  zf_device_tft180.o [48]
tft180_write_index      0x1016'c33d      0x1e  Code  Lc  zf_device_tft180.o [48]
timer_ch                0x2802'0808       0x1  Data  Lc  zf_driver_delay.o [49]
timer_get               0x1017'0315      0x2e  Code  Gb  zf_driver_timer.o [49]
timer_init              0x1017'0343      0xc8  Code  Gb  zf_driver_timer.o [49]
timer_start             0x1017'02ed      0x28  Code  Gb  zf_driver_timer.o [49]
tsl1401_collect_pit_handler
                        0x1017'0aad      0x68  Code  Gb  zf_device_tsl1401.o [48]
tsl1401_data            0x2802'080c     0x200  Data  Gb  zf_device_tsl1401.o [48]
tsl1401_finish_flag     0x2802'1241       0x1  Data  Gb  zf_device_tsl1401.o [48]
tsl1401_init_state      0x2802'1240       0x1  Data  Lc  zf_device_tsl1401.o [48]
tuoluoyi_printf         0x1017'0f4d      0x16  Code  Gb  scheduler.o [5]
type_default_callback   0x1017'23bd       0x2  Code  Lc  zf_device_type.o [48]
uart0_isr               0x1017'095d      0x44  Code  Gb  cm7_0_isr.o [45]
uart1_isr               0x1017'09a1      0x42  Code  Gb  cm7_0_isr.o [45]
uart2_isr               0x1017'09f1      0x40  Code  Gb  cm7_0_isr.o [45]
uart3_isr               0x1017'0a31      0x3c  Code  Gb  cm7_0_isr.o [45]
uart4_isr               0x1017'0a6d      0x40  Code  Gb  cm7_0_isr.o [45]
uart_context            0x2802'0a0c     0x118  Data  Gb  zf_driver_uart.o [49]
uart_control_callback   0x1017'000d      0xb2  Code  Gb  small_driver_uart_control.o [5]
uart_data_fifo          0x2802'1088      0x18  Data  Gb  uart.o [5]
uart_get_data           0x2802'0e70      0x40  Data  Gb  uart.o [5]
uart_init               0x1016'a6d5     0x190  Code  Gb  zf_driver_uart.o [49]
uart_isr_func           0x2802'07d4      0x14  Data  Gb  zf_driver_uart.o [49]
uart_printf             0x1017'1885      0x28  Code  Gb  uart.o [5]
uart_query_byte         0x1016'a489      0x32  Code  Gb  zf_driver_uart.o [49]
uart_rx_interrupt       0x1016'a5d7      0xfe  Code  Gb  zf_driver_uart.o [49]
uart_rx_interrupt_handler
                        0x1017'0bc9       0x2  Code  Gb  main_cm7_0.o [45]
uart_task               0x1017'18ad      0x36  Code  Gb  uart.o [5]
uart_tx_interrupt       0x1016'a4bb     0x11c  Code  Gb  zf_driver_uart.o [49]
uart_write_buffer       0x1016'a44f      0x1e  Code  Gb  zf_driver_uart.o [49]
uart_write_byte         0x1016'a427      0x28  Code  Gb  zf_driver_uart.o [49]
uart_write_string       0x1016'a46d      0x1c  Code  Gb  zf_driver_uart.o [49]
uwtick                  0x2802'11a4       0x4  Data  Gb  cm7_0_isr.o [45]
vsnprintf               0x1017'19a1      0x3c  Code  Gb  vsnprint.o [50]
wifi_spi_fifo           0x2802'10e8      0x18  Data  Lc  zf_device_wifi_spi.o [48]
wifi_spi_mutex          0x2802'1242       0x1  Data  Lc  zf_device_wifi_spi.o [48]
wifi_spi_read_buffer    0x1017'05b9      0x90  Code  Gb  zf_device_wifi_spi.o [48]
wifi_spi_send_buffer    0x1017'04f1      0xc8  Code  Gb  zf_device_wifi_spi.o [48]
wifi_spi_transfer_command
                        0x1017'044b      0x3a  Code  Lc  zf_device_wifi_spi.o [48]
wifi_spi_transfer_data  0x1017'0485      0x6c  Code  Lc  zf_device_wifi_spi.o [48]
wifi_spi_wait_idle      0x1017'041d      0x2e  Code  Lc  zf_device_wifi_spi.o [48]
wifi_uart_clear_receive_buffer
                        0x1017'1563       0xc  Code  Lc  zf_device_wifi_uart.o [48]
wifi_uart_fifo          0x2802'1100      0x18  Data  Lc  zf_device_wifi_uart.o [48]
wifi_uart_information   0x2802'0b24      0x94  Data  Gb  zf_device_wifi_uart.o [48]
wifi_uart_read_buffer   0x1017'1671      0x2e  Code  Gb  zf_device_wifi_uart.o [48]
wifi_uart_send_buffer   0x1017'1579      0xf2  Code  Gb  zf_device_wifi_uart.o [48]
wifi_uart_wait_ack      0x1017'14f5      0x6e  Code  Lc  zf_device_wifi_uart.o [48]
wireless_module_uart_handler
                        0x2802'0778       0x4  Data  Gb  zf_device_type.o [48]
wireless_uart_fifo      0x2802'1118      0x18  Data  Lc  zf_device_wireless_uart.o [48]
wireless_uart_read_buffer
                        0x1017'1c45      0x2c  Code  Gb  zf_device_wireless_uart.o [48]
wireless_uart_send_buffer
                        0x1017'1be1      0x64  Code  Gb  zf_device_wireless_uart.o [48]
xianfu                  0x1016'f31d      0x28  Code  Gb  Servo.o [5]
zf_debug_assert_enable  0x2802'0806       0x1  Data  Lc  zf_common_debug.o [46]
zf_debug_init_flag      0x2802'1237       0x1  Data  Lc  zf_common_debug.o [46]


[1] = D:\Dsektop\luntui\luntui\iar\Debug_m7_0\Obj\adc_11722776235721520015.dir
[2] = D:\Dsektop\luntui\luntui\iar\Debug_m7_0\Obj\audioss_1346650047966882938.dir
[3] = D:\Dsektop\luntui\luntui\iar\Debug_m7_0\Obj\button_4990804375159372270.dir
[4] = D:\Dsektop\luntui\luntui\iar\Debug_m7_0\Obj\canfd_1800690984773873875.dir
[5] = D:\Dsektop\luntui\luntui\iar\Debug_m7_0\Obj\code_17896468042025673432.dir
[6] = D:\Dsektop\luntui\luntui\iar\Debug_m7_0\Obj\cpu_15938736945165268644.dir
[7] = D:\Dsektop\luntui\luntui\iar\Debug_m7_0\Obj\crypto_1190170608956581615.dir
[8] = D:\Dsektop\luntui\luntui\iar\Debug_m7_0\Obj\dma_12106025507578611576.dir
[9] = D:\Dsektop\luntui\luntui\iar\Debug_m7_0\Obj\eth_phy_18133017486186456677.dir
[10] = D:\Dsektop\luntui\luntui\iar\Debug_m7_0\Obj\ethernet_6029839089178797009.dir
[11] = D:\Dsektop\luntui\luntui\iar\Debug_m7_0\Obj\evtgen_3404189088603873129.dir
[12] = D:\Dsektop\luntui\luntui\iar\Debug_m7_0\Obj\flash_8529866181315662935.dir
[13] = D:\Dsektop\luntui\luntui\iar\Debug_m7_0\Obj\flash_864493325053435817.dir
[14] = D:\Dsektop\luntui\luntui\iar\Debug_m7_0\Obj\gpio_3999404635324069351.dir
[15] = D:\Dsektop\luntui\luntui\iar\Debug_m7_0\Obj\ipc_10145506163450686023.dir
[16] = D:\Dsektop\luntui\luntui\iar\Debug_m7_0\Obj\lin_18429031207028094880.dir
[17] = D:\Dsektop\luntui\luntui\iar\Debug_m7_0\Obj\lvd_6353935867039560245.dir
[18] = D:\Dsektop\luntui\luntui\iar\Debug_m7_0\Obj\mcwdt_4052485907822033969.dir
[19] = D:\Dsektop\luntui\luntui\iar\Debug_m7_0\Obj\mpu_5663187252346826382.dir
[20] = D:\Dsektop\luntui\luntui\iar\Debug_m7_0\Obj\power_14453085144426420577.dir
[21] = D:\Dsektop\luntui\luntui\iar\Debug_m7_0\Obj\prot_10722960861768657883.dir
[22] = D:\Dsektop\luntui\luntui\iar\Debug_m7_0\Obj\rev_b_4986922561640112550.dir
[23] = D:\Dsektop\luntui\luntui\iar\Debug_m7_0\Obj\rev_b_6162237342861132223.dir
[24] = D:\Dsektop\luntui\luntui\iar\Debug_m7_0\Obj\scb_15490842639181808494.dir
[25] = D:\Dsektop\luntui\luntui\iar\Debug_m7_0\Obj\sd_host_2982766354293506895.dir
[26] = D:\Dsektop\luntui\luntui\iar\Debug_m7_0\Obj\semihosting_143864889731838620.dir
[27] = D:\Dsektop\luntui\luntui\iar\Debug_m7_0\Obj\smartio_5451710003740070188.dir
[28] = D:\Dsektop\luntui\luntui\iar\Debug_m7_0\Obj\smif_427648126384146252.dir
[29] = D:\Dsektop\luntui\luntui\iar\Debug_m7_0\Obj\smif_mem_6470536964353725183.dir
[30] = D:\Dsektop\luntui\luntui\iar\Debug_m7_0\Obj\srom_13018798572330080582.dir
[31] = D:\Dsektop\luntui\luntui\iar\Debug_m7_0\Obj\startup_479057977785470282.dir
[32] = D:\Dsektop\luntui\luntui\iar\Debug_m7_0\Obj\sw_timer_4215635015939382130.dir
[33] = D:\Dsektop\luntui\luntui\iar\Debug_m7_0\Obj\sysclk_16149231235676103872.dir
[34] = D:\Dsektop\luntui\luntui\iar\Debug_m7_0\Obj\sysflt_12293435975120599261.dir
[35] = D:\Dsektop\luntui\luntui\iar\Debug_m7_0\Obj\sysint_7435970359207984181.dir
[36] = D:\Dsektop\luntui\luntui\iar\Debug_m7_0\Obj\syslib_16330585751512546975.dir
[37] = D:\Dsektop\luntui\luntui\iar\Debug_m7_0\Obj\syspm_10887939769544754770.dir
[38] = D:\Dsektop\luntui\luntui\iar\Debug_m7_0\Obj\sysreghc_17676636058511625587.dir
[39] = D:\Dsektop\luntui\luntui\iar\Debug_m7_0\Obj\sysreset_14586141425677365288.dir
[40] = D:\Dsektop\luntui\luntui\iar\Debug_m7_0\Obj\sysrtc_10747768817563771611.dir
[41] = D:\Dsektop\luntui\luntui\iar\Debug_m7_0\Obj\systick_16016591671695740695.dir
[42] = D:\Dsektop\luntui\luntui\iar\Debug_m7_0\Obj\syswdt_9118657615806274156.dir
[43] = D:\Dsektop\luntui\luntui\iar\Debug_m7_0\Obj\tcpwm_422923530147891246.dir
[44] = D:\Dsektop\luntui\luntui\iar\Debug_m7_0\Obj\trigmux_9729677290734583340.dir
[45] = D:\Dsektop\luntui\luntui\iar\Debug_m7_0\Obj\user_8514941877209965082.dir
[46] = D:\Dsektop\luntui\luntui\iar\Debug_m7_0\Obj\zf_common_1201165462030747823.dir
[47] = D:\Dsektop\luntui\luntui\iar\Debug_m7_0\Obj\zf_components_14936052685886095442.dir
[48] = D:\Dsektop\luntui\luntui\iar\Debug_m7_0\Obj\zf_device_6570275422786408770.dir
[49] = D:\Dsektop\luntui\luntui\iar\Debug_m7_0\Obj\zf_driver_11922370083829174090.dir
[50] = dl7M_tln.a
[51] = m7M_tlv.a
[52] = rt7M_tl.a
[53] = shb_l.a
[54] = zf_device_config.a

   41'516 bytes of readonly  code memory
  950'906 bytes of readonly  data memory
   14'016 bytes of readwrite data memory

Errors: none
Warnings: none
