###############################################################################
#
# IAR ELF Linker V9.40.1.364/W64 for ARM                  29/Jan/2026  22:24:20
# Copyright 2007-2023 IAR Systems AB.
#
#    Output file  =
#        D:\Dsektop\luntui\luntui\iar\project_config\Debug_m7_0\Exe\cyt4bb7_cm_7_0.out
#    Map file     =
#        D:\Dsektop\luntui\luntui\iar\Debug_m7_0\List\cyt4bb7_cm_7_0.map
#    Command line =
#        -f
#        D:\Dsektop\luntui\luntui\iar\project_config\Debug_m7_0\Exe\cyt4bb7_cm_7_0.out.rsp
#        (D:\Dsektop\luntui\luntui\iar\Debug_m7_0\Obj\user_8514941877209965082.dir\cm7_0_isr.o
#        D:\Dsektop\luntui\luntui\iar\Debug_m7_0\Obj\adc_11722776235721520015.dir\cy_adc.o
#        D:\Dsektop\luntui\luntui\iar\Debug_m7_0\Obj\button_4990804375159372270.dir\cy_button.o
#        D:\Dsektop\luntui\luntui\iar\Debug_m7_0\Obj\canfd_1800690984773873875.dir\cy_canfd.o
#        D:\Dsektop\luntui\luntui\iar\Debug_m7_0\Obj\cpu_15938736945165268644.dir\cy_cpu.o
#        D:\Dsektop\luntui\luntui\iar\Debug_m7_0\Obj\crypto_1190170608956581615.dir\cy_crypto_config.o
#        D:\Dsektop\luntui\luntui\iar\Debug_m7_0\Obj\eth_phy_18133017486186456677.dir\cy_dp83867.o
#        D:\Dsektop\luntui\luntui\iar\Debug_m7_0\Obj\ethernet_6029839089178797009.dir\cy_ethif.o
#        D:\Dsektop\luntui\luntui\iar\Debug_m7_0\Obj\evtgen_3404189088603873129.dir\cy_evtgen.o
#        D:\Dsektop\luntui\luntui\iar\Debug_m7_0\Obj\flash_8529866181315662935.dir\cy_flash.o
#        D:\Dsektop\luntui\luntui\iar\Debug_m7_0\Obj\gpio_3999404635324069351.dir\cy_gpio.o
#        D:\Dsektop\luntui\luntui\iar\Debug_m7_0\Obj\audioss_1346650047966882938.dir\cy_i2s.o
#        D:\Dsektop\luntui\luntui\iar\Debug_m7_0\Obj\rev_b_6162237342861132223.dir\cy_interrupt_map.o
#        D:\Dsektop\luntui\luntui\iar\Debug_m7_0\Obj\ipc_10145506163450686023.dir\cy_ipc_drv.o
#        D:\Dsektop\luntui\luntui\iar\Debug_m7_0\Obj\ipc_10145506163450686023.dir\cy_ipc_pipe.o
#        D:\Dsektop\luntui\luntui\iar\Debug_m7_0\Obj\ipc_10145506163450686023.dir\cy_ipc_sema.o
#        D:\Dsektop\luntui\luntui\iar\Debug_m7_0\Obj\lin_18429031207028094880.dir\cy_lin.o
#        D:\Dsektop\luntui\luntui\iar\Debug_m7_0\Obj\lvd_6353935867039560245.dir\cy_lvd.o
#        D:\Dsektop\luntui\luntui\iar\Debug_m7_0\Obj\mcwdt_4052485907822033969.dir\cy_mcwdt.o
#        D:\Dsektop\luntui\luntui\iar\Debug_m7_0\Obj\dma_12106025507578611576.dir\cy_mdma.o
#        D:\Dsektop\luntui\luntui\iar\Debug_m7_0\Obj\mpu_5663187252346826382.dir\cy_mpu.o
#        D:\Dsektop\luntui\luntui\iar\Debug_m7_0\Obj\flash_864493325053435817.dir\cy_mw_flash.o
#        D:\Dsektop\luntui\luntui\iar\Debug_m7_0\Obj\dma_12106025507578611576.dir\cy_pdma.o
#        D:\Dsektop\luntui\luntui\iar\Debug_m7_0\Obj\power_14453085144426420577.dir\cy_power.o
#        D:\Dsektop\luntui\luntui\iar\Debug_m7_0\Obj\prot_10722960861768657883.dir\cy_prot.o
#        D:\Dsektop\luntui\luntui\iar\Debug_m7_0\Obj\scb_15490842639181808494.dir\cy_scb_common.o
#        D:\Dsektop\luntui\luntui\iar\Debug_m7_0\Obj\scb_15490842639181808494.dir\cy_scb_ezi2c.o
#        D:\Dsektop\luntui\luntui\iar\Debug_m7_0\Obj\scb_15490842639181808494.dir\cy_scb_i2c.o
#        D:\Dsektop\luntui\luntui\iar\Debug_m7_0\Obj\scb_15490842639181808494.dir\cy_scb_spi.o
#        D:\Dsektop\luntui\luntui\iar\Debug_m7_0\Obj\scb_15490842639181808494.dir\cy_scb_uart.o
#        D:\Dsektop\luntui\luntui\iar\Debug_m7_0\Obj\sd_host_2982766354293506895.dir\cy_sd_host.o
#        D:\Dsektop\luntui\luntui\iar\Debug_m7_0\Obj\semihosting_143864889731838620.dir\cy_semihosting.o
#        D:\Dsektop\luntui\luntui\iar\Debug_m7_0\Obj\smartio_5451710003740070188.dir\cy_smartio.o
#        D:\Dsektop\luntui\luntui\iar\Debug_m7_0\Obj\smif_427648126384146252.dir\cy_smif.o
#        D:\Dsektop\luntui\luntui\iar\Debug_m7_0\Obj\smif_mem_6470536964353725183.dir\cy_smif_device_common.o
#        D:\Dsektop\luntui\luntui\iar\Debug_m7_0\Obj\smif_mem_6470536964353725183.dir\cy_smif_hb_flash.o
#        D:\Dsektop\luntui\luntui\iar\Debug_m7_0\Obj\smif_427648126384146252.dir\cy_smif_memslot.o
#        D:\Dsektop\luntui\luntui\iar\Debug_m7_0\Obj\smif_mem_6470536964353725183.dir\cy_smif_s25fl.o
#        D:\Dsektop\luntui\luntui\iar\Debug_m7_0\Obj\smif_mem_6470536964353725183.dir\cy_smif_s25fs.o
#        D:\Dsektop\luntui\luntui\iar\Debug_m7_0\Obj\smif_mem_6470536964353725183.dir\cy_smif_semp.o
#        D:\Dsektop\luntui\luntui\iar\Debug_m7_0\Obj\smif_427648126384146252.dir\cy_smif_ver_specific.o
#        D:\Dsektop\luntui\luntui\iar\Debug_m7_0\Obj\srom_13018798572330080582.dir\cy_srom.o
#        D:\Dsektop\luntui\luntui\iar\Debug_m7_0\Obj\sw_timer_4215635015939382130.dir\cy_sw_tmr.o
#        D:\Dsektop\luntui\luntui\iar\Debug_m7_0\Obj\sysclk_16149231235676103872.dir\cy_sysclk.o
#        D:\Dsektop\luntui\luntui\iar\Debug_m7_0\Obj\sysflt_12293435975120599261.dir\cy_sysflt.o
#        D:\Dsektop\luntui\luntui\iar\Debug_m7_0\Obj\sysint_7435970359207984181.dir\cy_sysint.o
#        D:\Dsektop\luntui\luntui\iar\Debug_m7_0\Obj\syslib_16330585751512546975.dir\cy_syslib.o
#        D:\Dsektop\luntui\luntui\iar\Debug_m7_0\Obj\syslib_16330585751512546975.dir\cy_syslib_iar.o
#        D:\Dsektop\luntui\luntui\iar\Debug_m7_0\Obj\syspm_10887939769544754770.dir\cy_syspm.o
#        D:\Dsektop\luntui\luntui\iar\Debug_m7_0\Obj\sysreghc_17676636058511625587.dir\cy_sysreghc.o
#        D:\Dsektop\luntui\luntui\iar\Debug_m7_0\Obj\sysreset_14586141425677365288.dir\cy_sysreset.o
#        D:\Dsektop\luntui\luntui\iar\Debug_m7_0\Obj\sysrtc_10747768817563771611.dir\cy_sysrtc.o
#        D:\Dsektop\luntui\luntui\iar\Debug_m7_0\Obj\systick_16016591671695740695.dir\cy_systick.o
#        D:\Dsektop\luntui\luntui\iar\Debug_m7_0\Obj\syswdt_9118657615806274156.dir\cy_syswdt.o
#        D:\Dsektop\luntui\luntui\iar\Debug_m7_0\Obj\tcpwm_422923530147891246.dir\cy_tcpwm.o
#        D:\Dsektop\luntui\luntui\iar\Debug_m7_0\Obj\tcpwm_422923530147891246.dir\cy_tcpwm_counter.o
#        D:\Dsektop\luntui\luntui\iar\Debug_m7_0\Obj\tcpwm_422923530147891246.dir\cy_tcpwm_pwm.o
#        D:\Dsektop\luntui\luntui\iar\Debug_m7_0\Obj\tcpwm_422923530147891246.dir\cy_tcpwm_quaddec.o
#        D:\Dsektop\luntui\luntui\iar\Debug_m7_0\Obj\tcpwm_422923530147891246.dir\cy_tcpwm_sr.o
#        D:\Dsektop\luntui\luntui\iar\Debug_m7_0\Obj\trigmux_9729677290734583340.dir\cy_trigmux.o
#        D:\Dsektop\luntui\luntui\iar\Debug_m7_0\Obj\ethernet_6029839089178797009.dir\edd.o
#        D:\Dsektop\luntui\luntui\iar\Debug_m7_0\Obj\ethernet_6029839089178797009.dir\edd_rx.o
#        D:\Dsektop\luntui\luntui\iar\Debug_m7_0\Obj\ethernet_6029839089178797009.dir\edd_tx.o
#        D:\Dsektop\luntui\luntui\iar\Debug_m7_0\Obj\code_17896468042025673432.dir\filt.o
#        D:\Dsektop\luntui\luntui\iar\Debug_m7_0\Obj\user_8514941877209965082.dir\main_cm7_0.o
#        D:\Dsektop\luntui\luntui\iar\Debug_m7_0\Obj\code_17896468042025673432.dir\scheduler.o
#        D:\Dsektop\luntui\luntui\iar\Debug_m7_0\Obj\zf_components_14936052685886095442.dir\seekfree_assistant.o
#        D:\Dsektop\luntui\luntui\iar\Debug_m7_0\Obj\zf_components_14936052685886095442.dir\seekfree_assistant_interface.o
#        D:\Dsektop\luntui\luntui\iar\Debug_m7_0\Obj\startup_479057977785470282.dir\startup.o
#        D:\Dsektop\luntui\luntui\iar\Debug_m7_0\Obj\startup_479057977785470282.dir\startup_cm7.o
#        D:\Dsektop\luntui\luntui\iar\Debug_m7_0\Obj\rev_b_4986922561640112550.dir\system_tviibh4m_cm7.o
#        D:\Dsektop\luntui\luntui\iar\Debug_m7_0\Obj\code_17896468042025673432.dir\uart.o
#        D:\Dsektop\luntui\luntui\iar\Debug_m7_0\Obj\zf_common_1201165462030747823.dir\zf_common_clock.o
#        D:\Dsektop\luntui\luntui\iar\Debug_m7_0\Obj\zf_common_1201165462030747823.dir\zf_common_debug.o
#        D:\Dsektop\luntui\luntui\iar\Debug_m7_0\Obj\zf_common_1201165462030747823.dir\zf_common_fifo.o
#        D:\Dsektop\luntui\luntui\iar\Debug_m7_0\Obj\zf_common_1201165462030747823.dir\zf_common_font.o
#        D:\Dsektop\luntui\luntui\iar\Debug_m7_0\Obj\zf_common_1201165462030747823.dir\zf_common_function.o
#        D:\Dsektop\luntui\luntui\iar\Debug_m7_0\Obj\zf_common_1201165462030747823.dir\zf_common_interrupt.o
#        D:\Dsektop\luntui\luntui\iar\Debug_m7_0\Obj\zf_device_6570275422786408770.dir\zf_device_ble6a20.o
#        D:\Dsektop\luntui\luntui\iar\Debug_m7_0\Obj\zf_device_6570275422786408770.dir\zf_device_dl1a.o
#        D:\Dsektop\luntui\luntui\iar\Debug_m7_0\Obj\zf_device_6570275422786408770.dir\zf_device_dl1b.o
#        D:\Dsektop\luntui\luntui\iar\Debug_m7_0\Obj\zf_device_6570275422786408770.dir\zf_device_gnss.o
#        D:\Dsektop\luntui\luntui\iar\Debug_m7_0\Obj\zf_device_6570275422786408770.dir\zf_device_icm20602.o
#        D:\Dsektop\luntui\luntui\iar\Debug_m7_0\Obj\zf_device_6570275422786408770.dir\zf_device_imu660ra.o
#        D:\Dsektop\luntui\luntui\iar\Debug_m7_0\Obj\zf_device_6570275422786408770.dir\zf_device_imu660rb.o
#        D:\Dsektop\luntui\luntui\iar\Debug_m7_0\Obj\zf_device_6570275422786408770.dir\zf_device_imu963ra.o
#        D:\Dsektop\luntui\luntui\iar\Debug_m7_0\Obj\zf_device_6570275422786408770.dir\zf_device_ips114.o
#        D:\Dsektop\luntui\luntui\iar\Debug_m7_0\Obj\zf_device_6570275422786408770.dir\zf_device_ips200.o
#        D:\Dsektop\luntui\luntui\iar\Debug_m7_0\Obj\zf_device_6570275422786408770.dir\zf_device_ips200pro.o
#        D:\Dsektop\luntui\luntui\iar\Debug_m7_0\Obj\zf_device_6570275422786408770.dir\zf_device_key.o
#        D:\Dsektop\luntui\luntui\iar\Debug_m7_0\Obj\zf_device_6570275422786408770.dir\zf_device_menc15a.o
#        D:\Dsektop\luntui\luntui\iar\Debug_m7_0\Obj\zf_device_6570275422786408770.dir\zf_device_mt9v03x.o
#        D:\Dsektop\luntui\luntui\iar\Debug_m7_0\Obj\zf_device_6570275422786408770.dir\zf_device_oled.o
#        D:\Dsektop\luntui\luntui\iar\Debug_m7_0\Obj\zf_device_6570275422786408770.dir\zf_device_tft180.o
#        D:\Dsektop\luntui\luntui\iar\Debug_m7_0\Obj\zf_device_6570275422786408770.dir\zf_device_tsl1401.o
#        D:\Dsektop\luntui\luntui\iar\Debug_m7_0\Obj\zf_device_6570275422786408770.dir\zf_device_type.o
#        D:\Dsektop\luntui\luntui\iar\Debug_m7_0\Obj\zf_device_6570275422786408770.dir\zf_device_uart_receiver.o
#        D:\Dsektop\luntui\luntui\iar\Debug_m7_0\Obj\zf_device_6570275422786408770.dir\zf_device_wifi_spi.o
#        D:\Dsektop\luntui\luntui\iar\Debug_m7_0\Obj\zf_device_6570275422786408770.dir\zf_device_wifi_uart.o
#        D:\Dsektop\luntui\luntui\iar\Debug_m7_0\Obj\zf_device_6570275422786408770.dir\zf_device_wireless_uart.o
#        D:\Dsektop\luntui\luntui\iar\Debug_m7_0\Obj\zf_driver_11922370083829174090.dir\zf_driver_adc.o
#        D:\Dsektop\luntui\luntui\iar\Debug_m7_0\Obj\zf_driver_11922370083829174090.dir\zf_driver_delay.o
#        D:\Dsektop\luntui\luntui\iar\Debug_m7_0\Obj\zf_driver_11922370083829174090.dir\zf_driver_dma.o
#        D:\Dsektop\luntui\luntui\iar\Debug_m7_0\Obj\zf_driver_11922370083829174090.dir\zf_driver_encoder.o
#        D:\Dsektop\luntui\luntui\iar\Debug_m7_0\Obj\zf_driver_11922370083829174090.dir\zf_driver_exti.o
#        D:\Dsektop\luntui\luntui\iar\Debug_m7_0\Obj\zf_driver_11922370083829174090.dir\zf_driver_flash.o
#        D:\Dsektop\luntui\luntui\iar\Debug_m7_0\Obj\zf_driver_11922370083829174090.dir\zf_driver_gpio.o
#        D:\Dsektop\luntui\luntui\iar\Debug_m7_0\Obj\zf_driver_11922370083829174090.dir\zf_driver_ipc.o
#        D:\Dsektop\luntui\luntui\iar\Debug_m7_0\Obj\zf_driver_11922370083829174090.dir\zf_driver_pit.o
#        D:\Dsektop\luntui\luntui\iar\Debug_m7_0\Obj\zf_driver_11922370083829174090.dir\zf_driver_pwm.o
#        D:\Dsektop\luntui\luntui\iar\Debug_m7_0\Obj\zf_driver_11922370083829174090.dir\zf_driver_soft_iic.o
#        D:\Dsektop\luntui\luntui\iar\Debug_m7_0\Obj\zf_driver_11922370083829174090.dir\zf_driver_soft_spi.o
#        D:\Dsektop\luntui\luntui\iar\Debug_m7_0\Obj\zf_driver_11922370083829174090.dir\zf_driver_spi.o
#        D:\Dsektop\luntui\luntui\iar\Debug_m7_0\Obj\zf_driver_11922370083829174090.dir\zf_driver_timer.o
#        D:\Dsektop\luntui\luntui\iar\Debug_m7_0\Obj\zf_driver_11922370083829174090.dir\zf_driver_uart.o
#        --no_out_extension -o
#        D:\Dsektop\luntui\luntui\iar\project_config\Debug_m7_0\Exe\cyt4bb7_cm_7_0.out
#        --config_def _CORE_cm7_0_=0 --config_def _LINK_flash_=0 --map
#        D:\Dsektop\luntui\luntui\iar\Debug_m7_0\List\cyt4bb7_cm_7_0.map
#        --config
#        D:\Dsektop\luntui\luntui\iar\project_config\..\icf\linker_directives_tviibh.icf
#        --semihosting
#        D:\Dsektop\luntui\luntui\iar\project_config\..\..\..\libraries\sdk\tviibh4m\src\drivers\crypto\libs\libcrypto_server_cm0plus_iar.a
#        D:\Dsektop\luntui\luntui\iar\project_config\..\..\..\libraries\zf_device\zf_device_config.a
#        D:\Dsektop\luntui\luntui\iar\project_config\..\..\..\libraries\sdk\common\hdr\cmsis\dsp\iar_cortexM7lf_math.a
#        --entry __iar_program_start --vfe --text_out locale --cpu=Cortex-M7
#        --fpu=VFPv5_d16) --dependencies=n
#        D:\Dsektop\luntui\luntui\iar\project_config\Debug_m7_0\Exe\cyt4bb7_cm_7_0.out.iar_deps
#
###############################################################################

*******************************************************************************
*** RUNTIME MODEL ATTRIBUTES
***

CppFlavor       = *
__CPP_Runtime   = 1
__Heap_Handler  = Basic
__SystemLibrary = DLib
__dlib_version  = 6


*******************************************************************************
*** HEAP SELECTION
***

The basic heap was selected because --advanced_heap
was not specified and the application did not appear to
be primarily optimized for speed.


*******************************************************************************
*** PLACEMENT SUMMARY
***

"A0":  place at start of [from 0x1008'0000 to 0x1027'ffff] { section .intvec };
"P1":  place in [from 0x1008'0000 to 0x1027'ffff] { ro };
"P2":  place in [from 0x2802'0000 to 0x2807'ffff] { rw };
define block HEAP with size = 1K, alignment = 8 { };
define block CSTACK with size = 8K, alignment = 8 { };
define block HEAP_STACK { block HEAP, last block CSTACK };
"A1":  place at end of [from 0x2802'0000 to 0x2807'ffff] { block HEAP_STACK };
do not initialize { section .intvec_ram };
initialize by copy { rw };

No sections matched the following patterns:

  ro section .sflash_app_prot  in "P6"
  ro section .sflash_nar       in "P4"
  ro section .sflash_pkey      in "P5"
  ro section .sflash_toc2      in "P7"
  ro section .sflash_uf_rows   in "P3"
  ro section .work_flash       in "P8"
  section .global_ram_data     in "P9"


  Section            Kind         Address    Size  Object
  -------            ----         -------    ----  ------
"A0":                                        0x80
  .intvec            ro code  0x1008'0000    0x80  startup_cm7.o [31]
                            - 0x1008'0080    0x80

"P1":                                      0x6bd0
  .text              ro code  0x1008'0080   0xeae  xprintffull_nomb.o [50]
  .text              ro code  0x1008'0f2e    0x7e  lz77_init_single.o [52]
  .text              ro code  0x1008'0fac    0x16  strchr.o [52]
  .text              ro code  0x1008'0fc2    0x1a  xsnprout.o [50]
  .text              ro code  0x1008'0fdc    0x40  xfail_s.o [50]
  .text              ro code  0x1008'101c    0x36  strlen.o [52]
  .text              ro code  0x1008'1052     0xa  xsprout.o [50]
  .text              ro code  0x1008'105c    0x58  memchr.o [52]
  .text              ro code  0x1008'10b4    0xa6  ABImemcpy.o [52]
  .text              ro code  0x1008'115c    0x70  frexp.o [51]
  .text              ro code  0x1008'11cc    0x34  DblCmpLe.o [51]
  .text              ro code  0x1008'1200    0x34  DblCmpGe.o [51]
  .text              ro code  0x1008'1234   0x104  ldexp.o [51]
  .text              ro code  0x1008'1338     0xe  DblToS32.o [51]
  .text              ro code  0x1008'1346     0xe  S32ToDbl.o [51]
  .text              ro code  0x1008'1354    0x12  DblSub.o [51]
  .text              ro code  0x1008'1366    0x12  DblDiv.o [51]
  .text              ro code  0x1008'1378     0xe  DblToU32.o [51]
  .text              ro code  0x1008'1386     0xe  U32ToDbl.o [51]
  .text              ro code  0x1008'1394    0x12  DblMul.o [51]
  .text              ro code  0x1008'13a8   0x230  I64DivMod.o [52]
  .text              ro code  0x1008'15d8     0x6  abort.o [50]
  .text              ro code  0x1008'15e0     0x2  I64DivZer.o [52]
  .text              ro code  0x1008'15e4    0x14  exit.o [53]
  .text              ro code  0x1008'15f8   0xa7c  zf_driver_spi.o [49]
  .text              ro code  0x1008'2074    0x66  ABImemset.o [52]
  .text              ro code  0x1008'20dc   0x430  zf_common_debug.o [46]
  .text              ro code  0x1008'250c   0x194  cy_gpio.o [14]
  .text              ro code  0x1008'26a0   0x1f0  cy_scb_spi.o [24]
  .text              ro code  0x1008'2890   0x828  zf_driver_uart.o [49]
  .text              ro code  0x1008'30b8    0x40  sprintf.o [50]
  .text              ro code  0x1008'30f8    0xe2  zf_common_interrupt.o [46]
  .text              ro code  0x1008'31dc   0x448  zf_common_fifo.o [46]
  .text              ro code  0x1008'3624     0x6  ABImemclr4.o [52]
  .text              ro code  0x1008'362c   0x314  cy_scb_uart.o [24]
  .text              ro code  0x1008'3940    0x20  zf_driver_pwm.o [49]
  .text              ro code  0x1008'3960    0xac  cy_sysint.o [35]
  .text              ro code  0x1008'3a0c    0x32  ABImemset48.o [52]
  .text              ro code  0x1008'3a40   0x8e8  cy_sysclk.o [33]
  .text              ro code  0x1008'4328    0x70  strncpy.o [52]
  .text              ro code  0x1008'4398    0xa8  cy_syslib.o [36]
  .text              ro code  0x1008'4440     0x2  cy_syslib.o [36]
  .text              ro code  0x1008'4444   0x5a4  filt.o [5]
  .text              ro code  0x1008'49e8   0x1d4  zf_device_imu660rb.o [48]
  .text              ro code  0x1008'4bbc   0x284  zf_driver_delay.o [49]
  .text              ro code  0x1008'4e40    0x88  asin.o [51]
  .text              ro code  0x1008'4ec8    0x7e  atan2.o [51]
  .text              ro code  0x1008'4f48    0xe4  zf_driver_gpio.o [49]
  .text              ro code  0x1008'502c   0x1b8  cy_tcpwm_counter.o [43]
  .text              ro code  0x1008'51e4     0xc  cy_tcpwm.o [43]
  .text              ro code  0x1008'51f0   0x118  xatan.o [51]
  .text              ro code  0x1008'5308   0x398  zf_driver_pit.o [49]
  .text              ro code  0x1008'56a0   0x294  zf_driver_timer.o [49]
  .text              ro code  0x1008'5934   0x220  cm7_0_isr.o [45]
  .text              ro code  0x1008'5b54    0x7c  zf_device_tsl1401.o [48]
  .text              ro code  0x1008'5bd0    0x98  main_cm7_0.o [45]
  .text              ro code  0x1008'5c68   0x114  zf_device_gnss.o [48]
  .text              ro code  0x1008'5d7c    0x74  zf_driver_adc.o [49]
  .text              ro code  0x1008'5df0    0x1c  zf_common_clock.o [46]
  .text              ro code  0x1008'5e0c    0x28  printf.o [50]
  .text              ro code  0x1008'5e34    0xfc  scheduler.o [5]
  .text              ro code  0x1008'5f30    0x2a  strncmp.o [50]
  .text              ro code  0x1008'5f5c   0x150  system_tviibh4m_cm7.o [22]
  .text              ro code  0x1008'60ac     0x8  startup_cm7.o [31]
  .text              ro code  0x1008'60b4     0x6  startup_cm7.o [31]
  .text              ro code  0x1008'60bc   0x204  startup.o [31]
  .text              ro code  0x1008'62c0   0x198  cy_interrupt_map.o [23]
  .text              ro code  0x1008'6458    0xb0  startup_cm7.o [31]
  .text              ro code  0x1008'6508    0x70  uart.o [5]
  .text              ro code  0x1008'6578    0x3c  vsnprint.o [50]
  .rodata            const    0x1008'65b4    0x4c  system_tviibh4m_cm7.o [22]
  .rodata            const    0x1008'6600    0x48  cy_sysclk.o [33]
  .rodata            const    0x1008'6648    0x48  cy_sysclk.o [33]
  .rodata            const    0x1008'6690    0x3c  zf_device_imu660rb.o [48]
  .rodata            const    0x1008'66cc    0x38  zf_common_fifo.o [46]
  .rodata            const    0x1008'6704    0x38  zf_driver_spi.o [49]
  .rodata            const    0x1008'673c    0x38  zf_driver_uart.o [49]
  .text              ro code  0x1008'6774    0x38  zero_init3.o [52]
  .rodata            const    0x1008'67ac    0x30  scheduler.o [5]
  .text              ro code  0x1008'67dc    0x28  data_init.o [52]
  .text              ro code  0x1008'6804    0x22  fpinit_M.o [51]
  .iar.init_table    const    0x1008'6828    0x20  - Linker created -
  .text              ro code  0x1008'6848    0x20  startup_cm7.o [31]
  .text              ro code  0x1008'6868    0x20  putchar.o [50]
  .text              ro code  0x1008'6890    0x1e  cy_syslib_iar.o [36]
  .text              ro code  0x1008'68b0    0x1e  cmain.o [52]
  .text              ro code  0x1008'68d0     0x4  startup_cm7.o [31]
  .text              ro code  0x1008'68d4     0x4  exit.o [50]
  .text              ro code  0x1008'68d8     0xa  cexit.o [52]
  .rodata            const    0x1008'68e4    0x1c  zf_common_debug.o [46]
  .rodata            const    0x1008'6900    0x1c  zf_device_imu660rb.o [48]
  .text              ro code  0x1008'691c    0x1c  startup_cm7.o [31]
  .text              ro code  0x1008'6938    0x1c  cstartup_M.o [52]
  .rodata            const    0x1008'6954    0x18  startup.o [31]
  .rodata            const    0x1008'696c    0x18  system_tviibh4m_cm7.o [22]
  .rodata            const    0x1008'6984    0x18  zf_common_debug.o [46]
  .text              ro code  0x1008'699c    0x16  xprout.o [50]
  .rodata            const    0x1008'69b4    0x14  uart.o [5]
  .rodata            const    0x1008'69c8    0x10  zf_common_debug.o [46]
  .rodata            const    0x1008'69d8    0x10  zf_common_debug.o [46]
  .rodata            const    0x1008'69e8     0xc  scheduler.o [5]
  .rodata            const    0x1008'69f4     0xc  zf_common_debug.o [46]
  .rodata            const    0x1008'6a00     0xc  zf_common_debug.o [46]
  .rodata            const    0x1008'6a0c     0xc  zf_common_debug.o [46]
  .text              ro code  0x1008'6a18     0xc  cy_syslib.o [36]
  .rodata            const    0x1008'6a24     0x8  cy_sysclk.o [33]
  .rodata            const    0x1008'6a2c     0x4  cy_interrupt_map.o [23]
  .rodata            const    0x1008'6a30     0x4  cy_interrupt_map.o [23]
  .rodata            const    0x1008'6a34     0x4  cy_interrupt_map.o [23]
  .rodata            const    0x1008'6a38     0x4  cy_interrupt_map.o [23]
  .rodata            const    0x1008'6a3c     0x4  cy_interrupt_map.o [23]
  .rodata            const    0x1008'6a40     0x4  cy_interrupt_map.o [23]
  .rodata            const    0x1008'6a44     0x4  cy_interrupt_map.o [23]
  .rodata            const    0x1008'6a48     0x4  cy_interrupt_map.o [23]
  .rodata            const    0x1008'6a4c     0x4  cy_scb_spi.o [24]
  .rodata            const    0x1008'6a50     0x4  cy_scb_spi.o [24]
  .rodata            const    0x1008'6a54     0x4  cy_scb_spi.o [24]
  .rodata            const    0x1008'6a58     0x4  cy_scb_spi.o [24]
  .rodata            const    0x1008'6a5c     0x4  cy_scb_uart.o [24]
  .rodata            const    0x1008'6a60     0x4  cy_scb_uart.o [24]
  .rodata            const    0x1008'6a64     0x4  cy_scb_uart.o [24]
  .rodata            const    0x1008'6a68     0x4  cy_scb_uart.o [24]
  .rodata            const    0x1008'6a6c     0x4  cy_scb_uart.o [24]
  .rodata            const    0x1008'6a70     0x4  cy_scb_uart.o [24]
  .rodata            const    0x1008'6a74     0x4  cy_scb_uart.o [24]
  .rodata            const    0x1008'6a78     0x4  cy_scb_uart.o [24]
  .rodata            const    0x1008'6a7c     0x4  cy_scb_uart.o [24]
  .rodata            const    0x1008'6a80     0x4  cy_scb_uart.o [24]
  .rodata            const    0x1008'6a84     0x4  cy_sysint.o [35]
  .rodata            const    0x1008'6a88     0x4  cy_sysint.o [35]
  .rodata            const    0x1008'6a8c     0x4  cy_tcpwm_counter.o [43]
  .rodata            const    0x1008'6a90     0x4  cy_tcpwm_counter.o [43]
  .rodata            const    0x1008'6a94     0x4  cy_tcpwm_counter.o [43]
  .rodata            const    0x1008'6a98     0x4  cy_tcpwm_counter.o [43]
  .rodata            const    0x1008'6a9c     0x4  cy_tcpwm_counter.o [43]
  .text              ro code  0x1008'6aa0     0x4  startup_cm7.o [31]
  .text              ro code  0x1008'6aa4     0x4  startup_cm7.o [31]
  .text              ro code  0x1008'6aa8     0x4  startup_cm7.o [31]
  .text              ro code  0x1008'6aac     0x4  startup_cm7.o [31]
  .text              ro code  0x1008'6ab0     0x4  startup_cm7.o [31]
  .text              ro code  0x1008'6ab4     0x4  startup_cm7.o [31]
  .text              ro code  0x1008'6ab8     0x4  startup_cm7.o [31]
  .text              ro code  0x1008'6abc     0x4  startup_cm7.o [31]
  .text              ro code  0x1008'6ac0     0x4  startup_cm7.o [31]
  .text              ro code  0x1008'6ac4     0x4  startup_cm7.o [31]
  .text              ro code  0x1008'6ac8     0x4  startup_cm7.o [31]
  .text              ro code  0x1008'6acc     0x4  startup_cm7.o [31]
  .text              ro code  0x1008'6ad0     0x4  startup_cm7.o [31]
  .text              ro code  0x1008'6ad4     0x4  startup_cm7.o [31]
  .text              ro code  0x1008'6ad8     0x4  startup_cm7.o [31]
  .text              ro code  0x1008'6adc     0x2  zf_device_type.o [48]
  .rodata            const    0x1008'6ade     0x0  zero_init3.o [52]
  .rodata            const    0x1008'6ade     0x0  lz77_init_single.o [52]
  Initializer bytes  const    0x1008'6ade    0xbb  <for P2-1>
                            - 0x1008'6b99  0x6b19

"P2", part 1 of 3:                          0x7b8
  P2-1                        0x2802'0000   0x7b8  <Init block>
    .data            inited   0x2802'0000   0x6ec  cy_interrupt_map.o [23]
    .data            inited   0x2802'06ec     0x4  cy_interrupt_map.o [23]
    .data            inited   0x2802'06f0    0x10  filt.o [5]
    .data            inited   0x2802'0700     0x4  filt.o [5]
    .data            inited   0x2802'0704     0x4  filt.o [5]
    .data            inited   0x2802'0708    0x24  scheduler.o [5]
    .data            inited   0x2802'072c     0x4  zf_device_type.o [48]
    .data            inited   0x2802'0730     0x4  zf_device_type.o [48]
    .data            inited   0x2802'0734     0xc  zf_driver_adc.o [49]
    .data            inited   0x2802'0740    0x3c  zf_driver_pit.o [49]
    .data            inited   0x2802'077c    0x10  zf_driver_spi.o [49]
    .data            inited   0x2802'078c    0x14  zf_driver_uart.o [49]
    .data            inited   0x2802'07a0    0x14  zf_driver_uart.o [49]
    .data            inited   0x2802'07b4     0x2  zf_driver_delay.o [49]
    .data            inited   0x2802'07b6     0x1  zf_common_debug.o [46]
    .data            inited   0x2802'07b7     0x1  zf_driver_delay.o [49]
                            - 0x2802'07b8   0x7b8

"P2", part 2 of 3:                          0x734
  .bss               zero     0x2802'07b8   0x200  zf_device_tsl1401.o [48]
  .bss               zero     0x2802'09b8   0x118  zf_driver_uart.o [49]
  .bss               zero     0x2802'0ad0    0x80  zf_device_gnss.o [48]
  .bss               zero     0x2802'0b50    0x80  zf_device_gnss.o [48]
  .bss               zero     0x2802'0bd0    0x80  zf_device_gnss.o [48]
  .bss               zero     0x2802'0c50    0x70  cy_syslib.o [36]
  .bss               zero     0x2802'0cc0    0x48  zf_driver_adc.o [49]
  .bss               zero     0x2802'0d08    0x40  uart.o [5]
  .bss               zero     0x2802'0d48    0x40  uart.o [5]
  .bss               zero     0x2802'0d88    0x40  zf_common_debug.o [46]
  .bss               zero     0x2802'0dc8    0x24  filt.o [5]
  .bss               zero     0x2802'0dec    0x18  cy_sysclk.o [33]
  .bss               zero     0x2802'0e04    0x18  cy_syslib.o [36]
  .bss               zero     0x2802'0e1c    0x18  filt.o [5]
  .bss               zero     0x2802'0e34    0x18  uart.o [5]
  .bss               zero     0x2802'0e4c    0x18  zf_common_debug.o [46]
  .bss               zero     0x2802'0e64    0x18  zf_device_gnss.o [48]
  .bss               zero     0x2802'0e7c    0x14  zf_common_debug.o [46]
  .bss               zero     0x2802'0e90     0x4  cm7_0_isr.o [45]
  .bss               zero     0x2802'0e94     0x4  cy_syslib.o [36]
  .bss               zero     0x2802'0e98     0x4  filt.o [5]
  .bss               zero     0x2802'0e9c     0x4  filt.o [5]
  .bss               zero     0x2802'0ea0     0x4  filt.o [5]
  .bss               zero     0x2802'0ea4     0x4  system_tviibh4m_cm7.o [22]
  .bss               zero     0x2802'0ea8     0x4  system_tviibh4m_cm7.o [22]
  .bss               zero     0x2802'0eac     0x4  system_tviibh4m_cm7.o [22]
  .bss               zero     0x2802'0eb0     0x4  system_tviibh4m_cm7.o [22]
  .bss               zero     0x2802'0eb4     0x4  system_tviibh4m_cm7.o [22]
  .bss               zero     0x2802'0eb8     0x4  uart.o [5]
  .bss               zero     0x2802'0ebc     0x4  zf_common_clock.o [46]
  .bss               zero     0x2802'0ec0     0x4  zf_common_interrupt.o [46]
  .bss               zero     0x2802'0ec4     0x4  zf_driver_spi.o [49]
  .bss               zero     0x2802'0ec8     0x4  zf_driver_timer.o [49]
  .bss               zero     0x2802'0ecc     0x4  xfail_s.o [50]
  .bss               zero     0x2802'0ed0     0x2  zf_device_imu660rb.o [48]
  .bss               zero     0x2802'0ed2     0x2  zf_device_imu660rb.o [48]
  .bss               zero     0x2802'0ed4     0x2  zf_device_imu660rb.o [48]
  .bss               zero     0x2802'0ed6     0x2  zf_device_imu660rb.o [48]
  .bss               zero     0x2802'0ed8     0x2  zf_device_imu660rb.o [48]
  .bss               zero     0x2802'0eda     0x2  zf_device_imu660rb.o [48]
  .bss               zero     0x2802'0edc     0x1  cy_sysclk.o [33]
  .bss               zero     0x2802'0edd     0x1  filt.o [5]
  .bss               zero     0x2802'0ede     0x1  scheduler.o [5]
  .bss               zero     0x2802'0edf     0x1  uart.o [5]
  .bss               zero     0x2802'0ee0     0x1  zf_common_debug.o [46]
  .bss               zero     0x2802'0ee1     0x1  zf_common_debug.o [46]
  .bss               zero     0x2802'0ee2     0x1  zf_device_gnss.o [48]
  .bss               zero     0x2802'0ee3     0x1  zf_device_gnss.o [48]
  .bss               zero     0x2802'0ee4     0x1  zf_device_gnss.o [48]
  .bss               zero     0x2802'0ee5     0x1  zf_device_gnss.o [48]
  .bss               zero     0x2802'0ee6     0x1  zf_device_gnss.o [48]
  .bss               zero     0x2802'0ee7     0x1  zf_device_tsl1401.o [48]
  .bss               zero     0x2802'0ee8     0x1  zf_device_tsl1401.o [48]
                            - 0x2802'0ee9   0x731

"P2", part 3 of 3:                           0x80
  .intvec_ram        uninit   0x2802'0f00    0x80  startup_cm7.o [31]
                            - 0x2802'0f80    0x80

"A1":                                      0x2000
  HEAP_STACK                  0x2807'e000  0x2000  <Block>
    CSTACK                    0x2807'e000  0x2000  <Block>
      CSTACK         uninit   0x2807'e000  0x2000  <Block tail>
                            - 0x2808'0000  0x2000

Unused ranges:

         From           To       Size
         ----           --       ----
  0x1008'6c50  0x1027'ffff  0x1f'93b0
  0x2802'0eec  0x2802'0eff       0x14
  0x2802'0f80  0x2807'dfff   0x5'd080


*******************************************************************************
*** INIT TABLE
***

          Address      Size
          -------      ----
Zero (__iar_zero_init3)
    1 destination range, total size 0x731:
          0x2802'07b8  0x731

Copy/lz77 (__iar_lz77_init_single3)
    1 source range, total size 0xbb (9% of destination):
          0x1008'6ade   0xbb
    1 destination range, total size 0x7b8:
          0x2802'0000  0x7b8



*******************************************************************************
*** MODULE SUMMARY
***

    Module                 ro code  ro data  rw data
    ------                 -------  -------  -------
command line/config:
    ------------------------------------------------
    Total:

D:\Dsektop\luntui\luntui\iar\Debug_m7_0\Obj\adc_11722776235721520015.dir: [1]
    ------------------------------------------------
    Total:

D:\Dsektop\luntui\luntui\iar\Debug_m7_0\Obj\audioss_1346650047966882938.dir: [2]
    ------------------------------------------------
    Total:

D:\Dsektop\luntui\luntui\iar\Debug_m7_0\Obj\button_4990804375159372270.dir: [3]
    ------------------------------------------------
    Total:

D:\Dsektop\luntui\luntui\iar\Debug_m7_0\Obj\canfd_1800690984773873875.dir: [4]
    ------------------------------------------------
    Total:

D:\Dsektop\luntui\luntui\iar\Debug_m7_0\Obj\code_17896468042025673432.dir: [5]
    filt.o                   1'444        2       97
    scheduler.o                252       63       37
    uart.o                     112       20      157
    ------------------------------------------------
    Total:                   1'808       85      291

D:\Dsektop\luntui\luntui\iar\Debug_m7_0\Obj\cpu_15938736945165268644.dir: [6]
    ------------------------------------------------
    Total:

D:\Dsektop\luntui\luntui\iar\Debug_m7_0\Obj\crypto_1190170608956581615.dir: [7]
    ------------------------------------------------
    Total:

D:\Dsektop\luntui\luntui\iar\Debug_m7_0\Obj\dma_12106025507578611576.dir: [8]
    ------------------------------------------------
    Total:

D:\Dsektop\luntui\luntui\iar\Debug_m7_0\Obj\eth_phy_18133017486186456677.dir: [9]
    ------------------------------------------------
    Total:

D:\Dsektop\luntui\luntui\iar\Debug_m7_0\Obj\ethernet_6029839089178797009.dir: [10]
    ------------------------------------------------
    Total:

D:\Dsektop\luntui\luntui\iar\Debug_m7_0\Obj\evtgen_3404189088603873129.dir: [11]
    ------------------------------------------------
    Total:

D:\Dsektop\luntui\luntui\iar\Debug_m7_0\Obj\flash_8529866181315662935.dir: [12]
    ------------------------------------------------
    Total:

D:\Dsektop\luntui\luntui\iar\Debug_m7_0\Obj\flash_864493325053435817.dir: [13]
    ------------------------------------------------
    Total:

D:\Dsektop\luntui\luntui\iar\Debug_m7_0\Obj\gpio_3999404635324069351.dir: [14]
    cy_gpio.o                  404
    ------------------------------------------------
    Total:                     404

D:\Dsektop\luntui\luntui\iar\Debug_m7_0\Obj\ipc_10145506163450686023.dir: [15]
    ------------------------------------------------
    Total:

D:\Dsektop\luntui\luntui\iar\Debug_m7_0\Obj\lin_18429031207028094880.dir: [16]
    ------------------------------------------------
    Total:

D:\Dsektop\luntui\luntui\iar\Debug_m7_0\Obj\lvd_6353935867039560245.dir: [17]
    ------------------------------------------------
    Total:

D:\Dsektop\luntui\luntui\iar\Debug_m7_0\Obj\mcwdt_4052485907822033969.dir: [18]
    ------------------------------------------------
    Total:

D:\Dsektop\luntui\luntui\iar\Debug_m7_0\Obj\mpu_5663187252346826382.dir: [19]
    ------------------------------------------------
    Total:

D:\Dsektop\luntui\luntui\iar\Debug_m7_0\Obj\power_14453085144426420577.dir: [20]
    ------------------------------------------------
    Total:

D:\Dsektop\luntui\luntui\iar\Debug_m7_0\Obj\prot_10722960861768657883.dir: [21]
    ------------------------------------------------
    Total:

D:\Dsektop\luntui\luntui\iar\Debug_m7_0\Obj\rev_b_4986922561640112550.dir: [22]
    system_tviibh4m_cm7.o      336      100       20
    ------------------------------------------------
    Total:                     336      100       20

D:\Dsektop\luntui\luntui\iar\Debug_m7_0\Obj\rev_b_6162237342861132223.dir: [23]
    cy_interrupt_map.o         408      200    1'776
    ------------------------------------------------
    Total:                     408      200    1'776

D:\Dsektop\luntui\luntui\iar\Debug_m7_0\Obj\scb_15490842639181808494.dir: [24]
    cy_scb_spi.o               496       16
    cy_scb_uart.o              788       40
    ------------------------------------------------
    Total:                   1'284       56

D:\Dsektop\luntui\luntui\iar\Debug_m7_0\Obj\sd_host_2982766354293506895.dir: [25]
    ------------------------------------------------
    Total:

D:\Dsektop\luntui\luntui\iar\Debug_m7_0\Obj\semihosting_143864889731838620.dir: [26]
    ------------------------------------------------
    Total:

D:\Dsektop\luntui\luntui\iar\Debug_m7_0\Obj\smartio_5451710003740070188.dir: [27]
    ------------------------------------------------
    Total:

D:\Dsektop\luntui\luntui\iar\Debug_m7_0\Obj\smif_427648126384146252.dir: [28]
    ------------------------------------------------
    Total:

D:\Dsektop\luntui\luntui\iar\Debug_m7_0\Obj\smif_mem_6470536964353725183.dir: [29]
    ------------------------------------------------
    Total:

D:\Dsektop\luntui\luntui\iar\Debug_m7_0\Obj\srom_13018798572330080582.dir: [30]
    ------------------------------------------------
    Total:

D:\Dsektop\luntui\luntui\iar\Debug_m7_0\Obj\startup_479057977785470282.dir: [31]
    startup.o                  516       24
    startup_cm7.o              442               128
    ------------------------------------------------
    Total:                     958       24      128

D:\Dsektop\luntui\luntui\iar\Debug_m7_0\Obj\sw_timer_4215635015939382130.dir: [32]
    ------------------------------------------------
    Total:

D:\Dsektop\luntui\luntui\iar\Debug_m7_0\Obj\sysclk_16149231235676103872.dir: [33]
    cy_sysclk.o              2'280      152       25
    ------------------------------------------------
    Total:                   2'280      152       25

D:\Dsektop\luntui\luntui\iar\Debug_m7_0\Obj\sysflt_12293435975120599261.dir: [34]
    ------------------------------------------------
    Total:

D:\Dsektop\luntui\luntui\iar\Debug_m7_0\Obj\sysint_7435970359207984181.dir: [35]
    cy_sysint.o                172        8
    ------------------------------------------------
    Total:                     172        8

D:\Dsektop\luntui\luntui\iar\Debug_m7_0\Obj\syslib_16330585751512546975.dir: [36]
    cy_syslib.o                182               140
    cy_syslib_iar.o             30
    ------------------------------------------------
    Total:                     212               140

D:\Dsektop\luntui\luntui\iar\Debug_m7_0\Obj\syspm_10887939769544754770.dir: [37]
    ------------------------------------------------
    Total:

D:\Dsektop\luntui\luntui\iar\Debug_m7_0\Obj\sysreghc_17676636058511625587.dir: [38]
    ------------------------------------------------
    Total:

D:\Dsektop\luntui\luntui\iar\Debug_m7_0\Obj\sysreset_14586141425677365288.dir: [39]
    ------------------------------------------------
    Total:

D:\Dsektop\luntui\luntui\iar\Debug_m7_0\Obj\sysrtc_10747768817563771611.dir: [40]
    ------------------------------------------------
    Total:

D:\Dsektop\luntui\luntui\iar\Debug_m7_0\Obj\systick_16016591671695740695.dir: [41]
    ------------------------------------------------
    Total:

D:\Dsektop\luntui\luntui\iar\Debug_m7_0\Obj\syswdt_9118657615806274156.dir: [42]
    ------------------------------------------------
    Total:

D:\Dsektop\luntui\luntui\iar\Debug_m7_0\Obj\tcpwm_422923530147891246.dir: [43]
    cy_tcpwm.o                  12
    cy_tcpwm_counter.o         440       20
    ------------------------------------------------
    Total:                     452       20

D:\Dsektop\luntui\luntui\iar\Debug_m7_0\Obj\trigmux_9729677290734583340.dir: [44]
    ------------------------------------------------
    Total:

D:\Dsektop\luntui\luntui\iar\Debug_m7_0\Obj\user_8514941877209965082.dir: [45]
    cm7_0_isr.o                544                 4
    main_cm7_0.o               152
    ------------------------------------------------
    Total:                     696                 4

D:\Dsektop\luntui\luntui\iar\Debug_m7_0\Obj\zf_common_1201165462030747823.dir: [46]
    zf_common_clock.o           28                 4
    zf_common_debug.o        1'072      120      111
    zf_common_fifo.o         1'096       56
    zf_common_interrupt.o      226                 4
    ------------------------------------------------
    Total:                   2'422      176      119

D:\Dsektop\luntui\luntui\iar\Debug_m7_0\Obj\zf_components_14936052685886095442.dir: [47]
    ------------------------------------------------
    Total:

D:\Dsektop\luntui\luntui\iar\Debug_m7_0\Obj\zf_device_6570275422786408770.dir: [48]
    zf_device_gnss.o           276               413
    zf_device_imu660rb.o       468       88       12
    zf_device_tsl1401.o        124               514
    zf_device_type.o             2        1        8
    ------------------------------------------------
    Total:                     870       89      947

D:\Dsektop\luntui\luntui\iar\Debug_m7_0\Obj\zf_driver_11922370083829174090.dir: [49]
    zf_driver_adc.o            116        1       84
    zf_driver_delay.o          644        1        3
    zf_driver_gpio.o           228
    zf_driver_pit.o            920        6       60
    zf_driver_pwm.o             32
    zf_driver_spi.o          2'684       57       20
    zf_driver_timer.o          660                 4
    zf_driver_uart.o         2'088       60      320
    ------------------------------------------------
    Total:                   7'372      125      491

dl7M_tln.a: [50]
    abort.o                      6
    exit.o                       4
    printf.o                    40
    putchar.o                   32
    sprintf.o                   64
    strncmp.o                   42
    vsnprint.o                  60
    xfail_s.o                   64                 4
    xprintffull_nomb.o       3'758
    xprout.o                    22
    xsnprout.o                  26
    xsprout.o                   10
    ------------------------------------------------
    Total:                   4'128                 4

m7M_tlv.a: [51]
    DblCmpGe.o                  52
    DblCmpLe.o                  52
    DblDiv.o                    18
    DblMul.o                    18
    DblSub.o                    18
    DblToS32.o                  14
    DblToU32.o                  14
    S32ToDbl.o                  14
    U32ToDbl.o                  14
    asin.o                     136
    atan2.o                    126
    fpinit_M.o                  34
    frexp.o                    112
    ldexp.o                    260
    xatan.o                    280
    ------------------------------------------------
    Total:                   1'162

rt7M_tl.a: [52]
    ABImemclr4.o                 6
    ABImemcpy.o                166
    ABImemset.o                102
    ABImemset48.o               50
    I64DivMod.o                560
    I64DivZer.o                  2
    cexit.o                     10
    cmain.o                     30
    cstartup_M.o                28
    data_init.o                 40
    lz77_init_single.o         126
    memchr.o                    88
    strchr.o                    22
    strlen.o                    54
    strncpy.o                  112
    zero_init3.o                56
    ------------------------------------------------
    Total:                   1'452

shb_l.a: [53]
    exit.o                      20
    ------------------------------------------------
    Total:                      20

    Gaps                        36        6
    Linker created                       32    8'192
----------------------------------------------------
    Grand Total:            26'472    1'073   12'137


*******************************************************************************
*** ENTRY LIST
***

Entry                       Address   Size  Type      Object
-----                       -------   ----  ----      ------
.iar.init_table$$Base   0x1008'6828          --   Gb  - Linker created -
.iar.init_table$$Limit  0x1008'6848          --   Gb  - Linker created -
?main                   0x1008'68b1         Code  Gb  cmain.o [52]
BusFault_Handler        0x1008'6aa9         Code  Wk  startup_cm7.o [31]
CSTACK$$Base            0x2807'e000          --   Gb  - Linker created -
CSTACK$$Limit           0x2808'0000          --   Gb  - Linker created -
CopyVectorTable         0x1008'625d   0x34  Code  Lc  startup.o [31]
CpuUserInt0_Handler     0x1008'62df   0x26  Code  Gb  cy_interrupt_map.o [23]
CpuUserInt10_Handler    0x1008'6ac5         Code  Wk  startup_cm7.o [31]
CpuUserInt11_Handler    0x1008'6ac9         Code  Wk  startup_cm7.o [31]
CpuUserInt12_Handler    0x1008'6acd         Code  Wk  startup_cm7.o [31]
CpuUserInt13_Handler    0x1008'6ad1         Code  Wk  startup_cm7.o [31]
CpuUserInt14_Handler    0x1008'6ad5         Code  Wk  startup_cm7.o [31]
CpuUserInt15_Handler    0x1008'6ad9         Code  Wk  startup_cm7.o [31]
CpuUserInt1_Handler     0x1008'6305   0x26  Code  Gb  cy_interrupt_map.o [23]
CpuUserInt2_Handler     0x1008'632b   0x26  Code  Gb  cy_interrupt_map.o [23]
CpuUserInt3_Handler     0x1008'6351   0x26  Code  Gb  cy_interrupt_map.o [23]
CpuUserInt4_Handler     0x1008'6377   0x26  Code  Gb  cy_interrupt_map.o [23]
CpuUserInt5_Handler     0x1008'639d   0x26  Code  Gb  cy_interrupt_map.o [23]
CpuUserInt6_Handler     0x1008'63c3   0x26  Code  Gb  cy_interrupt_map.o [23]
CpuUserInt7_Handler     0x1008'63e9   0x26  Code  Gb  cy_interrupt_map.o [23]
CpuUserInt8_Handler     0x1008'6abd         Code  Wk  startup_cm7.o [31]
CpuUserInt9_Handler     0x1008'6ac1         Code  Wk  startup_cm7.o [31]
Cy_DefaultUserHandler   0x1008'62dd    0x2  Code  Gb  cy_interrupt_map.o [23]
Cy_GPIO_ClearInterrupt  0x1008'25df    0xe  Code  Lc  cy_gpio.o [14]
Cy_GPIO_Clr             0x1008'4f53    0xa  Code  Lc  zf_driver_gpio.o [49]
Cy_GPIO_Pin_Init        0x1008'2623   0x72  Code  Gb  cy_gpio.o [14]
Cy_GPIO_Set             0x1008'4f49    0xa  Code  Lc  zf_driver_gpio.o [49]
Cy_GPIO_SetDriveSel     0x1008'25c1   0x1e  Code  Lc  cy_gpio.o [14]
Cy_GPIO_SetDrivemode    0x1008'2571   0x1c  Code  Lc  cy_gpio.o [14]
Cy_GPIO_SetHSIOM        0x1008'250d   0x4c  Code  Lc  cy_gpio.o [14]
Cy_GPIO_SetInterruptEdge
                        0x1008'2607   0x1c  Code  Lc  cy_gpio.o [14]
Cy_GPIO_SetInterruptMask
                        0x1008'25ed   0x1a  Code  Lc  cy_gpio.o [14]
Cy_GPIO_SetSlewRate     0x1008'25a7   0x1a  Code  Lc  cy_gpio.o [14]
Cy_GPIO_SetVtrip        0x1008'258d   0x1a  Code  Lc  cy_gpio.o [14]
Cy_GPIO_Write           0x1008'2559   0x18  Code  Lc  cy_gpio.o [14]
Cy_RestoreIRQ           0x1008'60b5         Code  Gb  startup_cm7.o [31]
Cy_SCB_ClearRxFifo      0x1008'1603   0x1e  Code  Lc  zf_driver_spi.o [49]
Cy_SCB_ClearRxInterrupt
                        0x1008'593b    0xa  Code  Lc  cm7_0_isr.o [45]
Cy_SCB_ClearTxInterrupt
                        0x1008'594b    0xa  Code  Lc  cm7_0_isr.o [45]
Cy_SCB_GetFifoSize      0x1008'165d   0x12  Code  Lc  zf_driver_spi.o [49]
Cy_SCB_GetNumInRxFifo   0x1008'15f9    0xa  Code  Lc  zf_driver_spi.o [49]
Cy_SCB_GetNumInRxFifo   0x1008'2a3b    0xa  Code  Lc  zf_driver_uart.o [49]
Cy_SCB_GetNumInTxFifo   0x1008'1627    0xa  Code  Lc  zf_driver_spi.o [49]
Cy_SCB_GetNumInTxFifo   0x1008'2a4b    0xa  Code  Lc  zf_driver_uart.o [49]
Cy_SCB_GetRxInterruptMask
                        0x1008'5935    0x6  Code  Lc  cm7_0_isr.o [45]
Cy_SCB_GetRxInterruptMask
                        0x1008'2a87    0x6  Code  Lc  zf_driver_uart.o [49]
Cy_SCB_GetTxInterruptMask
                        0x1008'5945    0x6  Code  Lc  cm7_0_isr.o [45]
Cy_SCB_GetTxInterruptMask
                        0x1008'2a93    0x6  Code  Lc  zf_driver_uart.o [49]
Cy_SCB_GetTxSrValid     0x1008'1631    0xa  Code  Lc  zf_driver_spi.o [49]
Cy_SCB_GetTxSrValid     0x1008'2a55    0xa  Code  Lc  zf_driver_uart.o [49]
Cy_SCB_IsTxComplete     0x1008'163b   0x22  Code  Lc  zf_driver_spi.o [49]
Cy_SCB_IsTxComplete     0x1008'2a5f   0x22  Code  Lc  zf_driver_uart.o [49]
Cy_SCB_ReadRxFifo       0x1008'2a35    0x6  Code  Lc  zf_driver_uart.o [49]
Cy_SCB_SPI_ClearRxFifo  0x1008'168d    0x8  Code  Lc  zf_driver_spi.o [49]
Cy_SCB_SPI_Enable       0x1008'166f    0xa  Code  Lc  zf_driver_spi.o [49]
Cy_SCB_SPI_GetNumInRxFifo
                        0x1008'1685    0x8  Code  Lc  zf_driver_spi.o [49]
Cy_SCB_SPI_Init         0x1008'26a1  0x1d8  Code  Gb  cy_scb_spi.o [24]
Cy_SCB_SPI_SetActiveSlaveSelect
                        0x1008'1679    0xc  Code  Lc  zf_driver_spi.o [49]
Cy_SCB_SetRxInterruptMask
                        0x1008'2a81    0x6  Code  Lc  zf_driver_uart.o [49]
Cy_SCB_SetTxInterruptMask
                        0x1008'2a8d    0x6  Code  Lc  zf_driver_uart.o [49]
Cy_SCB_UART_DeInit      0x1008'38b1   0x5c  Code  Gb  cy_scb_uart.o [24]
Cy_SCB_UART_Enable      0x1008'2a99    0xa  Code  Lc  zf_driver_uart.o [49]
Cy_SCB_UART_Init        0x1008'362d  0x284  Code  Gb  cy_scb_uart.o [24]
Cy_SCB_WriteTxFifo      0x1008'1621    0x6  Code  Lc  zf_driver_spi.o [49]
Cy_SCB_WriteTxFifo      0x1008'2a45    0x6  Code  Lc  zf_driver_uart.o [49]
Cy_SaveIRQ              0x1008'60ad         Code  Gb  startup_cm7.o [31]
Cy_SysClk_CheckDividerExisting
                        0x1008'4bbd   0x2a  Code  Lc  zf_driver_delay.o [49]
Cy_SysClk_CheckDividerExisting
                        0x1008'5309   0x2c  Code  Lc  zf_driver_pit.o [49]
Cy_SysClk_CheckDividerExisting
                        0x1008'1695   0x2c  Code  Lc  zf_driver_spi.o [49]
Cy_SysClk_CheckDividerExisting
                        0x1008'56a1   0x2a  Code  Lc  zf_driver_timer.o [49]
Cy_SysClk_CheckDividerExisting
                        0x1008'2891   0x2c  Code  Lc  zf_driver_uart.o [49]
Cy_SysClk_ClkPathGetSource
                        0x1008'3bb5   0x54  Code  Gb  cy_sysclk.o [33]
Cy_SysClk_EcoGetStatus  0x1008'3a41   0x1a  Code  Lc  cy_sysclk.o [33]
Cy_SysClk_Fast0ClkGetDivider
                        0x1008'3b89   0x16  Code  Lc  cy_sysclk.o [33]
Cy_SysClk_Fast1ClkGetDivider
                        0x1008'3b9f   0x16  Code  Lc  cy_sysclk.o [33]
Cy_SysClk_FllGetConfiguration
                        0x1008'3c11   0x7e  Code  Gb  cy_sysclk.o [33]
Cy_SysClk_FllGetLockStatus
                        0x1008'3a5b    0xc  Code  Lc  cy_sysclk.o [33]
Cy_SysClk_GetClockGroup
                        0x1008'4c65    0x8  Code  Lc  zf_driver_delay.o [49]
Cy_SysClk_GetClockGroup
                        0x1008'53b7    0x8  Code  Lc  zf_driver_pit.o [49]
Cy_SysClk_GetClockGroup
                        0x1008'1779    0x8  Code  Lc  zf_driver_spi.o [49]
Cy_SysClk_GetClockGroup
                        0x1008'5749    0x8  Code  Lc  zf_driver_timer.o [49]
Cy_SysClk_GetClockGroup
                        0x1008'2975    0x8  Code  Lc  zf_driver_uart.o [49]
Cy_SysClk_GetCoreFrequency
                        0x1008'42d5   0x2a  Code  Gb  cy_sysclk.o [33]
Cy_SysClk_GetEcoFrequency
                        0x1008'3ddd   0x32  Code  Gb  cy_sysclk.o [33]
Cy_SysClk_GetExtFrequency
                        0x1008'3e11   0x1e  Code  Gb  cy_sysclk.o [33]
Cy_SysClk_GetFast0Frequency
                        0x1008'4229   0x56  Code  Gb  cy_sysclk.o [33]
Cy_SysClk_GetFast1Frequency
                        0x1008'427f   0x56  Code  Gb  cy_sysclk.o [33]
Cy_SysClk_GetFllInputFrequency
                        0x1008'3f31    0xc  Code  Gb  cy_sysclk.o [33]
Cy_SysClk_GetFllOutputFrequency
                        0x1008'3f59   0x78  Code  Gb  cy_sysclk.o [33]
Cy_SysClk_GetHfClkFrequency
                        0x1008'41ab   0x7a  Code  Gb  cy_sysclk.o [33]
Cy_SysClk_GetIlo0Frequency
                        0x1008'3e2f   0x32  Code  Gb  cy_sysclk.o [33]
Cy_SysClk_GetIlo1Frequency
                        0x1008'3e61   0x32  Code  Gb  cy_sysclk.o [33]
Cy_SysClk_GetImoFrequency
                        0x1008'3dab   0x32  Code  Gb  cy_sysclk.o [33]
Cy_SysClk_GetPathFrequency
                        0x1008'4179   0x32  Code  Gb  cy_sysclk.o [33]
Cy_SysClk_GetPathSourceFrequency
                        0x1008'3ecd   0x64  Code  Gb  cy_sysclk.o [33]
Cy_SysClk_GetPll400MNo  0x1008'3aa5   0x14  Code  Lc  cy_sysclk.o [33]
Cy_SysClk_GetPllInputFrequency
                        0x1008'3f3d   0x1c  Code  Gb  cy_sysclk.o [33]
Cy_SysClk_GetPllNo      0x1008'3a69   0x12  Code  Lc  cy_sysclk.o [33]
Cy_SysClk_GetPllOutputFrequency
                        0x1008'3fd5  0x1a0  Code  Gb  cy_sysclk.o [33]
Cy_SysClk_GetWcoFrequency
                        0x1008'3e93   0x32  Code  Gb  cy_sysclk.o [33]
Cy_SysClk_HfClockGetDivider
                        0x1008'3b47   0x42  Code  Lc  cy_sysclk.o [33]
Cy_SysClk_HfClockGetSource
                        0x1008'3af3   0x54  Code  Lc  cy_sysclk.o [33]
Cy_SysClk_InitGetFreqParams
                        0x1008'3d91   0x1a  Code  Gb  cy_sysclk.o [33]
Cy_SysClk_PeriphAssignDivider
                        0x1008'4c6d   0x68  Code  Lc  zf_driver_delay.o [49]
Cy_SysClk_PeriphAssignDivider
                        0x1008'53bf   0x68  Code  Lc  zf_driver_pit.o [49]
Cy_SysClk_PeriphAssignDivider
                        0x1008'1781   0x6a  Code  Lc  zf_driver_spi.o [49]
Cy_SysClk_PeriphAssignDivider
                        0x1008'5751   0x68  Code  Lc  zf_driver_timer.o [49]
Cy_SysClk_PeriphAssignDivider
                        0x1008'297d   0x6a  Code  Lc  zf_driver_uart.o [49]
Cy_SysClk_PeriphEnableDivider
                        0x1008'4cd5   0x4c  Code  Lc  zf_driver_delay.o [49]
Cy_SysClk_PeriphEnableDivider
                        0x1008'5427   0x4c  Code  Lc  zf_driver_pit.o [49]
Cy_SysClk_PeriphEnableDivider
                        0x1008'17eb   0x4e  Code  Lc  zf_driver_spi.o [49]
Cy_SysClk_PeriphEnableDivider
                        0x1008'57b9   0x4c  Code  Lc  zf_driver_timer.o [49]
Cy_SysClk_PeriphEnableDivider
                        0x1008'29e7   0x4e  Code  Lc  zf_driver_uart.o [49]
Cy_SysClk_PeriphSetDivider
                        0x1008'4be7   0x7e  Code  Lc  zf_driver_delay.o [49]
Cy_SysClk_PeriphSetDivider
                        0x1008'5335   0x82  Code  Lc  zf_driver_pit.o [49]
Cy_SysClk_PeriphSetDivider
                        0x1008'56cb   0x7e  Code  Lc  zf_driver_timer.o [49]
Cy_SysClk_PeriphSetFracDivider
                        0x1008'16c1   0xb8  Code  Lc  zf_driver_spi.o [49]
Cy_SysClk_PeriphSetFracDivider
                        0x1008'28bd   0xb8  Code  Lc  zf_driver_uart.o [49]
Cy_SysClk_Pll400MGetConfiguration
                        0x1008'3cfd   0x84  Code  Gb  cy_sysclk.o [33]
Cy_SysClk_Pll400MGetLockStatus
                        0x1008'3ab9   0x2a  Code  Lc  cy_sysclk.o [33]
Cy_SysClk_PllGetConfiguration
                        0x1008'3ca9   0x48  Code  Gb  cy_sysclk.o [33]
Cy_SysClk_PllGetLockStatus
                        0x1008'3a7b   0x28  Code  Lc  cy_sysclk.o [33]
Cy_SysClk_WcoOkay       0x1008'3ae5    0xe  Code  Lc  cy_sysclk.o [33]
Cy_SysInt_InitIRQ       0x1008'3961   0x7e  Code  Gb  cy_sysint.o [35]
Cy_SysInt_SetSystemIrqVector
                        0x1008'39df   0x12  Code  Gb  cy_sysint.o [35]
Cy_SysInt_SystemIrqUserTableRamPointer
                        0x2802'06ec    0x4  Data  Gb  cy_interrupt_map.o [23]
Cy_SysLib_DelayCycles   0x1008'6891         Code  Gb  cy_syslib_iar.o [36]
Cy_SysLib_EnterCriticalSection
                        0x1008'68a1         Code  Gb  cy_syslib_iar.o [36]
Cy_SysLib_ExitCriticalSection
                        0x1008'68a9         Code  Gb  cy_syslib_iar.o [36]
Cy_SysLib_FaultHandler  0x1008'439d   0x90  Code  Gb  cy_syslib.o [36]
Cy_SysLib_Halt          0x1008'4399    0x4  Code  Gb  cy_syslib.o [36]
Cy_SysLib_ProcessingFault
                        0x1008'4441    0x2  Code  Wk  cy_syslib.o [36]
Cy_SysLib_SvcHandler    0x1008'6a19    0xc  Code  Wk  cy_syslib.o [36]
Cy_SystemInitFpuEnable  0x1008'604d   0x1e  Code  Gb  system_tviibh4m_cm7.o [22]
Cy_SystemIrqUserTable   0x2802'0000  0x6ec  Data  Gb  cy_interrupt_map.o [23]
Cy_Tcpwm_Counter_ClearTC_Intr
                        0x1008'51d5   0x10  Code  Gb  cy_tcpwm_counter.o [43]
Cy_Tcpwm_Counter_Disable
                        0x1008'51b7    0xa  Code  Gb  cy_tcpwm_counter.o [43]
Cy_Tcpwm_Counter_Enable
                        0x1008'51ad    0xa  Code  Gb  cy_tcpwm_counter.o [43]
Cy_Tcpwm_Counter_GetCounter
                        0x1008'51c5    0x4  Code  Gb  cy_tcpwm_counter.o [43]
Cy_Tcpwm_Counter_Init   0x1008'502d  0x16c  Code  Gb  cy_tcpwm_counter.o [43]
Cy_Tcpwm_Counter_SetCounter
                        0x1008'51c1    0x4  Code  Gb  cy_tcpwm_counter.o [43]
Cy_Tcpwm_Counter_SetTC_IntrMask
                        0x1008'51c9    0xc  Code  Gb  cy_tcpwm_counter.o [43]
Cy_Tcpwm_TriggerStart   0x1008'51e5    0xc  Code  Gb  cy_tcpwm.o [43]
Cy_u32StartupStackEndAddress
                        0x1008'6504         Data  Gb  startup_cm7.o [31]
Cy_u32StartupStackStartAddress
                        0x1008'6500         Data  Gb  startup_cm7.o [31]
DebugMon_Handler        0x1008'6ab1         Code  Wk  startup_cm7.o [31]
GyroOffset              0x2802'0e1c   0x18  Data  Gb  filt.o [5]
GyroOffset_init         0x2802'0edd    0x1  Data  Gb  filt.o [5]
HEAP_STACK$$Base        0x2807'e000          --   Gb  - Linker created -
HEAP_STACK$$Limit       0x2808'0000          --   Gb  - Linker created -
HardFault_Handler       0x1008'6849         Code  Wk  startup_cm7.o [31]
ICM_AHRSupdate          0x1008'46c5  0x1a0  Code  Gb  filt.o [5]
ICM_getEulerianAngles   0x1008'487d  0x110  Code  Gb  filt.o [5]
ICM_getValues           0x1008'4569  0x156  Code  Gb  filt.o [5]
I_ex                    0x2802'0e98    0x4  Data  Gb  filt.o [5]
I_ey                    0x2802'0e9c    0x4  Data  Gb  filt.o [5]
I_ez                    0x2802'0ea0    0x4  Data  Gb  filt.o [5]
InitRamEcc              0x1008'614b  0x100  Code  Lc  startup.o [31]
InitRamEccClearArea     0x1008'624b   0x12  Code  Lc  startup.o [31]
MemManage_Handler       0x1008'6aa5         Code  Wk  startup_cm7.o [31]
NMI_Handler             0x1008'6aa1         Code  Wk  startup_cm7.o [31]
PendSV_Handler          0x1008'6ab5         Code  Wk  startup_cm7.o [31]
Q_info                  0x2802'06f0   0x10  Data  Gb  filt.o [5]
Region$$Table$$Base     0x1008'6828          --   Gb  - Linker created -
Region$$Table$$Limit    0x1008'6848          --   Gb  - Linker created -
Reset_Handler           0x1008'6459         Code  Wk  startup_cm7.o [31]
SVC_Handler             0x1008'691d         Code  Wk  startup_cm7.o [31]
Startup_Init            0x1008'60bd   0x8e  Code  Gb  startup.o [31]
SysTick_Handler         0x1008'6ab9         Code  Wk  startup_cm7.o [31]
SystemCoreClock         0x2802'0ea4    0x4  Data  Gb  system_tviibh4m_cm7.o [22]
SystemCoreClockUpdate   0x1008'5fb9   0x94  Code  Gb  system_tviibh4m_cm7.o [22]
SystemInit              0x1008'5f5d   0x5c  Code  Gb  system_tviibh4m_cm7.o [22]
UsageFault_Handler      0x1008'6aad         Code  Wk  startup_cm7.o [31]
_LC                     0x1008'0081    0x6  Code  Lc  xprintffull_nomb.o [50]
_LitobFullNoMb          0x1008'0d4d  0x114  Code  Lc  xprintffull_nomb.o [50]
_PrintfFullNoMb         0x1008'0087  0xc98  Code  Gb  xprintffull_nomb.o [50]
_Prout                  0x1008'699d   0x16  Code  Gb  xprout.o [50]
_PutcharsFullNoMb       0x1008'0eb9   0x2e  Code  Lc  xprintffull_nomb.o [50]
_SNProut                0x1008'0fc3   0x1a  Code  Gb  xsnprout.o [50]
_SProut                 0x1008'1053    0xa  Code  Gb  xsprout.o [50]
__NVIC_ClearPendingIRQ  0x1008'62c1   0x1c  Code  Lc  cy_interrupt_map.o [23]
__NVIC_ClearPendingIRQ  0x1008'3115   0x1c  Code  Lc  zf_common_interrupt.o [46]
__NVIC_EnableIRQ        0x1008'30f9   0x1c  Code  Lc  zf_common_interrupt.o [46]
__NVIC_SetPriority      0x1008'3131   0x24  Code  Lc  zf_common_interrupt.o [46]
__Vectors               0x1008'0000          --   Gb  startup_cm7.o [31]
__Vectors_End           0x1008'0080         Data  Gb  startup_cm7.o [31]
__Vectors_Size {Abs}           0x80          --   Gb  startup_cm7.o [31]
__aeabi_cdcmple         0x1008'11cd         Code  Gb  DblCmpLe.o [51]
__aeabi_cdrcmple        0x1008'1201         Code  Gb  DblCmpGe.o [51]
__aeabi_d2iz            0x1008'1339    0xe  Code  Gb  DblToS32.o [51]
__aeabi_d2uiz           0x1008'1379    0xe  Code  Gb  DblToU32.o [51]
__aeabi_ddiv            0x1008'1367   0x12  Code  Gb  DblDiv.o [51]
__aeabi_dmul            0x1008'1395   0x12  Code  Gb  DblMul.o [51]
__aeabi_dsub            0x1008'1355   0x12  Code  Gb  DblSub.o [51]
__aeabi_i2d             0x1008'1347    0xe  Code  Gb  S32ToDbl.o [51]
__aeabi_ldiv0           0x1008'15e1         Code  Gb  I64DivZer.o [52]
__aeabi_memclr4         0x1008'3625         Code  Gb  ABImemclr4.o [52]
__aeabi_memcpy          0x1008'10b5         Code  Gb  ABImemcpy.o [52]
__aeabi_memcpy4         0x1008'10d5         Code  Gb  ABImemcpy.o [52]
__aeabi_memcpy8         0x1008'10d5         Code  Gb  ABImemcpy.o [52]
__aeabi_memset          0x1008'2075         Code  Gb  ABImemset.o [52]
__aeabi_ui2d            0x1008'1387    0xe  Code  Gb  U32ToDbl.o [51]
__aeabi_uldivmod        0x1008'13a9         Code  Gb  I64DivMod.o [52]
__cmain                 0x1008'68b1         Code  Gb  cmain.o [52]
__ecc_init_dtcm_end_address {Abs}
                        0x2000'3fff         Data  Gb  <internal module>
__ecc_init_dtcm_start_address {Abs}
                        0x2000'0000         Data  Gb  <internal module>
__ecc_init_itcm_end_address {Abs}
                             0x3fff         Data  Gb  <internal module>
__ecc_init_itcm_start_address {Abs}
                                0x0         Data  Gb  <internal module>
__ecc_init_sram_end_address {Abs}
                        0x2807'ffff         Data  Gb  <internal module>
__ecc_init_sram_start_address {Abs}
                        0x2802'0000         Data  Gb  <internal module>
__exit                  0x1008'15e5   0x14  Code  Gb  exit.o [53]
__iar_Fail_s            0x1008'0fdd   0x1c  Code  Gb  xfail_s.o [50]
__iar_Memchr            0x1008'105d         Code  Gb  memchr.o [52]
__iar_Memset            0x1008'2075         Code  Gb  ABImemset.o [52]
__iar_Memset4_word      0x1008'3a0d         Code  Gb  ABImemset48.o [52]
__iar_Memset8_word      0x1008'3a0d         Code  Gb  ABImemset48.o [52]
__iar_Memset_word       0x1008'207d         Code  Gb  ABImemset.o [52]
__iar_Strchr            0x1008'0fad         Code  Gb  strchr.o [52]
__iar_asin64            0x1008'4e41         Code  Gb  asin.o [51]
__iar_atan2_64          0x1008'4ec9         Code  Gb  atan2.o [51]
__iar_data_init3        0x1008'67dd   0x28  Code  Gb  data_init.o [52]
__iar_frexp             0x1008'1169         Code  Gb  frexp.o [51]
__iar_frexpl            0x1008'1169         Code  Gb  frexp.o [51]
__iar_init_vfp          0x1008'6805         Code  Gb  fpinit_M.o [51]
__iar_ldexp64           0x1008'1249         Code  Gb  ldexp.o [51]
__iar_lz77_init_single3
                        0x1008'0f2f   0x7e  Code  Gb  lz77_init_single.o [52]
__iar_program_start     0x1008'6939         Code  Gb  cstartup_M.o [52]
__iar_scalbln64         0x1008'1249         Code  Gb  ldexp.o [51]
__iar_scalbn64          0x1008'1249         Code  Gb  ldexp.o [51]
__iar_softfp___iar_frexp64
                        0x1008'115d         Code  Gb  frexp.o [51]
__iar_softfp___iar_ldexp64
                        0x1008'1235         Code  Gb  ldexp.o [51]
__iar_softfp___iar_scalbln64
                        0x1008'1235         Code  Gb  ldexp.o [51]
__iar_softfp___iar_scalbn64
                        0x1008'1235         Code  Gb  ldexp.o [51]
__iar_softfp_frexp      0x1008'115d         Code  Gb  frexp.o [51]
__iar_softfp_frexpl     0x1008'115d         Code  Gb  frexp.o [51]
__iar_softfp_ldexp      0x1008'1235         Code  Gb  ldexp.o [51]
__iar_softfp_ldexpl     0x1008'1235         Code  Gb  ldexp.o [51]
__iar_softfp_scalbln    0x1008'1235         Code  Gb  ldexp.o [51]
__iar_softfp_scalblnl   0x1008'1235         Code  Gb  ldexp.o [51]
__iar_softfp_scalbn     0x1008'1235         Code  Gb  ldexp.o [51]
__iar_softfp_scalbnl    0x1008'1235         Code  Gb  ldexp.o [51]
__iar_xatan             0x1008'51f1         Code  Gb  xatan.o [51]
__iar_zero_init3        0x1008'6775   0x38  Code  Gb  zero_init3.o [52]
__low_level_init        0x1008'68d1         Code  Gb  startup_cm7.o [31]
__ramVectors            0x2802'0f00         Data  Gb  startup_cm7.o [31]
__vector_table          0x1008'0000         Data  Gb  startup_cm7.o [31]
__vector_table_0x1c     0x1008'001c         Data  Gb  startup_cm7.o [31]
__write                 0x1008'23db   0x12  Code  Gb  zf_common_debug.o [46]
_call_main              0x1008'68bd         Code  Gb  cmain.o [52]
_exit                   0x1008'68d9         Code  Gb  cexit.o [52]
abort                   0x1008'15d9    0x6  Code  Gb  abort.o [50]
adc_convert             0x1008'5d7d   0x6c  Code  Gb  zf_driver_adc.o [49]
adc_resolution          0x2802'0cc0   0x48  Data  Lc  zf_driver_adc.o [49]
asin                    0x1008'4e41         Code  Gb  asin.o [51]
asinl                   0x1008'4e41         Code  Gb  asin.o [51]
assert_interrupt_config
                        0x1008'318d    0xc  Code  Gb  zf_common_interrupt.o [46]
atan2                   0x1008'4ec9         Code  Gb  atan2.o [51]
atan2l                  0x1008'4ec9         Code  Gb  atan2.o [51]
cao                     0x1008'5eb1    0xe  Code  Gb  scheduler.o [5]
clock_init              0x1008'5df1   0x16  Code  Gb  zf_common_clock.o [46]
cs_pin_save             0x2802'0ec4    0x4  Data  Gb  zf_driver_spi.o [49]
cy_assertFileName       0x2802'0e04   0x18  Data  Gb  cy_syslib.o [36]
cy_assertLine           0x2802'0e94    0x4  Data  Gb  cy_syslib.o [36]
cy_delay32kMs           0x2802'0eb4    0x4  Data  Gb  system_tviibh4m_cm7.o [22]
cy_delayFreqHz          0x2802'0ea8    0x4  Data  Gb  system_tviibh4m_cm7.o [22]
cy_delayFreqKhz         0x2802'0eac    0x4  Data  Gb  system_tviibh4m_cm7.o [22]
cy_delayFreqMhz         0x2802'0eb0    0x4  Data  Gb  system_tviibh4m_cm7.o [22]
cy_faultFrame           0x2802'0c50   0x70  Data  Gb  cy_syslib.o [36]
debug_assert_handler    0x1008'23ed   0x3c  Code  Gb  zf_common_debug.o [46]
debug_assert_handler::assert_nest_index
                        0x2802'0ee1    0x1  Data  Lc  zf_common_debug.o [46]
debug_delay             0x1008'20dd   0x36  Code  Lc  zf_common_debug.o [46]
debug_info_init         0x1008'2493   0x18  Code  Gb  zf_common_debug.o [46]
debug_init              0x1008'24ab   0x2a  Code  Gb  zf_common_debug.o [46]
debug_log_handler       0x1008'2429   0x20  Code  Gb  zf_common_debug.o [46]
debug_output            0x1008'211f  0x2bc  Code  Lc  zf_common_debug.o [46]
debug_output_info       0x2802'0e7c   0x14  Data  Lc  zf_common_debug.o [46]
debug_output_init       0x1008'2469   0x2a  Code  Gb  zf_common_debug.o [46]
debug_output_struct_init
                        0x1008'2449   0x20  Code  Gb  zf_common_debug.o [46]
debug_uart_buffer       0x2802'0d88   0x40  Data  Gb  zf_common_debug.o [46]
debug_uart_fifo         0x2802'0e4c   0x18  Data  Gb  zf_common_debug.o [46]
debug_uart_str_output   0x1008'2113    0xc  Code  Lc  zf_common_debug.o [46]
delay_clk               0x2802'07b4    0x2  Data  Lc  zf_driver_delay.o [49]
divNumLocator           0x1008'6a24    0x8  Data  Gb  cy_sysclk.o [33]
driver_timer_mode       0x2802'0ec8    0x4  Data  Lc  zf_driver_timer.o [49]
exit                    0x1008'68d5    0x4  Code  Gb  exit.o [50]
fast_sqrt               0x1008'4445   0x32  Code  Gb  filt.o [5]
fifo_clear              0x1008'3211   0x74  Code  Gb  zf_common_fifo.o [46]
fifo_data_count         0x2802'0eb8    0x4  Data  Gb  uart.o [5]
fifo_end_offset         0x1008'31f7   0x1a  Code  Lc  zf_common_fifo.o [46]
fifo_get_data           0x2802'0d48   0x40  Data  Gb  uart.o [5]
fifo_head_offset        0x1008'31dd   0x1a  Code  Lc  zf_common_fifo.o [46]
fifo_init               0x1008'35e7   0x3a  Code  Gb  zf_common_fifo.o [46]
fifo_read_buffer        0x1008'3447  0x1a0  Code  Gb  zf_common_fifo.o [46]
fifo_used               0x1008'3285   0x22  Code  Gb  zf_common_fifo.o [46]
fifo_write_buffer       0x1008'32a7  0x1a0  Code  Gb  zf_common_fifo.o [46]
get_data                0x2802'0edf    0x1  Data  Gb  uart.o [5]
get_scb_module          0x1008'2bef   0x44  Code  Gb  zf_driver_uart.o [49]
get_uart_config         0x1008'2aa3  0x14c  Code  Lc  zf_driver_uart.o [49]
gnss_flag               0x2802'0ee2    0x1  Data  Gb  zf_device_gnss.o [48]
gnss_gga_state          0x2802'0ee4    0x1  Data  Lc  zf_device_gnss.o [48]
gnss_receiver_fifo      0x2802'0e64   0x18  Data  Lc  zf_device_gnss.o [48]
gnss_rmc_state          0x2802'0ee5    0x1  Data  Lc  zf_device_gnss.o [48]
gnss_state              0x2802'0ee3    0x1  Data  Lc  zf_device_gnss.o [48]
gnss_ths_state          0x2802'0ee6    0x1  Data  Lc  zf_device_gnss.o [48]
gnss_uart_callback      0x1008'5c69   0xe2  Code  Gb  zf_device_gnss.o [48]
gpio_init               0x1008'4fa1   0x88  Code  Gb  zf_driver_gpio.o [49]
gpio_set_level          0x1008'4f5d   0x44  Code  Gb  zf_driver_gpio.o [49]
gps_gga_buffer          0x2802'0ad0   0x80  Data  Lc  zf_device_gnss.o [48]
gps_rmc_buffer          0x2802'0b50   0x80  Data  Lc  zf_device_gnss.o [48]
gps_ths_buffer          0x2802'0bd0   0x80  Data  Lc  zf_device_gnss.o [48]
gyroOffset_init         0x1008'4479   0xee  Code  Gb  filt.o [5]
icm_data                0x2802'0dc8   0x24  Data  Gb  filt.o [5]
imu660rb_acc_x          0x2802'0ed6    0x2  Data  Gb  zf_device_imu660rb.o [48]
imu660rb_acc_y          0x2802'0ed8    0x2  Data  Gb  zf_device_imu660rb.o [48]
imu660rb_acc_z          0x2802'0eda    0x2  Data  Gb  zf_device_imu660rb.o [48]
imu660rb_get_acc        0x1008'4a7b   0x3e  Code  Gb  zf_device_imu660rb.o [48]
imu660rb_get_gyro       0x1008'4ab9   0x3e  Code  Gb  zf_device_imu660rb.o [48]
imu660rb_gyro_x         0x2802'0ed0    0x2  Data  Gb  zf_device_imu660rb.o [48]
imu660rb_gyro_y         0x2802'0ed2    0x2  Data  Gb  zf_device_imu660rb.o [48]
imu660rb_gyro_z         0x2802'0ed4    0x2  Data  Gb  zf_device_imu660rb.o [48]
imu660rb_init           0x1008'4af9   0x98  Code  Gb  zf_device_imu660rb.o [48]
imu660rb_read_register  0x1008'4a07   0x20  Code  Lc  zf_device_imu660rb.o [48]
imu660rb_read_registers
                        0x1008'4a27   0x22  Code  Lc  zf_device_imu660rb.o [48]
imu660rb_self_check     0x1008'4a49   0x32  Code  Lc  zf_device_imu660rb.o [48]
imu660rb_write_register
                        0x1008'49e9   0x1e  Code  Lc  zf_device_imu660rb.o [48]
intFreqInitialized      0x2802'0edc    0x1  Data  Gb  cy_sysclk.o [33]
internalBaseFreqInfo    0x2802'0dec   0x18  Data  Gb  cy_sysclk.o [33]
interrupt_global_disable
                        0x1008'3165   0x14  Code  Gb  zf_common_interrupt.o [46]
interrupt_global_enable
                        0x1008'3155   0x10  Code  Gb  zf_common_interrupt.o [46]
interrupt_global_flag   0x2802'0ec0    0x4  Data  Lc  zf_common_interrupt.o [46]
interrupt_init          0x1008'31a5   0x36  Code  Gb  zf_common_interrupt.o [46]
interrupt_set_priority  0x1008'3199    0xc  Code  Gb  zf_common_interrupt.o [46]
ldexp                   0x1008'1249         Code  Gb  ldexp.o [51]
ldexpl                  0x1008'1249         Code  Gb  ldexp.o [51]
main                    0x1008'5bd1   0x64  Code  Gb  main_cm7_0.o [45]
memchr                  0x1008'105d         Code  Gb  memchr.o [52]
param_Ki                0x2802'0704    0x4  Data  Gb  filt.o [5]
param_Kp                0x2802'0700    0x4  Data  Gb  filt.o [5]
pit0_ch0_isr            0x1008'5955   0x1e  Code  Gb  cm7_0_isr.o [45]
pit0_ch10_isr           0x1008'5987    0xa  Code  Gb  cm7_0_isr.o [45]
pit0_ch11_isr           0x1008'5991    0xa  Code  Gb  cm7_0_isr.o [45]
pit0_ch12_isr           0x1008'599b    0xa  Code  Gb  cm7_0_isr.o [45]
pit0_ch13_isr           0x1008'59a5    0xa  Code  Gb  cm7_0_isr.o [45]
pit0_ch14_isr           0x1008'59af    0xa  Code  Gb  cm7_0_isr.o [45]
pit0_ch15_isr           0x1008'59b9    0xa  Code  Gb  cm7_0_isr.o [45]
pit0_ch16_isr           0x1008'59c3    0xa  Code  Gb  cm7_0_isr.o [45]
pit0_ch17_isr           0x1008'59cd    0xa  Code  Gb  cm7_0_isr.o [45]
pit0_ch18_isr           0x1008'59d7    0xa  Code  Gb  cm7_0_isr.o [45]
pit0_ch19_isr           0x1008'59e1    0xa  Code  Gb  cm7_0_isr.o [45]
pit0_ch1_isr            0x1008'5973    0xa  Code  Gb  cm7_0_isr.o [45]
pit0_ch20_isr           0x1008'59eb    0xa  Code  Gb  cm7_0_isr.o [45]
pit0_ch21_isr           0x1008'59f5    0xe  Code  Gb  cm7_0_isr.o [45]
pit0_ch2_isr            0x1008'597d    0xa  Code  Gb  cm7_0_isr.o [45]
pit_init                0x1008'549d  0x1ee  Code  Gb  zf_driver_pit.o [49]
pit_isr_flag_clear      0x1008'5473   0x2a  Code  Gb  zf_driver_pit.o [49]
pit_isr_func            0x2802'0740   0x3c  Data  Gb  zf_driver_pit.o [49]
printf                  0x1008'5e0d   0x28  Code  Gb  printf.o [50]
putchar                 0x1008'6869   0x20  Code  Gb  putchar.o [50]
pwm_all_channel_close   0x1008'3941   0x1a  Code  Gb  zf_driver_pwm.o [49]
sar_adc                 0x2802'0734    0xc  Data  Lc  zf_driver_adc.o [49]
scalbln                 0x1008'1249         Code  Gb  ldexp.o [51]
scalblnl                0x1008'1249         Code  Gb  ldexp.o [51]
scalbn                  0x1008'1249         Code  Gb  ldexp.o [51]
scalbnl                 0x1008'1249         Code  Gb  ldexp.o [51]
scale                   0x1008'0e61   0x46  Code  Lc  xprintffull_nomb.o [50]
scb_module              0x2802'07a0   0x14  Data  Gb  zf_driver_uart.o [49]
scheduler_init          0x1008'5ebf    0x8  Code  Gb  scheduler.o [5]
scheduler_run           0x1008'5ec7   0x52  Code  Gb  scheduler.o [5]
scheduler_task          0x2802'0708   0x24  Data  Gb  scheduler.o [5]
scheduler_task_num      0x2802'0ede    0x1  Data  Gb  scheduler.o [5]
sec_hand                0x2802'0ecc    0x4  Data  Lc  xfail_s.o [50]
spi_get_clk_hsiom       0x1008'18f5   0x28  Code  Lc  zf_driver_spi.o [49]
spi_get_clk_pin         0x1008'1839   0x28  Code  Lc  zf_driver_spi.o [49]
spi_get_cs_hsiom        0x1008'196d   0x44  Code  Lc  zf_driver_spi.o [49]
spi_get_cs_pin          0x1008'18b1   0x44  Code  Lc  zf_driver_spi.o [49]
spi_get_miso_hsiom      0x1008'1945   0x28  Code  Lc  zf_driver_spi.o [49]
spi_get_miso_pin        0x1008'1889   0x28  Code  Lc  zf_driver_spi.o [49]
spi_get_mosi_hsiom      0x1008'191d   0x28  Code  Lc  zf_driver_spi.o [49]
spi_get_mosi_pin        0x1008'1861   0x28  Code  Lc  zf_driver_spi.o [49]
spi_init                0x1008'1dd1  0x28e  Code  Gb  zf_driver_spi.o [49]
spi_module              0x2802'077c   0x10  Data  Gb  zf_driver_spi.o [49]
spi_read_8bit_register  0x1008'1bd5   0xea  Code  Gb  zf_driver_spi.o [49]
spi_read_8bit_registers
                        0x1008'1cbf   0xfe  Code  Gb  zf_driver_spi.o [49]
spi_write_8bit_register
                        0x1008'1aed   0xde  Code  Gb  zf_driver_spi.o [49]
sprintf                 0x1008'30b9   0x40  Code  Gb  sprintf.o [50]
strchr                  0x1008'0fad         Code  Gb  strchr.o [52]
strlen                  0x1008'101d         Code  Gb  strlen.o [52]
strncmp                 0x1008'5f31   0x2a  Code  Gb  strncmp.o [50]
strncpy                 0x1008'4329         Code  Gb  strncpy.o [52]
switch_transition_length
                        0x1008'19b1  0x13c  Code  Lc  zf_driver_spi.o [49]
system_clock            0x2802'0ebc    0x4  Data  Gb  zf_common_clock.o [46]
system_delay_init       0x1008'4d7f   0xa6  Code  Gb  zf_driver_delay.o [49]
system_delay_ms         0x1008'4d21   0x5e  Code  Gb  zf_driver_delay.o [49]
timer_ch                0x2802'07b7    0x1  Data  Lc  zf_driver_delay.o [49]
timer_get               0x1008'582d   0x2e  Code  Gb  zf_driver_timer.o [49]
timer_init              0x1008'585b   0xc8  Code  Gb  zf_driver_timer.o [49]
timer_start             0x1008'5805   0x28  Code  Gb  zf_driver_timer.o [49]
tsl1401_collect_pit_handler
                        0x1008'5b55   0x68  Code  Gb  zf_device_tsl1401.o [48]
tsl1401_data            0x2802'07b8  0x200  Data  Gb  zf_device_tsl1401.o [48]
tsl1401_finish_flag     0x2802'0ee8    0x1  Data  Gb  zf_device_tsl1401.o [48]
tsl1401_init_state      0x2802'0ee7    0x1  Data  Lc  zf_device_tsl1401.o [48]
tuoluoyi_printf         0x1008'5e35   0x7c  Code  Gb  scheduler.o [5]
type_default_callback   0x1008'6add    0x2  Code  Lc  zf_device_type.o [48]
uart0_isr               0x1008'5a03   0x40  Code  Gb  cm7_0_isr.o [45]
uart1_isr               0x1008'5a43   0x42  Code  Gb  cm7_0_isr.o [45]
uart2_isr               0x1008'5a85   0x40  Code  Gb  cm7_0_isr.o [45]
uart3_isr               0x1008'5ac5   0x3c  Code  Gb  cm7_0_isr.o [45]
uart4_isr               0x1008'5b01   0x42  Code  Gb  cm7_0_isr.o [45]
uart_context            0x2802'09b8  0x118  Data  Gb  zf_driver_uart.o [49]
uart_data_fifo          0x2802'0e34   0x18  Data  Gb  uart.o [5]
uart_get_data           0x2802'0d08   0x40  Data  Gb  uart.o [5]
uart_init               0x1008'2ee1  0x190  Code  Gb  zf_driver_uart.o [49]
uart_isr_func           0x2802'078c   0x14  Data  Gb  zf_driver_uart.o [49]
uart_printf             0x1008'6509   0x28  Code  Gb  uart.o [5]
uart_query_byte         0x1008'2c95   0x32  Code  Gb  zf_driver_uart.o [49]
uart_receiver_handler   0x2802'0730    0x4  Data  Gb  zf_device_type.o [48]
uart_rx_interrupt       0x1008'2de3   0xfe  Code  Gb  zf_driver_uart.o [49]
uart_rx_interrupt_handler
                        0x1008'5c35   0x1c  Code  Gb  main_cm7_0.o [45]
uart_task               0x1008'6531   0x36  Code  Gb  uart.o [5]
uart_tx_interrupt       0x1008'2cc7  0x11c  Code  Gb  zf_driver_uart.o [49]
uart_write_buffer       0x1008'2c5b   0x1e  Code  Gb  zf_driver_uart.o [49]
uart_write_byte         0x1008'2c33   0x28  Code  Gb  zf_driver_uart.o [49]
uart_write_string       0x1008'2c79   0x1c  Code  Gb  zf_driver_uart.o [49]
uwtick                  0x2802'0e90    0x4  Data  Gb  cm7_0_isr.o [45]
vsnprintf               0x1008'6579   0x3c  Code  Gb  vsnprint.o [50]
wireless_module_uart_handler
                        0x2802'072c    0x4  Data  Gb  zf_device_type.o [48]
zf_debug_assert_enable  0x2802'07b6    0x1  Data  Lc  zf_common_debug.o [46]
zf_debug_init_flag      0x2802'0ee0    0x1  Data  Lc  zf_common_debug.o [46]


[1] = D:\Dsektop\luntui\luntui\iar\Debug_m7_0\Obj\adc_11722776235721520015.dir
[2] = D:\Dsektop\luntui\luntui\iar\Debug_m7_0\Obj\audioss_1346650047966882938.dir
[3] = D:\Dsektop\luntui\luntui\iar\Debug_m7_0\Obj\button_4990804375159372270.dir
[4] = D:\Dsektop\luntui\luntui\iar\Debug_m7_0\Obj\canfd_1800690984773873875.dir
[5] = D:\Dsektop\luntui\luntui\iar\Debug_m7_0\Obj\code_17896468042025673432.dir
[6] = D:\Dsektop\luntui\luntui\iar\Debug_m7_0\Obj\cpu_15938736945165268644.dir
[7] = D:\Dsektop\luntui\luntui\iar\Debug_m7_0\Obj\crypto_1190170608956581615.dir
[8] = D:\Dsektop\luntui\luntui\iar\Debug_m7_0\Obj\dma_12106025507578611576.dir
[9] = D:\Dsektop\luntui\luntui\iar\Debug_m7_0\Obj\eth_phy_18133017486186456677.dir
[10] = D:\Dsektop\luntui\luntui\iar\Debug_m7_0\Obj\ethernet_6029839089178797009.dir
[11] = D:\Dsektop\luntui\luntui\iar\Debug_m7_0\Obj\evtgen_3404189088603873129.dir
[12] = D:\Dsektop\luntui\luntui\iar\Debug_m7_0\Obj\flash_8529866181315662935.dir
[13] = D:\Dsektop\luntui\luntui\iar\Debug_m7_0\Obj\flash_864493325053435817.dir
[14] = D:\Dsektop\luntui\luntui\iar\Debug_m7_0\Obj\gpio_3999404635324069351.dir
[15] = D:\Dsektop\luntui\luntui\iar\Debug_m7_0\Obj\ipc_10145506163450686023.dir
[16] = D:\Dsektop\luntui\luntui\iar\Debug_m7_0\Obj\lin_18429031207028094880.dir
[17] = D:\Dsektop\luntui\luntui\iar\Debug_m7_0\Obj\lvd_6353935867039560245.dir
[18] = D:\Dsektop\luntui\luntui\iar\Debug_m7_0\Obj\mcwdt_4052485907822033969.dir
[19] = D:\Dsektop\luntui\luntui\iar\Debug_m7_0\Obj\mpu_5663187252346826382.dir
[20] = D:\Dsektop\luntui\luntui\iar\Debug_m7_0\Obj\power_14453085144426420577.dir
[21] = D:\Dsektop\luntui\luntui\iar\Debug_m7_0\Obj\prot_10722960861768657883.dir
[22] = D:\Dsektop\luntui\luntui\iar\Debug_m7_0\Obj\rev_b_4986922561640112550.dir
[23] = D:\Dsektop\luntui\luntui\iar\Debug_m7_0\Obj\rev_b_6162237342861132223.dir
[24] = D:\Dsektop\luntui\luntui\iar\Debug_m7_0\Obj\scb_15490842639181808494.dir
[25] = D:\Dsektop\luntui\luntui\iar\Debug_m7_0\Obj\sd_host_2982766354293506895.dir
[26] = D:\Dsektop\luntui\luntui\iar\Debug_m7_0\Obj\semihosting_143864889731838620.dir
[27] = D:\Dsektop\luntui\luntui\iar\Debug_m7_0\Obj\smartio_5451710003740070188.dir
[28] = D:\Dsektop\luntui\luntui\iar\Debug_m7_0\Obj\smif_427648126384146252.dir
[29] = D:\Dsektop\luntui\luntui\iar\Debug_m7_0\Obj\smif_mem_6470536964353725183.dir
[30] = D:\Dsektop\luntui\luntui\iar\Debug_m7_0\Obj\srom_13018798572330080582.dir
[31] = D:\Dsektop\luntui\luntui\iar\Debug_m7_0\Obj\startup_479057977785470282.dir
[32] = D:\Dsektop\luntui\luntui\iar\Debug_m7_0\Obj\sw_timer_4215635015939382130.dir
[33] = D:\Dsektop\luntui\luntui\iar\Debug_m7_0\Obj\sysclk_16149231235676103872.dir
[34] = D:\Dsektop\luntui\luntui\iar\Debug_m7_0\Obj\sysflt_12293435975120599261.dir
[35] = D:\Dsektop\luntui\luntui\iar\Debug_m7_0\Obj\sysint_7435970359207984181.dir
[36] = D:\Dsektop\luntui\luntui\iar\Debug_m7_0\Obj\syslib_16330585751512546975.dir
[37] = D:\Dsektop\luntui\luntui\iar\Debug_m7_0\Obj\syspm_10887939769544754770.dir
[38] = D:\Dsektop\luntui\luntui\iar\Debug_m7_0\Obj\sysreghc_17676636058511625587.dir
[39] = D:\Dsektop\luntui\luntui\iar\Debug_m7_0\Obj\sysreset_14586141425677365288.dir
[40] = D:\Dsektop\luntui\luntui\iar\Debug_m7_0\Obj\sysrtc_10747768817563771611.dir
[41] = D:\Dsektop\luntui\luntui\iar\Debug_m7_0\Obj\systick_16016591671695740695.dir
[42] = D:\Dsektop\luntui\luntui\iar\Debug_m7_0\Obj\syswdt_9118657615806274156.dir
[43] = D:\Dsektop\luntui\luntui\iar\Debug_m7_0\Obj\tcpwm_422923530147891246.dir
[44] = D:\Dsektop\luntui\luntui\iar\Debug_m7_0\Obj\trigmux_9729677290734583340.dir
[45] = D:\Dsektop\luntui\luntui\iar\Debug_m7_0\Obj\user_8514941877209965082.dir
[46] = D:\Dsektop\luntui\luntui\iar\Debug_m7_0\Obj\zf_common_1201165462030747823.dir
[47] = D:\Dsektop\luntui\luntui\iar\Debug_m7_0\Obj\zf_components_14936052685886095442.dir
[48] = D:\Dsektop\luntui\luntui\iar\Debug_m7_0\Obj\zf_device_6570275422786408770.dir
[49] = D:\Dsektop\luntui\luntui\iar\Debug_m7_0\Obj\zf_driver_11922370083829174090.dir
[50] = dl7M_tln.a
[51] = m7M_tlv.a
[52] = rt7M_tl.a
[53] = shb_l.a
[54] = zf_device_config.a

  26'472 bytes of readonly  code memory
   1'073 bytes of readonly  data memory
  12'137 bytes of readwrite data memory

Errors: none
Warnings: none
